[2022-12-01T19:06:00.205+0100][gc,heap] Heap region size: 1M
[2022-12-01T19:06:00.216+0100][gc     ] Using G1
[2022-12-01T19:06:00.217+0100][gc,heap,coops] Heap address: 0x00000000c0000000, size: 1024 MB, Compressed Oops mode: 32-bit
[2022-12-01T19:06:00.217+0100][gc,cds       ] Mark closed archive regions in map: [0x00000000fff00000, 0x00000000fff6aff8]
[2022-12-01T19:06:00.217+0100][gc,cds       ] Mark open archive regions in map: [0x00000000ffe00000, 0x00000000ffe47ff8]
[2022-12-01T19:06:02.077+0100][gc,start     ] GC(0) Pause Young (Normal) (G1 Evacuation Pause)
[2022-12-01T19:06:02.083+0100][gc,task      ] GC(0) Using 4 workers of 4 for evacuation
[2022-12-01T19:06:02.108+0100][gc,mmu       ] GC(0) MMU target violated: 21,0ms (20,0ms/21,0ms)
[2022-12-01T19:06:02.108+0100][gc,phases    ] GC(0)   Pre Evacuate Collection Set: 0,1ms
[2022-12-01T19:06:02.108+0100][gc,phases    ] GC(0)   Evacuate Collection Set: 22,9ms
[2022-12-01T19:06:02.108+0100][gc,phases    ] GC(0)   Post Evacuate Collection Set: 0,9ms
[2022-12-01T19:06:02.108+0100][gc,phases    ] GC(0)   Other: 7,1ms
[2022-12-01T19:06:02.108+0100][gc,heap      ] GC(0) Eden regions: 51->0(44)
[2022-12-01T19:06:02.108+0100][gc,heap      ] GC(0) Survivor regions: 0->7(7)
[2022-12-01T19:06:02.108+0100][gc,heap      ] GC(0) Old regions: 2->2
[2022-12-01T19:06:02.108+0100][gc,heap      ] GC(0) Humongous regions: 0->0
[2022-12-01T19:06:02.108+0100][gc,metaspace ] GC(0) Metaspace: 14218K(14848K)->14218K(14848K) NonClass: 12437K(12800K)->12437K(12800K) Class: 1781K(2048K)->1781K(2048K)
[2022-12-01T19:06:02.108+0100][gc           ] GC(0) Pause Young (Normal) (G1 Evacuation Pause) 51M->7M(1024M) 31,244ms
[2022-12-01T19:06:02.108+0100][gc,cpu       ] GC(0) User=0,03s Sys=0,01s Real=0,03s
[2022-12-01T19:06:20.479+0100][gc,heap,exit ] Heap
[2022-12-01T19:06:20.479+0100][gc,heap,exit ]  garbage-first heap   total 1048576K, used 12652K [0x00000000c0000000, 0x0000000100000000)
[2022-12-01T19:06:20.479+0100][gc,heap,exit ]   region size 1024K, 13 young (13312K), 7 survivors (7168K)
[2022-12-01T19:06:20.479+0100][gc,heap,exit ]  Metaspace       used 15175K, capacity 15709K, committed 16000K, reserved 1062912K
[2022-12-01T19:06:20.479+0100][gc,heap,exit ]   class space    used 1902K, capacity 2084K, committed 2176K, reserved 1048576K
