[2022-11-29T22:24:47.020+0100][gc,heap] Heap region size: 1M
[2022-11-29T22:24:47.052+0100][gc     ] Using G1
[2022-11-29T22:24:47.052+0100][gc,heap,coops] Heap address: 0x00000000c0000000, size: 1024 MB, Compressed Oops mode: 32-bit
[2022-11-29T22:24:47.053+0100][gc,cds       ] Mark closed archive regions in map: [0x00000000fff00000, 0x00000000fff6aff8]
[2022-11-29T22:24:47.053+0100][gc,cds       ] Mark open archive regions in map: [0x00000000ffe00000, 0x00000000ffe47ff8]
[2022-11-29T22:24:49.639+0100][gc,start     ] GC(0) Pause Young (Normal) (G1 Evacuation Pause)
[2022-11-29T22:24:49.639+0100][gc,task      ] GC(0) Using 4 workers of 4 for evacuation
[2022-11-29T22:24:49.661+0100][gc,mmu       ] GC(0) MMU target violated: 21,0ms (20,0ms/21,0ms)
[2022-11-29T22:24:49.661+0100][gc,phases    ] GC(0)   Pre Evacuate Collection Set: 0,0ms
[2022-11-29T22:24:49.661+0100][gc,phases    ] GC(0)   Evacuate Collection Set: 21,3ms
[2022-11-29T22:24:49.661+0100][gc,phases    ] GC(0)   Post Evacuate Collection Set: 0,5ms
[2022-11-29T22:24:49.661+0100][gc,phases    ] GC(0)   Other: 0,6ms
[2022-11-29T22:24:49.661+0100][gc,heap      ] GC(0) Eden regions: 51->0(44)
[2022-11-29T22:24:49.661+0100][gc,heap      ] GC(0) Survivor regions: 0->7(7)
[2022-11-29T22:24:49.661+0100][gc,heap      ] GC(0) Old regions: 2->2
[2022-11-29T22:24:49.661+0100][gc,heap      ] GC(0) Humongous regions: 0->0
[2022-11-29T22:24:49.661+0100][gc,metaspace ] GC(0) Metaspace: 14295K(15104K)->14295K(15104K) NonClass: 12507K(13056K)->12507K(13056K) Class: 1788K(2048K)->1788K(2048K)
[2022-11-29T22:24:49.661+0100][gc           ] GC(0) Pause Young (Normal) (G1 Evacuation Pause) 51M->7M(1024M) 22,461ms
[2022-11-29T22:24:49.661+0100][gc,cpu       ] GC(0) User=0,04s Sys=0,00s Real=0,03s
[2022-11-29T22:24:50.638+0100][gc,start     ] GC(1) Pause Young (Concurrent Start) (Metadata GC Threshold)
[2022-11-29T22:24:50.638+0100][gc,task      ] GC(1) Using 4 workers of 4 for evacuation
[2022-11-29T22:24:50.653+0100][gc,phases    ] GC(1)   Pre Evacuate Collection Set: 0,1ms
[2022-11-29T22:24:50.653+0100][gc,phases    ] GC(1)   Evacuate Collection Set: 15,1ms
[2022-11-29T22:24:50.653+0100][gc,phases    ] GC(1)   Post Evacuate Collection Set: 0,3ms
[2022-11-29T22:24:50.653+0100][gc,phases    ] GC(1)   Other: 0,3ms
[2022-11-29T22:24:50.653+0100][gc,heap      ] GC(1) Eden regions: 29->0(49)
[2022-11-29T22:24:50.653+0100][gc,heap      ] GC(1) Survivor regions: 7->2(7)
[2022-11-29T22:24:50.653+0100][gc,heap      ] GC(1) Old regions: 2->9
[2022-11-29T22:24:50.653+0100][gc,heap      ] GC(1) Humongous regions: 0->0
[2022-11-29T22:24:50.653+0100][gc,metaspace ] GC(1) Metaspace: 20523K(21248K)->20523K(21248K) NonClass: 17992K(18432K)->17992K(18432K) Class: 2530K(2816K)->2530K(2816K)
[2022-11-29T22:24:50.653+0100][gc           ] GC(1) Pause Young (Concurrent Start) (Metadata GC Threshold) 36M->8M(1024M) 15,841ms
[2022-11-29T22:24:50.653+0100][gc,cpu       ] GC(1) User=0,03s Sys=0,00s Real=0,02s
[2022-11-29T22:24:50.653+0100][gc           ] GC(2) Concurrent Cycle
[2022-11-29T22:24:50.653+0100][gc,marking   ] GC(2) Concurrent Clear Claimed Marks
[2022-11-29T22:24:50.653+0100][gc,marking   ] GC(2) Concurrent Clear Claimed Marks 0,040ms
[2022-11-29T22:24:50.653+0100][gc,marking   ] GC(2) Concurrent Scan Root Regions
[2022-11-29T22:24:50.657+0100][gc,marking   ] GC(2) Concurrent Scan Root Regions 3,479ms
[2022-11-29T22:24:50.657+0100][gc,marking   ] GC(2) Concurrent Mark (3,658s)
[2022-11-29T22:24:50.657+0100][gc,marking   ] GC(2) Concurrent Mark From Roots
[2022-11-29T22:24:50.657+0100][gc,task      ] GC(2) Using 1 workers of 1 for marking
[2022-11-29T22:24:50.671+0100][gc,marking   ] GC(2) Concurrent Mark From Roots 14,493ms
[2022-11-29T22:24:50.672+0100][gc,marking   ] GC(2) Concurrent Preclean
[2022-11-29T22:24:50.672+0100][gc,marking   ] GC(2) Concurrent Preclean 0,150ms
[2022-11-29T22:24:50.672+0100][gc,marking   ] GC(2) Concurrent Mark (3,658s, 3,673s) 14,711ms
[2022-11-29T22:24:50.672+0100][gc,start     ] GC(2) Pause Remark
[2022-11-29T22:24:50.675+0100][gc,stringtable] GC(2) Cleaned string and symbol table, strings: 5236 processed, 0 removed, symbols: 51647 processed, 46 removed
[2022-11-29T22:24:50.677+0100][gc            ] GC(2) Pause Remark 9M->9M(1024M) 5,435ms
[2022-11-29T22:24:50.677+0100][gc,cpu        ] GC(2) User=0,01s Sys=0,00s Real=0,00s
[2022-11-29T22:24:50.677+0100][gc,marking    ] GC(2) Concurrent Rebuild Remembered Sets
[2022-11-29T22:24:50.685+0100][gc,marking    ] GC(2) Concurrent Rebuild Remembered Sets 7,185ms
[2022-11-29T22:24:50.685+0100][gc,start      ] GC(2) Pause Cleanup
[2022-11-29T22:24:50.685+0100][gc            ] GC(2) Pause Cleanup 9M->9M(1024M) 0,246ms
[2022-11-29T22:24:50.685+0100][gc,cpu        ] GC(2) User=0,00s Sys=0,00s Real=0,00s
[2022-11-29T22:24:50.685+0100][gc,marking    ] GC(2) Concurrent Cleanup for Next Mark
[2022-11-29T22:24:50.697+0100][gc,marking    ] GC(2) Concurrent Cleanup for Next Mark 11,766ms
[2022-11-29T22:24:50.697+0100][gc            ] GC(2) Concurrent Cycle 43,509ms
[2022-11-29T22:24:51.668+0100][gc,start      ] GC(3) Pause Young (Normal) (G1 Evacuation Pause)
[2022-11-29T22:24:51.669+0100][gc,task       ] GC(3) Using 4 workers of 4 for evacuation
[2022-11-29T22:24:51.678+0100][gc,phases     ] GC(3)   Pre Evacuate Collection Set: 0,0ms
[2022-11-29T22:24:51.678+0100][gc,phases     ] GC(3)   Evacuate Collection Set: 8,8ms
[2022-11-29T22:24:51.678+0100][gc,phases     ] GC(3)   Post Evacuate Collection Set: 0,8ms
[2022-11-29T22:24:51.678+0100][gc,phases     ] GC(3)   Other: 0,2ms
[2022-11-29T22:24:51.678+0100][gc,heap       ] GC(3) Eden regions: 49->0(46)
[2022-11-29T22:24:51.678+0100][gc,heap       ] GC(3) Survivor regions: 2->5(7)
[2022-11-29T22:24:51.678+0100][gc,heap       ] GC(3) Old regions: 9->9
[2022-11-29T22:24:51.678+0100][gc,heap       ] GC(3) Humongous regions: 129->129
[2022-11-29T22:24:51.678+0100][gc,metaspace  ] GC(3) Metaspace: 28781K(29952K)->28781K(29952K) NonClass: 25414K(26112K)->25414K(26112K) Class: 3366K(3840K)->3366K(3840K)
[2022-11-29T22:24:51.678+0100][gc            ] GC(3) Pause Young (Normal) (G1 Evacuation Pause) 186M->141M(1024M) 9,948ms
[2022-11-29T22:24:51.678+0100][gc,cpu        ] GC(3) User=0,02s Sys=0,00s Real=0,00s
[2022-11-29T22:24:52.316+0100][gc,start      ] GC(4) Pause Young (Concurrent Start) (Metadata GC Threshold)
[2022-11-29T22:24:52.316+0100][gc,task       ] GC(4) Using 4 workers of 4 for evacuation
[2022-11-29T22:24:52.335+0100][gc,phases     ] GC(4)   Pre Evacuate Collection Set: 0,1ms
[2022-11-29T22:24:52.335+0100][gc,phases     ] GC(4)   Evacuate Collection Set: 13,1ms
[2022-11-29T22:24:52.335+0100][gc,phases     ] GC(4)   Post Evacuate Collection Set: 5,2ms
[2022-11-29T22:24:52.335+0100][gc,phases     ] GC(4)   Other: 0,2ms
[2022-11-29T22:24:52.335+0100][gc,heap       ] GC(4) Eden regions: 29->0(49)
[2022-11-29T22:24:52.335+0100][gc,heap       ] GC(4) Survivor regions: 5->2(7)
[2022-11-29T22:24:52.335+0100][gc,heap       ] GC(4) Old regions: 9->14
[2022-11-29T22:24:52.335+0100][gc,heap       ] GC(4) Humongous regions: 129->129
[2022-11-29T22:24:52.335+0100][gc,metaspace  ] GC(4) Metaspace: 34463K(35840K)->34463K(35840K) NonClass: 30387K(31104K)->30387K(31104K) Class: 4075K(4736K)->4075K(4736K)
[2022-11-29T22:24:52.335+0100][gc            ] GC(4) Pause Young (Concurrent Start) (Metadata GC Threshold) 169M->142M(1024M) 18,791ms
[2022-11-29T22:24:52.335+0100][gc,cpu        ] GC(4) User=0,04s Sys=0,00s Real=0,02s
[2022-11-29T22:24:52.336+0100][gc            ] GC(5) Concurrent Cycle
[2022-11-29T22:24:52.336+0100][gc,marking    ] GC(5) Concurrent Clear Claimed Marks
[2022-11-29T22:24:52.336+0100][gc,marking    ] GC(5) Concurrent Clear Claimed Marks 0,123ms
[2022-11-29T22:24:52.336+0100][gc,marking    ] GC(5) Concurrent Scan Root Regions
[2022-11-29T22:24:52.339+0100][gc,marking    ] GC(5) Concurrent Scan Root Regions 3,160ms
[2022-11-29T22:24:52.339+0100][gc,marking    ] GC(5) Concurrent Mark (5,340s)
[2022-11-29T22:24:52.339+0100][gc,marking    ] GC(5) Concurrent Mark From Roots
[2022-11-29T22:24:52.339+0100][gc,task       ] GC(5) Using 1 workers of 1 for marking
[2022-11-29T22:24:52.399+0100][gc,marking    ] GC(5) Concurrent Mark From Roots 60,101ms
[2022-11-29T22:24:52.399+0100][gc,marking    ] GC(5) Concurrent Preclean
[2022-11-29T22:24:52.399+0100][gc,marking    ] GC(5) Concurrent Preclean 0,122ms
[2022-11-29T22:24:52.399+0100][gc,marking    ] GC(5) Concurrent Mark (5,340s, 5,400s) 60,307ms
[2022-11-29T22:24:52.401+0100][gc,start      ] GC(5) Pause Remark
[2022-11-29T22:24:52.410+0100][gc,stringtable] GC(5) Cleaned string and symbol table, strings: 10478 processed, 10 removed, symbols: 84298 processed, 15 removed
[2022-11-29T22:24:52.410+0100][gc            ] GC(5) Pause Remark 146M->146M(1024M) 9,704ms
[2022-11-29T22:24:52.410+0100][gc,cpu        ] GC(5) User=0,02s Sys=0,00s Real=0,01s
[2022-11-29T22:24:52.414+0100][gc,marking    ] GC(5) Concurrent Rebuild Remembered Sets
[2022-11-29T22:24:52.431+0100][gc,marking    ] GC(5) Concurrent Rebuild Remembered Sets 17,199ms
[2022-11-29T22:24:52.437+0100][gc,start      ] GC(5) Pause Cleanup
[2022-11-29T22:24:52.437+0100][gc            ] GC(5) Pause Cleanup 147M->147M(1024M) 0,259ms
[2022-11-29T22:24:52.437+0100][gc,cpu        ] GC(5) User=0,00s Sys=0,00s Real=0,00s
[2022-11-29T22:24:52.437+0100][gc,marking    ] GC(5) Concurrent Cleanup for Next Mark
[2022-11-29T22:24:52.457+0100][gc,marking    ] GC(5) Concurrent Cleanup for Next Mark 19,134ms
[2022-11-29T22:24:52.457+0100][gc            ] GC(5) Concurrent Cycle 120,880ms
[2022-11-29T22:27:50.893+0100][gc,start      ] GC(6) Pause Young (Concurrent Start) (G1 Evacuation Pause)
[2022-11-29T22:27:50.893+0100][gc,task       ] GC(6) Using 4 workers of 4 for evacuation
[2022-11-29T22:27:50.907+0100][gc,phases     ] GC(6)   Pre Evacuate Collection Set: 0,2ms
[2022-11-29T22:27:50.907+0100][gc,phases     ] GC(6)   Evacuate Collection Set: 12,6ms
[2022-11-29T22:27:50.907+0100][gc,phases     ] GC(6)   Post Evacuate Collection Set: 0,6ms
[2022-11-29T22:27:50.907+0100][gc,phases     ] GC(6)   Other: 0,4ms
[2022-11-29T22:27:50.907+0100][gc,heap       ] GC(6) Eden regions: 49->0(46)
[2022-11-29T22:27:50.907+0100][gc,heap       ] GC(6) Survivor regions: 2->5(7)
[2022-11-29T22:27:50.907+0100][gc,heap       ] GC(6) Old regions: 14->14
[2022-11-29T22:27:50.907+0100][gc,heap       ] GC(6) Humongous regions: 129->129
[2022-11-29T22:27:50.907+0100][gc,metaspace  ] GC(6) Metaspace: 41154K(43724K)->41154K(43724K) NonClass: 35824K(37120K)->35824K(37120K) Class: 5330K(6604K)->5330K(6604K)
[2022-11-29T22:27:50.907+0100][gc            ] GC(6) Pause Young (Concurrent Start) (G1 Evacuation Pause) 191M->144M(1024M) 14,016ms
[2022-11-29T22:27:50.907+0100][gc,cpu        ] GC(6) User=0,05s Sys=0,00s Real=0,01s
[2022-11-29T22:27:50.907+0100][gc            ] GC(7) Concurrent Cycle
[2022-11-29T22:27:50.907+0100][gc,marking    ] GC(7) Concurrent Clear Claimed Marks
[2022-11-29T22:27:50.907+0100][gc,marking    ] GC(7) Concurrent Clear Claimed Marks 0,199ms
[2022-11-29T22:27:50.907+0100][gc,marking    ] GC(7) Concurrent Scan Root Regions
[2022-11-29T22:27:50.913+0100][gc,marking    ] GC(7) Concurrent Scan Root Regions 5,237ms
[2022-11-29T22:27:50.913+0100][gc,marking    ] GC(7) Concurrent Mark (183,914s)
[2022-11-29T22:27:50.913+0100][gc,marking    ] GC(7) Concurrent Mark From Roots
[2022-11-29T22:27:50.913+0100][gc,task       ] GC(7) Using 1 workers of 1 for marking
[2022-11-29T22:27:50.963+0100][gc,marking    ] GC(7) Concurrent Mark From Roots 49,830ms
[2022-11-29T22:27:50.963+0100][gc,marking    ] GC(7) Concurrent Preclean
[2022-11-29T22:27:50.963+0100][gc,marking    ] GC(7) Concurrent Preclean 0,135ms
[2022-11-29T22:27:50.963+0100][gc,marking    ] GC(7) Concurrent Mark (183,914s, 183,964s) 50,125ms
[2022-11-29T22:27:50.963+0100][gc,start      ] GC(7) Pause Remark
[2022-11-29T22:27:50.971+0100][gc,stringtable] GC(7) Cleaned string and symbol table, strings: 11768 processed, 7 removed, symbols: 91594 processed, 6 removed
[2022-11-29T22:27:50.971+0100][gc            ] GC(7) Pause Remark 146M->146M(1024M) 8,151ms
[2022-11-29T22:27:50.971+0100][gc,cpu        ] GC(7) User=0,02s Sys=0,00s Real=0,01s
[2022-11-29T22:27:50.971+0100][gc,marking    ] GC(7) Concurrent Rebuild Remembered Sets
[2022-11-29T22:27:50.992+0100][gc,marking    ] GC(7) Concurrent Rebuild Remembered Sets 20,655ms
[2022-11-29T22:27:50.992+0100][gc,start      ] GC(7) Pause Cleanup
[2022-11-29T22:27:50.992+0100][gc            ] GC(7) Pause Cleanup 147M->147M(1024M) 0,215ms
[2022-11-29T22:27:50.992+0100][gc,cpu        ] GC(7) User=0,00s Sys=0,00s Real=0,00s
[2022-11-29T22:27:50.992+0100][gc,marking    ] GC(7) Concurrent Cleanup for Next Mark
[2022-11-29T22:27:50.995+0100][gc,marking    ] GC(7) Concurrent Cleanup for Next Mark 2,810ms
[2022-11-29T22:27:50.995+0100][gc            ] GC(7) Concurrent Cycle 88,290ms
[2022-11-29T22:32:14.481+0100][gc,start      ] GC(8) Pause Young (Normal) (G1 Evacuation Pause)
[2022-11-29T22:32:14.487+0100][gc,task       ] GC(8) Using 4 workers of 4 for evacuation
[2022-11-29T22:32:15.656+0100][gc,mmu        ] GC(8) MMU target violated: 21,0ms (20,0ms/21,0ms)
[2022-11-29T22:32:15.658+0100][gc,phases     ] GC(8)   Pre Evacuate Collection Set: 328,7ms
[2022-11-29T22:32:15.658+0100][gc,phases     ] GC(8)   Evacuate Collection Set: 814,5ms
[2022-11-29T22:32:15.658+0100][gc,phases     ] GC(8)   Post Evacuate Collection Set: 6,2ms
[2022-11-29T22:32:15.658+0100][gc,phases     ] GC(8)   Other: 30,1ms
[2022-11-29T22:32:15.658+0100][gc,heap       ] GC(8) Eden regions: 46->0(47)
[2022-11-29T22:32:15.658+0100][gc,heap       ] GC(8) Survivor regions: 5->4(7)
[2022-11-29T22:32:15.658+0100][gc,heap       ] GC(8) Old regions: 14->15
[2022-11-29T22:32:15.658+0100][gc,heap       ] GC(8) Humongous regions: 129->129
[2022-11-29T22:32:15.659+0100][gc,metaspace  ] GC(8) Metaspace: 43859K(46668K)->43859K(46668K) NonClass: 38213K(39680K)->38213K(39680K) Class: 5646K(6988K)->5646K(6988K)
[2022-11-29T22:32:15.659+0100][gc            ] GC(8) Pause Young (Normal) (G1 Evacuation Pause) 190M->146M(1024M) 1178,097ms
[2022-11-29T22:32:15.659+0100][gc,cpu        ] GC(8) User=0,07s Sys=0,08s Real=1,17s
[2022-11-29T22:34:10.940+0100][gc,start      ] GC(9) Pause Young (Normal) (G1 Evacuation Pause)
[2022-11-29T22:34:10.940+0100][gc,task       ] GC(9) Using 4 workers of 4 for evacuation
[2022-11-29T22:34:10.961+0100][gc,mmu        ] GC(9) MMU target violated: 20,7ms (20,0ms/21,0ms)
[2022-11-29T22:34:10.961+0100][gc,phases     ] GC(9)   Pre Evacuate Collection Set: 0,1ms
[2022-11-29T22:34:10.961+0100][gc,phases     ] GC(9)   Evacuate Collection Set: 19,6ms
[2022-11-29T22:34:10.961+0100][gc,phases     ] GC(9)   Post Evacuate Collection Set: 0,9ms
[2022-11-29T22:34:10.961+0100][gc,phases     ] GC(9)   Other: 0,8ms
[2022-11-29T22:34:10.961+0100][gc,heap       ] GC(9) Eden regions: 47->0(49)
[2022-11-29T22:34:10.961+0100][gc,heap       ] GC(9) Survivor regions: 4->2(7)
[2022-11-29T22:34:10.961+0100][gc,heap       ] GC(9) Old regions: 15->18
[2022-11-29T22:34:10.961+0100][gc,heap       ] GC(9) Humongous regions: 129->129
[2022-11-29T22:34:10.961+0100][gc,metaspace  ] GC(9) Metaspace: 44004K(46924K)->44004K(46924K) NonClass: 38334K(39936K)->38334K(39936K) Class: 5669K(6988K)->5669K(6988K)
[2022-11-29T22:34:10.961+0100][gc            ] GC(9) Pause Young (Normal) (G1 Evacuation Pause) 193M->146M(1024M) 21,514ms
[2022-11-29T22:34:10.961+0100][gc,cpu        ] GC(9) User=0,03s Sys=0,00s Real=0,03s
[2022-11-29T22:35:57.118+0100][gc,start      ] GC(10) Pause Young (Normal) (G1 Evacuation Pause)
[2022-11-29T22:35:57.118+0100][gc,task       ] GC(10) Using 4 workers of 4 for evacuation
[2022-11-29T22:35:57.151+0100][gc,mmu        ] GC(10) MMU target violated: 21,0ms (20,0ms/21,0ms)
[2022-11-29T22:35:57.151+0100][gc,phases     ] GC(10)   Pre Evacuate Collection Set: 0,0ms
[2022-11-29T22:35:57.151+0100][gc,phases     ] GC(10)   Evacuate Collection Set: 31,3ms
[2022-11-29T22:35:57.151+0100][gc,phases     ] GC(10)   Post Evacuate Collection Set: 0,7ms
[2022-11-29T22:35:57.151+0100][gc,phases     ] GC(10)   Other: 0,4ms
[2022-11-29T22:35:57.151+0100][gc,heap       ] GC(10) Eden regions: 49->0(49)
[2022-11-29T22:35:57.151+0100][gc,heap       ] GC(10) Survivor regions: 2->2(7)
[2022-11-29T22:35:57.151+0100][gc,heap       ] GC(10) Old regions: 18->18
[2022-11-29T22:35:57.151+0100][gc,heap       ] GC(10) Humongous regions: 129->129
[2022-11-29T22:35:57.151+0100][gc,metaspace  ] GC(10) Metaspace: 44188K(47052K)->44188K(47052K) NonClass: 38490K(39936K)->38490K(39936K) Class: 5698K(7116K)->5698K(7116K)
[2022-11-29T22:35:57.151+0100][gc            ] GC(10) Pause Young (Normal) (G1 Evacuation Pause) 195M->146M(1024M) 32,508ms
[2022-11-29T22:35:57.151+0100][gc,cpu        ] GC(10) User=0,02s Sys=0,00s Real=0,04s
[2022-11-29T22:37:44.547+0100][gc,start      ] GC(11) Pause Young (Normal) (G1 Evacuation Pause)
[2022-11-29T22:37:44.552+0100][gc,task       ] GC(11) Using 4 workers of 4 for evacuation
[2022-11-29T22:37:44.569+0100][gc,phases     ] GC(11)   Pre Evacuate Collection Set: 0,0ms
[2022-11-29T22:37:44.569+0100][gc,phases     ] GC(11)   Evacuate Collection Set: 15,6ms
[2022-11-29T22:37:44.569+0100][gc,phases     ] GC(11)   Post Evacuate Collection Set: 1,0ms
[2022-11-29T22:37:44.569+0100][gc,phases     ] GC(11)   Other: 5,2ms
[2022-11-29T22:37:44.569+0100][gc,heap       ] GC(11) Eden regions: 49->0(48)
[2022-11-29T22:37:44.569+0100][gc,heap       ] GC(11) Survivor regions: 2->3(7)
[2022-11-29T22:37:44.569+0100][gc,heap       ] GC(11) Old regions: 18->18
[2022-11-29T22:37:44.569+0100][gc,heap       ] GC(11) Humongous regions: 129->129
[2022-11-29T22:37:44.569+0100][gc,metaspace  ] GC(11) Metaspace: 44336K(47308K)->44336K(47308K) NonClass: 38635K(40192K)->38635K(40192K) Class: 5701K(7116K)->5701K(7116K)
[2022-11-29T22:37:44.570+0100][gc            ] GC(11) Pause Young (Normal) (G1 Evacuation Pause) 195M->146M(1024M) 22,346ms
[2022-11-29T22:37:44.570+0100][gc,cpu        ] GC(11) User=0,02s Sys=0,00s Real=0,03s
[2022-11-29T22:38:23.801+0100][gc,start      ] GC(12) Pause Young (Normal) (G1 Evacuation Pause)
[2022-11-29T22:38:23.801+0100][gc,task       ] GC(12) Using 4 workers of 4 for evacuation
[2022-11-29T22:38:23.833+0100][gc,mmu        ] GC(12) MMU target violated: 21,0ms (20,0ms/21,0ms)
[2022-11-29T22:38:23.833+0100][gc,phases     ] GC(12)   Pre Evacuate Collection Set: 0,0ms
[2022-11-29T22:38:23.833+0100][gc,phases     ] GC(12)   Evacuate Collection Set: 30,2ms
[2022-11-29T22:38:23.833+0100][gc,phases     ] GC(12)   Post Evacuate Collection Set: 1,4ms
[2022-11-29T22:38:23.834+0100][gc,phases     ] GC(12)   Other: 0,4ms
[2022-11-29T22:38:23.834+0100][gc,heap       ] GC(12) Eden regions: 48->0(47)
[2022-11-29T22:38:23.834+0100][gc,heap       ] GC(12) Survivor regions: 3->4(7)
[2022-11-29T22:38:23.834+0100][gc,heap       ] GC(12) Old regions: 18->18
[2022-11-29T22:38:23.834+0100][gc,heap       ] GC(12) Humongous regions: 129->129
[2022-11-29T22:38:23.834+0100][gc,metaspace  ] GC(12) Metaspace: 44686K(47564K)->44686K(47564K) NonClass: 38984K(40448K)->38984K(40448K) Class: 5701K(7116K)->5701K(7116K)
[2022-11-29T22:38:23.834+0100][gc            ] GC(12) Pause Young (Normal) (G1 Evacuation Pause) 194M->147M(1024M) 32,405ms
[2022-11-29T22:38:23.834+0100][gc,cpu        ] GC(12) User=0,03s Sys=0,00s Real=0,03s
[2022-11-29T22:38:59.315+0100][gc,start      ] GC(13) Pause Young (Normal) (G1 Evacuation Pause)
[2022-11-29T22:38:59.319+0100][gc,task       ] GC(13) Using 4 workers of 4 for evacuation
[2022-11-29T22:38:59.352+0100][gc,mmu        ] GC(13) MMU target violated: 21,0ms (20,0ms/21,0ms)
[2022-11-29T22:38:59.352+0100][gc,phases     ] GC(13)   Pre Evacuate Collection Set: 0,0ms
[2022-11-29T22:38:59.353+0100][gc,phases     ] GC(13)   Evacuate Collection Set: 32,9ms
[2022-11-29T22:38:59.353+0100][gc,phases     ] GC(13)   Post Evacuate Collection Set: 0,7ms
[2022-11-29T22:38:59.353+0100][gc,phases     ] GC(13)   Other: 4,0ms
[2022-11-29T22:38:59.353+0100][gc,heap       ] GC(13) Eden regions: 47->0(47)
[2022-11-29T22:38:59.353+0100][gc,heap       ] GC(13) Survivor regions: 4->4(7)
[2022-11-29T22:38:59.353+0100][gc,heap       ] GC(13) Old regions: 18->18
[2022-11-29T22:38:59.353+0100][gc,heap       ] GC(13) Humongous regions: 129->129
[2022-11-29T22:38:59.353+0100][gc,metaspace  ] GC(13) Metaspace: 44706K(47820K)->44706K(47820K) NonClass: 39000K(40704K)->39000K(40704K) Class: 5706K(7116K)->5706K(7116K)
[2022-11-29T22:38:59.359+0100][gc            ] GC(13) Pause Young (Normal) (G1 Evacuation Pause) 194M->148M(1024M) 44,095ms
[2022-11-29T22:38:59.359+0100][gc,cpu        ] GC(13) User=0,05s Sys=0,00s Real=0,04s
[2022-11-29T22:39:22.432+0100][gc,start      ] GC(14) Pause Young (Normal) (G1 Evacuation Pause)
[2022-11-29T22:39:22.432+0100][gc,task       ] GC(14) Using 4 workers of 4 for evacuation
[2022-11-29T22:39:22.475+0100][gc,mmu        ] GC(14) MMU target violated: 21,0ms (20,0ms/21,0ms)
[2022-11-29T22:39:22.475+0100][gc,phases     ] GC(14)   Pre Evacuate Collection Set: 0,1ms
[2022-11-29T22:39:22.475+0100][gc,phases     ] GC(14)   Evacuate Collection Set: 43,0ms
[2022-11-29T22:39:22.475+0100][gc,phases     ] GC(14)   Post Evacuate Collection Set: 0,5ms
[2022-11-29T22:39:22.475+0100][gc,phases     ] GC(14)   Other: 0,4ms
[2022-11-29T22:39:22.476+0100][gc,heap       ] GC(14) Eden regions: 47->0(47)
[2022-11-29T22:39:22.476+0100][gc,heap       ] GC(14) Survivor regions: 4->4(7)
[2022-11-29T22:39:22.476+0100][gc,heap       ] GC(14) Old regions: 18->18
[2022-11-29T22:39:22.476+0100][gc,heap       ] GC(14) Humongous regions: 129->129
[2022-11-29T22:39:22.476+0100][gc,metaspace  ] GC(14) Metaspace: 44717K(47820K)->44717K(47820K) NonClass: 39011K(40704K)->39011K(40704K) Class: 5706K(7116K)->5706K(7116K)
[2022-11-29T22:39:22.476+0100][gc            ] GC(14) Pause Young (Normal) (G1 Evacuation Pause) 195M->148M(1024M) 43,963ms
[2022-11-29T22:39:22.476+0100][gc,cpu        ] GC(14) User=0,02s Sys=0,00s Real=0,04s
[2022-11-29T22:39:47.336+0100][gc,start      ] GC(15) Pause Young (Normal) (G1 Evacuation Pause)
[2022-11-29T22:39:47.336+0100][gc,task       ] GC(15) Using 4 workers of 4 for evacuation
[2022-11-29T22:39:47.348+0100][gc,phases     ] GC(15)   Pre Evacuate Collection Set: 0,0ms
[2022-11-29T22:39:47.348+0100][gc,phases     ] GC(15)   Evacuate Collection Set: 10,6ms
[2022-11-29T22:39:47.348+0100][gc,phases     ] GC(15)   Post Evacuate Collection Set: 0,5ms
[2022-11-29T22:39:47.348+0100][gc,phases     ] GC(15)   Other: 0,3ms
[2022-11-29T22:39:47.348+0100][gc,heap       ] GC(15) Eden regions: 47->0(47)
[2022-11-29T22:39:47.348+0100][gc,heap       ] GC(15) Survivor regions: 4->4(7)
[2022-11-29T22:39:47.348+0100][gc,heap       ] GC(15) Old regions: 18->18
[2022-11-29T22:39:47.349+0100][gc,heap       ] GC(15) Humongous regions: 129->129
[2022-11-29T22:39:47.349+0100][gc,metaspace  ] GC(15) Metaspace: 44729K(47820K)->44729K(47820K) NonClass: 39023K(40704K)->39023K(40704K) Class: 5706K(7116K)->5706K(7116K)
[2022-11-29T22:39:47.349+0100][gc            ] GC(15) Pause Young (Normal) (G1 Evacuation Pause) 195M->148M(1024M) 12,220ms
[2022-11-29T22:39:47.349+0100][gc,cpu        ] GC(15) User=0,01s Sys=0,00s Real=0,02s
[2022-11-29T22:40:08.095+0100][gc,start      ] GC(16) Pause Young (Normal) (G1 Evacuation Pause)
[2022-11-29T22:40:08.095+0100][gc,task       ] GC(16) Using 4 workers of 4 for evacuation
[2022-11-29T22:40:08.108+0100][gc,phases     ] GC(16)   Pre Evacuate Collection Set: 0,0ms
[2022-11-29T22:40:08.108+0100][gc,phases     ] GC(16)   Evacuate Collection Set: 11,7ms
[2022-11-29T22:40:08.108+0100][gc,phases     ] GC(16)   Post Evacuate Collection Set: 0,6ms
[2022-11-29T22:40:08.108+0100][gc,phases     ] GC(16)   Other: 0,2ms
[2022-11-29T22:40:08.108+0100][gc,heap       ] GC(16) Eden regions: 47->0(47)
[2022-11-29T22:40:08.108+0100][gc,heap       ] GC(16) Survivor regions: 4->4(7)
[2022-11-29T22:40:08.108+0100][gc,heap       ] GC(16) Old regions: 18->18
[2022-11-29T22:40:08.108+0100][gc,heap       ] GC(16) Humongous regions: 129->129
[2022-11-29T22:40:08.108+0100][gc,metaspace  ] GC(16) Metaspace: 44734K(47820K)->44734K(47820K) NonClass: 39028K(40704K)->39028K(40704K) Class: 5706K(7116K)->5706K(7116K)
[2022-11-29T22:40:08.108+0100][gc            ] GC(16) Pause Young (Normal) (G1 Evacuation Pause) 195M->148M(1024M) 12,578ms
[2022-11-29T22:40:08.108+0100][gc,cpu        ] GC(16) User=0,02s Sys=0,00s Real=0,02s
[2022-11-29T22:40:26.611+0100][gc,start      ] GC(17) Pause Young (Normal) (G1 Evacuation Pause)
[2022-11-29T22:40:26.611+0100][gc,task       ] GC(17) Using 4 workers of 4 for evacuation
[2022-11-29T22:40:26.673+0100][gc,mmu        ] GC(17) MMU target violated: 21,0ms (20,0ms/21,0ms)
[2022-11-29T22:40:26.674+0100][gc,phases     ] GC(17)   Pre Evacuate Collection Set: 0,0ms
[2022-11-29T22:40:26.674+0100][gc,phases     ] GC(17)   Evacuate Collection Set: 61,7ms
[2022-11-29T22:40:26.674+0100][gc,phases     ] GC(17)   Post Evacuate Collection Set: 0,5ms
[2022-11-29T22:40:26.674+0100][gc,phases     ] GC(17)   Other: 0,3ms
[2022-11-29T22:40:26.674+0100][gc,heap       ] GC(17) Eden regions: 47->0(47)
[2022-11-29T22:40:26.674+0100][gc,heap       ] GC(17) Survivor regions: 4->4(7)
[2022-11-29T22:40:26.674+0100][gc,heap       ] GC(17) Old regions: 18->18
[2022-11-29T22:40:26.674+0100][gc,heap       ] GC(17) Humongous regions: 129->129
[2022-11-29T22:40:26.674+0100][gc,metaspace  ] GC(17) Metaspace: 44741K(47820K)->44741K(47820K) NonClass: 39035K(40704K)->39035K(40704K) Class: 5706K(7116K)->5706K(7116K)
[2022-11-29T22:40:26.674+0100][gc            ] GC(17) Pause Young (Normal) (G1 Evacuation Pause) 195M->148M(1024M) 62,643ms
[2022-11-29T22:40:26.674+0100][gc,cpu        ] GC(17) User=0,08s Sys=0,00s Real=0,06s
[2022-11-29T22:40:51.431+0100][gc,start      ] GC(18) Pause Young (Normal) (G1 Evacuation Pause)
[2022-11-29T22:40:51.432+0100][gc,task       ] GC(18) Using 4 workers of 4 for evacuation
[2022-11-29T22:40:51.464+0100][gc,mmu        ] GC(18) MMU target violated: 21,0ms (20,0ms/21,0ms)
[2022-11-29T22:40:51.464+0100][gc,phases     ] GC(18)   Pre Evacuate Collection Set: 0,0ms
[2022-11-29T22:40:51.464+0100][gc,phases     ] GC(18)   Evacuate Collection Set: 32,1ms
[2022-11-29T22:40:51.464+0100][gc,phases     ] GC(18)   Post Evacuate Collection Set: 0,5ms
[2022-11-29T22:40:51.464+0100][gc,phases     ] GC(18)   Other: 0,3ms
[2022-11-29T22:40:51.464+0100][gc,heap       ] GC(18) Eden regions: 47->0(47)
[2022-11-29T22:40:51.464+0100][gc,heap       ] GC(18) Survivor regions: 4->4(7)
[2022-11-29T22:40:51.464+0100][gc,heap       ] GC(18) Old regions: 18->18
[2022-11-29T22:40:51.464+0100][gc,heap       ] GC(18) Humongous regions: 129->129
[2022-11-29T22:40:51.464+0100][gc,metaspace  ] GC(18) Metaspace: 44741K(47820K)->44741K(47820K) NonClass: 39035K(40704K)->39035K(40704K) Class: 5706K(7116K)->5706K(7116K)
[2022-11-29T22:40:51.464+0100][gc            ] GC(18) Pause Young (Normal) (G1 Evacuation Pause) 195M->148M(1024M) 32,998ms
[2022-11-29T22:40:51.464+0100][gc,cpu        ] GC(18) User=0,02s Sys=0,00s Real=0,03s
[2022-11-29T22:41:32.446+0100][gc,start      ] GC(19) Pause Young (Normal) (G1 Evacuation Pause)
[2022-11-29T22:41:32.447+0100][gc,task       ] GC(19) Using 4 workers of 4 for evacuation
[2022-11-29T22:41:32.466+0100][gc,phases     ] GC(19)   Pre Evacuate Collection Set: 0,0ms
[2022-11-29T22:41:32.466+0100][gc,phases     ] GC(19)   Evacuate Collection Set: 18,1ms
[2022-11-29T22:41:32.466+0100][gc,phases     ] GC(19)   Post Evacuate Collection Set: 0,6ms
[2022-11-29T22:41:32.466+0100][gc,phases     ] GC(19)   Other: 1,2ms
[2022-11-29T22:41:32.466+0100][gc,heap       ] GC(19) Eden regions: 47->0(47)
[2022-11-29T22:41:32.466+0100][gc,heap       ] GC(19) Survivor regions: 4->4(7)
[2022-11-29T22:41:32.466+0100][gc,heap       ] GC(19) Old regions: 18->18
[2022-11-29T22:41:32.466+0100][gc,heap       ] GC(19) Humongous regions: 129->129
[2022-11-29T22:41:32.466+0100][gc,metaspace  ] GC(19) Metaspace: 44757K(47820K)->44757K(47820K) NonClass: 39050K(40704K)->39050K(40704K) Class: 5706K(7116K)->5706K(7116K)
[2022-11-29T22:41:32.466+0100][gc            ] GC(19) Pause Young (Normal) (G1 Evacuation Pause) 195M->148M(1024M) 20,060ms
[2022-11-29T22:41:32.466+0100][gc,cpu        ] GC(19) User=0,02s Sys=0,00s Real=0,02s
[2022-11-29T22:42:08.743+0100][gc,start      ] GC(20) Pause Young (Normal) (G1 Evacuation Pause)
[2022-11-29T22:42:08.749+0100][gc,task       ] GC(20) Using 4 workers of 4 for evacuation
[2022-11-29T22:42:08.770+0100][gc,mmu        ] GC(20) MMU target violated: 21,0ms (20,0ms/21,0ms)
[2022-11-29T22:42:08.773+0100][gc,phases     ] GC(20)   Pre Evacuate Collection Set: 0,1ms
[2022-11-29T22:42:08.773+0100][gc,phases     ] GC(20)   Evacuate Collection Set: 18,0ms
[2022-11-29T22:42:08.773+0100][gc,phases     ] GC(20)   Post Evacuate Collection Set: 3,1ms
[2022-11-29T22:42:08.773+0100][gc,phases     ] GC(20)   Other: 6,1ms
[2022-11-29T22:42:08.773+0100][gc,heap       ] GC(20) Eden regions: 47->0(47)
[2022-11-29T22:42:08.773+0100][gc,heap       ] GC(20) Survivor regions: 4->4(7)
[2022-11-29T22:42:08.773+0100][gc,heap       ] GC(20) Old regions: 18->18
[2022-11-29T22:42:08.773+0100][gc,heap       ] GC(20) Humongous regions: 129->129
[2022-11-29T22:42:08.773+0100][gc,metaspace  ] GC(20) Metaspace: 44781K(47820K)->44781K(47820K) NonClass: 39075K(40704K)->39075K(40704K) Class: 5706K(7116K)->5706K(7116K)
[2022-11-29T22:42:08.774+0100][gc            ] GC(20) Pause Young (Normal) (G1 Evacuation Pause) 195M->148M(1024M) 30,057ms
[2022-11-29T22:42:08.774+0100][gc,cpu        ] GC(20) User=0,03s Sys=0,00s Real=0,03s
[2022-11-29T22:42:44.981+0100][gc,start      ] GC(21) Pause Young (Normal) (G1 Evacuation Pause)
[2022-11-29T22:42:44.995+0100][gc,task       ] GC(21) Using 4 workers of 4 for evacuation
[2022-11-29T22:42:45.045+0100][gc,mmu        ] GC(21) MMU target violated: 21,0ms (20,0ms/21,0ms)
[2022-11-29T22:42:45.047+0100][gc,phases     ] GC(21)   Pre Evacuate Collection Set: 0,1ms
[2022-11-29T22:42:45.048+0100][gc,phases     ] GC(21)   Evacuate Collection Set: 48,9ms
[2022-11-29T22:42:45.048+0100][gc,phases     ] GC(21)   Post Evacuate Collection Set: 0,6ms
[2022-11-29T22:42:45.048+0100][gc,phases     ] GC(21)   Other: 15,8ms
[2022-11-29T22:42:45.048+0100][gc,heap       ] GC(21) Eden regions: 47->0(47)
[2022-11-29T22:42:45.048+0100][gc,heap       ] GC(21) Survivor regions: 4->4(7)
[2022-11-29T22:42:45.048+0100][gc,heap       ] GC(21) Old regions: 18->18
[2022-11-29T22:42:45.048+0100][gc,heap       ] GC(21) Humongous regions: 129->129
[2022-11-29T22:42:45.049+0100][gc,metaspace  ] GC(21) Metaspace: 44838K(47820K)->44838K(47820K) NonClass: 39131K(40704K)->39131K(40704K) Class: 5706K(7116K)->5706K(7116K)
[2022-11-29T22:42:45.050+0100][gc            ] GC(21) Pause Young (Normal) (G1 Evacuation Pause) 195M->148M(1024M) 67,440ms
[2022-11-29T22:42:45.050+0100][gc,cpu        ] GC(21) User=0,04s Sys=0,00s Real=0,08s
[2022-11-29T22:47:26.312+0100][gc,start      ] GC(22) Pause Young (Normal) (G1 Evacuation Pause)
