OpenJDK 64-Bit Server VM (25.342-b07) for linux-amd64 JRE (1.8.0_342-8u342-b07-0ubuntu1~22.04-b07), built on Jul 23 2022 16:13:07 by "buildd" with gcc 11.2.0
Memory: 4k page, physical 6435320k(4218280k free), swap 2097152k(2097152k free)
CommandLine flags: -XX:+ExplicitGCInvokesConcurrent -XX:GCLogFileSize=104857600 -XX:InitialHeapSize=1073741824 -XX:InitiatingHeapOccupancyPercent=35 -XX:+ManagementServer -XX:MaxGCPauseMillis=20 -XX:MaxHeapSize=1073741824 -XX:MaxInlineLevel=15 -XX:NumberOfGCLogFiles=10 -XX:+PrintGC -XX:+PrintGCDateStamps -XX:+PrintGCDetails -XX:+PrintGCTimeStamps -XX:+UseCompressedClassPointers -XX:+UseCompressedOops -XX:+UseG1GC -XX:+UseGCLogFileRotation 
2022-11-23T15:41:27.394+0100: 1.358: [GC pause (G1 Evacuation Pause) (young), 0.0201417 secs]
   [Parallel Time: 12.2 ms, GC Workers: 8]
      [GC Worker Start (ms): Min: 1358.6, Avg: 1360.0, Max: 1364.9, Diff: 6.3]
      [Ext Root Scanning (ms): Min: 0.0, Avg: 0.5, Max: 1.8, Diff: 1.8, Sum: 3.6]
      [Update RS (ms): Min: 0.0, Avg: 0.0, Max: 0.0, Diff: 0.0, Sum: 0.0]
         [Processed Buffers: Min: 0, Avg: 0.0, Max: 0, Diff: 0, Sum: 0]
      [Scan RS (ms): Min: 0.0, Avg: 0.0, Max: 0.0, Diff: 0.0, Sum: 0.1]
      [Code Root Scanning (ms): Min: 0.0, Avg: 0.2, Max: 0.7, Diff: 0.7, Sum: 1.8]
      [Object Copy (ms): Min: 2.7, Avg: 7.1, Max: 8.4, Diff: 5.7, Sum: 56.8]
      [Termination (ms): Min: 0.0, Avg: 1.3, Max: 1.6, Diff: 1.6, Sum: 10.8]
         [Termination Attempts: Min: 1, Avg: 15.2, Max: 24, Diff: 23, Sum: 122]
      [GC Worker Other (ms): Min: 0.0, Avg: 0.0, Max: 0.0, Diff: 0.0, Sum: 0.3]
      [GC Worker Total (ms): Min: 4.3, Avg: 9.2, Max: 10.5, Diff: 6.3, Sum: 73.4]
      [GC Worker End (ms): Min: 1369.1, Avg: 1369.1, Max: 1369.2, Diff: 0.1]
   [Code Root Fixup: 0.0 ms]
   [Code Root Purge: 0.0 ms]
   [Clear CT: 1.7 ms]
   [Other: 6.2 ms]
      [Choose CSet: 0.0 ms]
      [Ref Proc: 3.9 ms]
      [Ref Enq: 0.0 ms]
      [Redirty Cards: 1.7 ms]
      [Humongous Register: 0.1 ms]
      [Humongous Reclaim: 0.0 ms]
      [Free CSet: 0.1 ms]
   [Eden: 52224.0K(52224.0K)->0.0B(45056.0K) Survivors: 0.0B->7168.0K Heap: 52224.0K(1024.0M)->8781.5K(1024.0M)]
 [Times: user=0.08 sys=0.03, real=0.02 secs] 
2022-11-23T15:41:28.055+0100: 2.020: [GC pause (Metadata GC Threshold) (young) (initial-mark), 0.0172029 secs]
   [Parallel Time: 10.2 ms, GC Workers: 8]
      [GC Worker Start (ms): Min: 2020.1, Avg: 2020.5, Max: 2020.8, Diff: 0.7]
      [Ext Root Scanning (ms): Min: 1.0, Avg: 2.5, Max: 8.8, Diff: 7.7, Sum: 20.2]
      [Update RS (ms): Min: 0.0, Avg: 0.0, Max: 0.2, Diff: 0.2, Sum: 0.2]
         [Processed Buffers: Min: 0, Avg: 0.1, Max: 1, Diff: 1, Sum: 1]
      [Scan RS (ms): Min: 0.0, Avg: 0.0, Max: 0.0, Diff: 0.0, Sum: 0.1]
      [Code Root Scanning (ms): Min: 0.0, Avg: 0.2, Max: 1.5, Diff: 1.5, Sum: 1.6]
      [Object Copy (ms): Min: 0.0, Avg: 3.2, Max: 4.0, Diff: 4.0, Sum: 25.7]
      [Termination (ms): Min: 0.0, Avg: 2.9, Max: 3.5, Diff: 3.5, Sum: 23.5]
         [Termination Attempts: Min: 1, Avg: 1.4, Max: 2, Diff: 1, Sum: 11]
      [GC Worker Other (ms): Min: 0.0, Avg: 0.0, Max: 0.0, Diff: 0.0, Sum: 0.1]
      [GC Worker Total (ms): Min: 8.5, Avg: 8.9, Max: 9.4, Diff: 0.9, Sum: 71.4]
      [GC Worker End (ms): Min: 2029.3, Avg: 2029.4, Max: 2029.5, Diff: 0.1]
   [Code Root Fixup: 0.1 ms]
   [Code Root Purge: 0.0 ms]
   [Clear CT: 1.3 ms]
   [Other: 5.6 ms]
      [Choose CSet: 0.0 ms]
      [Ref Proc: 4.0 ms]
      [Ref Enq: 0.0 ms]
      [Redirty Cards: 1.0 ms]
      [Humongous Register: 0.1 ms]
      [Humongous Reclaim: 0.0 ms]
      [Free CSet: 0.1 ms]
   [Eden: 24576.0K(45056.0K)->0.0B(45056.0K) Survivors: 7168.0K->7168.0K Heap: 33357.5K(1024.0M)->10654.5K(1024.0M)]
 [Times: user=0.07 sys=0.01, real=0.02 secs] 
2022-11-23T15:41:28.073+0100: 2.037: [GC concurrent-root-region-scan-start]
2022-11-23T15:41:28.078+0100: 2.043: [GC concurrent-root-region-scan-end, 0.0054718 secs]
2022-11-23T15:41:28.078+0100: 2.043: [GC concurrent-mark-start]
2022-11-23T15:41:28.080+0100: 2.044: [GC concurrent-mark-end, 0.0016062 secs]
2022-11-23T15:41:28.080+0100: 2.045: [GC remark 2022-11-23T15:41:28.080+0100: 2.045: [Finalize Marking, 0.0053869 secs] 2022-11-23T15:41:28.086+0100: 2.050: [GC ref-proc, 0.0005974 secs] 2022-11-23T15:41:28.087+0100: 2.051: [Unloading, 0.0056169 secs], 0.0135772 secs]
 [Times: user=0.05 sys=0.01, real=0.02 secs] 
2022-11-23T15:41:28.095+0100: 2.059: [GC cleanup 11310K->10286K(1024M), 0.0046542 secs]
 [Times: user=0.02 sys=0.00, real=0.00 secs] 
2022-11-23T15:41:28.100+0100: 2.064: [GC concurrent-cleanup-start]
2022-11-23T15:41:28.100+0100: 2.064: [GC concurrent-cleanup-end, 0.0000214 secs]
2022-11-23T15:41:29.855+0100: 3.820: [GC pause (G1 Evacuation Pause) (young), 0.0278742 secs]
   [Parallel Time: 16.3 ms, GC Workers: 8]
      [GC Worker Start (ms): Min: 3820.2, Avg: 3820.7, Max: 3821.7, Diff: 1.5]
      [Ext Root Scanning (ms): Min: 0.0, Avg: 0.8, Max: 2.5, Diff: 2.5, Sum: 6.2]
      [Update RS (ms): Min: 0.0, Avg: 0.1, Max: 0.3, Diff: 0.3, Sum: 0.7]
         [Processed Buffers: Min: 0, Avg: 0.9, Max: 2, Diff: 2, Sum: 7]
      [Scan RS (ms): Min: 0.0, Avg: 0.0, Max: 0.0, Diff: 0.0, Sum: 0.1]
      [Code Root Scanning (ms): Min: 0.0, Avg: 0.8, Max: 1.6, Diff: 1.6, Sum: 6.4]
      [Object Copy (ms): Min: 8.9, Avg: 10.0, Max: 13.8, Diff: 5.0, Sum: 80.0]
      [Termination (ms): Min: 0.0, Avg: 3.3, Max: 4.0, Diff: 4.0, Sum: 26.8]
         [Termination Attempts: Min: 1, Avg: 31.4, Max: 47, Diff: 46, Sum: 251]
      [GC Worker Other (ms): Min: 0.0, Avg: 0.0, Max: 0.0, Diff: 0.0, Sum: 0.1]
      [GC Worker Total (ms): Min: 14.0, Avg: 15.0, Max: 15.5, Diff: 1.5, Sum: 120.3]
      [GC Worker End (ms): Min: 3835.7, Avg: 3835.7, Max: 3835.8, Diff: 0.2]
   [Code Root Fixup: 0.1 ms]
   [Code Root Purge: 0.0 ms]
   [Clear CT: 1.0 ms]
   [Other: 10.4 ms]
      [Choose CSet: 0.0 ms]
      [Ref Proc: 9.0 ms]
      [Ref Enq: 0.0 ms]
      [Redirty Cards: 0.8 ms]
      [Humongous Register: 0.1 ms]
      [Humongous Reclaim: 0.0 ms]
      [Free CSet: 0.2 ms]
   [Eden: 45056.0K(45056.0K)->0.0B(45056.0K) Survivors: 7168.0K->7168.0K Heap: 54686.5K(1024.0M)->15468.5K(1024.0M)]
 [Times: user=0.13 sys=0.04, real=0.03 secs] 
2022-11-23T15:41:30.577+0100: 4.541: [GC pause (G1 Evacuation Pause) (young), 0.0186986 secs]
   [Parallel Time: 7.9 ms, GC Workers: 8]
      [GC Worker Start (ms): Min: 4541.8, Avg: 4542.2, Max: 4543.1, Diff: 1.4]
      [Ext Root Scanning (ms): Min: 0.0, Avg: 0.7, Max: 2.0, Diff: 2.0, Sum: 5.2]
      [Update RS (ms): Min: 0.0, Avg: 0.5, Max: 1.2, Diff: 1.2, Sum: 3.9]
         [Processed Buffers: Min: 0, Avg: 1.9, Max: 6, Diff: 6, Sum: 15]
      [Scan RS (ms): Min: 0.0, Avg: 0.2, Max: 0.4, Diff: 0.3, Sum: 1.3]
      [Code Root Scanning (ms): Min: 0.0, Avg: 0.2, Max: 0.8, Diff: 0.8, Sum: 1.9]
      [Object Copy (ms): Min: 3.7, Avg: 4.0, Max: 4.6, Diff: 0.9, Sum: 32.1]
      [Termination (ms): Min: 0.0, Avg: 1.0, Max: 1.3, Diff: 1.3, Sum: 7.9]
         [Termination Attempts: Min: 1, Avg: 12.4, Max: 19, Diff: 18, Sum: 99]
      [GC Worker Other (ms): Min: 0.0, Avg: 0.0, Max: 0.0, Diff: 0.0, Sum: 0.1]
      [GC Worker Total (ms): Min: 5.6, Avg: 6.5, Max: 7.1, Diff: 1.4, Sum: 52.4]
      [GC Worker End (ms): Min: 4548.7, Avg: 4548.8, Max: 4548.9, Diff: 0.1]
   [Code Root Fixup: 0.0 ms]
   [Code Root Purge: 0.0 ms]
   [Clear CT: 1.3 ms]
   [Other: 9.5 ms]
      [Choose CSet: 0.0 ms]
      [Ref Proc: 7.8 ms]
      [Ref Enq: 0.0 ms]
      [Redirty Cards: 1.2 ms]
      [Humongous Register: 0.1 ms]
      [Humongous Reclaim: 0.0 ms]
      [Free CSet: 0.1 ms]
   [Eden: 45056.0K(45056.0K)->0.0B(45056.0K) Survivors: 7168.0K->7168.0K Heap: 187.1M(1024.0M)->148.5M(1024.0M)]
 [Times: user=0.07 sys=0.01, real=0.02 secs] 
2022-11-23T15:41:31.069+0100: 5.033: [GC pause (Metadata GC Threshold) (young) (initial-mark), 0.0227120 secs]
   [Parallel Time: 15.6 ms, GC Workers: 8]
      [GC Worker Start (ms): Min: 5034.0, Avg: 5034.5, Max: 5035.6, Diff: 1.6]
      [Ext Root Scanning (ms): Min: 1.8, Avg: 4.2, Max: 11.3, Diff: 9.5, Sum: 33.7]
      [Update RS (ms): Min: 0.0, Avg: 0.3, Max: 0.6, Diff: 0.6, Sum: 2.3]
         [Processed Buffers: Min: 0, Avg: 1.8, Max: 4, Diff: 4, Sum: 14]
      [Scan RS (ms): Min: 0.0, Avg: 0.1, Max: 0.1, Diff: 0.1, Sum: 0.5]
      [Code Root Scanning (ms): Min: 0.0, Avg: 0.3, Max: 0.7, Diff: 0.7, Sum: 2.2]
      [Object Copy (ms): Min: 1.9, Avg: 8.1, Max: 10.2, Diff: 8.2, Sum: 65.1]
      [Termination (ms): Min: 0.0, Avg: 1.3, Max: 1.5, Diff: 1.5, Sum: 10.0]
         [Termination Attempts: Min: 1, Avg: 3.0, Max: 6, Diff: 5, Sum: 24]
      [GC Worker Other (ms): Min: 0.0, Avg: 0.0, Max: 0.0, Diff: 0.0, Sum: 0.1]
      [GC Worker Total (ms): Min: 13.1, Avg: 14.3, Max: 14.7, Diff: 1.6, Sum: 114.0]
      [GC Worker End (ms): Min: 5048.7, Avg: 5048.7, Max: 5048.8, Diff: 0.1]
   [Code Root Fixup: 0.0 ms]
   [Code Root Purge: 0.0 ms]
   [Clear CT: 1.3 ms]
   [Other: 5.7 ms]
      [Choose CSet: 0.0 ms]
      [Ref Proc: 3.6 ms]
      [Ref Enq: 0.0 ms]
      [Redirty Cards: 1.5 ms]
      [Humongous Register: 0.0 ms]
      [Humongous Reclaim: 0.0 ms]
      [Free CSet: 0.1 ms]
   [Eden: 20480.0K(45056.0K)->0.0B(45056.0K) Survivors: 7168.0K->7168.0K Heap: 168.3M(1024.0M)->153.5M(1024.0M)]
 [Times: user=0.12 sys=0.03, real=0.03 secs] 
2022-11-23T15:41:31.092+0100: 5.057: [GC concurrent-root-region-scan-start]
2022-11-23T15:41:31.101+0100: 5.065: [GC concurrent-root-region-scan-end, 0.0085143 secs]
2022-11-23T15:41:31.101+0100: 5.065: [GC concurrent-mark-start]
2022-11-23T15:41:31.113+0100: 5.078: [GC concurrent-mark-end, 0.0127285 secs]
2022-11-23T15:41:31.114+0100: 5.078: [GC remark 2022-11-23T15:41:31.114+0100: 5.078: [Finalize Marking, 0.0059181 secs] 2022-11-23T15:41:31.120+0100: 5.084: [GC ref-proc, 0.0011581 secs] 2022-11-23T15:41:31.121+0100: 5.086: [Unloading, 0.0075435 secs], 0.0185470 secs]
 [Times: user=0.08 sys=0.01, real=0.02 secs] 
2022-11-23T15:41:31.133+0100: 5.098: [GC cleanup 154M->146M(1024M), 0.0056412 secs]
 [Times: user=0.01 sys=0.00, real=0.00 secs] 
2022-11-23T15:41:31.139+0100: 5.104: [GC concurrent-cleanup-start]
2022-11-23T15:41:31.139+0100: 5.104: [GC concurrent-cleanup-end, 0.0000450 secs]
2022-11-23T15:41:31.960+0100: 5.925: [GC pause (G1 Evacuation Pause) (young), 0.0238731 secs]
   [Parallel Time: 15.9 ms, GC Workers: 8]
      [GC Worker Start (ms): Min: 5925.1, Avg: 5926.4, Max: 5933.6, Diff: 8.4]
      [Ext Root Scanning (ms): Min: 0.0, Avg: 3.5, Max: 8.0, Diff: 7.9, Sum: 27.9]
      [Update RS (ms): Min: 0.0, Avg: 0.8, Max: 1.7, Diff: 1.7, Sum: 6.3]
         [Processed Buffers: Min: 0, Avg: 3.6, Max: 15, Diff: 15, Sum: 29]
      [Scan RS (ms): Min: 0.0, Avg: 0.2, Max: 0.6, Diff: 0.6, Sum: 1.7]
      [Code Root Scanning (ms): Min: 0.0, Avg: 0.1, Max: 0.2, Diff: 0.2, Sum: 0.6]
      [Object Copy (ms): Min: 4.8, Avg: 7.8, Max: 9.2, Diff: 4.4, Sum: 62.2]
      [Termination (ms): Min: 0.0, Avg: 1.8, Max: 2.1, Diff: 2.1, Sum: 14.2]
         [Termination Attempts: Min: 1, Avg: 15.8, Max: 29, Diff: 28, Sum: 126]
      [GC Worker Other (ms): Min: 0.0, Avg: 0.0, Max: 0.1, Diff: 0.1, Sum: 0.2]
      [GC Worker Total (ms): Min: 7.0, Avg: 14.1, Max: 15.4, Diff: 8.4, Sum: 113.1]
      [GC Worker End (ms): Min: 5940.5, Avg: 5940.5, Max: 5940.6, Diff: 0.1]
   [Code Root Fixup: 0.0 ms]
   [Code Root Purge: 0.0 ms]
   [Clear CT: 1.0 ms]
   [Other: 7.0 ms]
      [Choose CSet: 0.0 ms]
      [Ref Proc: 5.4 ms]
      [Ref Enq: 0.0 ms]
      [Redirty Cards: 0.9 ms]
      [Humongous Register: 0.1 ms]
      [Humongous Reclaim: 0.0 ms]
      [Free CSet: 0.1 ms]
   [Eden: 45056.0K(45056.0K)->0.0B(45056.0K) Survivors: 7168.0K->7168.0K Heap: 189.5M(1024.0M)->151.0M(1024.0M)]
 [Times: user=0.17 sys=0.01, real=0.03 secs] 
2022-11-23T15:48:16.974+0100: 410.938: [GC pause (G1 Evacuation Pause) (young), 0.0402107 secs]
   [Parallel Time: 26.4 ms, GC Workers: 8]
      [GC Worker Start (ms): Min: 410940.0, Avg: 410940.8, Max: 410941.5, Diff: 1.5]
      [Ext Root Scanning (ms): Min: 0.6, Avg: 2.2, Max: 9.4, Diff: 8.8, Sum: 17.4]
      [Update RS (ms): Min: 0.0, Avg: 1.8, Max: 2.6, Diff: 2.6, Sum: 14.3]
         [Processed Buffers: Min: 0, Avg: 6.4, Max: 17, Diff: 17, Sum: 51]
      [Scan RS (ms): Min: 0.0, Avg: 0.7, Max: 1.3, Diff: 1.3, Sum: 5.6]
      [Code Root Scanning (ms): Min: 0.0, Avg: 1.4, Max: 3.6, Diff: 3.6, Sum: 11.0]
      [Object Copy (ms): Min: 10.8, Avg: 14.1, Max: 17.7, Diff: 6.9, Sum: 112.6]
      [Termination (ms): Min: 0.0, Avg: 3.7, Max: 4.5, Diff: 4.5, Sum: 29.3]
         [Termination Attempts: Min: 1, Avg: 1.1, Max: 2, Diff: 1, Sum: 9]
      [GC Worker Other (ms): Min: 0.0, Avg: 0.0, Max: 0.1, Diff: 0.1, Sum: 0.4]
      [GC Worker Total (ms): Min: 23.2, Avg: 23.8, Max: 24.6, Diff: 1.4, Sum: 190.6]
      [GC Worker End (ms): Min: 410964.6, Avg: 410964.6, Max: 410964.7, Diff: 0.2]
   [Code Root Fixup: 0.1 ms]
   [Code Root Purge: 0.1 ms]
   [Clear CT: 2.3 ms]
   [Other: 11.2 ms]
      [Choose CSet: 0.0 ms]
      [Ref Proc: 5.3 ms]
      [Ref Enq: 0.2 ms]
      [Redirty Cards: 3.2 ms]
      [Humongous Register: 0.8 ms]
      [Humongous Reclaim: 0.4 ms]
      [Free CSet: 0.3 ms]
   [Eden: 45056.0K(45056.0K)->0.0B(45056.0K) Survivors: 7168.0K->7168.0K Heap: 245.0M(1024.0M)->154.9M(1024.0M)]
 [Times: user=0.17 sys=0.05, real=0.04 secs] 
2022-11-23T16:05:08.940+0100: 1422.905: [GC pause (G1 Evacuation Pause) (young), 0.0279750 secs]
   [Parallel Time: 16.5 ms, GC Workers: 8]
      [GC Worker Start (ms): Min: 1422906.2, Avg: 1422907.3, Max: 1422911.2, Diff: 5.0]
      [Ext Root Scanning (ms): Min: 0.0, Avg: 1.3, Max: 4.8, Diff: 4.7, Sum: 10.1]
      [Update RS (ms): Min: 0.0, Avg: 2.1, Max: 3.0, Diff: 3.0, Sum: 16.6]
         [Processed Buffers: Min: 0, Avg: 6.2, Max: 15, Diff: 15, Sum: 50]
      [Scan RS (ms): Min: 0.1, Avg: 0.5, Max: 0.8, Diff: 0.7, Sum: 4.2]
      [Code Root Scanning (ms): Min: 0.0, Avg: 2.1, Max: 11.0, Diff: 11.0, Sum: 16.9]
      [Object Copy (ms): Min: 0.3, Avg: 7.8, Max: 9.8, Diff: 9.5, Sum: 62.3]
      [Termination (ms): Min: 0.0, Avg: 1.2, Max: 1.4, Diff: 1.4, Sum: 9.5]
         [Termination Attempts: Min: 1, Avg: 2.0, Max: 5, Diff: 4, Sum: 16]
      [GC Worker Other (ms): Min: 0.0, Avg: 0.0, Max: 0.0, Diff: 0.0, Sum: 0.2]
      [GC Worker Total (ms): Min: 11.1, Avg: 15.0, Max: 16.1, Diff: 5.0, Sum: 119.8]
      [GC Worker End (ms): Min: 1422922.3, Avg: 1422922.3, Max: 1422922.3, Diff: 0.0]
   [Code Root Fixup: 0.1 ms]
   [Code Root Purge: 0.1 ms]
   [Clear CT: 3.1 ms]
   [Other: 8.2 ms]
      [Choose CSet: 0.0 ms]
      [Ref Proc: 3.9 ms]
      [Ref Enq: 0.0 ms]
      [Redirty Cards: 2.9 ms]
      [Humongous Register: 0.6 ms]
      [Humongous Reclaim: 0.0 ms]
      [Free CSet: 0.2 ms]
   [Eden: 45056.0K(45056.0K)->0.0B(47104.0K) Survivors: 7168.0K->5120.0K Heap: 198.9M(1024.0M)->156.1M(1024.0M)]
 [Times: user=0.11 sys=0.02, real=0.03 secs] 
2022-11-23T16:20:30.795+0100: 2344.760: [GC pause (G1 Evacuation Pause) (young), 0.1028185 secs]
   [Parallel Time: 57.9 ms, GC Workers: 8]
      [GC Worker Start (ms): Min: 2344760.4, Avg: 2344772.8, Max: 2344784.4, Diff: 24.0]
      [Ext Root Scanning (ms): Min: 0.0, Avg: 0.7, Max: 4.8, Diff: 4.7, Sum: 5.8]
      [Update RS (ms): Min: 0.0, Avg: 2.5, Max: 16.5, Diff: 16.5, Sum: 20.0]
         [Processed Buffers: Min: 0, Avg: 7.5, Max: 42, Diff: 42, Sum: 60]
      [Scan RS (ms): Min: 0.0, Avg: 0.1, Max: 0.2, Diff: 0.1, Sum: 0.6]
      [Code Root Scanning (ms): Min: 0.0, Avg: 4.4, Max: 13.4, Diff: 13.4, Sum: 34.8]
      [Object Copy (ms): Min: 2.3, Avg: 23.3, Max: 52.0, Diff: 49.7, Sum: 186.6]
      [Termination (ms): Min: 0.0, Avg: 14.0, Max: 19.7, Diff: 19.7, Sum: 112.2]
         [Termination Attempts: Min: 1, Avg: 3.9, Max: 11, Diff: 10, Sum: 31]
      [GC Worker Other (ms): Min: 0.0, Avg: 0.0, Max: 0.0, Diff: 0.0, Sum: 0.1]
      [GC Worker Total (ms): Min: 33.5, Avg: 45.0, Max: 57.4, Diff: 24.0, Sum: 360.3]
      [GC Worker End (ms): Min: 2344817.8, Avg: 2344817.8, Max: 2344817.9, Diff: 0.1]
   [Code Root Fixup: 0.1 ms]
   [Code Root Purge: 0.0 ms]
   [Clear CT: 0.5 ms]
   [Other: 44.2 ms]
      [Choose CSet: 0.0 ms]
      [Ref Proc: 42.6 ms]
      [Ref Enq: 0.0 ms]
      [Redirty Cards: 0.2 ms]
      [Humongous Register: 0.4 ms]
      [Humongous Reclaim: 0.1 ms]
      [Free CSet: 0.3 ms]
   [Eden: 47104.0K(47104.0K)->0.0B(47104.0K) Survivors: 5120.0K->5120.0K Heap: 202.1M(1024.0M)->155.8M(1024.0M)]
 [Times: user=0.16 sys=0.02, real=0.10 secs] 
2022-11-23T16:21:36.694+0100: 2410.658: [GC pause (G1 Evacuation Pause) (young), 0.0542553 secs]
   [Parallel Time: 32.9 ms, GC Workers: 8]
      [GC Worker Start (ms): Min: 2410658.8, Avg: 2410672.6, Max: 2410682.5, Diff: 23.7]
      [Ext Root Scanning (ms): Min: 0.0, Avg: 0.6, Max: 4.4, Diff: 4.4, Sum: 4.6]
      [Update RS (ms): Min: 0.0, Avg: 2.5, Max: 17.4, Diff: 17.4, Sum: 19.9]
         [Processed Buffers: Min: 0, Avg: 6.2, Max: 44, Diff: 44, Sum: 50]
      [Scan RS (ms): Min: 0.0, Avg: 0.4, Max: 2.8, Diff: 2.8, Sum: 3.2]
      [Code Root Scanning (ms): Min: 0.0, Avg: 0.4, Max: 2.8, Diff: 2.8, Sum: 2.9]
      [Object Copy (ms): Min: 0.0, Avg: 5.5, Max: 13.2, Diff: 13.2, Sum: 44.4]
      [Termination (ms): Min: 0.0, Avg: 5.2, Max: 6.5, Diff: 6.4, Sum: 41.9]
         [Termination Attempts: Min: 1, Avg: 8.0, Max: 13, Diff: 12, Sum: 64]
      [GC Worker Other (ms): Min: 0.0, Avg: 0.0, Max: 0.0, Diff: 0.0, Sum: 0.1]
      [GC Worker Total (ms): Min: 4.7, Avg: 14.6, Max: 28.4, Diff: 23.7, Sum: 117.0]
      [GC Worker End (ms): Min: 2410687.2, Avg: 2410687.3, Max: 2410687.5, Diff: 0.3]
   [Code Root Fixup: 0.1 ms]
   [Code Root Purge: 0.0 ms]
   [Clear CT: 1.5 ms]
   [Other: 19.7 ms]
      [Choose CSet: 0.0 ms]
      [Ref Proc: 16.6 ms]
      [Ref Enq: 0.0 ms]
      [Redirty Cards: 2.3 ms]
      [Humongous Register: 0.2 ms]
      [Humongous Reclaim: 0.1 ms]
      [Free CSet: 0.1 ms]
   [Eden: 47104.0K(47104.0K)->0.0B(48128.0K) Survivors: 5120.0K->4096.0K Heap: 201.8M(1024.0M)->155.1M(1024.0M)]
 [Times: user=0.16 sys=0.00, real=0.05 secs] 
2022-11-23T16:22:20.095+0100: 2454.059: [GC pause (G1 Evacuation Pause) (young), 0.0331871 secs]
   [Parallel Time: 20.6 ms, GC Workers: 8]
      [GC Worker Start (ms): Min: 2454065.5, Avg: 2454074.3, Max: 2454079.8, Diff: 14.3]
      [Ext Root Scanning (ms): Min: 0.0, Avg: 0.5, Max: 1.6, Diff: 1.6, Sum: 3.9]
      [Update RS (ms): Min: 0.0, Avg: 0.7, Max: 2.0, Diff: 2.0, Sum: 5.8]
         [Processed Buffers: Min: 0, Avg: 4.8, Max: 32, Diff: 32, Sum: 38]
      [Scan RS (ms): Min: 0.0, Avg: 0.0, Max: 0.1, Diff: 0.1, Sum: 0.2]
      [Code Root Scanning (ms): Min: 0.0, Avg: 0.3, Max: 2.3, Diff: 2.3, Sum: 2.4]
      [Object Copy (ms): Min: 0.0, Avg: 3.5, Max: 10.3, Diff: 10.3, Sum: 28.2]
      [Termination (ms): Min: 0.0, Avg: 0.5, Max: 1.0, Diff: 1.0, Sum: 3.8]
         [Termination Attempts: Min: 1, Avg: 1.6, Max: 4, Diff: 3, Sum: 13]
      [GC Worker Other (ms): Min: 0.0, Avg: 0.0, Max: 0.0, Diff: 0.0, Sum: 0.1]
      [GC Worker Total (ms): Min: 0.0, Avg: 5.6, Max: 14.5, Diff: 14.5, Sum: 44.4]
      [GC Worker End (ms): Min: 2454079.8, Avg: 2454079.9, Max: 2454080.0, Diff: 0.2]
   [Code Root Fixup: 0.1 ms]
   [Code Root Purge: 0.0 ms]
   [Clear CT: 1.0 ms]
   [Other: 11.4 ms]
      [Choose CSet: 0.0 ms]
      [Ref Proc: 9.3 ms]
      [Ref Enq: 0.0 ms]
      [Redirty Cards: 1.2 ms]
      [Humongous Register: 0.2 ms]
      [Humongous Reclaim: 0.1 ms]
      [Free CSet: 0.1 ms]
   [Eden: 48128.0K(48128.0K)->0.0B(48128.0K) Survivors: 4096.0K->4096.0K Heap: 202.1M(1024.0M)->155.4M(1024.0M)]
 [Times: user=0.08 sys=0.00, real=0.03 secs] 
2022-11-23T16:22:51.962+0100: 2485.927: [GC pause (G1 Evacuation Pause) (young), 0.0405475 secs]
   [Parallel Time: 30.9 ms, GC Workers: 8]
      [GC Worker Start (ms): Min: 2485927.3, Avg: 2485934.6, Max: 2485941.5, Diff: 14.2]
      [Ext Root Scanning (ms): Min: 0.0, Avg: 0.7, Max: 2.1, Diff: 2.1, Sum: 5.7]
      [Update RS (ms): Min: 0.0, Avg: 1.0, Max: 2.7, Diff: 2.7, Sum: 7.8]
         [Processed Buffers: Min: 0, Avg: 3.8, Max: 24, Diff: 24, Sum: 30]
      [Scan RS (ms): Min: 0.0, Avg: 0.0, Max: 0.0, Diff: 0.0, Sum: 0.1]
      [Code Root Scanning (ms): Min: 0.0, Avg: 0.3, Max: 2.3, Diff: 2.3, Sum: 2.3]
      [Object Copy (ms): Min: 0.0, Avg: 6.5, Max: 23.2, Diff: 23.2, Sum: 51.8]
      [Termination (ms): Min: 0.0, Avg: 14.4, Max: 16.8, Diff: 16.8, Sum: 114.9]
         [Termination Attempts: Min: 1, Avg: 6.0, Max: 17, Diff: 16, Sum: 48]
      [GC Worker Other (ms): Min: 0.0, Avg: 0.0, Max: 0.0, Diff: 0.0, Sum: 0.1]
      [GC Worker Total (ms): Min: 15.9, Avg: 22.8, Max: 30.1, Diff: 14.2, Sum: 182.5]
      [GC Worker End (ms): Min: 2485957.4, Avg: 2485957.4, Max: 2485957.5, Diff: 0.1]
   [Code Root Fixup: 0.1 ms]
   [Code Root Purge: 0.0 ms]
   [Clear CT: 0.9 ms]
   [Other: 8.7 ms]
      [Choose CSet: 0.0 ms]
      [Ref Proc: 7.1 ms]
      [Ref Enq: 0.0 ms]
      [Redirty Cards: 1.0 ms]
      [Humongous Register: 0.1 ms]
      [Humongous Reclaim: 0.0 ms]
      [Free CSet: 0.1 ms]
   [Eden: 48128.0K(48128.0K)->0.0B(48128.0K) Survivors: 4096.0K->4096.0K Heap: 202.4M(1024.0M)->155.4M(1024.0M)]
 [Times: user=0.14 sys=0.00, real=0.04 secs] 
2022-11-23T16:23:27.207+0100: 2521.171: [GC pause (G1 Evacuation Pause) (young), 0.0496357 secs]
   [Parallel Time: 32.3 ms, GC Workers: 8]
      [GC Worker Start (ms): Min: 2521171.8, Avg: 2521173.6, Max: 2521176.5, Diff: 4.8]
      [Ext Root Scanning (ms): Min: 0.0, Avg: 0.6, Max: 1.6, Diff: 1.6, Sum: 4.6]
      [Update RS (ms): Min: 0.0, Avg: 0.8, Max: 1.7, Diff: 1.7, Sum: 6.5]
         [Processed Buffers: Min: 0, Avg: 3.5, Max: 21, Diff: 21, Sum: 28]
      [Scan RS (ms): Min: 0.0, Avg: 0.0, Max: 0.0, Diff: 0.0, Sum: 0.1]
      [Code Root Scanning (ms): Min: 0.0, Avg: 0.3, Max: 2.6, Diff: 2.6, Sum: 2.6]
      [Object Copy (ms): Min: 2.7, Avg: 6.1, Max: 10.6, Diff: 7.9, Sum: 48.4]
      [Termination (ms): Min: 0.0, Avg: 4.6, Max: 6.3, Diff: 6.3, Sum: 36.8]
         [Termination Attempts: Min: 1, Avg: 1.0, Max: 1, Diff: 0, Sum: 8]
      [GC Worker Other (ms): Min: 0.0, Avg: 0.0, Max: 0.0, Diff: 0.0, Sum: 0.1]
      [GC Worker Total (ms): Min: 8.6, Avg: 12.4, Max: 19.4, Diff: 10.7, Sum: 99.2]
      [GC Worker End (ms): Min: 2521185.2, Avg: 2521186.0, Max: 2521191.3, Diff: 6.1]
   [Code Root Fixup: 0.1 ms]
   [Code Root Purge: 0.0 ms]
   [Clear CT: 0.9 ms]
   [Other: 16.3 ms]
      [Choose CSet: 0.0 ms]
      [Ref Proc: 14.6 ms]
      [Ref Enq: 0.0 ms]
      [Redirty Cards: 1.0 ms]
      [Humongous Register: 0.1 ms]
      [Humongous Reclaim: 0.1 ms]
      [Free CSet: 0.1 ms]
   [Eden: 48128.0K(48128.0K)->0.0B(47104.0K) Survivors: 4096.0K->5120.0K Heap: 202.4M(1024.0M)->155.9M(1024.0M)]
 [Times: user=0.11 sys=0.00, real=0.05 secs] 
2022-11-23T16:24:12.052+0100: 2566.017: [GC pause (G1 Evacuation Pause) (young), 0.0740200 secs]
   [Parallel Time: 20.1 ms, GC Workers: 8]
      [GC Worker Start (ms): Min: 2566017.0, Avg: 2566021.3, Max: 2566029.9, Diff: 12.9]
      [Ext Root Scanning (ms): Min: 0.0, Avg: 0.6, Max: 2.3, Diff: 2.3, Sum: 4.6]
      [Update RS (ms): Min: 0.0, Avg: 0.8, Max: 1.5, Diff: 1.5, Sum: 6.4]
         [Processed Buffers: Min: 0, Avg: 4.4, Max: 18, Diff: 18, Sum: 35]
      [Scan RS (ms): Min: 0.0, Avg: 0.0, Max: 0.2, Diff: 0.2, Sum: 0.3]
      [Code Root Scanning (ms): Min: 0.0, Avg: 0.3, Max: 1.6, Diff: 1.6, Sum: 2.5]
      [Object Copy (ms): Min: 0.0, Avg: 5.2, Max: 9.7, Diff: 9.7, Sum: 41.9]
      [Termination (ms): Min: 0.0, Avg: 2.6, Max: 8.1, Diff: 8.1, Sum: 20.9]
         [Termination Attempts: Min: 1, Avg: 1.4, Max: 4, Diff: 3, Sum: 11]
      [GC Worker Other (ms): Min: 0.0, Avg: 0.0, Max: 0.0, Diff: 0.0, Sum: 0.1]
      [GC Worker Total (ms): Min: 0.4, Avg: 9.6, Max: 16.2, Diff: 15.9, Sum: 76.7]
      [GC Worker End (ms): Min: 2566030.2, Avg: 2566030.9, Max: 2566035.4, Diff: 5.2]
   [Code Root Fixup: 0.3 ms]
   [Code Root Purge: 0.0 ms]
   [Clear CT: 1.0 ms]
   [Other: 52.7 ms]
      [Choose CSet: 0.0 ms]
      [Ref Proc: 51.5 ms]
      [Ref Enq: 0.0 ms]
      [Redirty Cards: 0.4 ms]
      [Humongous Register: 0.1 ms]
      [Humongous Reclaim: 0.1 ms]
      [Free CSet: 0.1 ms]
   [Eden: 47104.0K(47104.0K)->0.0B(48128.0K) Survivors: 5120.0K->4096.0K Heap: 201.9M(1024.0M)->155.5M(1024.0M)]
 [Times: user=0.10 sys=0.02, real=0.07 secs] 
2022-11-23T16:24:56.916+0100: 2610.881: [GC pause (G1 Evacuation Pause) (young), 0.0570628 secs]
   [Parallel Time: 46.8 ms, GC Workers: 8]
      [GC Worker Start (ms): Min: 2610881.2, Avg: 2610882.4, Max: 2610885.4, Diff: 4.2]
      [Ext Root Scanning (ms): Min: 0.0, Avg: 5.9, Max: 42.4, Diff: 42.4, Sum: 47.3]
      [Update RS (ms): Min: 0.0, Avg: 0.9, Max: 2.6, Diff: 2.6, Sum: 7.1]
         [Processed Buffers: Min: 0, Avg: 3.9, Max: 14, Diff: 14, Sum: 31]
      [Scan RS (ms): Min: 0.0, Avg: 0.0, Max: 0.0, Diff: 0.0, Sum: 0.1]
      [Code Root Scanning (ms): Min: 0.0, Avg: 0.4, Max: 2.3, Diff: 2.3, Sum: 3.3]
      [Object Copy (ms): Min: 3.2, Avg: 37.4, Max: 44.9, Diff: 41.7, Sum: 299.3]
      [Termination (ms): Min: 0.0, Avg: 0.3, Max: 0.4, Diff: 0.4, Sum: 2.3]
         [Termination Attempts: Min: 1, Avg: 1.5, Max: 2, Diff: 1, Sum: 12]
      [GC Worker Other (ms): Min: 0.0, Avg: 0.0, Max: 0.0, Diff: 0.0, Sum: 0.1]
      [GC Worker Total (ms): Min: 41.9, Avg: 44.9, Max: 46.2, Diff: 4.2, Sum: 359.5]
      [GC Worker End (ms): Min: 2610927.4, Avg: 2610927.4, Max: 2610927.4, Diff: 0.1]
   [Code Root Fixup: 0.1 ms]
   [Code Root Purge: 0.0 ms]
   [Clear CT: 1.7 ms]
   [Other: 8.5 ms]
      [Choose CSet: 0.0 ms]
      [Ref Proc: 6.5 ms]
      [Ref Enq: 0.0 ms]
      [Redirty Cards: 1.0 ms]
      [Humongous Register: 0.4 ms]
      [Humongous Reclaim: 0.1 ms]
      [Free CSet: 0.1 ms]
   [Eden: 48128.0K(48128.0K)->0.0B(47104.0K) Survivors: 4096.0K->5120.0K Heap: 202.5M(1024.0M)->156.2M(1024.0M)]
 [Times: user=0.12 sys=0.04, real=0.06 secs] 
2022-11-23T16:25:26.627+0100: 2640.591: [GC pause (G1 Evacuation Pause) (young), 0.0820744 secs]
   [Parallel Time: 66.1 ms, GC Workers: 8]
      [GC Worker Start (ms): Min: 2640591.7, Avg: 2640593.8, Max: 2640606.8, Diff: 15.1]
      [Ext Root Scanning (ms): Min: 0.0, Avg: 0.6, Max: 1.5, Diff: 1.5, Sum: 4.6]
      [Update RS (ms): Min: 0.0, Avg: 0.8, Max: 1.6, Diff: 1.6, Sum: 6.0]
         [Processed Buffers: Min: 0, Avg: 4.1, Max: 14, Diff: 14, Sum: 33]
      [Scan RS (ms): Min: 0.0, Avg: 0.0, Max: 0.0, Diff: 0.0, Sum: 0.1]
      [Code Root Scanning (ms): Min: 0.0, Avg: 0.2, Max: 2.0, Diff: 2.0, Sum: 2.0]
      [Object Copy (ms): Min: 37.1, Avg: 48.7, Max: 60.2, Diff: 23.0, Sum: 389.3]
      [Termination (ms): Min: 0.0, Avg: 12.3, Max: 15.0, Diff: 15.0, Sum: 98.3]
         [Termination Attempts: Min: 1, Avg: 1.0, Max: 1, Diff: 0, Sum: 8]
      [GC Worker Other (ms): Min: 0.0, Avg: 0.0, Max: 0.0, Diff: 0.0, Sum: 0.2]
      [GC Worker Total (ms): Min: 49.9, Avg: 62.6, Max: 64.8, Diff: 14.9, Sum: 500.5]
      [GC Worker End (ms): Min: 2640656.0, Avg: 2640656.3, Max: 2640656.8, Diff: 0.8]
   [Code Root Fixup: 0.1 ms]
   [Code Root Purge: 0.0 ms]
   [Clear CT: 1.8 ms]
   [Other: 14.0 ms]
      [Choose CSet: 0.0 ms]
      [Ref Proc: 11.6 ms]
      [Ref Enq: 0.0 ms]
      [Redirty Cards: 1.8 ms]
      [Humongous Register: 0.0 ms]
      [Humongous Reclaim: 0.0 ms]
      [Free CSet: 0.1 ms]
   [Eden: 47104.0K(47104.0K)->0.0B(48128.0K) Survivors: 5120.0K->4096.0K Heap: 202.2M(1024.0M)->155.5M(1024.0M)]
 [Times: user=0.23 sys=0.03, real=0.08 secs] 
2022-11-23T16:25:50.044+0100: 2664.009: [GC pause (G1 Evacuation Pause) (young), 0.0092097 secs]
   [Parallel Time: 5.9 ms, GC Workers: 8]
      [GC Worker Start (ms): Min: 2664009.1, Avg: 2664010.0, Max: 2664014.8, Diff: 5.7]
      [Ext Root Scanning (ms): Min: 0.0, Avg: 0.8, Max: 1.6, Diff: 1.6, Sum: 6.3]
      [Update RS (ms): Min: 0.0, Avg: 0.8, Max: 1.0, Diff: 1.0, Sum: 6.2]
         [Processed Buffers: Min: 0, Avg: 3.8, Max: 11, Diff: 11, Sum: 30]
      [Scan RS (ms): Min: 0.0, Avg: 0.0, Max: 0.0, Diff: 0.0, Sum: 0.1]
      [Code Root Scanning (ms): Min: 0.0, Avg: 0.3, Max: 2.4, Diff: 2.4, Sum: 2.5]
      [Object Copy (ms): Min: 0.0, Avg: 2.7, Max: 3.7, Diff: 3.7, Sum: 21.7]
      [Termination (ms): Min: 0.0, Avg: 0.2, Max: 0.3, Diff: 0.3, Sum: 1.9]
         [Termination Attempts: Min: 1, Avg: 1.8, Max: 4, Diff: 3, Sum: 14]
      [GC Worker Other (ms): Min: 0.0, Avg: 0.0, Max: 0.0, Diff: 0.0, Sum: 0.1]
      [GC Worker Total (ms): Min: 0.0, Avg: 4.8, Max: 5.8, Diff: 5.7, Sum: 38.7]
      [GC Worker End (ms): Min: 2664014.8, Avg: 2664014.8, Max: 2664014.8, Diff: 0.0]
   [Code Root Fixup: 0.1 ms]
   [Code Root Purge: 0.0 ms]
   [Clear CT: 0.9 ms]
   [Other: 2.4 ms]
      [Choose CSet: 0.0 ms]
      [Ref Proc: 1.1 ms]
      [Ref Enq: 0.0 ms]
      [Redirty Cards: 0.8 ms]
      [Humongous Register: 0.0 ms]
      [Humongous Reclaim: 0.0 ms]
      [Free CSet: 0.1 ms]
   [Eden: 48128.0K(48128.0K)->0.0B(47104.0K) Survivors: 4096.0K->5120.0K Heap: 202.5M(1024.0M)->155.9M(1024.0M)]
 [Times: user=0.04 sys=0.01, real=0.01 secs] 
2022-11-23T16:26:15.488+0100: 2689.452: [GC pause (G1 Evacuation Pause) (young), 0.0491975 secs]
   [Parallel Time: 24.3 ms, GC Workers: 8]
      [GC Worker Start (ms): Min: 2689452.7, Avg: 2689466.4, Max: 2689473.4, Diff: 20.7]
      [Ext Root Scanning (ms): Min: 0.0, Avg: 0.7, Max: 3.2, Diff: 3.2, Sum: 6.0]
      [Update RS (ms): Min: 0.0, Avg: 1.0, Max: 4.2, Diff: 4.2, Sum: 8.3]
         [Processed Buffers: Min: 0, Avg: 4.5, Max: 31, Diff: 31, Sum: 36]
      [Scan RS (ms): Min: 0.0, Avg: 0.2, Max: 1.5, Diff: 1.5, Sum: 1.6]
      [Code Root Scanning (ms): Min: 0.0, Avg: 0.5, Max: 2.6, Diff: 2.6, Sum: 3.8]
      [Object Copy (ms): Min: 0.0, Avg: 3.9, Max: 9.8, Diff: 9.8, Sum: 31.0]
      [Termination (ms): Min: 0.0, Avg: 0.7, Max: 2.5, Diff: 2.5, Sum: 6.0]
         [Termination Attempts: Min: 1, Avg: 4.9, Max: 19, Diff: 18, Sum: 39]
      [GC Worker Other (ms): Min: 0.0, Avg: 0.0, Max: 0.0, Diff: 0.0, Sum: 0.1]
      [GC Worker Total (ms): Min: 0.0, Avg: 7.1, Max: 21.9, Diff: 21.9, Sum: 56.7]
      [GC Worker End (ms): Min: 2689473.4, Avg: 2689473.5, Max: 2689474.6, Diff: 1.2]
   [Code Root Fixup: 0.1 ms]
   [Code Root Purge: 0.0 ms]
   [Clear CT: 3.9 ms]
   [Other: 20.8 ms]
      [Choose CSet: 0.0 ms]
      [Ref Proc: 17.6 ms]
      [Ref Enq: 0.0 ms]
      [Redirty Cards: 2.3 ms]
      [Humongous Register: 0.2 ms]
      [Humongous Reclaim: 0.1 ms]
      [Free CSet: 0.1 ms]
   [Eden: 47104.0K(47104.0K)->0.0B(48128.0K) Survivors: 5120.0K->4096.0K Heap: 201.9M(1024.0M)->155.5M(1024.0M)]
 [Times: user=0.07 sys=0.03, real=0.05 secs] 
2022-11-23T16:26:40.123+0100: 2714.088: [GC pause (G1 Evacuation Pause) (young), 0.0384041 secs]
   [Parallel Time: 17.1 ms, GC Workers: 8]
      [GC Worker Start (ms): Min: 2714088.0, Avg: 2714090.8, Max: 2714094.9, Diff: 6.9]
      [Ext Root Scanning (ms): Min: 0.0, Avg: 0.6, Max: 1.7, Diff: 1.7, Sum: 4.5]
      [Update RS (ms): Min: 0.0, Avg: 0.9, Max: 1.8, Diff: 1.8, Sum: 6.9]
         [Processed Buffers: Min: 0, Avg: 3.8, Max: 16, Diff: 16, Sum: 30]
      [Scan RS (ms): Min: 0.0, Avg: 0.0, Max: 0.0, Diff: 0.0, Sum: 0.1]
      [Code Root Scanning (ms): Min: 0.0, Avg: 0.3, Max: 2.3, Diff: 2.3, Sum: 2.4]
      [Object Copy (ms): Min: 3.7, Avg: 7.6, Max: 11.7, Diff: 8.0, Sum: 60.8]
      [Termination (ms): Min: 0.0, Avg: 4.6, Max: 6.2, Diff: 6.2, Sum: 37.1]
         [Termination Attempts: Min: 1, Avg: 1.4, Max: 3, Diff: 2, Sum: 11]
      [GC Worker Other (ms): Min: 0.0, Avg: 0.0, Max: 0.0, Diff: 0.0, Sum: 0.1]
      [GC Worker Total (ms): Min: 9.9, Avg: 14.0, Max: 16.8, Diff: 6.9, Sum: 111.8]
      [GC Worker End (ms): Min: 2714104.8, Avg: 2714104.8, Max: 2714104.9, Diff: 0.1]
   [Code Root Fixup: 0.1 ms]
   [Code Root Purge: 0.0 ms]
   [Clear CT: 0.9 ms]
   [Other: 20.3 ms]
      [Choose CSet: 0.0 ms]
      [Ref Proc: 11.1 ms]
      [Ref Enq: 0.0 ms]
      [Redirty Cards: 8.7 ms]
      [Humongous Register: 0.1 ms]
      [Humongous Reclaim: 0.0 ms]
      [Free CSet: 0.1 ms]
   [Eden: 48128.0K(48128.0K)->0.0B(47104.0K) Survivors: 4096.0K->5120.0K Heap: 202.5M(1024.0M)->156.2M(1024.0M)]
 [Times: user=0.09 sys=0.02, real=0.04 secs] 
2022-11-23T16:27:05.125+0100: 2739.090: [GC pause (G1 Evacuation Pause) (young), 0.0371126 secs]
   [Parallel Time: 16.0 ms, GC Workers: 8]
      [GC Worker Start (ms): Min: 2739090.8, Avg: 2739097.1, Max: 2739103.0, Diff: 12.2]
      [Ext Root Scanning (ms): Min: 0.0, Avg: 0.6, Max: 2.5, Diff: 2.4, Sum: 4.5]
      [Update RS (ms): Min: 0.0, Avg: 1.3, Max: 3.5, Diff: 3.5, Sum: 10.3]
         [Processed Buffers: Min: 0, Avg: 3.8, Max: 17, Diff: 17, Sum: 30]
      [Scan RS (ms): Min: 0.0, Avg: 0.0, Max: 0.0, Diff: 0.0, Sum: 0.1]
      [Code Root Scanning (ms): Min: 0.0, Avg: 1.5, Max: 8.9, Diff: 8.9, Sum: 12.0]
      [Object Copy (ms): Min: 0.0, Avg: 2.3, Max: 5.7, Diff: 5.7, Sum: 18.1]
      [Termination (ms): Min: 0.0, Avg: 2.7, Max: 3.8, Diff: 3.8, Sum: 21.7]
         [Termination Attempts: Min: 1, Avg: 1.9, Max: 4, Diff: 3, Sum: 15]
      [GC Worker Other (ms): Min: 0.0, Avg: 0.0, Max: 0.1, Diff: 0.1, Sum: 0.2]
      [GC Worker Total (ms): Min: 2.4, Avg: 8.4, Max: 14.7, Diff: 12.3, Sum: 66.8]
      [GC Worker End (ms): Min: 2739105.4, Avg: 2739105.5, Max: 2739105.8, Diff: 0.4]
   [Code Root Fixup: 0.1 ms]
   [Code Root Purge: 0.0 ms]
   [Clear CT: 1.4 ms]
   [Other: 19.6 ms]
      [Choose CSet: 0.0 ms]
      [Ref Proc: 18.1 ms]
      [Ref Enq: 0.0 ms]
      [Redirty Cards: 0.8 ms]
      [Humongous Register: 0.1 ms]
      [Humongous Reclaim: 0.0 ms]
      [Free CSet: 0.1 ms]
   [Eden: 47104.0K(47104.0K)->0.0B(48128.0K) Survivors: 5120.0K->4096.0K Heap: 202.2M(1024.0M)->155.4M(1024.0M)]
 [Times: user=0.11 sys=0.01, real=0.04 secs] 
2022-11-23T16:27:29.960+0100: 2763.924: [GC pause (G1 Evacuation Pause) (young), 0.0108561 secs]
   [Parallel Time: 7.5 ms, GC Workers: 8]
      [GC Worker Start (ms): Min: 2763924.5, Avg: 2763926.2, Max: 2763930.8, Diff: 6.3]
      [Ext Root Scanning (ms): Min: 0.0, Avg: 0.6, Max: 1.7, Diff: 1.7, Sum: 4.5]
      [Update RS (ms): Min: 0.0, Avg: 0.9, Max: 1.7, Diff: 1.7, Sum: 6.9]
         [Processed Buffers: Min: 0, Avg: 3.4, Max: 17, Diff: 17, Sum: 27]
      [Scan RS (ms): Min: 0.0, Avg: 0.0, Max: 0.0, Diff: 0.0, Sum: 0.1]
      [Code Root Scanning (ms): Min: 0.0, Avg: 0.3, Max: 2.6, Diff: 2.6, Sum: 2.8]
      [Object Copy (ms): Min: 0.0, Avg: 2.6, Max: 4.1, Diff: 4.1, Sum: 20.6]
      [Termination (ms): Min: 0.0, Avg: 0.3, Max: 0.6, Diff: 0.6, Sum: 2.5]
         [Termination Attempts: Min: 1, Avg: 1.9, Max: 3, Diff: 2, Sum: 15]
      [GC Worker Other (ms): Min: 0.0, Avg: 0.0, Max: 0.1, Diff: 0.1, Sum: 0.2]
      [GC Worker Total (ms): Min: 0.0, Avg: 4.7, Max: 6.4, Diff: 6.4, Sum: 37.7]
      [GC Worker End (ms): Min: 2763930.8, Avg: 2763930.9, Max: 2763931.1, Diff: 0.3]
   [Code Root Fixup: 0.1 ms]
   [Code Root Purge: 0.0 ms]
   [Clear CT: 0.7 ms]
   [Other: 2.6 ms]
      [Choose CSet: 0.0 ms]
      [Ref Proc: 1.7 ms]
      [Ref Enq: 0.0 ms]
      [Redirty Cards: 0.2 ms]
      [Humongous Register: 0.1 ms]
      [Humongous Reclaim: 0.1 ms]
      [Free CSet: 0.1 ms]
   [Eden: 48128.0K(48128.0K)->0.0B(48128.0K) Survivors: 4096.0K->4096.0K Heap: 202.4M(1024.0M)->155.5M(1024.0M)]
 [Times: user=0.04 sys=0.00, real=0.01 secs] 
2022-11-23T16:27:52.117+0100: 2786.082: [GC pause (G1 Evacuation Pause) (young), 0.0608051 secs]
   [Parallel Time: 50.0 ms, GC Workers: 8]
      [GC Worker Start (ms): Min: 2786082.0, Avg: 2786108.6, Max: 2786121.9, Diff: 39.9]
      [Ext Root Scanning (ms): Min: 0.0, Avg: 0.8, Max: 6.1, Diff: 6.1, Sum: 6.3]
      [Update RS (ms): Min: 0.0, Avg: 3.6, Max: 27.3, Diff: 27.3, Sum: 28.6]
         [Processed Buffers: Min: 0, Avg: 3.6, Max: 21, Diff: 21, Sum: 29]
      [Scan RS (ms): Min: 0.0, Avg: 0.0, Max: 0.1, Diff: 0.1, Sum: 0.1]
      [Code Root Scanning (ms): Min: 0.0, Avg: 0.4, Max: 2.9, Diff: 2.9, Sum: 2.9]
      [Object Copy (ms): Min: 0.0, Avg: 9.6, Max: 26.4, Diff: 26.4, Sum: 76.5]
      [Termination (ms): Min: 0.0, Avg: 8.9, Max: 10.3, Diff: 10.3, Sum: 71.2]
         [Termination Attempts: Min: 1, Avg: 8.0, Max: 26, Diff: 25, Sum: 64]
      [GC Worker Other (ms): Min: 0.0, Avg: 0.0, Max: 0.0, Diff: 0.0, Sum: 0.1]
      [GC Worker Total (ms): Min: 9.9, Avg: 23.2, Max: 49.9, Diff: 39.9, Sum: 185.7]
      [GC Worker End (ms): Min: 2786131.8, Avg: 2786131.8, Max: 2786131.9, Diff: 0.0]
   [Code Root Fixup: 0.1 ms]
   [Code Root Purge: 0.0 ms]
   [Clear CT: 2.7 ms]
   [Other: 8.0 ms]
      [Choose CSet: 0.0 ms]
      [Ref Proc: 3.1 ms]
      [Ref Enq: 0.0 ms]
      [Redirty Cards: 4.0 ms]
      [Humongous Register: 0.1 ms]
      [Humongous Reclaim: 0.1 ms]
      [Free CSet: 0.1 ms]
   [Eden: 48128.0K(48128.0K)->0.0B(49152.0K) Survivors: 4096.0K->3072.0K Heap: 202.5M(1024.0M)->155.6M(1024.0M)]
 [Times: user=0.15 sys=0.00, real=0.06 secs] 
2022-11-23T16:28:12.725+0100: 2806.690: [GC pause (G1 Evacuation Pause) (young), 0.0769237 secs]
   [Parallel Time: 63.3 ms, GC Workers: 8]
      [GC Worker Start (ms): Min: 2806690.2, Avg: 2806708.1, Max: 2806732.0, Diff: 41.8]
      [Ext Root Scanning (ms): Min: 0.1, Avg: 29.5, Max: 55.6, Diff: 55.5, Sum: 236.1]
      [Update RS (ms): Min: 0.0, Avg: 1.6, Max: 7.5, Diff: 7.5, Sum: 12.7]
         [Processed Buffers: Min: 0, Avg: 4.9, Max: 32, Diff: 32, Sum: 39]
      [Scan RS (ms): Min: 0.0, Avg: 0.0, Max: 0.2, Diff: 0.2, Sum: 0.2]
      [Code Root Scanning (ms): Min: 0.0, Avg: 0.0, Max: 0.3, Diff: 0.3, Sum: 0.3]
      [Object Copy (ms): Min: 0.8, Avg: 8.2, Max: 30.1, Diff: 29.3, Sum: 65.2]
      [Termination (ms): Min: 0.0, Avg: 5.6, Max: 6.5, Diff: 6.5, Sum: 45.1]
         [Termination Attempts: Min: 1, Avg: 5.1, Max: 9, Diff: 8, Sum: 41]
      [GC Worker Other (ms): Min: 0.0, Avg: 0.0, Max: 0.0, Diff: 0.0, Sum: 0.1]
      [GC Worker Total (ms): Min: 21.0, Avg: 45.0, Max: 62.9, Diff: 41.9, Sum: 359.8]
      [GC Worker End (ms): Min: 2806753.0, Avg: 2806753.0, Max: 2806753.1, Diff: 0.1]
   [Code Root Fixup: 0.0 ms]
   [Code Root Purge: 0.1 ms]
   [Clear CT: 1.3 ms]
   [Other: 12.3 ms]
      [Choose CSet: 0.0 ms]
      [Ref Proc: 11.0 ms]
      [Ref Enq: 0.0 ms]
      [Redirty Cards: 0.6 ms]
      [Humongous Register: 0.1 ms]
      [Humongous Reclaim: 0.0 ms]
      [Free CSet: 0.1 ms]
   [Eden: 49152.0K(49152.0K)->0.0B(50176.0K) Survivors: 3072.0K->2048.0K Heap: 203.6M(1024.0M)->155.9M(1024.0M)]
 [Times: user=0.13 sys=0.03, real=0.08 secs] 
2022-11-23T16:28:34.804+0100: 2828.769: [GC pause (G1 Evacuation Pause) (young), 0.0457467 secs]
   [Parallel Time: 21.1 ms, GC Workers: 8]
      [GC Worker Start (ms): Min: 2828769.8, Avg: 2828784.7, Max: 2828790.0, Diff: 20.2]
      [Ext Root Scanning (ms): Min: 0.0, Avg: 0.5, Max: 3.6, Diff: 3.6, Sum: 3.7]
      [Update RS (ms): Min: 0.0, Avg: 1.9, Max: 12.0, Diff: 12.0, Sum: 15.4]
         [Processed Buffers: Min: 0, Avg: 4.2, Max: 33, Diff: 33, Sum: 34]
      [Scan RS (ms): Min: 0.0, Avg: 0.0, Max: 0.0, Diff: 0.0, Sum: 0.1]
      [Code Root Scanning (ms): Min: 0.0, Avg: 0.0, Max: 0.3, Diff: 0.3, Sum: 0.3]
      [Object Copy (ms): Min: 0.0, Avg: 2.2, Max: 10.7, Diff: 10.7, Sum: 17.6]
      [Termination (ms): Min: 0.0, Avg: 0.7, Max: 1.6, Diff: 1.6, Sum: 5.9]
         [Termination Attempts: Min: 1, Avg: 1.2, Max: 3, Diff: 2, Sum: 10]
      [GC Worker Other (ms): Min: 0.0, Avg: 0.0, Max: 0.0, Diff: 0.0, Sum: 0.1]
      [GC Worker Total (ms): Min: 0.0, Avg: 5.4, Max: 20.7, Diff: 20.7, Sum: 43.1]
      [GC Worker End (ms): Min: 2828790.0, Avg: 2828790.1, Max: 2828790.5, Diff: 0.5]
   [Code Root Fixup: 0.0 ms]
   [Code Root Purge: 0.0 ms]
   [Clear CT: 1.5 ms]
   [Other: 23.1 ms]
      [Choose CSet: 0.0 ms]
      [Ref Proc: 20.8 ms]
      [Ref Enq: 0.0 ms]
      [Redirty Cards: 1.2 ms]
      [Humongous Register: 0.3 ms]
      [Humongous Reclaim: 0.1 ms]
      [Free CSet: 0.0 ms]
   [Eden: 50176.0K(50176.0K)->0.0B(50176.0K) Survivors: 2048.0K->2048.0K Heap: 204.9M(1024.0M)->155.8M(1024.0M)]
 [Times: user=0.07 sys=0.00, real=0.04 secs] 
2022-11-23T16:28:54.922+0100: 2848.886: [GC pause (G1 Evacuation Pause) (young), 0.0318388 secs]
   [Parallel Time: 18.2 ms, GC Workers: 8]
      [GC Worker Start (ms): Min: 2848886.6, Avg: 2848895.7, Max: 2848899.2, Diff: 12.6]
      [Ext Root Scanning (ms): Min: 0.0, Avg: 0.5, Max: 3.6, Diff: 3.6, Sum: 3.7]
      [Update RS (ms): Min: 0.0, Avg: 1.7, Max: 13.4, Diff: 13.4, Sum: 13.5]
         [Processed Buffers: Min: 0, Avg: 3.9, Max: 28, Diff: 28, Sum: 31]
      [Scan RS (ms): Min: 0.0, Avg: 0.0, Max: 0.1, Diff: 0.1, Sum: 0.2]
      [Code Root Scanning (ms): Min: 0.0, Avg: 0.0, Max: 0.1, Diff: 0.1, Sum: 0.1]
      [Object Copy (ms): Min: 0.0, Avg: 1.6, Max: 3.1, Diff: 3.1, Sum: 12.8]
      [Termination (ms): Min: 0.0, Avg: 4.6, Max: 5.5, Diff: 5.5, Sum: 37.0]
         [Termination Attempts: Min: 1, Avg: 3.4, Max: 7, Diff: 6, Sum: 27]
      [GC Worker Other (ms): Min: 0.0, Avg: 0.0, Max: 0.0, Diff: 0.0, Sum: 0.1]
      [GC Worker Total (ms): Min: 4.9, Avg: 8.4, Max: 17.5, Diff: 12.6, Sum: 67.3]
      [GC Worker End (ms): Min: 2848904.1, Avg: 2848904.1, Max: 2848904.1, Diff: 0.1]
   [Code Root Fixup: 0.0 ms]
   [Code Root Purge: 0.0 ms]
   [Clear CT: 0.6 ms]
   [Other: 13.1 ms]
      [Choose CSet: 0.0 ms]
      [Ref Proc: 11.5 ms]
      [Ref Enq: 0.0 ms]
      [Redirty Cards: 0.8 ms]
      [Humongous Register: 0.2 ms]
      [Humongous Reclaim: 0.1 ms]
      [Free CSet: 0.0 ms]
   [Eden: 50176.0K(50176.0K)->0.0B(50176.0K) Survivors: 2048.0K->2048.0K Heap: 204.8M(1024.0M)->155.9M(1024.0M)]
 [Times: user=0.08 sys=0.00, real=0.03 secs] 
2022-11-23T16:29:15.087+0100: 2869.052: [GC pause (G1 Evacuation Pause) (young), 0.0328054 secs]
   [Parallel Time: 14.9 ms, GC Workers: 8]
      [GC Worker Start (ms): Min: 2869051.9, Avg: 2869056.3, Max: 2869059.5, Diff: 7.6]
      [Ext Root Scanning (ms): Min: 0.0, Avg: 0.5, Max: 1.8, Diff: 1.8, Sum: 3.6]
      [Update RS (ms): Min: 0.0, Avg: 0.4, Max: 1.7, Diff: 1.7, Sum: 3.5]
         [Processed Buffers: Min: 0, Avg: 4.2, Max: 22, Diff: 22, Sum: 34]
      [Scan RS (ms): Min: 0.0, Avg: 0.0, Max: 0.0, Diff: 0.0, Sum: 0.1]
      [Code Root Scanning (ms): Min: 0.0, Avg: 0.0, Max: 0.1, Diff: 0.1, Sum: 0.1]
      [Object Copy (ms): Min: 0.0, Avg: 2.2, Max: 4.7, Diff: 4.7, Sum: 17.6]
      [Termination (ms): Min: 0.0, Avg: 1.5, Max: 6.4, Diff: 6.4, Sum: 11.9]
         [Termination Attempts: Min: 1, Avg: 1.5, Max: 3, Diff: 2, Sum: 12]
      [GC Worker Other (ms): Min: 0.0, Avg: 0.0, Max: 0.0, Diff: 0.0, Sum: 0.1]
      [GC Worker Total (ms): Min: 0.7, Avg: 4.6, Max: 8.5, Diff: 7.8, Sum: 36.9]
      [GC Worker End (ms): Min: 2869060.2, Avg: 2869060.9, Max: 2869065.4, Diff: 5.2]
   [Code Root Fixup: 0.0 ms]
   [Code Root Purge: 0.0 ms]
   [Clear CT: 0.4 ms]
   [Other: 17.4 ms]
      [Choose CSet: 0.0 ms]
      [Ref Proc: 14.5 ms]
      [Ref Enq: 0.0 ms]
      [Redirty Cards: 2.3 ms]
      [Humongous Register: 0.1 ms]
      [Humongous Reclaim: 0.0 ms]
      [Free CSet: 0.0 ms]
   [Eden: 50176.0K(50176.0K)->0.0B(50176.0K) Survivors: 2048.0K->2048.0K Heap: 204.9M(1024.0M)->155.9M(1024.0M)]
 [Times: user=0.03 sys=0.00, real=0.03 secs] 
2022-11-23T16:29:35.355+0100: 2889.320: [GC pause (G1 Evacuation Pause) (young), 0.0277703 secs]
   [Parallel Time: 13.5 ms, GC Workers: 8]
      [GC Worker Start (ms): Min: 2889320.3, Avg: 2889325.3, Max: 2889327.9, Diff: 7.6]
      [Ext Root Scanning (ms): Min: 0.0, Avg: 0.5, Max: 1.8, Diff: 1.8, Sum: 3.6]
      [Update RS (ms): Min: 0.0, Avg: 0.4, Max: 1.5, Diff: 1.5, Sum: 2.9]
         [Processed Buffers: Min: 0, Avg: 4.0, Max: 21, Diff: 21, Sum: 32]
      [Scan RS (ms): Min: 0.0, Avg: 0.0, Max: 0.1, Diff: 0.1, Sum: 0.1]
      [Code Root Scanning (ms): Min: 0.0, Avg: 0.0, Max: 0.1, Diff: 0.1, Sum: 0.1]
      [Object Copy (ms): Min: 0.0, Avg: 2.3, Max: 9.6, Diff: 9.6, Sum: 18.5]
      [Termination (ms): Min: 0.0, Avg: 4.8, Max: 5.6, Diff: 5.6, Sum: 38.4]
         [Termination Attempts: Min: 1, Avg: 1.1, Max: 2, Diff: 1, Sum: 9]
      [GC Worker Other (ms): Min: 0.0, Avg: 0.0, Max: 0.0, Diff: 0.0, Sum: 0.1]
      [GC Worker Total (ms): Min: 5.3, Avg: 8.0, Max: 12.9, Diff: 7.6, Sum: 63.7]
      [GC Worker End (ms): Min: 2889333.2, Avg: 2889333.2, Max: 2889333.3, Diff: 0.1]
   [Code Root Fixup: 0.0 ms]
   [Code Root Purge: 0.0 ms]
   [Clear CT: 0.8 ms]
   [Other: 13.4 ms]
      [Choose CSet: 0.0 ms]
      [Ref Proc: 11.5 ms]
      [Ref Enq: 0.0 ms]
      [Redirty Cards: 0.8 ms]
      [Humongous Register: 0.1 ms]
      [Humongous Reclaim: 0.0 ms]
      [Free CSet: 0.0 ms]
   [Eden: 50176.0K(50176.0K)->0.0B(50176.0K) Survivors: 2048.0K->2048.0K Heap: 204.9M(1024.0M)->156.1M(1024.0M)]
 [Times: user=0.08 sys=0.01, real=0.03 secs] 
2022-11-23T16:29:53.166+0100: 2907.131: [GC pause (G1 Evacuation Pause) (young), 0.0181623 secs]
   [Parallel Time: 7.6 ms, GC Workers: 8]
      [GC Worker Start (ms): Min: 2907131.1, Avg: 2907135.4, Max: 2907138.2, Diff: 7.1]
      [Ext Root Scanning (ms): Min: 0.0, Avg: 0.4, Max: 1.8, Diff: 1.7, Sum: 3.5]
      [Update RS (ms): Min: 0.0, Avg: 0.3, Max: 1.2, Diff: 1.2, Sum: 2.1]
         [Processed Buffers: Min: 0, Avg: 3.9, Max: 16, Diff: 16, Sum: 31]
      [Scan RS (ms): Min: 0.0, Avg: 0.0, Max: 0.1, Diff: 0.1, Sum: 0.1]
      [Code Root Scanning (ms): Min: 0.0, Avg: 0.0, Max: 0.1, Diff: 0.1, Sum: 0.1]
      [Object Copy (ms): Min: 0.0, Avg: 1.8, Max: 3.9, Diff: 3.9, Sum: 14.1]
      [Termination (ms): Min: 0.0, Avg: 0.3, Max: 0.5, Diff: 0.5, Sum: 2.7]
         [Termination Attempts: Min: 1, Avg: 5.2, Max: 13, Diff: 12, Sum: 42]
      [GC Worker Other (ms): Min: 0.0, Avg: 0.0, Max: 0.0, Diff: 0.0, Sum: 0.1]
      [GC Worker Total (ms): Min: 0.0, Avg: 2.8, Max: 7.1, Diff: 7.1, Sum: 22.7]
      [GC Worker End (ms): Min: 2907138.2, Avg: 2907138.2, Max: 2907138.2, Diff: 0.0]
   [Code Root Fixup: 0.0 ms]
   [Code Root Purge: 0.0 ms]
   [Clear CT: 1.7 ms]
   [Other: 8.9 ms]
      [Choose CSet: 0.0 ms]
      [Ref Proc: 7.0 ms]
      [Ref Enq: 0.0 ms]
      [Redirty Cards: 1.2 ms]
      [Humongous Register: 0.1 ms]
      [Humongous Reclaim: 0.0 ms]
      [Free CSet: 0.1 ms]
   [Eden: 50176.0K(50176.0K)->0.0B(50176.0K) Survivors: 2048.0K->2048.0K Heap: 205.1M(1024.0M)->156.3M(1024.0M)]
 [Times: user=0.04 sys=0.01, real=0.02 secs] 
2022-11-23T16:30:26.632+0100: 2940.597: [GC pause (G1 Evacuation Pause) (young), 0.2458526 secs]
   [Parallel Time: 228.9 ms, GC Workers: 8]
      [GC Worker Start (ms): Min: 2940597.3, Avg: 2940614.0, Max: 2940636.2, Diff: 38.9]
      [Ext Root Scanning (ms): Min: 0.0, Avg: 3.2, Max: 12.3, Diff: 12.2, Sum: 25.4]
      [Update RS (ms): Min: 0.0, Avg: 1.6, Max: 9.6, Diff: 9.6, Sum: 12.9]
         [Processed Buffers: Min: 0, Avg: 4.1, Max: 24, Diff: 24, Sum: 33]
      [Scan RS (ms): Min: 0.0, Avg: 0.0, Max: 0.0, Diff: 0.0, Sum: 0.1]
      [Code Root Scanning (ms): Min: 0.0, Avg: 0.0, Max: 0.1, Diff: 0.1, Sum: 0.1]
      [Object Copy (ms): Min: 0.0, Avg: 64.2, Max: 224.9, Diff: 224.9, Sum: 513.7]
      [Termination (ms): Min: 0.0, Avg: 140.7, Max: 193.6, Diff: 193.6, Sum: 1125.4]
         [Termination Attempts: Min: 1, Avg: 2.2, Max: 7, Diff: 6, Sum: 18]
      [GC Worker Other (ms): Min: 0.0, Avg: 0.0, Max: 0.0, Diff: 0.0, Sum: 0.2]
      [GC Worker Total (ms): Min: 187.3, Avg: 209.7, Max: 226.1, Diff: 38.8, Sum: 1677.8]
      [GC Worker End (ms): Min: 2940823.4, Avg: 2940823.7, Max: 2940825.4, Diff: 2.0]
   [Code Root Fixup: 0.0 ms]
   [Code Root Purge: 0.0 ms]
   [Clear CT: 11.4 ms]
   [Other: 5.5 ms]
      [Choose CSet: 0.0 ms]
      [Ref Proc: 3.4 ms]
      [Ref Enq: 0.0 ms]
      [Redirty Cards: 1.1 ms]
      [Humongous Register: 0.4 ms]
      [Humongous Reclaim: 0.1 ms]
      [Free CSet: 0.1 ms]
   [Eden: 50176.0K(50176.0K)->0.0B(50176.0K) Survivors: 2048.0K->2048.0K Heap: 205.3M(1024.0M)->156.4M(1024.0M)]
 [Times: user=0.70 sys=0.11, real=0.24 secs] 
2022-11-23T16:31:05.628+0100: 2979.593: [GC pause (G1 Evacuation Pause) (young), 0.0413232 secs]
   [Parallel Time: 29.7 ms, GC Workers: 8]
      [GC Worker Start (ms): Min: 2979593.8, Avg: 2979599.0, Max: 2979606.7, Diff: 12.9]
      [Ext Root Scanning (ms): Min: 0.0, Avg: 3.4, Max: 9.0, Diff: 8.9, Sum: 27.2]
      [Update RS (ms): Min: 0.0, Avg: 0.6, Max: 1.7, Diff: 1.7, Sum: 4.7]
         [Processed Buffers: Min: 0, Avg: 4.2, Max: 15, Diff: 15, Sum: 34]
      [Scan RS (ms): Min: 0.0, Avg: 0.0, Max: 0.1, Diff: 0.1, Sum: 0.2]
      [Code Root Scanning (ms): Min: 0.0, Avg: 0.0, Max: 0.1, Diff: 0.1, Sum: 0.1]
      [Object Copy (ms): Min: 0.0, Avg: 4.6, Max: 21.2, Diff: 21.2, Sum: 36.8]
      [Termination (ms): Min: 0.0, Avg: 14.2, Max: 17.6, Diff: 17.6, Sum: 113.6]
         [Termination Attempts: Min: 1, Avg: 18.5, Max: 48, Diff: 47, Sum: 148]
      [GC Worker Other (ms): Min: 0.0, Avg: 0.0, Max: 0.1, Diff: 0.1, Sum: 0.3]
      [GC Worker Total (ms): Min: 15.0, Avg: 22.9, Max: 27.9, Diff: 12.9, Sum: 183.0]
      [GC Worker End (ms): Min: 2979621.7, Avg: 2979621.8, Max: 2979622.7, Diff: 1.1]
   [Code Root Fixup: 0.0 ms]
   [Code Root Purge: 0.0 ms]
   [Clear CT: 3.5 ms]
   [Other: 8.2 ms]
      [Choose CSet: 0.0 ms]
      [Ref Proc: 2.3 ms]
      [Ref Enq: 0.0 ms]
      [Redirty Cards: 4.5 ms]
      [Humongous Register: 0.5 ms]
      [Humongous Reclaim: 0.1 ms]
      [Free CSet: 0.1 ms]
   [Eden: 50176.0K(50176.0K)->0.0B(49152.0K) Survivors: 2048.0K->3072.0K Heap: 205.4M(1024.0M)->156.9M(1024.0M)]
 [Times: user=0.12 sys=0.02, real=0.04 secs] 
2022-11-23T16:31:46.445+0100: 3020.410: [GC pause (G1 Evacuation Pause) (young), 0.0945154 secs]
   [Parallel Time: 55.1 ms, GC Workers: 8]
      [GC Worker Start (ms): Min: 3020412.8, Avg: 3020427.7, Max: 3020435.5, Diff: 22.7]
      [Ext Root Scanning (ms): Min: 0.0, Avg: 1.7, Max: 10.1, Diff: 10.1, Sum: 13.3]
      [Update RS (ms): Min: 0.0, Avg: 1.0, Max: 7.5, Diff: 7.5, Sum: 7.9]
         [Processed Buffers: Min: 0, Avg: 5.2, Max: 23, Diff: 23, Sum: 42]
      [Scan RS (ms): Min: 0.0, Avg: 0.0, Max: 0.0, Diff: 0.0, Sum: 0.1]
      [Code Root Scanning (ms): Min: 0.0, Avg: 0.0, Max: 0.1, Diff: 0.1, Sum: 0.1]
      [Object Copy (ms): Min: 0.0, Avg: 6.5, Max: 22.0, Diff: 22.0, Sum: 52.2]
      [Termination (ms): Min: 0.0, Avg: 8.9, Max: 12.4, Diff: 12.4, Sum: 71.3]
         [Termination Attempts: Min: 1, Avg: 6.9, Max: 22, Diff: 21, Sum: 55]
      [GC Worker Other (ms): Min: 0.0, Avg: 0.0, Max: 0.1, Diff: 0.1, Sum: 0.2]
      [GC Worker Total (ms): Min: 10.2, Avg: 18.1, Max: 32.6, Diff: 22.4, Sum: 145.1]
      [GC Worker End (ms): Min: 3020445.4, Avg: 3020445.8, Max: 3020447.2, Diff: 1.8]
   [Code Root Fixup: 0.0 ms]
   [Code Root Purge: 0.0 ms]
   [Clear CT: 4.2 ms]
   [Other: 35.2 ms]
      [Choose CSet: 0.0 ms]
      [Ref Proc: 32.8 ms]
      [Ref Enq: 0.0 ms]
      [Redirty Cards: 1.2 ms]
      [Humongous Register: 0.4 ms]
      [Humongous Reclaim: 0.1 ms]
      [Free CSet: 0.1 ms]
   [Eden: 49152.0K(49152.0K)->0.0B(49152.0K) Survivors: 3072.0K->3072.0K Heap: 204.9M(1024.0M)->157.3M(1024.0M)]
 [Times: user=0.21 sys=0.04, real=0.09 secs] 
2022-11-23T16:32:11.234+0100: 3045.199: [GC pause (G1 Evacuation Pause) (young), 0.0433929 secs]
   [Parallel Time: 14.7 ms, GC Workers: 8]
      [GC Worker Start (ms): Min: 3045199.1, Avg: 3045208.9, Max: 3045213.4, Diff: 14.4]
      [Ext Root Scanning (ms): Min: 0.0, Avg: 0.5, Max: 3.9, Diff: 3.9, Sum: 4.0]
      [Update RS (ms): Min: 0.0, Avg: 0.6, Max: 3.7, Diff: 3.7, Sum: 4.8]
         [Processed Buffers: Min: 0, Avg: 4.1, Max: 17, Diff: 17, Sum: 33]
      [Scan RS (ms): Min: 0.0, Avg: 0.0, Max: 0.0, Diff: 0.0, Sum: 0.1]
      [Code Root Scanning (ms): Min: 0.0, Avg: 0.0, Max: 0.1, Diff: 0.1, Sum: 0.1]
      [Object Copy (ms): Min: 0.0, Avg: 2.7, Max: 5.7, Diff: 5.7, Sum: 21.8]
      [Termination (ms): Min: 0.0, Avg: 0.7, Max: 1.4, Diff: 1.4, Sum: 5.8]
         [Termination Attempts: Min: 1, Avg: 5.5, Max: 12, Diff: 11, Sum: 44]
      [GC Worker Other (ms): Min: 0.0, Avg: 0.0, Max: 0.0, Diff: 0.0, Sum: 0.1]
      [GC Worker Total (ms): Min: 0.0, Avg: 4.6, Max: 14.6, Diff: 14.5, Sum: 36.6]
      [GC Worker End (ms): Min: 3045213.4, Avg: 3045213.5, Max: 3045213.6, Diff: 0.2]
   [Code Root Fixup: 0.0 ms]
   [Code Root Purge: 0.0 ms]
   [Clear CT: 1.7 ms]
   [Other: 27.0 ms]
      [Choose CSet: 0.0 ms]
      [Ref Proc: 25.5 ms]
      [Ref Enq: 0.0 ms]
      [Redirty Cards: 1.0 ms]
      [Humongous Register: 0.1 ms]
      [Humongous Reclaim: 0.0 ms]
      [Free CSet: 0.0 ms]
   [Eden: 49152.0K(49152.0K)->0.0B(48128.0K) Survivors: 3072.0K->4096.0K Heap: 205.3M(1024.0M)->157.8M(1024.0M)]
 [Times: user=0.07 sys=0.01, real=0.04 secs] 
2022-11-23T16:32:35.629+0100: 3069.594: [GC pause (G1 Evacuation Pause) (young), 0.0208891 secs]
   [Parallel Time: 14.8 ms, GC Workers: 8]
      [GC Worker Start (ms): Min: 3069594.3, Avg: 3069596.6, Max: 3069600.8, Diff: 6.5]
      [Ext Root Scanning (ms): Min: 0.0, Avg: 0.9, Max: 1.7, Diff: 1.7, Sum: 7.5]
      [Update RS (ms): Min: 0.0, Avg: 0.3, Max: 0.6, Diff: 0.6, Sum: 2.7]
         [Processed Buffers: Min: 0, Avg: 3.9, Max: 19, Diff: 19, Sum: 31]
      [Scan RS (ms): Min: 0.0, Avg: 0.0, Max: 0.0, Diff: 0.0, Sum: 0.1]
      [Code Root Scanning (ms): Min: 0.0, Avg: 0.0, Max: 0.1, Diff: 0.1, Sum: 0.1]
      [Object Copy (ms): Min: 0.0, Avg: 3.6, Max: 11.9, Diff: 11.9, Sum: 28.6]
      [Termination (ms): Min: 0.0, Avg: 6.9, Max: 8.0, Diff: 8.0, Sum: 55.3]
         [Termination Attempts: Min: 1, Avg: 2.0, Max: 5, Diff: 4, Sum: 16]
      [GC Worker Other (ms): Min: 0.0, Avg: 0.0, Max: 0.0, Diff: 0.0, Sum: 0.1]
      [GC Worker Total (ms): Min: 7.7, Avg: 11.8, Max: 14.1, Diff: 6.5, Sum: 94.3]
      [GC Worker End (ms): Min: 3069608.4, Avg: 3069608.4, Max: 3069608.4, Diff: 0.0]
   [Code Root Fixup: 0.0 ms]
   [Code Root Purge: 0.0 ms]
   [Clear CT: 0.9 ms]
   [Other: 5.2 ms]
      [Choose CSet: 0.0 ms]
      [Ref Proc: 4.0 ms]
      [Ref Enq: 0.0 ms]
      [Redirty Cards: 0.8 ms]
      [Humongous Register: 0.0 ms]
      [Humongous Reclaim: 0.0 ms]
      [Free CSet: 0.0 ms]
   [Eden: 48128.0K(48128.0K)->0.0B(47104.0K) Survivors: 4096.0K->5120.0K Heap: 204.8M(1024.0M)->158.9M(1024.0M)]
 [Times: user=0.10 sys=0.00, real=0.02 secs] 
2022-11-23T16:32:56.437+0100: 3090.401: [GC pause (G1 Evacuation Pause) (young), 0.0249836 secs]
   [Parallel Time: 13.8 ms, GC Workers: 8]
      [GC Worker Start (ms): Min: 3090402.2, Avg: 3090405.7, Max: 3090413.6, Diff: 11.4]
      [Ext Root Scanning (ms): Min: 0.0, Avg: 1.0, Max: 2.3, Diff: 2.3, Sum: 7.8]
      [Update RS (ms): Min: 0.0, Avg: 0.7, Max: 1.0, Diff: 1.0, Sum: 5.4]
         [Processed Buffers: Min: 0, Avg: 4.1, Max: 9, Diff: 9, Sum: 33]
      [Scan RS (ms): Min: 0.0, Avg: 0.0, Max: 0.1, Diff: 0.1, Sum: 0.1]
      [Code Root Scanning (ms): Min: 0.0, Avg: 0.0, Max: 0.1, Diff: 0.1, Sum: 0.1]
      [Object Copy (ms): Min: 0.0, Avg: 5.8, Max: 7.9, Diff: 7.9, Sum: 46.5]
      [Termination (ms): Min: 0.0, Avg: 0.9, Max: 2.1, Diff: 2.1, Sum: 7.4]
         [Termination Attempts: Min: 1, Avg: 4.6, Max: 8, Diff: 7, Sum: 37]
      [GC Worker Other (ms): Min: 0.0, Avg: 0.0, Max: 0.2, Diff: 0.2, Sum: 0.3]
      [GC Worker Total (ms): Min: 0.0, Avg: 8.5, Max: 12.8, Diff: 12.8, Sum: 67.6]
      [GC Worker End (ms): Min: 3090413.6, Avg: 3090414.2, Max: 3090415.3, Diff: 1.7]
   [Code Root Fixup: 0.0 ms]
   [Code Root Purge: 0.0 ms]
   [Clear CT: 1.1 ms]
   [Other: 10.1 ms]
      [Choose CSet: 0.0 ms]
      [Ref Proc: 7.1 ms]
      [Ref Enq: 0.0 ms]
      [Redirty Cards: 1.9 ms]
      [Humongous Register: 0.4 ms]
      [Humongous Reclaim: 0.1 ms]
      [Free CSet: 0.1 ms]
   [Eden: 47104.0K(47104.0K)->0.0B(47104.0K) Survivors: 5120.0K->5120.0K Heap: 204.9M(1024.0M)->159.0M(1024.0M)]
 [Times: user=0.08 sys=0.00, real=0.03 secs] 
2022-11-23T16:33:13.335+0100: 3107.299: [GC pause (G1 Evacuation Pause) (young), 0.0517089 secs]
   [Parallel Time: 45.9 ms, GC Workers: 8]
      [GC Worker Start (ms): Min: 3107299.6, Avg: 3107313.5, Max: 3107315.7, Diff: 16.1]
      [Ext Root Scanning (ms): Min: 0.0, Avg: 0.4, Max: 3.3, Diff: 3.3, Sum: 3.4]
      [Update RS (ms): Min: 0.0, Avg: 0.4, Max: 2.8, Diff: 2.8, Sum: 2.8]
         [Processed Buffers: Min: 0, Avg: 4.2, Max: 34, Diff: 34, Sum: 34]
      [Scan RS (ms): Min: 0.0, Avg: 0.0, Max: 0.0, Diff: 0.0, Sum: 0.1]
      [Code Root Scanning (ms): Min: 0.0, Avg: 0.0, Max: 0.1, Diff: 0.1, Sum: 0.1]
      [Object Copy (ms): Min: 3.2, Avg: 7.1, Max: 32.4, Diff: 29.3, Sum: 56.9]
      [Termination (ms): Min: 0.0, Avg: 17.9, Max: 26.4, Diff: 26.4, Sum: 143.2]
         [Termination Attempts: Min: 1, Avg: 2.4, Max: 5, Diff: 4, Sum: 19]
      [GC Worker Other (ms): Min: 0.0, Avg: 0.0, Max: 0.0, Diff: 0.0, Sum: 0.1]
      [GC Worker Total (ms): Min: 22.7, Avg: 25.8, Max: 38.7, Diff: 16.0, Sum: 206.6]
      [GC Worker End (ms): Min: 3107338.3, Avg: 3107339.4, Max: 3107345.3, Diff: 7.0]
   [Code Root Fixup: 0.0 ms]
   [Code Root Purge: 0.0 ms]
   [Clear CT: 1.3 ms]
   [Other: 4.5 ms]
      [Choose CSet: 0.0 ms]
      [Ref Proc: 2.2 ms]
      [Ref Enq: 0.0 ms]
      [Redirty Cards: 1.7 ms]
      [Humongous Register: 0.1 ms]
      [Humongous Reclaim: 0.1 ms]
      [Free CSet: 0.1 ms]
   [Eden: 47104.0K(47104.0K)->0.0B(47104.0K) Survivors: 5120.0K->5120.0K Heap: 205.0M(1024.0M)->159.4M(1024.0M)]
 [Times: user=0.13 sys=0.00, real=0.05 secs] 
2022-11-23T16:33:31.406+0100: 3125.371: [GC pause (G1 Evacuation Pause) (young), 0.0812464 secs]
   [Parallel Time: 75.8 ms, GC Workers: 8]
      [GC Worker Start (ms): Min: 3125372.9, Avg: 3125379.9, Max: 3125395.6, Diff: 22.7]
      [Ext Root Scanning (ms): Min: 0.0, Avg: 0.6, Max: 1.8, Diff: 1.8, Sum: 4.9]
      [Update RS (ms): Min: 0.0, Avg: 9.5, Max: 45.2, Diff: 45.2, Sum: 75.9]
         [Processed Buffers: Min: 0, Avg: 3.9, Max: 14, Diff: 14, Sum: 31]
      [Scan RS (ms): Min: 0.0, Avg: 0.0, Max: 0.1, Diff: 0.1, Sum: 0.2]
      [Code Root Scanning (ms): Min: 0.0, Avg: 0.2, Max: 1.3, Diff: 1.3, Sum: 1.3]
      [Object Copy (ms): Min: 1.7, Avg: 38.5, Max: 65.9, Diff: 64.2, Sum: 308.2]
      [Termination (ms): Min: 0.0, Avg: 17.9, Max: 24.9, Diff: 24.9, Sum: 143.5]
         [Termination Attempts: Min: 1, Avg: 2.4, Max: 4, Diff: 3, Sum: 19]
      [GC Worker Other (ms): Min: 0.0, Avg: 0.0, Max: 0.2, Diff: 0.2, Sum: 0.4]
      [GC Worker Total (ms): Min: 51.1, Avg: 66.8, Max: 73.8, Diff: 22.7, Sum: 534.5]
      [GC Worker End (ms): Min: 3125446.7, Avg: 3125446.7, Max: 3125446.7, Diff: 0.0]
   [Code Root Fixup: 0.0 ms]
   [Code Root Purge: 0.0 ms]
   [Clear CT: 1.3 ms]
   [Other: 4.2 ms]
      [Choose CSet: 0.0 ms]
      [Ref Proc: 1.9 ms]
      [Ref Enq: 0.0 ms]
      [Redirty Cards: 1.5 ms]
      [Humongous Register: 0.1 ms]
      [Humongous Reclaim: 0.1 ms]
      [Free CSet: 0.1 ms]
   [Eden: 47104.0K(47104.0K)->0.0B(45056.0K) Survivors: 5120.0K->7168.0K Heap: 205.4M(1024.0M)->161.8M(1024.0M)]
 [Times: user=0.31 sys=0.02, real=0.08 secs] 
2022-11-23T16:33:50.628+0100: 3144.592: [GC pause (G1 Evacuation Pause) (young), 0.0398190 secs]
   [Parallel Time: 35.2 ms, GC Workers: 8]
      [GC Worker Start (ms): Min: 3144592.7, Avg: 3144606.1, Max: 3144611.5, Diff: 18.9]
      [Ext Root Scanning (ms): Min: 0.0, Avg: 0.6, Max: 4.3, Diff: 4.3, Sum: 4.4]
      [Update RS (ms): Min: 0.0, Avg: 0.3, Max: 2.4, Diff: 2.4, Sum: 2.4]
         [Processed Buffers: Min: 0, Avg: 4.5, Max: 36, Diff: 36, Sum: 36]
      [Scan RS (ms): Min: 0.0, Avg: 0.0, Max: 0.1, Diff: 0.1, Sum: 0.1]
      [Code Root Scanning (ms): Min: 0.0, Avg: 0.0, Max: 0.1, Diff: 0.1, Sum: 0.1]
      [Object Copy (ms): Min: 0.0, Avg: 6.3, Max: 27.5, Diff: 27.5, Sum: 50.0]
      [Termination (ms): Min: 0.0, Avg: 13.8, Max: 16.1, Diff: 16.1, Sum: 110.7]
         [Termination Attempts: Min: 1, Avg: 1.2, Max: 2, Diff: 1, Sum: 10]
      [GC Worker Other (ms): Min: 0.0, Avg: 0.0, Max: 0.0, Diff: 0.0, Sum: 0.1]
      [GC Worker Total (ms): Min: 15.4, Avg: 21.0, Max: 34.3, Diff: 18.8, Sum: 167.8]
      [GC Worker End (ms): Min: 3144627.0, Avg: 3144627.1, Max: 3144627.6, Diff: 0.6]
   [Code Root Fixup: 0.0 ms]
   [Code Root Purge: 0.0 ms]
   [Clear CT: 1.2 ms]
   [Other: 3.4 ms]
      [Choose CSet: 0.0 ms]
      [Ref Proc: 1.9 ms]
      [Ref Enq: 0.0 ms]
      [Redirty Cards: 0.9 ms]
      [Humongous Register: 0.1 ms]
      [Humongous Reclaim: 0.0 ms]
      [Free CSet: 0.1 ms]
   [Eden: 45056.0K(45056.0K)->0.0B(46080.0K) Survivors: 7168.0K->6144.0K Heap: 205.8M(1024.0M)->160.6M(1024.0M)]
 [Times: user=0.12 sys=0.00, real=0.04 secs] 
2022-11-23T16:34:06.935+0100: 3160.900: [GC pause (G1 Evacuation Pause) (young), 0.0630790 secs]
   [Parallel Time: 50.0 ms, GC Workers: 8]
      [GC Worker Start (ms): Min: 3160900.5, Avg: 3160908.9, Max: 3160919.7, Diff: 19.1]
      [Ext Root Scanning (ms): Min: 0.0, Avg: 0.7, Max: 3.1, Diff: 3.1, Sum: 5.5]
      [Update RS (ms): Min: 0.0, Avg: 0.7, Max: 2.7, Diff: 2.7, Sum: 5.3]
         [Processed Buffers: Min: 0, Avg: 4.0, Max: 23, Diff: 23, Sum: 32]
      [Scan RS (ms): Min: 0.0, Avg: 0.0, Max: 0.1, Diff: 0.0, Sum: 0.1]
      [Code Root Scanning (ms): Min: 0.0, Avg: 0.0, Max: 0.1, Diff: 0.1, Sum: 0.1]
      [Object Copy (ms): Min: 0.0, Avg: 11.3, Max: 42.7, Diff: 42.7, Sum: 90.7]
      [Termination (ms): Min: 0.0, Avg: 24.4, Max: 31.4, Diff: 31.4, Sum: 194.9]
         [Termination Attempts: Min: 1, Avg: 2.0, Max: 6, Diff: 5, Sum: 16]
      [GC Worker Other (ms): Min: 0.0, Avg: 0.0, Max: 0.1, Diff: 0.1, Sum: 0.2]
      [GC Worker Total (ms): Min: 25.8, Avg: 37.1, Max: 48.6, Diff: 22.7, Sum: 296.9]
      [GC Worker End (ms): Min: 3160945.5, Avg: 3160946.1, Max: 3160949.2, Diff: 3.7]
   [Code Root Fixup: 0.0 ms]
   [Code Root Purge: 0.0 ms]
   [Clear CT: 1.5 ms]
   [Other: 11.5 ms]
      [Choose CSet: 0.0 ms]
      [Ref Proc: 9.2 ms]
      [Ref Enq: 0.0 ms]
      [Redirty Cards: 1.7 ms]
      [Humongous Register: 0.1 ms]
      [Humongous Reclaim: 0.1 ms]
      [Free CSet: 0.1 ms]
   [Eden: 46080.0K(46080.0K)->0.0B(45056.0K) Survivors: 6144.0K->7168.0K Heap: 205.6M(1024.0M)->161.8M(1024.0M)]
 [Times: user=0.23 sys=0.02, real=0.06 secs] 
2022-11-23T16:34:25.582+0100: 3179.546: [GC pause (G1 Evacuation Pause) (young), 0.0464862 secs]
   [Parallel Time: 27.7 ms, GC Workers: 8]
      [GC Worker Start (ms): Min: 3179546.8, Avg: 3179554.1, Max: 3179558.2, Diff: 11.5]
      [Ext Root Scanning (ms): Min: 0.0, Avg: 0.5, Max: 1.9, Diff: 1.9, Sum: 3.8]
      [Update RS (ms): Min: 0.0, Avg: 0.5, Max: 2.0, Diff: 2.0, Sum: 4.0]
         [Processed Buffers: Min: 0, Avg: 4.1, Max: 27, Diff: 27, Sum: 33]
      [Scan RS (ms): Min: 0.0, Avg: 0.0, Max: 0.0, Diff: 0.0, Sum: 0.1]
      [Code Root Scanning (ms): Min: 0.0, Avg: 0.0, Max: 0.1, Diff: 0.1, Sum: 0.1]
      [Object Copy (ms): Min: 4.7, Avg: 9.9, Max: 22.0, Diff: 17.2, Sum: 79.4]
      [Termination (ms): Min: 0.0, Avg: 7.7, Max: 10.0, Diff: 10.0, Sum: 61.5]
         [Termination Attempts: Min: 1, Avg: 1.9, Max: 4, Diff: 3, Sum: 15]
      [GC Worker Other (ms): Min: 0.0, Avg: 0.0, Max: 0.0, Diff: 0.0, Sum: 0.1]
      [GC Worker Total (ms): Min: 14.4, Avg: 18.6, Max: 25.8, Diff: 11.4, Sum: 148.8]
      [GC Worker End (ms): Min: 3179572.6, Avg: 3179572.7, Max: 3179573.0, Diff: 0.4]
   [Code Root Fixup: 0.0 ms]
   [Code Root Purge: 0.0 ms]
   [Clear CT: 1.1 ms]
   [Other: 17.7 ms]
      [Choose CSet: 0.0 ms]
      [Ref Proc: 8.1 ms]
      [Ref Enq: 0.0 ms]
      [Redirty Cards: 8.8 ms]
      [Humongous Register: 0.1 ms]
      [Humongous Reclaim: 0.1 ms]
      [Free CSet: 0.1 ms]
   [Eden: 45056.0K(45056.0K)->0.0B(45056.0K) Survivors: 7168.0K->7168.0K Heap: 205.8M(1024.0M)->161.9M(1024.0M)]
 [Times: user=0.12 sys=0.00, real=0.04 secs] 
2022-11-23T16:34:42.833+0100: 3196.797: [GC pause (G1 Evacuation Pause) (young), 0.0689239 secs]
   [Parallel Time: 61.3 ms, GC Workers: 8]
      [GC Worker Start (ms): Min: 3196797.8, Avg: 3196803.9, Max: 3196815.5, Diff: 17.7]
      [Ext Root Scanning (ms): Min: 0.0, Avg: 0.6, Max: 2.1, Diff: 2.0, Sum: 4.4]
      [Update RS (ms): Min: 0.0, Avg: 0.5, Max: 1.9, Diff: 1.9, Sum: 4.1]
         [Processed Buffers: Min: 0, Avg: 4.2, Max: 14, Diff: 14, Sum: 34]
      [Scan RS (ms): Min: 0.0, Avg: 0.0, Max: 0.0, Diff: 0.0, Sum: 0.1]
      [Code Root Scanning (ms): Min: 0.0, Avg: 0.0, Max: 0.1, Diff: 0.1, Sum: 0.1]
      [Object Copy (ms): Min: 33.1, Avg: 44.9, Max: 56.9, Diff: 23.9, Sum: 359.4]
      [Termination (ms): Min: 0.0, Avg: 8.7, Max: 10.2, Diff: 10.2, Sum: 69.5]
         [Termination Attempts: Min: 1, Avg: 3.4, Max: 7, Diff: 6, Sum: 27]
      [GC Worker Other (ms): Min: 0.0, Avg: 0.0, Max: 0.1, Diff: 0.1, Sum: 0.2]
      [GC Worker Total (ms): Min: 43.2, Avg: 54.7, Max: 60.9, Diff: 17.7, Sum: 437.8]
      [GC Worker End (ms): Min: 3196858.5, Avg: 3196858.6, Max: 3196858.8, Diff: 0.2]
   [Code Root Fixup: 0.0 ms]
   [Code Root Purge: 0.0 ms]
   [Clear CT: 0.9 ms]
   [Other: 6.7 ms]
      [Choose CSet: 0.0 ms]
      [Ref Proc: 5.3 ms]
      [Ref Enq: 0.0 ms]
      [Redirty Cards: 0.9 ms]
      [Humongous Register: 0.1 ms]
      [Humongous Reclaim: 0.0 ms]
      [Free CSet: 0.0 ms]
   [Eden: 45056.0K(45056.0K)->0.0B(45056.0K) Survivors: 7168.0K->7168.0K Heap: 205.9M(1024.0M)->162.3M(1024.0M)]
 [Times: user=0.20 sys=0.02, real=0.07 secs] 
2022-11-23T16:34:59.740+0100: 3213.704: [GC pause (G1 Evacuation Pause) (young), 0.0349826 secs]
   [Parallel Time: 14.9 ms, GC Workers: 8]
      [GC Worker Start (ms): Min: 3213704.7, Avg: 3213712.7, Max: 3213718.8, Diff: 14.1]
      [Ext Root Scanning (ms): Min: 0.0, Avg: 0.6, Max: 1.8, Diff: 1.8, Sum: 4.4]
      [Update RS (ms): Min: 0.0, Avg: 0.7, Max: 1.8, Diff: 1.8, Sum: 5.5]
         [Processed Buffers: Min: 0, Avg: 4.2, Max: 28, Diff: 28, Sum: 34]
      [Scan RS (ms): Min: 0.0, Avg: 0.0, Max: 0.0, Diff: 0.0, Sum: 0.1]
      [Code Root Scanning (ms): Min: 0.0, Avg: 0.0, Max: 0.0, Diff: 0.0, Sum: 0.0]
      [Object Copy (ms): Min: 0.0, Avg: 4.4, Max: 10.0, Diff: 10.0, Sum: 35.4]
      [Termination (ms): Min: 0.0, Avg: 0.6, Max: 1.0, Diff: 1.0, Sum: 4.5]
         [Termination Attempts: Min: 1, Avg: 1.4, Max: 3, Diff: 2, Sum: 11]
      [GC Worker Other (ms): Min: 0.0, Avg: 0.0, Max: 0.0, Diff: 0.0, Sum: 0.1]
      [GC Worker Total (ms): Min: 0.0, Avg: 6.3, Max: 14.3, Diff: 14.3, Sum: 50.2]
      [GC Worker End (ms): Min: 3213718.8, Avg: 3213719.0, Max: 3213719.3, Diff: 0.4]
   [Code Root Fixup: 0.0 ms]
   [Code Root Purge: 0.0 ms]
   [Clear CT: 0.9 ms]
   [Other: 19.1 ms]
      [Choose CSet: 0.0 ms]
      [Ref Proc: 17.6 ms]
      [Ref Enq: 0.1 ms]
      [Redirty Cards: 0.7 ms]
      [Humongous Register: 0.1 ms]
      [Humongous Reclaim: 0.2 ms]
      [Free CSet: 0.1 ms]
   [Eden: 45056.0K(45056.0K)->0.0B(46080.0K) Survivors: 7168.0K->6144.0K Heap: 206.3M(1024.0M)->160.9M(1024.0M)]
 [Times: user=0.11 sys=0.00, real=0.04 secs] 
2022-11-23T16:35:17.164+0100: 3231.129: [GC pause (G1 Evacuation Pause) (young), 0.0483600 secs]
   [Parallel Time: 26.9 ms, GC Workers: 8]
      [GC Worker Start (ms): Min: 3231129.5, Avg: 3231136.9, Max: 3231146.6, Diff: 17.1]
      [Ext Root Scanning (ms): Min: 0.0, Avg: 0.5, Max: 2.3, Diff: 2.3, Sum: 4.1]
      [Update RS (ms): Min: 0.0, Avg: 2.9, Max: 14.2, Diff: 14.2, Sum: 23.5]
         [Processed Buffers: Min: 0, Avg: 4.9, Max: 13, Diff: 13, Sum: 39]
      [Scan RS (ms): Min: 0.0, Avg: 0.0, Max: 0.0, Diff: 0.0, Sum: 0.1]
      [Code Root Scanning (ms): Min: 0.0, Avg: 0.0, Max: 0.0, Diff: 0.0, Sum: 0.0]
      [Object Copy (ms): Min: 0.0, Avg: 6.8, Max: 21.2, Diff: 21.2, Sum: 54.5]
      [Termination (ms): Min: 0.0, Avg: 8.3, Max: 10.1, Diff: 10.1, Sum: 66.4]
         [Termination Attempts: Min: 1, Avg: 1.2, Max: 2, Diff: 1, Sum: 10]
      [GC Worker Other (ms): Min: 0.0, Avg: 0.0, Max: 0.0, Diff: 0.0, Sum: 0.1]
      [GC Worker Total (ms): Min: 8.7, Avg: 18.6, Max: 26.6, Diff: 17.9, Sum: 148.9]
      [GC Worker End (ms): Min: 3231155.4, Avg: 3231155.5, Max: 3231156.1, Diff: 0.8]
   [Code Root Fixup: 0.0 ms]
   [Code Root Purge: 0.0 ms]
   [Clear CT: 1.7 ms]
   [Other: 19.7 ms]
      [Choose CSet: 0.0 ms]
      [Ref Proc: 17.6 ms]
      [Ref Enq: 0.0 ms]
      [Redirty Cards: 1.2 ms]
      [Humongous Register: 0.2 ms]
      [Humongous Reclaim: 0.1 ms]
      [Free CSet: 0.1 ms]
   [Eden: 46080.0K(46080.0K)->0.0B(45056.0K) Survivors: 6144.0K->7168.0K Heap: 205.9M(1024.0M)->162.9M(1024.0M)]
 [Times: user=0.15 sys=0.00, real=0.05 secs] 
2022-11-23T16:35:32.825+0100: 3246.790: [GC pause (G1 Evacuation Pause) (young), 0.0470564 secs]
   [Parallel Time: 43.4 ms, GC Workers: 8]
      [GC Worker Start (ms): Min: 3246790.0, Avg: 3246791.2, Max: 3246798.0, Diff: 8.0]
      [Ext Root Scanning (ms): Min: 0.0, Avg: 0.6, Max: 1.3, Diff: 1.3, Sum: 4.4]
      [Update RS (ms): Min: 0.0, Avg: 6.2, Max: 42.2, Diff: 42.2, Sum: 49.7]
         [Processed Buffers: Min: 0, Avg: 4.5, Max: 9, Diff: 9, Sum: 36]
      [Scan RS (ms): Min: 0.0, Avg: 0.0, Max: 0.0, Diff: 0.0, Sum: 0.1]
      [Code Root Scanning (ms): Min: 0.0, Avg: 0.0, Max: 0.0, Diff: 0.0, Sum: 0.1]
      [Object Copy (ms): Min: 0.1, Avg: 5.0, Max: 6.6, Diff: 6.5, Sum: 39.9]
      [Termination (ms): Min: 0.0, Avg: 30.2, Max: 34.5, Diff: 34.5, Sum: 241.2]
         [Termination Attempts: Min: 1, Avg: 3.4, Max: 6, Diff: 5, Sum: 27]
      [GC Worker Other (ms): Min: 0.0, Avg: 0.0, Max: 0.1, Diff: 0.0, Sum: 0.2]
      [GC Worker Total (ms): Min: 35.1, Avg: 42.0, Max: 43.1, Diff: 8.0, Sum: 335.6]
      [GC Worker End (ms): Min: 3246833.1, Avg: 3246833.1, Max: 3246833.1, Diff: 0.0]
   [Code Root Fixup: 0.0 ms]
   [Code Root Purge: 0.0 ms]
   [Clear CT: 0.9 ms]
   [Other: 2.8 ms]
      [Choose CSet: 0.0 ms]
      [Ref Proc: 0.8 ms]
      [Ref Enq: 0.0 ms]
      [Redirty Cards: 1.6 ms]
      [Humongous Register: 0.0 ms]
      [Humongous Reclaim: 0.0 ms]
      [Free CSet: 0.0 ms]
   [Eden: 45056.0K(45056.0K)->0.0B(45056.0K) Survivors: 7168.0K->7168.0K Heap: 206.9M(1024.0M)->163.5M(1024.0M)]
 [Times: user=0.31 sys=0.01, real=0.05 secs] 
2022-11-23T16:35:49.890+0100: 3263.854: [GC pause (G1 Evacuation Pause) (young), 0.0574061 secs]
   [Parallel Time: 31.2 ms, GC Workers: 8]
      [GC Worker Start (ms): Min: 3263854.8, Avg: 3263863.7, Max: 3263875.5, Diff: 20.6]
      [Ext Root Scanning (ms): Min: 0.0, Avg: 0.5, Max: 2.1, Diff: 2.1, Sum: 4.3]
      [Update RS (ms): Min: 0.0, Avg: 4.2, Max: 22.2, Diff: 22.2, Sum: 33.9]
         [Processed Buffers: Min: 0, Avg: 5.5, Max: 20, Diff: 20, Sum: 44]
      [Scan RS (ms): Min: 0.0, Avg: 0.1, Max: 0.5, Diff: 0.5, Sum: 0.6]
      [Code Root Scanning (ms): Min: 0.0, Avg: 0.0, Max: 0.0, Diff: 0.0, Sum: 0.1]
      [Object Copy (ms): Min: 4.9, Avg: 15.9, Max: 21.0, Diff: 16.1, Sum: 126.9]
      [Termination (ms): Min: 0.0, Avg: 1.2, Max: 1.8, Diff: 1.8, Sum: 9.3]
         [Termination Attempts: Min: 1, Avg: 2.4, Max: 5, Diff: 4, Sum: 19]
      [GC Worker Other (ms): Min: 0.0, Avg: 0.0, Max: 0.0, Diff: 0.0, Sum: 0.1]
      [GC Worker Total (ms): Min: 10.4, Avg: 21.9, Max: 30.7, Diff: 20.3, Sum: 175.2]
      [GC Worker End (ms): Min: 3263885.5, Avg: 3263885.6, Max: 3263885.8, Diff: 0.3]
   [Code Root Fixup: 0.0 ms]
   [Code Root Purge: 0.0 ms]
   [Clear CT: 1.3 ms]
   [Other: 24.9 ms]
      [Choose CSet: 0.0 ms]
      [Ref Proc: 20.1 ms]
      [Ref Enq: 0.0 ms]
      [Redirty Cards: 3.6 ms]
      [Humongous Register: 0.1 ms]
      [Humongous Reclaim: 0.1 ms]
      [Free CSet: 0.2 ms]
   [Eden: 45056.0K(45056.0K)->0.0B(46080.0K) Survivors: 7168.0K->6144.0K Heap: 207.5M(1024.0M)->162.5M(1024.0M)]
 [Times: user=0.19 sys=0.00, real=0.06 secs] 
2022-11-23T16:36:08.153+0100: 3282.118: [GC pause (G1 Evacuation Pause) (young), 0.0613894 secs]
   [Parallel Time: 37.5 ms, GC Workers: 8]
      [GC Worker Start (ms): Min: 3282118.0, Avg: 3282127.9, Max: 3282129.7, Diff: 11.7]
      [Ext Root Scanning (ms): Min: 0.0, Avg: 0.4, Max: 3.3, Diff: 3.3, Sum: 3.4]
      [Update RS (ms): Min: 0.0, Avg: 1.3, Max: 8.0, Diff: 8.0, Sum: 10.1]
         [Processed Buffers: Min: 0, Avg: 5.9, Max: 21, Diff: 21, Sum: 47]
      [Scan RS (ms): Min: 0.0, Avg: 0.0, Max: 0.0, Diff: 0.0, Sum: 0.1]
      [Code Root Scanning (ms): Min: 0.0, Avg: 0.0, Max: 0.0, Diff: 0.0, Sum: 0.0]
      [Object Copy (ms): Min: 12.9, Avg: 15.7, Max: 25.0, Diff: 12.1, Sum: 125.7]
      [Termination (ms): Min: 0.0, Avg: 9.2, Max: 12.0, Diff: 12.0, Sum: 73.8]
         [Termination Attempts: Min: 2, Avg: 3.8, Max: 8, Diff: 6, Sum: 30]
      [GC Worker Other (ms): Min: 0.0, Avg: 0.0, Max: 0.1, Diff: 0.1, Sum: 0.2]
      [GC Worker Total (ms): Min: 24.8, Avg: 26.6, Max: 36.5, Diff: 11.7, Sum: 213.2]
      [GC Worker End (ms): Min: 3282154.5, Avg: 3282154.5, Max: 3282154.6, Diff: 0.1]
   [Code Root Fixup: 0.0 ms]
   [Code Root Purge: 0.0 ms]
   [Clear CT: 1.2 ms]
   [Other: 22.7 ms]
      [Choose CSet: 0.0 ms]
      [Ref Proc: 21.0 ms]
      [Ref Enq: 0.0 ms]
      [Redirty Cards: 1.0 ms]
      [Humongous Register: 0.1 ms]
      [Humongous Reclaim: 0.1 ms]
      [Free CSet: 0.1 ms]
   [Eden: 46080.0K(46080.0K)->0.0B(45056.0K) Survivors: 6144.0K->7168.0K Heap: 207.5M(1024.0M)->164.6M(1024.0M)]
 [Times: user=0.17 sys=0.01, real=0.06 secs] 
2022-11-23T16:36:33.261+0100: 3307.225: [GC pause (G1 Evacuation Pause) (young), 0.1574159 secs]
   [Parallel Time: 100.1 ms, GC Workers: 8]
      [GC Worker Start (ms): Min: 3307226.5, Avg: 3307273.9, Max: 3307315.1, Diff: 88.6]
      [Ext Root Scanning (ms): Min: 0.0, Avg: 0.6, Max: 2.6, Diff: 2.6, Sum: 5.2]
      [Update RS (ms): Min: 0.0, Avg: 10.4, Max: 30.1, Diff: 30.1, Sum: 83.1]
         [Processed Buffers: Min: 0, Avg: 5.8, Max: 23, Diff: 23, Sum: 46]
      [Scan RS (ms): Min: 0.0, Avg: 0.0, Max: 0.0, Diff: 0.0, Sum: 0.1]
      [Code Root Scanning (ms): Min: 0.0, Avg: 0.0, Max: 0.0, Diff: 0.0, Sum: 0.0]
      [Object Copy (ms): Min: 0.0, Avg: 19.9, Max: 46.4, Diff: 46.4, Sum: 159.0]
      [Termination (ms): Min: 0.0, Avg: 14.0, Max: 30.1, Diff: 30.1, Sum: 111.9]
         [Termination Attempts: Min: 1, Avg: 1.1, Max: 2, Diff: 1, Sum: 9]
      [GC Worker Other (ms): Min: 0.0, Avg: 0.0, Max: 0.0, Diff: 0.0, Sum: 0.1]
      [GC Worker Total (ms): Min: 0.0, Avg: 44.9, Max: 98.8, Diff: 98.8, Sum: 359.4]
      [GC Worker End (ms): Min: 3307315.1, Avg: 3307318.8, Max: 3307325.4, Diff: 10.3]
   [Code Root Fixup: 0.0 ms]
   [Code Root Purge: 0.0 ms]
   [Clear CT: 18.7 ms]
   [Other: 38.6 ms]
      [Choose CSet: 0.0 ms]
      [Ref Proc: 36.9 ms]
      [Ref Enq: 0.0 ms]
      [Redirty Cards: 0.3 ms]
      [Humongous Register: 0.4 ms]
      [Humongous Reclaim: 0.1 ms]
      [Free CSet: 0.1 ms]
   [Eden: 45056.0K(45056.0K)->0.0B(46080.0K) Survivors: 7168.0K->6144.0K Heap: 208.6M(1024.0M)->163.4M(1024.0M)]
 [Times: user=0.26 sys=0.09, real=0.16 secs] 
2022-11-23T16:36:54.568+0100: 3328.532: [GC pause (G1 Evacuation Pause) (young), 0.0744138 secs]
   [Parallel Time: 52.9 ms, GC Workers: 8]
      [GC Worker Start (ms): Min: 3328533.0, Avg: 3328549.6, Max: 3328566.4, Diff: 33.5]
      [Ext Root Scanning (ms): Min: 0.0, Avg: 0.5, Max: 1.6, Diff: 1.5, Sum: 3.9]
      [Update RS (ms): Min: 0.0, Avg: 1.9, Max: 8.5, Diff: 8.5, Sum: 15.5]
         [Processed Buffers: Min: 0, Avg: 6.1, Max: 29, Diff: 29, Sum: 49]
      [Scan RS (ms): Min: 0.0, Avg: 0.0, Max: 0.1, Diff: 0.1, Sum: 0.1]
      [Code Root Scanning (ms): Min: 0.0, Avg: 0.0, Max: 0.0, Diff: 0.0, Sum: 0.0]
      [Object Copy (ms): Min: 0.0, Avg: 21.6, Max: 43.0, Diff: 43.0, Sum: 173.1]
      [Termination (ms): Min: 0.0, Avg: 11.9, Max: 19.5, Diff: 19.5, Sum: 95.5]
         [Termination Attempts: Min: 1, Avg: 1.1, Max: 2, Diff: 1, Sum: 9]
      [GC Worker Other (ms): Min: 0.0, Avg: 0.0, Max: 0.0, Diff: 0.0, Sum: 0.2]
      [GC Worker Total (ms): Min: 19.3, Avg: 36.0, Max: 52.7, Diff: 33.4, Sum: 288.4]
      [GC Worker End (ms): Min: 3328585.7, Avg: 3328585.7, Max: 3328585.7, Diff: 0.1]
   [Code Root Fixup: 0.0 ms]
   [Code Root Purge: 0.0 ms]
   [Clear CT: 0.5 ms]
   [Other: 21.0 ms]
      [Choose CSet: 0.0 ms]
      [Ref Proc: 11.2 ms]
      [Ref Enq: 0.0 ms]
      [Redirty Cards: 8.8 ms]
      [Humongous Register: 0.3 ms]
      [Humongous Reclaim: 0.1 ms]
      [Free CSet: 0.1 ms]
   [Eden: 46080.0K(46080.0K)->0.0B(46080.0K) Survivors: 6144.0K->6144.0K Heap: 208.4M(1024.0M)->163.8M(1024.0M)]
 [Times: user=0.13 sys=0.00, real=0.08 secs] 
2022-11-23T16:37:22.580+0100: 3356.545: [GC pause (G1 Evacuation Pause) (young), 0.0288890 secs]
   [Parallel Time: 23.5 ms, GC Workers: 8]
      [GC Worker Start (ms): Min: 3356545.7, Avg: 3356557.2, Max: 3356565.5, Diff: 19.8]
      [Ext Root Scanning (ms): Min: 0.0, Avg: 0.7, Max: 5.2, Diff: 5.2, Sum: 5.4]
      [Update RS (ms): Min: 0.0, Avg: 3.0, Max: 16.9, Diff: 16.9, Sum: 23.8]
         [Processed Buffers: Min: 0, Avg: 6.0, Max: 13, Diff: 13, Sum: 48]
      [Scan RS (ms): Min: 0.0, Avg: 0.0, Max: 0.0, Diff: 0.0, Sum: 0.1]
      [Code Root Scanning (ms): Min: 0.0, Avg: 0.2, Max: 1.2, Diff: 1.2, Sum: 1.5]
      [Object Copy (ms): Min: 0.4, Avg: 6.9, Max: 10.5, Diff: 10.1, Sum: 55.0]
      [Termination (ms): Min: 0.0, Avg: 0.4, Max: 1.1, Diff: 1.1, Sum: 2.9]
         [Termination Attempts: Min: 1, Avg: 6.1, Max: 12, Diff: 11, Sum: 49]
      [GC Worker Other (ms): Min: 0.0, Avg: 0.0, Max: 0.0, Diff: 0.0, Sum: 0.1]
      [GC Worker Total (ms): Min: 2.8, Avg: 11.1, Max: 22.4, Diff: 19.7, Sum: 88.8]
      [GC Worker End (ms): Min: 3356568.2, Avg: 3356568.3, Max: 3356568.9, Diff: 0.7]
   [Code Root Fixup: 0.0 ms]
   [Code Root Purge: 0.0 ms]
   [Clear CT: 1.3 ms]
   [Other: 4.1 ms]
      [Choose CSet: 0.0 ms]
      [Ref Proc: 1.7 ms]
      [Ref Enq: 0.0 ms]
      [Redirty Cards: 1.0 ms]
      [Humongous Register: 0.6 ms]
      [Humongous Reclaim: 0.1 ms]
      [Free CSet: 0.1 ms]
   [Eden: 46080.0K(46080.0K)->0.0B(45056.0K) Survivors: 6144.0K->7168.0K Heap: 208.8M(1024.0M)->165.3M(1024.0M)]
 [Times: user=0.09 sys=0.00, real=0.03 secs] 
2022-11-23T16:37:38.525+0100: 3372.490: [GC pause (G1 Evacuation Pause) (young), 0.0466195 secs]
   [Parallel Time: 27.0 ms, GC Workers: 8]
      [GC Worker Start (ms): Min: 3372490.3, Avg: 3372498.2, Max: 3372505.7, Diff: 15.3]
      [Ext Root Scanning (ms): Min: 0.0, Avg: 0.5, Max: 1.9, Diff: 1.9, Sum: 3.8]
      [Update RS (ms): Min: 0.0, Avg: 3.1, Max: 15.5, Diff: 15.5, Sum: 24.7]
         [Processed Buffers: Min: 0, Avg: 5.9, Max: 23, Diff: 23, Sum: 47]
      [Scan RS (ms): Min: 0.0, Avg: 0.0, Max: 0.0, Diff: 0.0, Sum: 0.1]
      [Code Root Scanning (ms): Min: 0.0, Avg: 0.0, Max: 0.0, Diff: 0.0, Sum: 0.0]
      [Object Copy (ms): Min: 0.2, Avg: 7.1, Max: 18.6, Diff: 18.4, Sum: 56.8]
      [Termination (ms): Min: 0.0, Avg: 7.3, Max: 9.9, Diff: 9.9, Sum: 58.1]
         [Termination Attempts: Min: 1, Avg: 11.9, Max: 29, Diff: 28, Sum: 95]
      [GC Worker Other (ms): Min: 0.0, Avg: 0.0, Max: 0.0, Diff: 0.0, Sum: 0.1]
      [GC Worker Total (ms): Min: 10.4, Avg: 17.9, Max: 25.7, Diff: 15.3, Sum: 143.6]
      [GC Worker End (ms): Min: 3372516.0, Avg: 3372516.2, Max: 3372517.0, Diff: 0.9]
   [Code Root Fixup: 0.0 ms]
   [Code Root Purge: 0.0 ms]
   [Clear CT: 1.0 ms]
   [Other: 18.6 ms]
      [Choose CSet: 0.0 ms]
      [Ref Proc: 16.8 ms]
      [Ref Enq: 0.0 ms]
      [Redirty Cards: 1.2 ms]
      [Humongous Register: 0.1 ms]
      [Humongous Reclaim: 0.0 ms]
      [Free CSet: 0.0 ms]
   [Eden: 45056.0K(45056.0K)->0.0B(46080.0K) Survivors: 7168.0K->6144.0K Heap: 209.3M(1024.0M)->164.6M(1024.0M)]
 [Times: user=0.14 sys=0.02, real=0.05 secs] 
2022-11-23T16:37:54.543+0100: 3388.508: [GC pause (G1 Evacuation Pause) (young), 0.0288670 secs]
   [Parallel Time: 23.8 ms, GC Workers: 8]
      [GC Worker Start (ms): Min: 3388508.0, Avg: 3388516.9, Max: 3388525.8, Diff: 17.7]
      [Ext Root Scanning (ms): Min: 0.0, Avg: 0.5, Max: 2.2, Diff: 2.2, Sum: 4.4]
      [Update RS (ms): Min: 0.0, Avg: 1.1, Max: 4.6, Diff: 4.6, Sum: 9.2]
         [Processed Buffers: Min: 0, Avg: 5.6, Max: 29, Diff: 29, Sum: 45]
      [Scan RS (ms): Min: 0.0, Avg: 0.0, Max: 0.1, Diff: 0.1, Sum: 0.2]
      [Code Root Scanning (ms): Min: 0.0, Avg: 0.0, Max: 0.1, Diff: 0.1, Sum: 0.1]
      [Object Copy (ms): Min: 1.4, Avg: 9.6, Max: 16.6, Diff: 15.2, Sum: 76.5]
      [Termination (ms): Min: 0.0, Avg: 3.4, Max: 4.4, Diff: 4.4, Sum: 27.0]
         [Termination Attempts: Min: 1, Avg: 1.9, Max: 4, Diff: 3, Sum: 15]
      [GC Worker Other (ms): Min: 0.0, Avg: 0.0, Max: 0.0, Diff: 0.0, Sum: 0.1]
      [GC Worker Total (ms): Min: 5.9, Avg: 14.7, Max: 23.5, Diff: 17.7, Sum: 117.4]
      [GC Worker End (ms): Min: 3388531.6, Avg: 3388531.6, Max: 3388531.6, Diff: 0.1]
   [Code Root Fixup: 0.0 ms]
   [Code Root Purge: 0.0 ms]
   [Clear CT: 1.0 ms]
   [Other: 4.1 ms]
      [Choose CSet: 0.0 ms]
      [Ref Proc: 2.2 ms]
      [Ref Enq: 0.0 ms]
      [Redirty Cards: 1.3 ms]
      [Humongous Register: 0.1 ms]
      [Humongous Reclaim: 0.1 ms]
      [Free CSet: 0.0 ms]
   [Eden: 46080.0K(46080.0K)->0.0B(45056.0K) Survivors: 6144.0K->7168.0K Heap: 209.6M(1024.0M)->165.9M(1024.0M)]
 [Times: user=0.09 sys=0.02, real=0.03 secs] 
2022-11-23T16:38:09.467+0100: 3403.432: [GC pause (G1 Evacuation Pause) (young), 0.0217058 secs]
   [Parallel Time: 17.8 ms, GC Workers: 8]
      [GC Worker Start (ms): Min: 3403432.0, Avg: 3403437.5, Max: 3403440.2, Diff: 8.2]
      [Ext Root Scanning (ms): Min: 0.0, Avg: 0.4, Max: 1.6, Diff: 1.6, Sum: 3.1]
      [Update RS (ms): Min: 0.0, Avg: 1.2, Max: 3.9, Diff: 3.9, Sum: 9.8]
         [Processed Buffers: Min: 0, Avg: 5.8, Max: 22, Diff: 22, Sum: 46]
      [Scan RS (ms): Min: 0.0, Avg: 0.0, Max: 0.0, Diff: 0.0, Sum: 0.1]
      [Code Root Scanning (ms): Min: 0.0, Avg: 0.0, Max: 0.0, Diff: 0.0, Sum: 0.0]
      [Object Copy (ms): Min: 6.7, Avg: 7.8, Max: 9.7, Diff: 3.0, Sum: 62.7]
      [Termination (ms): Min: 0.0, Avg: 0.5, Max: 2.0, Diff: 2.0, Sum: 4.1]
         [Termination Attempts: Min: 1, Avg: 1.5, Max: 3, Diff: 2, Sum: 12]
      [GC Worker Other (ms): Min: 0.0, Avg: 0.0, Max: 0.0, Diff: 0.0, Sum: 0.1]
      [GC Worker Total (ms): Min: 7.1, Avg: 10.0, Max: 17.0, Diff: 9.8, Sum: 80.0]
      [GC Worker End (ms): Min: 3403447.3, Avg: 3403447.5, Max: 3403449.0, Diff: 1.7]
   [Code Root Fixup: 0.0 ms]
   [Code Root Purge: 0.0 ms]
   [Clear CT: 0.8 ms]
   [Other: 3.1 ms]
      [Choose CSet: 0.0 ms]
      [Ref Proc: 1.6 ms]
      [Ref Enq: 0.0 ms]
      [Redirty Cards: 0.7 ms]
      [Humongous Register: 0.1 ms]
      [Humongous Reclaim: 0.0 ms]
      [Free CSet: 0.0 ms]
   [Eden: 45056.0K(45056.0K)->0.0B(46080.0K) Survivors: 7168.0K->6144.0K Heap: 209.9M(1024.0M)->165.1M(1024.0M)]
 [Times: user=0.08 sys=0.00, real=0.02 secs] 
2022-11-23T16:38:29.648+0100: 3423.612: [GC pause (G1 Evacuation Pause) (young), 0.0490112 secs]
   [Parallel Time: 41.6 ms, GC Workers: 8]
      [GC Worker Start (ms): Min: 3423612.9, Avg: 3423622.2, Max: 3423635.2, Diff: 22.3]
      [Ext Root Scanning (ms): Min: 0.0, Avg: 0.5, Max: 1.6, Diff: 1.6, Sum: 4.1]
      [Update RS (ms): Min: 0.0, Avg: 1.7, Max: 4.6, Diff: 4.6, Sum: 13.7]
         [Processed Buffers: Min: 0, Avg: 5.8, Max: 28, Diff: 28, Sum: 46]
      [Scan RS (ms): Min: 0.0, Avg: 0.0, Max: 0.0, Diff: 0.0, Sum: 0.1]
      [Code Root Scanning (ms): Min: 0.0, Avg: 0.0, Max: 0.0, Diff: 0.0, Sum: 0.1]
      [Object Copy (ms): Min: 0.0, Avg: 16.5, Max: 34.5, Diff: 34.5, Sum: 131.9]
      [Termination (ms): Min: 0.0, Avg: 12.7, Max: 18.9, Diff: 18.9, Sum: 101.5]
         [Termination Attempts: Min: 1, Avg: 2.6, Max: 6, Diff: 5, Sum: 21]
      [GC Worker Other (ms): Min: 0.0, Avg: 0.0, Max: 0.0, Diff: 0.0, Sum: 0.1]
      [GC Worker Total (ms): Min: 18.4, Avg: 31.4, Max: 40.7, Diff: 22.3, Sum: 251.4]
      [GC Worker End (ms): Min: 3423653.6, Avg: 3423653.6, Max: 3423653.7, Diff: 0.1]
   [Code Root Fixup: 0.0 ms]
   [Code Root Purge: 0.0 ms]
   [Clear CT: 1.3 ms]
   [Other: 6.1 ms]
      [Choose CSet: 0.0 ms]
      [Ref Proc: 4.1 ms]
      [Ref Enq: 0.0 ms]
      [Redirty Cards: 1.3 ms]
      [Humongous Register: 0.2 ms]
      [Humongous Reclaim: 0.1 ms]
      [Free CSet: 0.1 ms]
   [Eden: 46080.0K(46080.0K)->0.0B(45056.0K) Survivors: 6144.0K->7168.0K Heap: 210.1M(1024.0M)->166.4M(1024.0M)]
 [Times: user=0.12 sys=0.00, real=0.05 secs] 
2022-11-23T16:38:45.362+0100: 3439.327: [GC pause (G1 Evacuation Pause) (young), 0.0230940 secs]
   [Parallel Time: 18.8 ms, GC Workers: 8]
      [GC Worker Start (ms): Min: 3439327.1, Avg: 3439334.9, Max: 3439344.9, Diff: 17.8]
      [Ext Root Scanning (ms): Min: 0.0, Avg: 0.5, Max: 1.5, Diff: 1.5, Sum: 4.2]
      [Update RS (ms): Min: 0.0, Avg: 1.7, Max: 4.6, Diff: 4.6, Sum: 13.7]
         [Processed Buffers: Min: 0, Avg: 5.4, Max: 20, Diff: 20, Sum: 43]
      [Scan RS (ms): Min: 0.0, Avg: 0.0, Max: 0.0, Diff: 0.0, Sum: 0.1]
      [Code Root Scanning (ms): Min: 0.0, Avg: 0.0, Max: 0.1, Diff: 0.1, Sum: 0.1]
      [Object Copy (ms): Min: 0.0, Avg: 7.6, Max: 12.2, Diff: 12.2, Sum: 61.0]
      [Termination (ms): Min: 0.0, Avg: 0.7, Max: 1.0, Diff: 1.0, Sum: 5.7]
         [Termination Attempts: Min: 1, Avg: 1.1, Max: 2, Diff: 1, Sum: 9]
      [GC Worker Other (ms): Min: 0.0, Avg: 0.0, Max: 0.0, Diff: 0.0, Sum: 0.1]
      [GC Worker Total (ms): Min: 0.6, Avg: 10.6, Max: 18.4, Diff: 17.8, Sum: 85.0]
      [GC Worker End (ms): Min: 3439345.5, Avg: 3439345.5, Max: 3439345.5, Diff: 0.0]
   [Code Root Fixup: 0.0 ms]
   [Code Root Purge: 0.0 ms]
   [Clear CT: 0.8 ms]
   [Other: 3.5 ms]
      [Choose CSet: 0.0 ms]
      [Ref Proc: 1.8 ms]
      [Ref Enq: 0.0 ms]
      [Redirty Cards: 0.9 ms]
      [Humongous Register: 0.2 ms]
      [Humongous Reclaim: 0.0 ms]
      [Free CSet: 0.1 ms]
   [Eden: 45056.0K(45056.0K)->0.0B(46080.0K) Survivors: 7168.0K->6144.0K Heap: 210.4M(1024.0M)->165.7M(1024.0M)]
 [Times: user=0.07 sys=0.00, real=0.02 secs] 
2022-11-23T16:39:00.548+0100: 3454.513: [GC pause (G1 Evacuation Pause) (young), 0.0180132 secs]
   [Parallel Time: 14.1 ms, GC Workers: 8]
      [GC Worker Start (ms): Min: 3454513.0, Avg: 3454515.6, Max: 3454522.7, Diff: 9.7]
      [Ext Root Scanning (ms): Min: 0.0, Avg: 0.6, Max: 1.2, Diff: 1.2, Sum: 4.5]
      [Update RS (ms): Min: 0.0, Avg: 1.6, Max: 2.3, Diff: 2.3, Sum: 13.0]
         [Processed Buffers: Min: 0, Avg: 5.5, Max: 17, Diff: 17, Sum: 44]
      [Scan RS (ms): Min: 0.0, Avg: 0.0, Max: 0.0, Diff: 0.0, Sum: 0.1]
      [Code Root Scanning (ms): Min: 0.0, Avg: 0.0, Max: 0.1, Diff: 0.1, Sum: 0.1]
      [Object Copy (ms): Min: 0.0, Avg: 4.7, Max: 6.3, Diff: 6.3, Sum: 37.7]
      [Termination (ms): Min: 0.0, Avg: 0.8, Max: 4.2, Diff: 4.2, Sum: 6.1]
         [Termination Attempts: Min: 1, Avg: 1.0, Max: 1, Diff: 0, Sum: 8]
      [GC Worker Other (ms): Min: 0.0, Avg: 0.0, Max: 0.0, Diff: 0.0, Sum: 0.1]
      [GC Worker Total (ms): Min: 0.0, Avg: 7.7, Max: 13.6, Diff: 13.5, Sum: 61.5]
      [GC Worker End (ms): Min: 3454522.8, Avg: 3454523.3, Max: 3454526.6, Diff: 3.9]
   [Code Root Fixup: 0.0 ms]
   [Code Root Purge: 0.0 ms]
   [Clear CT: 0.8 ms]
   [Other: 3.0 ms]
      [Choose CSet: 0.0 ms]
      [Ref Proc: 1.7 ms]
      [Ref Enq: 0.0 ms]
      [Redirty Cards: 0.8 ms]
      [Humongous Register: 0.0 ms]
      [Humongous Reclaim: 0.0 ms]
      [Free CSet: 0.0 ms]
   [Eden: 46080.0K(46080.0K)->0.0B(45056.0K) Survivors: 6144.0K->7168.0K Heap: 210.7M(1024.0M)->166.6M(1024.0M)]
 [Times: user=0.07 sys=0.00, real=0.02 secs] 
2022-11-23T16:39:14.338+0100: 3468.303: [GC pause (G1 Evacuation Pause) (young), 0.0388146 secs]
   [Parallel Time: 31.3 ms, GC Workers: 8]
      [GC Worker Start (ms): Min: 3468303.1, Avg: 3468315.1, Max: 3468326.4, Diff: 23.3]
      [Ext Root Scanning (ms): Min: 0.0, Avg: 0.4, Max: 1.6, Diff: 1.6, Sum: 3.1]
      [Update RS (ms): Min: 0.0, Avg: 1.9, Max: 7.5, Diff: 7.5, Sum: 14.9]
         [Processed Buffers: Min: 0, Avg: 5.5, Max: 35, Diff: 35, Sum: 44]
      [Scan RS (ms): Min: 0.0, Avg: 0.0, Max: 0.0, Diff: 0.0, Sum: 0.1]
      [Code Root Scanning (ms): Min: 0.0, Avg: 0.0, Max: 0.1, Diff: 0.1, Sum: 0.1]
      [Object Copy (ms): Min: 0.0, Avg: 10.1, Max: 17.4, Diff: 17.4, Sum: 80.7]
      [Termination (ms): Min: 0.0, Avg: 5.4, Max: 6.7, Diff: 6.7, Sum: 43.0]
         [Termination Attempts: Min: 1, Avg: 2.6, Max: 6, Diff: 5, Sum: 21]
      [GC Worker Other (ms): Min: 0.0, Avg: 0.0, Max: 0.0, Diff: 0.0, Sum: 0.1]
      [GC Worker Total (ms): Min: 6.4, Avg: 17.8, Max: 29.8, Diff: 23.4, Sum: 142.1]
      [GC Worker End (ms): Min: 3468332.9, Avg: 3468332.9, Max: 3468333.0, Diff: 0.1]
   [Code Root Fixup: 0.0 ms]
   [Code Root Purge: 0.0 ms]
   [Clear CT: 1.0 ms]
   [Other: 6.4 ms]
      [Choose CSet: 0.0 ms]
      [Ref Proc: 3.4 ms]
      [Ref Enq: 0.0 ms]
      [Redirty Cards: 2.3 ms]
      [Humongous Register: 0.1 ms]
      [Humongous Reclaim: 0.0 ms]
      [Free CSet: 0.1 ms]
   [Eden: 45056.0K(45056.0K)->0.0B(46080.0K) Survivors: 7168.0K->6144.0K Heap: 210.6M(1024.0M)->166.5M(1024.0M)]
 [Times: user=0.12 sys=0.00, real=0.04 secs] 
2022-11-23T16:39:30.462+0100: 3484.426: [GC pause (G1 Evacuation Pause) (young), 0.0284823 secs]
   [Parallel Time: 20.2 ms, GC Workers: 8]
      [GC Worker Start (ms): Min: 3484426.7, Avg: 3484435.2, Max: 3484442.3, Diff: 15.5]
      [Ext Root Scanning (ms): Min: 0.0, Avg: 0.6, Max: 2.3, Diff: 2.3, Sum: 4.6]
      [Update RS (ms): Min: 0.0, Avg: 3.3, Max: 16.5, Diff: 16.5, Sum: 26.6]
         [Processed Buffers: Min: 0, Avg: 5.6, Max: 15, Diff: 15, Sum: 45]
      [Scan RS (ms): Min: 0.0, Avg: 0.0, Max: 0.0, Diff: 0.0, Sum: 0.1]
      [Code Root Scanning (ms): Min: 0.0, Avg: 0.0, Max: 0.1, Diff: 0.1, Sum: 0.1]
      [Object Copy (ms): Min: 0.1, Avg: 5.6, Max: 8.2, Diff: 8.1, Sum: 44.9]
      [Termination (ms): Min: 0.0, Avg: 1.0, Max: 2.1, Diff: 2.1, Sum: 8.2]
         [Termination Attempts: Min: 1, Avg: 13.4, Max: 27, Diff: 26, Sum: 107]
      [GC Worker Other (ms): Min: 0.0, Avg: 0.0, Max: 0.1, Diff: 0.0, Sum: 0.1]
      [GC Worker Total (ms): Min: 3.4, Avg: 10.6, Max: 19.0, Diff: 15.5, Sum: 84.6]
      [GC Worker End (ms): Min: 3484445.7, Avg: 3484445.8, Max: 3484446.6, Diff: 1.0]
   [Code Root Fixup: 0.0 ms]
   [Code Root Purge: 0.0 ms]
   [Clear CT: 0.8 ms]
   [Other: 7.4 ms]
      [Choose CSet: 0.0 ms]
      [Ref Proc: 6.3 ms]
      [Ref Enq: 0.0 ms]
      [Redirty Cards: 0.4 ms]
      [Humongous Register: 0.1 ms]
      [Humongous Reclaim: 0.1 ms]
      [Free CSet: 0.1 ms]
   [Eden: 46080.0K(46080.0K)->0.0B(45056.0K) Survivors: 6144.0K->7168.0K Heap: 211.5M(1024.0M)->168.0M(1024.0M)]
 [Times: user=0.11 sys=0.00, real=0.02 secs] 
2022-11-23T16:39:44.460+0100: 3498.424: [GC pause (G1 Evacuation Pause) (young), 0.0458752 secs]
   [Parallel Time: 34.3 ms, GC Workers: 8]
      [GC Worker Start (ms): Min: 3498424.5, Avg: 3498441.4, Max: 3498446.7, Diff: 22.2]
      [Ext Root Scanning (ms): Min: 0.0, Avg: 0.5, Max: 4.0, Diff: 4.0, Sum: 4.2]
      [Update RS (ms): Min: 0.0, Avg: 4.9, Max: 28.4, Diff: 28.4, Sum: 39.1]
         [Processed Buffers: Min: 0, Avg: 5.8, Max: 43, Diff: 43, Sum: 46]
      [Scan RS (ms): Min: 0.0, Avg: 0.0, Max: 0.1, Diff: 0.1, Sum: 0.1]
      [Code Root Scanning (ms): Min: 0.0, Avg: 0.0, Max: 0.1, Diff: 0.1, Sum: 0.1]
      [Object Copy (ms): Min: 0.4, Avg: 10.6, Max: 14.4, Diff: 14.0, Sum: 84.4]
      [Termination (ms): Min: 0.0, Avg: 0.2, Max: 0.2, Diff: 0.2, Sum: 1.4]
         [Termination Attempts: Min: 1, Avg: 4.2, Max: 9, Diff: 8, Sum: 34]
      [GC Worker Other (ms): Min: 0.0, Avg: 0.0, Max: 0.0, Diff: 0.0, Sum: 0.1]
      [GC Worker Total (ms): Min: 10.9, Avg: 16.2, Max: 33.1, Diff: 22.2, Sum: 129.5]
      [GC Worker End (ms): Min: 3498457.6, Avg: 3498457.6, Max: 3498457.6, Diff: 0.0]
   [Code Root Fixup: 0.0 ms]
   [Code Root Purge: 0.0 ms]
   [Clear CT: 1.0 ms]
   [Other: 10.6 ms]
      [Choose CSet: 0.0 ms]
      [Ref Proc: 9.1 ms]
      [Ref Enq: 0.0 ms]
      [Redirty Cards: 1.0 ms]
      [Humongous Register: 0.0 ms]
      [Humongous Reclaim: 0.1 ms]
      [Free CSet: 0.1 ms]
   [Eden: 45056.0K(45056.0K)->0.0B(45056.0K) Survivors: 7168.0K->7168.0K Heap: 212.0M(1024.0M)->167.6M(1024.0M)]
 [Times: user=0.11 sys=0.00, real=0.05 secs] 
2022-11-23T16:39:59.899+0100: 3513.864: [GC pause (G1 Evacuation Pause) (young), 0.0370722 secs]
   [Parallel Time: 16.9 ms, GC Workers: 8]
      [GC Worker Start (ms): Min: 3513864.4, Avg: 3513870.6, Max: 3513879.5, Diff: 15.1]
      [Ext Root Scanning (ms): Min: 0.0, Avg: 1.0, Max: 2.2, Diff: 2.2, Sum: 8.1]
      [Update RS (ms): Min: 0.0, Avg: 2.4, Max: 5.5, Diff: 5.5, Sum: 19.1]
         [Processed Buffers: Min: 0, Avg: 5.9, Max: 26, Diff: 26, Sum: 47]
      [Scan RS (ms): Min: 0.0, Avg: 0.0, Max: 0.0, Diff: 0.0, Sum: 0.1]
      [Code Root Scanning (ms): Min: 0.0, Avg: 0.0, Max: 0.1, Diff: 0.1, Sum: 0.1]
      [Object Copy (ms): Min: 0.0, Avg: 5.3, Max: 8.2, Diff: 8.2, Sum: 42.5]
      [Termination (ms): Min: 0.0, Avg: 0.4, Max: 1.0, Diff: 1.0, Sum: 3.0]
         [Termination Attempts: Min: 1, Avg: 1.0, Max: 1, Diff: 0, Sum: 8]
      [GC Worker Other (ms): Min: 0.0, Avg: 0.0, Max: 0.0, Diff: 0.0, Sum: 0.1]
      [GC Worker Total (ms): Min: 0.0, Avg: 9.1, Max: 15.6, Diff: 15.5, Sum: 73.1]
      [GC Worker End (ms): Min: 3513879.5, Avg: 3513879.7, Max: 3513880.3, Diff: 0.7]
   [Code Root Fixup: 0.0 ms]
   [Code Root Purge: 0.0 ms]
   [Clear CT: 1.2 ms]
   [Other: 19.0 ms]
      [Choose CSet: 0.0 ms]
      [Ref Proc: 17.5 ms]
      [Ref Enq: 0.0 ms]
      [Redirty Cards: 0.9 ms]
      [Humongous Register: 0.1 ms]
      [Humongous Reclaim: 0.0 ms]
      [Free CSet: 0.0 ms]
   [Eden: 45056.0K(45056.0K)->0.0B(45056.0K) Survivors: 7168.0K->7168.0K Heap: 211.6M(1024.0M)->168.0M(1024.0M)]
 [Times: user=0.14 sys=0.00, real=0.04 secs] 
2022-11-23T16:40:13.092+0100: 3527.056: [GC pause (G1 Evacuation Pause) (young), 0.0307295 secs]
   [Parallel Time: 16.7 ms, GC Workers: 8]
      [GC Worker Start (ms): Min: 3527056.8, Avg: 3527063.2, Max: 3527071.8, Diff: 15.0]
      [Ext Root Scanning (ms): Min: 0.0, Avg: 0.4, Max: 1.4, Diff: 1.4, Sum: 3.5]
      [Update RS (ms): Min: 0.0, Avg: 1.9, Max: 5.2, Diff: 5.2, Sum: 15.2]
         [Processed Buffers: Min: 0, Avg: 6.0, Max: 32, Diff: 32, Sum: 48]
      [Scan RS (ms): Min: 0.0, Avg: 0.0, Max: 0.0, Diff: 0.0, Sum: 0.1]
      [Code Root Scanning (ms): Min: 0.0, Avg: 0.1, Max: 0.3, Diff: 0.3, Sum: 0.5]
      [Object Copy (ms): Min: 0.0, Avg: 6.1, Max: 8.3, Diff: 8.3, Sum: 48.5]
      [Termination (ms): Min: 0.0, Avg: 0.5, Max: 1.4, Diff: 1.4, Sum: 3.8]
         [Termination Attempts: Min: 1, Avg: 1.0, Max: 1, Diff: 0, Sum: 8]
      [GC Worker Other (ms): Min: 0.0, Avg: 0.0, Max: 0.0, Diff: 0.0, Sum: 0.1]
      [GC Worker Total (ms): Min: 0.0, Avg: 9.0, Max: 15.8, Diff: 15.8, Sum: 71.7]
      [GC Worker End (ms): Min: 3527071.8, Avg: 3527072.1, Max: 3527073.0, Diff: 1.1]
   [Code Root Fixup: 0.0 ms]
   [Code Root Purge: 0.0 ms]
   [Clear CT: 1.0 ms]
   [Other: 13.0 ms]
      [Choose CSet: 0.0 ms]
      [Ref Proc: 9.7 ms]
      [Ref Enq: 0.0 ms]
      [Redirty Cards: 2.7 ms]
      [Humongous Register: 0.1 ms]
      [Humongous Reclaim: 0.0 ms]
      [Free CSet: 0.0 ms]
   [Eden: 45056.0K(45056.0K)->0.0B(45056.0K) Survivors: 7168.0K->7168.0K Heap: 212.0M(1024.0M)->168.4M(1024.0M)]
 [Times: user=0.09 sys=0.01, real=0.03 secs] 
2022-11-23T16:40:27.697+0100: 3541.662: [GC pause (G1 Evacuation Pause) (young), 0.0429680 secs]
   [Parallel Time: 35.2 ms, GC Workers: 8]
      [GC Worker Start (ms): Min: 3541662.4, Avg: 3541669.4, Max: 3541687.1, Diff: 24.7]
      [Ext Root Scanning (ms): Min: 0.0, Avg: 0.7, Max: 1.4, Diff: 1.4, Sum: 5.3]
      [Update RS (ms): Min: 0.0, Avg: 6.1, Max: 32.0, Diff: 32.0, Sum: 49.2]
         [Processed Buffers: Min: 0, Avg: 5.8, Max: 20, Diff: 20, Sum: 46]
      [Scan RS (ms): Min: 0.0, Avg: 0.0, Max: 0.0, Diff: 0.0, Sum: 0.1]
      [Code Root Scanning (ms): Min: 0.0, Avg: 0.0, Max: 0.1, Diff: 0.1, Sum: 0.2]
      [Object Copy (ms): Min: 0.0, Avg: 6.3, Max: 17.5, Diff: 17.5, Sum: 50.1]
      [Termination (ms): Min: 0.2, Avg: 13.6, Max: 19.7, Diff: 19.5, Sum: 109.2]
         [Termination Attempts: Min: 1, Avg: 14.5, Max: 31, Diff: 30, Sum: 116]
      [GC Worker Other (ms): Min: 0.0, Avg: 0.0, Max: 0.0, Diff: 0.0, Sum: 0.1]
      [GC Worker Total (ms): Min: 8.9, Avg: 26.8, Max: 34.1, Diff: 25.2, Sum: 214.2]
      [GC Worker End (ms): Min: 3541696.0, Avg: 3541696.1, Max: 3541696.8, Diff: 0.7]
   [Code Root Fixup: 0.0 ms]
   [Code Root Purge: 0.0 ms]
   [Clear CT: 1.1 ms]
   [Other: 6.6 ms]
      [Choose CSet: 0.0 ms]
      [Ref Proc: 4.2 ms]
      [Ref Enq: 0.0 ms]
      [Redirty Cards: 1.8 ms]
      [Humongous Register: 0.1 ms]
      [Humongous Reclaim: 0.0 ms]
      [Free CSet: 0.0 ms]
   [Eden: 45056.0K(45056.0K)->0.0B(45056.0K) Survivors: 7168.0K->7168.0K Heap: 212.4M(1024.0M)->169.3M(1024.0M)]
 [Times: user=0.17 sys=0.00, real=0.04 secs] 
2022-11-23T16:40:42.186+0100: 3556.151: [GC pause (G1 Evacuation Pause) (young), 0.0547424 secs]
   [Parallel Time: 50.2 ms, GC Workers: 8]
      [GC Worker Start (ms): Min: 3556151.4, Avg: 3556157.3, Max: 3556164.4, Diff: 13.0]
      [Ext Root Scanning (ms): Min: 0.0, Avg: 0.5, Max: 1.6, Diff: 1.6, Sum: 4.3]
      [Update RS (ms): Min: 0.0, Avg: 7.1, Max: 45.1, Diff: 45.1, Sum: 57.2]
         [Processed Buffers: Min: 0, Avg: 6.2, Max: 19, Diff: 19, Sum: 50]
      [Scan RS (ms): Min: 0.0, Avg: 0.0, Max: 0.1, Diff: 0.1, Sum: 0.2]
      [Code Root Scanning (ms): Min: 0.0, Avg: 0.0, Max: 0.1, Diff: 0.1, Sum: 0.2]
      [Object Copy (ms): Min: 0.0, Avg: 3.7, Max: 7.5, Diff: 7.5, Sum: 29.7]
      [Termination (ms): Min: 0.0, Avg: 29.5, Max: 35.1, Diff: 35.1, Sum: 236.4]
         [Termination Attempts: Min: 1, Avg: 13.4, Max: 36, Diff: 35, Sum: 107]
      [GC Worker Other (ms): Min: 0.0, Avg: 0.0, Max: 0.0, Diff: 0.0, Sum: 0.1]
      [GC Worker Total (ms): Min: 33.8, Avg: 41.0, Max: 46.8, Diff: 13.0, Sum: 328.0]
      [GC Worker End (ms): Min: 3556198.1, Avg: 3556198.3, Max: 3556199.1, Diff: 1.0]
   [Code Root Fixup: 0.0 ms]
   [Code Root Purge: 0.0 ms]
   [Clear CT: 1.1 ms]
   [Other: 3.4 ms]
      [Choose CSet: 0.0 ms]
      [Ref Proc: 1.6 ms]
      [Ref Enq: 0.0 ms]
      [Redirty Cards: 1.1 ms]
      [Humongous Register: 0.1 ms]
      [Humongous Reclaim: 0.1 ms]
      [Free CSet: 0.1 ms]
   [Eden: 45056.0K(45056.0K)->0.0B(45056.0K) Survivors: 7168.0K->7168.0K Heap: 213.3M(1024.0M)->168.9M(1024.0M)]
 [Times: user=0.27 sys=0.02, real=0.06 secs] 
2022-11-23T16:40:56.906+0100: 3570.871: [GC pause (G1 Evacuation Pause) (young), 0.0508184 secs]
   [Parallel Time: 43.1 ms, GC Workers: 8]
      [GC Worker Start (ms): Min: 3570871.5, Avg: 3570885.6, Max: 3570893.9, Diff: 22.5]
      [Ext Root Scanning (ms): Min: 0.0, Avg: 0.5, Max: 1.8, Diff: 1.8, Sum: 4.3]
      [Update RS (ms): Min: 0.0, Avg: 6.2, Max: 40.6, Diff: 40.6, Sum: 49.5]
         [Processed Buffers: Min: 0, Avg: 5.8, Max: 30, Diff: 30, Sum: 46]
      [Scan RS (ms): Min: 0.0, Avg: 4.4, Max: 16.4, Diff: 16.4, Sum: 35.0]
      [Code Root Scanning (ms): Min: 0.0, Avg: 0.0, Max: 0.1, Diff: 0.1, Sum: 0.1]
      [Object Copy (ms): Min: 0.1, Avg: 5.7, Max: 6.7, Diff: 6.6, Sum: 45.5]
      [Termination (ms): Min: 0.0, Avg: 11.6, Max: 13.7, Diff: 13.6, Sum: 93.0]
         [Termination Attempts: Min: 1, Avg: 24.9, Max: 35, Diff: 34, Sum: 199]
      [GC Worker Other (ms): Min: 0.0, Avg: 0.0, Max: 0.0, Diff: 0.0, Sum: 0.1]
      [GC Worker Total (ms): Min: 20.0, Avg: 28.4, Max: 42.5, Diff: 22.5, Sum: 227.4]
      [GC Worker End (ms): Min: 3570914.0, Avg: 3570914.0, Max: 3570914.0, Diff: 0.0]
   [Code Root Fixup: 0.0 ms]
   [Code Root Purge: 0.0 ms]
   [Clear CT: 1.6 ms]
   [Other: 6.1 ms]
      [Choose CSet: 0.0 ms]
      [Ref Proc: 4.5 ms]
      [Ref Enq: 0.0 ms]
      [Redirty Cards: 1.0 ms]
      [Humongous Register: 0.0 ms]
      [Humongous Reclaim: 0.1 ms]
      [Free CSet: 0.0 ms]
   [Eden: 45056.0K(45056.0K)->0.0B(45056.0K) Survivors: 7168.0K->7168.0K Heap: 212.9M(1024.0M)->170.1M(1024.0M)]
 [Times: user=0.22 sys=0.00, real=0.05 secs] 
2022-11-23T16:41:11.009+0100: 3584.973: [GC pause (G1 Evacuation Pause) (young), 0.0314404 secs]
   [Parallel Time: 23.1 ms, GC Workers: 8]
      [GC Worker Start (ms): Min: 3584973.5, Avg: 3584981.4, Max: 3584988.0, Diff: 14.5]
      [Ext Root Scanning (ms): Min: 0.0, Avg: 0.5, Max: 1.5, Diff: 1.5, Sum: 4.1]
      [Update RS (ms): Min: 0.0, Avg: 1.3, Max: 3.6, Diff: 3.6, Sum: 10.6]
         [Processed Buffers: Min: 0, Avg: 6.2, Max: 21, Diff: 21, Sum: 50]
      [Scan RS (ms): Min: 0.0, Avg: 0.4, Max: 1.0, Diff: 1.0, Sum: 2.8]
      [Code Root Scanning (ms): Min: 0.0, Avg: 0.0, Max: 0.2, Diff: 0.2, Sum: 0.2]
      [Object Copy (ms): Min: 0.0, Avg: 5.1, Max: 14.9, Diff: 14.9, Sum: 41.2]
      [Termination (ms): Min: 0.0, Avg: 5.7, Max: 6.8, Diff: 6.8, Sum: 45.9]
         [Termination Attempts: Min: 1, Avg: 1.4, Max: 2, Diff: 1, Sum: 11]
      [GC Worker Other (ms): Min: 0.0, Avg: 0.6, Max: 2.0, Diff: 1.9, Sum: 4.5]
      [GC Worker Total (ms): Min: 6.5, Avg: 13.7, Max: 22.9, Diff: 16.4, Sum: 109.3]
      [GC Worker End (ms): Min: 3584994.5, Avg: 3584995.1, Max: 3584996.6, Diff: 2.0]
   [Code Root Fixup: 0.0 ms]
   [Code Root Purge: 0.0 ms]
   [Clear CT: 1.0 ms]
   [Other: 7.3 ms]
      [Choose CSet: 0.0 ms]
      [Ref Proc: 4.4 ms]
      [Ref Enq: 0.0 ms]
      [Redirty Cards: 2.2 ms]
      [Humongous Register: 0.1 ms]
      [Humongous Reclaim: 0.1 ms]
      [Free CSet: 0.1 ms]
   [Eden: 45056.0K(45056.0K)->0.0B(45056.0K) Survivors: 7168.0K->7168.0K Heap: 214.1M(1024.0M)->169.9M(1024.0M)]
 [Times: user=0.07 sys=0.04, real=0.03 secs] 
2022-11-23T16:41:25.324+0100: 3599.289: [GC pause (G1 Evacuation Pause) (young), 0.0602233 secs]
   [Parallel Time: 45.0 ms, GC Workers: 8]
      [GC Worker Start (ms): Min: 3599289.6, Avg: 3599307.6, Max: 3599325.7, Diff: 36.1]
      [Ext Root Scanning (ms): Min: 0.0, Avg: 0.5, Max: 1.2, Diff: 1.2, Sum: 3.9]
      [Update RS (ms): Min: 0.0, Avg: 1.4, Max: 2.9, Diff: 2.9, Sum: 11.3]
         [Processed Buffers: Min: 0, Avg: 5.6, Max: 14, Diff: 14, Sum: 45]
      [Scan RS (ms): Min: 0.0, Avg: 5.3, Max: 40.2, Diff: 40.2, Sum: 42.4]
      [Code Root Scanning (ms): Min: 0.0, Avg: 0.0, Max: 0.1, Diff: 0.1, Sum: 0.1]
      [Object Copy (ms): Min: 0.0, Avg: 7.2, Max: 31.4, Diff: 31.4, Sum: 57.7]
      [Termination (ms): Min: 0.0, Avg: 11.8, Max: 26.6, Diff: 26.6, Sum: 94.2]
         [Termination Attempts: Min: 1, Avg: 2.5, Max: 6, Diff: 5, Sum: 20]
      [GC Worker Other (ms): Min: 0.0, Avg: 0.0, Max: 0.0, Diff: 0.0, Sum: 0.1]
      [GC Worker Total (ms): Min: 8.1, Avg: 26.2, Max: 44.2, Diff: 36.1, Sum: 209.5]
      [GC Worker End (ms): Min: 3599333.7, Avg: 3599333.8, Max: 3599334.2, Diff: 0.4]
   [Code Root Fixup: 0.0 ms]
   [Code Root Purge: 0.0 ms]
   [Clear CT: 1.0 ms]
   [Other: 14.2 ms]
      [Choose CSet: 0.0 ms]
      [Ref Proc: 10.1 ms]
      [Ref Enq: 0.0 ms]
      [Redirty Cards: 3.3 ms]
      [Humongous Register: 0.1 ms]
      [Humongous Reclaim: 0.0 ms]
      [Free CSet: 0.1 ms]
   [Eden: 45056.0K(45056.0K)->0.0B(46080.0K) Survivors: 7168.0K->6144.0K Heap: 213.9M(1024.0M)->169.6M(1024.0M)]
 [Times: user=0.16 sys=0.04, real=0.06 secs] 
2022-11-23T16:41:40.145+0100: 3614.110: [GC pause (G1 Evacuation Pause) (young), 0.0420968 secs]
   [Parallel Time: 28.6 ms, GC Workers: 8]
      [GC Worker Start (ms): Min: 3614110.3, Avg: 3614119.6, Max: 3614136.9, Diff: 26.6]
      [Ext Root Scanning (ms): Min: 0.0, Avg: 3.3, Max: 24.6, Diff: 24.6, Sum: 26.6]
      [Update RS (ms): Min: 0.0, Avg: 2.7, Max: 7.2, Diff: 7.2, Sum: 21.4]
         [Processed Buffers: Min: 0, Avg: 8.9, Max: 32, Diff: 32, Sum: 71]
      [Scan RS (ms): Min: 0.0, Avg: 0.9, Max: 1.9, Diff: 1.9, Sum: 6.8]
      [Code Root Scanning (ms): Min: 0.0, Avg: 0.0, Max: 0.1, Diff: 0.1, Sum: 0.1]
      [Object Copy (ms): Min: 0.0, Avg: 10.5, Max: 17.3, Diff: 17.3, Sum: 83.7]
      [Termination (ms): Min: 0.0, Avg: 1.8, Max: 2.1, Diff: 2.1, Sum: 14.4]
         [Termination Attempts: Min: 1, Avg: 2.4, Max: 6, Diff: 5, Sum: 19]
      [GC Worker Other (ms): Min: 0.0, Avg: 0.0, Max: 0.0, Diff: 0.0, Sum: 0.1]
      [GC Worker Total (ms): Min: 1.8, Avg: 19.1, Max: 28.4, Diff: 26.6, Sum: 153.2]
      [GC Worker End (ms): Min: 3614138.7, Avg: 3614138.7, Max: 3614138.7, Diff: 0.0]
   [Code Root Fixup: 0.0 ms]
   [Code Root Purge: 0.0 ms]
   [Clear CT: 5.4 ms]
   [Other: 8.1 ms]
      [Choose CSet: 0.0 ms]
      [Ref Proc: 1.4 ms]
      [Ref Enq: 0.0 ms]
      [Redirty Cards: 5.9 ms]
      [Humongous Register: 0.1 ms]
      [Humongous Reclaim: 0.1 ms]
      [Free CSet: 0.1 ms]
   [Eden: 46080.0K(46080.0K)->0.0B(45056.0K) Survivors: 6144.0K->7168.0K Heap: 214.6M(1024.0M)->171.9M(1024.0M)]
 [Times: user=0.13 sys=0.00, real=0.04 secs] 
2022-11-23T16:41:54.442+0100: 3628.407: [GC pause (G1 Evacuation Pause) (young), 0.1549429 secs]
   [Parallel Time: 107.9 ms, GC Workers: 8]
      [GC Worker Start (ms): Min: 3628407.4, Avg: 3628416.0, Max: 3628420.3, Diff: 12.9]
      [Ext Root Scanning (ms): Min: 0.0, Avg: 0.5, Max: 3.6, Diff: 3.6, Sum: 3.7]
      [Update RS (ms): Min: 0.0, Avg: 1.6, Max: 6.5, Diff: 6.5, Sum: 12.6]
         [Processed Buffers: Min: 0, Avg: 6.6, Max: 17, Diff: 17, Sum: 53]
      [Scan RS (ms): Min: 0.0, Avg: 2.1, Max: 2.8, Diff: 2.8, Sum: 17.1]
      [Code Root Scanning (ms): Min: 0.0, Avg: 0.0, Max: 0.1, Diff: 0.1, Sum: 0.1]
      [Object Copy (ms): Min: 69.8, Avg: 76.3, Max: 86.6, Diff: 16.8, Sum: 610.7]
      [Termination (ms): Min: 0.0, Avg: 13.2, Max: 23.5, Diff: 23.5, Sum: 105.2]
         [Termination Attempts: Min: 1, Avg: 2.1, Max: 6, Diff: 5, Sum: 17]
      [GC Worker Other (ms): Min: 0.0, Avg: 0.0, Max: 0.0, Diff: 0.0, Sum: 0.2]
      [GC Worker Total (ms): Min: 86.6, Avg: 93.7, Max: 99.5, Diff: 12.9, Sum: 749.6]
      [GC Worker End (ms): Min: 3628506.8, Avg: 3628509.7, Max: 3628514.3, Diff: 7.4]
   [Code Root Fixup: 0.0 ms]
   [Code Root Purge: 0.0 ms]
   [Clear CT: 7.0 ms]
   [Other: 40.1 ms]
      [Choose CSet: 0.0 ms]
      [Ref Proc: 37.5 ms]
      [Ref Enq: 0.0 ms]
      [Redirty Cards: 1.2 ms]
      [Humongous Register: 0.2 ms]
      [Humongous Reclaim: 0.1 ms]
      [Free CSet: 0.1 ms]
   [Eden: 45056.0K(45056.0K)->0.0B(45056.0K) Survivors: 7168.0K->7168.0K Heap: 215.9M(1024.0M)->173.2M(1024.0M)]
 [Times: user=0.49 sys=0.15, real=0.15 secs] 
2022-11-23T16:42:07.805+0100: 3641.770: [GC pause (G1 Evacuation Pause) (young), 0.0350839 secs]
   [Parallel Time: 29.8 ms, GC Workers: 8]
      [GC Worker Start (ms): Min: 3641770.1, Avg: 3641783.2, Max: 3641789.0, Diff: 18.9]
      [Ext Root Scanning (ms): Min: 0.0, Avg: 0.4, Max: 3.4, Diff: 3.4, Sum: 3.5]
      [Update RS (ms): Min: 0.0, Avg: 2.8, Max: 15.0, Diff: 15.0, Sum: 22.2]
         [Processed Buffers: Min: 0, Avg: 7.2, Max: 57, Diff: 57, Sum: 58]
      [Scan RS (ms): Min: 0.1, Avg: 3.0, Max: 12.7, Diff: 12.6, Sum: 23.6]
      [Code Root Scanning (ms): Min: 0.0, Avg: 0.0, Max: 0.1, Diff: 0.1, Sum: 0.2]
      [Object Copy (ms): Min: 4.1, Avg: 10.2, Max: 11.6, Diff: 7.5, Sum: 81.5]
      [Termination (ms): Min: 0.0, Avg: 0.2, Max: 0.3, Diff: 0.3, Sum: 1.7]
         [Termination Attempts: Min: 1, Avg: 5.8, Max: 13, Diff: 12, Sum: 46]
      [GC Worker Other (ms): Min: 0.0, Avg: 0.0, Max: 0.0, Diff: 0.0, Sum: 0.2]
      [GC Worker Total (ms): Min: 10.8, Avg: 16.6, Max: 29.7, Diff: 18.9, Sum: 132.9]
      [GC Worker End (ms): Min: 3641799.8, Avg: 3641799.8, Max: 3641799.8, Diff: 0.1]
   [Code Root Fixup: 0.0 ms]
   [Code Root Purge: 0.1 ms]
   [Clear CT: 0.8 ms]
   [Other: 4.4 ms]
      [Choose CSet: 0.0 ms]
      [Ref Proc: 3.1 ms]
      [Ref Enq: 0.0 ms]
      [Redirty Cards: 0.5 ms]
      [Humongous Register: 0.1 ms]
      [Humongous Reclaim: 0.1 ms]
      [Free CSet: 0.1 ms]
   [Eden: 45056.0K(45056.0K)->0.0B(45056.0K) Survivors: 7168.0K->7168.0K Heap: 217.2M(1024.0M)->174.5M(1024.0M)]
 [Times: user=0.09 sys=0.01, real=0.07 secs] 
2022-11-23T16:42:22.633+0100: 3656.597: [GC pause (G1 Evacuation Pause) (young), 0.0748893 secs]
   [Parallel Time: 61.2 ms, GC Workers: 8]
      [GC Worker Start (ms): Min: 3656597.5, Avg: 3656609.1, Max: 3656618.3, Diff: 20.8]
      [Ext Root Scanning (ms): Min: 0.0, Avg: 0.4, Max: 3.4, Diff: 3.4, Sum: 3.6]
      [Update RS (ms): Min: 0.0, Avg: 1.8, Max: 5.3, Diff: 5.3, Sum: 14.6]
         [Processed Buffers: Min: 0, Avg: 6.0, Max: 20, Diff: 20, Sum: 48]
      [Scan RS (ms): Min: 0.0, Avg: 6.7, Max: 47.6, Diff: 47.6, Sum: 53.8]
      [Code Root Scanning (ms): Min: 0.0, Avg: 0.0, Max: 0.1, Diff: 0.1, Sum: 0.1]
      [Object Copy (ms): Min: 0.3, Avg: 5.4, Max: 17.9, Diff: 17.6, Sum: 43.4]
      [Termination (ms): Min: 0.7, Avg: 31.5, Max: 38.1, Diff: 37.4, Sum: 251.7]
         [Termination Attempts: Min: 1, Avg: 5.2, Max: 10, Diff: 9, Sum: 42]
      [GC Worker Other (ms): Min: 0.0, Avg: 0.0, Max: 0.0, Diff: 0.0, Sum: 0.1]
      [GC Worker Total (ms): Min: 36.5, Avg: 45.9, Max: 57.4, Diff: 20.9, Sum: 367.2]
      [GC Worker End (ms): Min: 3656654.8, Avg: 3656655.0, Max: 3656655.7, Diff: 0.9]
   [Code Root Fixup: 0.0 ms]
   [Code Root Purge: 0.0 ms]
   [Clear CT: 0.9 ms]
   [Other: 12.8 ms]
      [Choose CSet: 0.0 ms]
      [Ref Proc: 11.2 ms]
      [Ref Enq: 0.0 ms]
      [Redirty Cards: 1.0 ms]
      [Humongous Register: 0.1 ms]
      [Humongous Reclaim: 0.0 ms]
      [Free CSet: 0.1 ms]
   [Eden: 45056.0K(45056.0K)->0.0B(45056.0K) Survivors: 7168.0K->7168.0K Heap: 218.5M(1024.0M)->175.6M(1024.0M)]
 [Times: user=0.27 sys=0.06, real=0.07 secs] 
2022-11-23T16:42:36.280+0100: 3670.245: [GC pause (G1 Evacuation Pause) (young), 0.0491069 secs]
   [Parallel Time: 45.7 ms, GC Workers: 8]
      [GC Worker Start (ms): Min: 3670245.1, Avg: 3670253.1, Max: 3670256.2, Diff: 11.1]
      [Ext Root Scanning (ms): Min: 0.0, Avg: 0.6, Max: 2.3, Diff: 2.3, Sum: 4.4]
      [Update RS (ms): Min: 0.2, Avg: 7.2, Max: 42.8, Diff: 42.6, Sum: 57.3]
         [Processed Buffers: Min: 1, Avg: 7.1, Max: 20, Diff: 19, Sum: 57]
      [Scan RS (ms): Min: 0.0, Avg: 0.6, Max: 1.0, Diff: 1.0, Sum: 4.6]
      [Code Root Scanning (ms): Min: 0.0, Avg: 0.0, Max: 0.1, Diff: 0.1, Sum: 0.1]
      [Object Copy (ms): Min: 0.0, Avg: 8.9, Max: 10.3, Diff: 10.3, Sum: 71.4]
      [Termination (ms): Min: 0.0, Avg: 19.9, Max: 22.9, Diff: 22.9, Sum: 159.3]
         [Termination Attempts: Min: 1, Avg: 52.9, Max: 86, Diff: 85, Sum: 423]
      [GC Worker Other (ms): Min: 0.0, Avg: 0.0, Max: 0.0, Diff: 0.0, Sum: 0.1]
      [GC Worker Total (ms): Min: 34.1, Avg: 37.2, Max: 45.2, Diff: 11.1, Sum: 297.3]
      [GC Worker End (ms): Min: 3670290.3, Avg: 3670290.3, Max: 3670290.3, Diff: 0.0]
   [Code Root Fixup: 0.0 ms]
   [Code Root Purge: 0.0 ms]
   [Clear CT: 0.9 ms]
   [Other: 2.5 ms]
      [Choose CSet: 0.0 ms]
      [Ref Proc: 1.1 ms]
      [Ref Enq: 0.0 ms]
      [Redirty Cards: 0.9 ms]
      [Humongous Register: 0.1 ms]
      [Humongous Reclaim: 0.0 ms]
      [Free CSet: 0.0 ms]
   [Eden: 45056.0K(45056.0K)->0.0B(45056.0K) Survivors: 7168.0K->7168.0K Heap: 219.6M(1024.0M)->175.6M(1024.0M)]
 [Times: user=0.23 sys=0.02, real=0.05 secs] 
2022-11-23T16:42:48.870+0100: 3682.835: [GC pause (G1 Evacuation Pause) (young), 0.0409768 secs]
   [Parallel Time: 22.6 ms, GC Workers: 8]
      [GC Worker Start (ms): Min: 3682835.3, Avg: 3682844.2, Max: 3682856.8, Diff: 21.5]
      [Ext Root Scanning (ms): Min: 0.0, Avg: 0.5, Max: 2.3, Diff: 2.3, Sum: 4.4]
      [Update RS (ms): Min: 0.0, Avg: 2.8, Max: 15.4, Diff: 15.4, Sum: 22.3]
         [Processed Buffers: Min: 0, Avg: 5.5, Max: 16, Diff: 16, Sum: 44]
      [Scan RS (ms): Min: 0.0, Avg: 1.9, Max: 4.0, Diff: 4.0, Sum: 15.3]
      [Code Root Scanning (ms): Min: 0.0, Avg: 0.0, Max: 0.1, Diff: 0.1, Sum: 0.1]
      [Object Copy (ms): Min: 0.1, Avg: 7.3, Max: 9.9, Diff: 9.8, Sum: 58.4]
      [Termination (ms): Min: 0.0, Avg: 0.0, Max: 0.1, Diff: 0.1, Sum: 0.4]
         [Termination Attempts: Min: 1, Avg: 2.1, Max: 4, Diff: 3, Sum: 17]
      [GC Worker Other (ms): Min: 0.0, Avg: 0.0, Max: 0.2, Diff: 0.2, Sum: 0.3]
      [GC Worker Total (ms): Min: 0.1, Avg: 12.6, Max: 21.6, Diff: 21.5, Sum: 101.2]
      [GC Worker End (ms): Min: 3682856.9, Avg: 3682856.9, Max: 3682856.9, Diff: 0.0]
   [Code Root Fixup: 0.0 ms]
   [Code Root Purge: 0.0 ms]
   [Clear CT: 1.3 ms]
   [Other: 17.0 ms]
      [Choose CSet: 0.0 ms]
      [Ref Proc: 14.7 ms]
      [Ref Enq: 0.0 ms]
      [Redirty Cards: 1.3 ms]
      [Humongous Register: 0.1 ms]
      [Humongous Reclaim: 0.1 ms]
      [Free CSet: 0.2 ms]
   [Eden: 45056.0K(45056.0K)->0.0B(45056.0K) Survivors: 7168.0K->7168.0K Heap: 219.6M(1024.0M)->175.3M(1024.0M)]
 [Times: user=0.15 sys=0.00, real=0.05 secs] 
2022-11-23T16:43:02.858+0100: 3696.823: [GC pause (G1 Evacuation Pause) (young), 0.0633986 secs]
   [Parallel Time: 51.7 ms, GC Workers: 8]
      [GC Worker Start (ms): Min: 3696823.2, Avg: 3696832.9, Max: 3696844.6, Diff: 21.3]
      [Ext Root Scanning (ms): Min: 0.0, Avg: 0.6, Max: 2.4, Diff: 2.4, Sum: 4.7]
      [Update RS (ms): Min: 0.0, Avg: 7.1, Max: 47.2, Diff: 47.2, Sum: 56.9]
         [Processed Buffers: Min: 0, Avg: 5.6, Max: 10, Diff: 10, Sum: 45]
      [Scan RS (ms): Min: 0.0, Avg: 1.0, Max: 2.1, Diff: 2.1, Sum: 8.0]
      [Code Root Scanning (ms): Min: 0.0, Avg: 0.0, Max: 0.1, Diff: 0.1, Sum: 0.1]
      [Object Copy (ms): Min: 0.9, Avg: 32.4, Max: 40.3, Diff: 39.4, Sum: 259.0]
      [Termination (ms): Min: 0.0, Avg: 0.5, Max: 0.8, Diff: 0.8, Sum: 4.3]
         [Termination Attempts: Min: 1, Avg: 1.2, Max: 3, Diff: 2, Sum: 10]
      [GC Worker Other (ms): Min: 0.0, Avg: 0.0, Max: 0.0, Diff: 0.0, Sum: 0.1]
      [GC Worker Total (ms): Min: 30.0, Avg: 41.6, Max: 51.3, Diff: 21.3, Sum: 333.2]
      [GC Worker End (ms): Min: 3696874.5, Avg: 3696874.6, Max: 3696874.6, Diff: 0.1]
   [Code Root Fixup: 0.0 ms]
   [Code Root Purge: 0.0 ms]
   [Clear CT: 1.3 ms]
   [Other: 10.4 ms]
      [Choose CSet: 0.0 ms]
      [Ref Proc: 8.7 ms]
      [Ref Enq: 0.0 ms]
      [Redirty Cards: 1.1 ms]
      [Humongous Register: 0.1 ms]
      [Humongous Reclaim: 0.0 ms]
      [Free CSet: 0.1 ms]
   [Eden: 45056.0K(45056.0K)->0.0B(45056.0K) Survivors: 7168.0K->7168.0K Heap: 219.3M(1024.0M)->176.1M(1024.0M)]
 [Times: user=0.17 sys=0.03, real=0.07 secs] 
2022-11-23T16:43:17.968+0100: 3711.933: [GC pause (G1 Evacuation Pause) (young), 0.0401283 secs]
   [Parallel Time: 28.1 ms, GC Workers: 8]
      [GC Worker Start (ms): Min: 3711933.4, Avg: 3711950.3, Max: 3711959.7, Diff: 26.3]
      [Ext Root Scanning (ms): Min: 0.0, Avg: 0.5, Max: 2.4, Diff: 2.4, Sum: 4.3]
      [Update RS (ms): Min: 0.0, Avg: 2.1, Max: 8.8, Diff: 8.8, Sum: 17.0]
         [Processed Buffers: Min: 0, Avg: 6.2, Max: 33, Diff: 33, Sum: 50]
      [Scan RS (ms): Min: 0.0, Avg: 1.2, Max: 3.8, Diff: 3.8, Sum: 9.8]
      [Code Root Scanning (ms): Min: 0.0, Avg: 0.0, Max: 0.1, Diff: 0.1, Sum: 0.1]
      [Object Copy (ms): Min: 0.0, Avg: 5.1, Max: 11.4, Diff: 11.4, Sum: 40.6]
      [Termination (ms): Min: 0.0, Avg: 0.7, Max: 2.0, Diff: 2.0, Sum: 5.8]
         [Termination Attempts: Min: 1, Avg: 1.8, Max: 5, Diff: 4, Sum: 14]
      [GC Worker Other (ms): Min: 0.0, Avg: 0.0, Max: 0.0, Diff: 0.0, Sum: 0.1]
      [GC Worker Total (ms): Min: 0.0, Avg: 9.7, Max: 27.7, Diff: 27.7, Sum: 77.6]
      [GC Worker End (ms): Min: 3711959.8, Avg: 3711960.0, Max: 3711961.1, Diff: 1.3]
   [Code Root Fixup: 0.0 ms]
   [Code Root Purge: 0.0 ms]
   [Clear CT: 0.9 ms]
   [Other: 11.1 ms]
      [Choose CSet: 0.0 ms]
      [Ref Proc: 9.3 ms]
      [Ref Enq: 0.0 ms]
      [Redirty Cards: 1.0 ms]
      [Humongous Register: 0.1 ms]
      [Humongous Reclaim: 0.1 ms]
      [Free CSet: 0.1 ms]
   [Eden: 45056.0K(45056.0K)->0.0B(47104.0K) Survivors: 7168.0K->5120.0K Heap: 220.1M(1024.0M)->173.9M(1024.0M)]
 [Times: user=0.11 sys=0.00, real=0.04 secs] 
2022-11-23T16:43:35.715+0100: 3729.679: [GC pause (G1 Evacuation Pause) (young), 0.0646038 secs]
   [Parallel Time: 53.4 ms, GC Workers: 8]
      [GC Worker Start (ms): Min: 3729693.8, Avg: 3729709.9, Max: 3729728.7, Diff: 35.0]
      [Ext Root Scanning (ms): Min: 0.0, Avg: 1.1, Max: 2.8, Diff: 2.8, Sum: 8.6]
      [Update RS (ms): Min: 0.0, Avg: 2.1, Max: 6.3, Diff: 6.3, Sum: 17.2]
         [Processed Buffers: Min: 0, Avg: 5.9, Max: 24, Diff: 24, Sum: 47]
      [Scan RS (ms): Min: 0.0, Avg: 2.0, Max: 5.8, Diff: 5.8, Sum: 16.0]
      [Code Root Scanning (ms): Min: 0.0, Avg: 0.0, Max: 0.1, Diff: 0.1, Sum: 0.1]
      [Object Copy (ms): Min: 0.0, Avg: 7.0, Max: 12.0, Diff: 12.0, Sum: 56.3]
      [Termination (ms): Min: 0.0, Avg: 7.7, Max: 14.6, Diff: 14.6, Sum: 61.4]
         [Termination Attempts: Min: 1, Avg: 2.2, Max: 6, Diff: 5, Sum: 18]
      [GC Worker Other (ms): Min: 0.0, Avg: 0.0, Max: 0.0, Diff: 0.0, Sum: 0.1]
      [GC Worker Total (ms): Min: 0.0, Avg: 20.0, Max: 37.4, Diff: 37.4, Sum: 159.7]
      [GC Worker End (ms): Min: 3729728.8, Avg: 3729729.8, Max: 3729732.8, Diff: 4.0]
   [Code Root Fixup: 0.0 ms]
   [Code Root Purge: 0.0 ms]
   [Clear CT: 1.8 ms]
   [Other: 9.4 ms]
      [Choose CSet: 0.0 ms]
      [Ref Proc: 7.0 ms]
      [Ref Enq: 0.0 ms]
      [Redirty Cards: 1.5 ms]
      [Humongous Register: 0.1 ms]
      [Humongous Reclaim: 0.1 ms]
      [Free CSet: 0.1 ms]
   [Eden: 47104.0K(47104.0K)->0.0B(46080.0K) Survivors: 5120.0K->6144.0K Heap: 219.9M(1024.0M)->175.0M(1024.0M)]
 [Times: user=0.17 sys=0.00, real=0.06 secs] 
2022-11-23T16:43:58.906+0100: 3752.871: [GC pause (G1 Evacuation Pause) (young), 0.0398205 secs]
   [Parallel Time: 33.0 ms, GC Workers: 8]
      [GC Worker Start (ms): Min: 3752870.9, Avg: 3752886.4, Max: 3752896.2, Diff: 25.3]
      [Ext Root Scanning (ms): Min: 0.0, Avg: 0.7, Max: 5.1, Diff: 5.1, Sum: 5.3]
      [Update RS (ms): Min: 0.0, Avg: 3.0, Max: 19.4, Diff: 19.4, Sum: 24.2]
         [Processed Buffers: Min: 0, Avg: 6.1, Max: 29, Diff: 29, Sum: 49]
      [Scan RS (ms): Min: 0.0, Avg: 3.3, Max: 12.8, Diff: 12.8, Sum: 26.7]
      [Code Root Scanning (ms): Min: 0.0, Avg: 0.0, Max: 0.1, Diff: 0.1, Sum: 0.1]
      [Object Copy (ms): Min: 5.1, Avg: 8.5, Max: 14.0, Diff: 8.9, Sum: 68.1]
      [Termination (ms): Min: 0.0, Avg: 1.8, Max: 2.5, Diff: 2.5, Sum: 14.7]
         [Termination Attempts: Min: 1, Avg: 3.1, Max: 6, Diff: 5, Sum: 25]
      [GC Worker Other (ms): Min: 0.0, Avg: 0.0, Max: 0.0, Diff: 0.0, Sum: 0.2]
      [GC Worker Total (ms): Min: 7.6, Avg: 17.4, Max: 32.8, Diff: 25.3, Sum: 139.1]
      [GC Worker End (ms): Min: 3752903.7, Avg: 3752903.8, Max: 3752903.8, Diff: 0.1]
   [Code Root Fixup: 0.0 ms]
   [Code Root Purge: 0.0 ms]
   [Clear CT: 1.0 ms]
   [Other: 5.7 ms]
      [Choose CSet: 0.0 ms]
      [Ref Proc: 2.4 ms]
      [Ref Enq: 0.0 ms]
      [Redirty Cards: 2.6 ms]
      [Humongous Register: 0.1 ms]
      [Humongous Reclaim: 0.1 ms]
      [Free CSet: 0.1 ms]
   [Eden: 46080.0K(46080.0K)->0.0B(46080.0K) Survivors: 6144.0K->6144.0K Heap: 220.0M(1024.0M)->175.8M(1024.0M)]
 [Times: user=0.12 sys=0.00, real=0.04 secs] 
2022-11-23T16:44:12.573+0100: 3766.538: [GC pause (G1 Evacuation Pause) (young), 0.0392742 secs]
   [Parallel Time: 34.6 ms, GC Workers: 8]
      [GC Worker Start (ms): Min: 3766538.0, Avg: 3766551.3, Max: 3766560.8, Diff: 22.8]
      [Ext Root Scanning (ms): Min: 0.0, Avg: 0.4, Max: 1.8, Diff: 1.7, Sum: 3.4]
      [Update RS (ms): Min: 0.0, Avg: 1.1, Max: 4.3, Diff: 4.3, Sum: 8.7]
         [Processed Buffers: Min: 0, Avg: 5.2, Max: 21, Diff: 21, Sum: 42]
      [Scan RS (ms): Min: 0.0, Avg: 2.8, Max: 6.4, Diff: 6.4, Sum: 22.3]
      [Code Root Scanning (ms): Min: 0.0, Avg: 0.0, Max: 0.1, Diff: 0.1, Sum: 0.1]
      [Object Copy (ms): Min: 8.5, Avg: 14.2, Max: 21.1, Diff: 12.6, Sum: 113.7]
      [Termination (ms): Min: 0.0, Avg: 2.0, Max: 2.5, Diff: 2.5, Sum: 15.7]
         [Termination Attempts: Min: 1, Avg: 1.6, Max: 3, Diff: 2, Sum: 13]
      [GC Worker Other (ms): Min: 0.0, Avg: 0.0, Max: 0.0, Diff: 0.0, Sum: 0.1]
      [GC Worker Total (ms): Min: 11.0, Avg: 20.5, Max: 33.8, Diff: 22.8, Sum: 164.0]
      [GC Worker End (ms): Min: 3766571.8, Avg: 3766571.8, Max: 3766571.8, Diff: 0.0]
   [Code Root Fixup: 0.0 ms]
   [Code Root Purge: 0.0 ms]
   [Clear CT: 1.2 ms]
   [Other: 3.4 ms]
      [Choose CSet: 0.0 ms]
      [Ref Proc: 0.9 ms]
      [Ref Enq: 0.0 ms]
      [Redirty Cards: 1.8 ms]
      [Humongous Register: 0.1 ms]
      [Humongous Reclaim: 0.1 ms]
      [Free CSet: 0.1 ms]
   [Eden: 46080.0K(46080.0K)->0.0B(47104.0K) Survivors: 6144.0K->5120.0K Heap: 220.8M(1024.0M)->176.9M(1024.0M)]
 [Times: user=0.09 sys=0.02, real=0.04 secs] 
2022-11-23T16:44:27.111+0100: 3781.076: [GC pause (G1 Evacuation Pause) (young), 0.0467887 secs]
   [Parallel Time: 32.8 ms, GC Workers: 8]
      [GC Worker Start (ms): Min: 3781076.4, Avg: 3781097.1, Max: 3781104.0, Diff: 27.7]
      [Ext Root Scanning (ms): Min: 0.0, Avg: 0.5, Max: 3.7, Diff: 3.7, Sum: 3.8]
      [Update RS (ms): Min: 0.0, Avg: 3.3, Max: 24.9, Diff: 24.9, Sum: 26.2]
         [Processed Buffers: Min: 0, Avg: 5.8, Max: 36, Diff: 36, Sum: 46]
      [Scan RS (ms): Min: 0.0, Avg: 0.8, Max: 6.3, Diff: 6.3, Sum: 6.4]
      [Code Root Scanning (ms): Min: 0.0, Avg: 0.0, Max: 0.2, Diff: 0.2, Sum: 0.2]
      [Object Copy (ms): Min: 2.9, Avg: 6.2, Max: 14.9, Diff: 12.1, Sum: 49.8]
      [Termination (ms): Min: 0.0, Avg: 0.3, Max: 0.4, Diff: 0.4, Sum: 2.7]
         [Termination Attempts: Min: 1, Avg: 11.1, Max: 18, Diff: 17, Sum: 89]
      [GC Worker Other (ms): Min: 0.0, Avg: 0.0, Max: 0.0, Diff: 0.0, Sum: 0.1]
      [GC Worker Total (ms): Min: 4.2, Avg: 11.1, Max: 31.9, Diff: 27.7, Sum: 89.1]
      [GC Worker End (ms): Min: 3781108.2, Avg: 3781108.2, Max: 3781108.3, Diff: 0.0]
   [Code Root Fixup: 0.0 ms]
   [Code Root Purge: 0.0 ms]
   [Clear CT: 1.6 ms]
   [Other: 12.3 ms]
      [Choose CSet: 0.0 ms]
      [Ref Proc: 10.2 ms]
      [Ref Enq: 0.0 ms]
      [Redirty Cards: 1.4 ms]
      [Humongous Register: 0.1 ms]
      [Humongous Reclaim: 0.1 ms]
      [Free CSet: 0.1 ms]
   [Eden: 47104.0K(47104.0K)->0.0B(49152.0K) Survivors: 5120.0K->3072.0K Heap: 222.9M(1024.0M)->175.0M(1024.0M)]
 [Times: user=0.10 sys=0.00, real=0.04 secs] 
2022-11-23T16:44:42.000+0100: 3795.965: [GC pause (G1 Evacuation Pause) (young), 0.0166460 secs]
   [Parallel Time: 7.8 ms, GC Workers: 8]
      [GC Worker Start (ms): Min: 3795965.8, Avg: 3795967.6, Max: 3795973.0, Diff: 7.2]
      [Ext Root Scanning (ms): Min: 0.0, Avg: 0.6, Max: 1.5, Diff: 1.5, Sum: 4.6]
      [Update RS (ms): Min: 0.0, Avg: 0.7, Max: 1.7, Diff: 1.7, Sum: 5.5]
         [Processed Buffers: Min: 0, Avg: 4.9, Max: 19, Diff: 19, Sum: 39]
      [Scan RS (ms): Min: 0.0, Avg: 0.1, Max: 0.2, Diff: 0.2, Sum: 0.7]
      [Code Root Scanning (ms): Min: 0.0, Avg: 0.0, Max: 0.1, Diff: 0.1, Sum: 0.1]
      [Object Copy (ms): Min: 0.0, Avg: 3.2, Max: 4.8, Diff: 4.8, Sum: 25.7]
      [Termination (ms): Min: 0.0, Avg: 0.9, Max: 1.3, Diff: 1.3, Sum: 6.9]
         [Termination Attempts: Min: 1, Avg: 2.4, Max: 5, Diff: 4, Sum: 19]
      [GC Worker Other (ms): Min: 0.0, Avg: 0.0, Max: 0.0, Diff: 0.0, Sum: 0.1]
      [GC Worker Total (ms): Min: 0.0, Avg: 5.4, Max: 7.5, Diff: 7.4, Sum: 43.6]
      [GC Worker End (ms): Min: 3795973.0, Avg: 3795973.1, Max: 3795973.2, Diff: 0.2]
   [Code Root Fixup: 0.0 ms]
   [Code Root Purge: 0.0 ms]
   [Clear CT: 0.9 ms]
   [Other: 7.9 ms]
      [Choose CSet: 0.0 ms]
      [Ref Proc: 5.1 ms]
      [Ref Enq: 0.0 ms]
      [Redirty Cards: 0.9 ms]
      [Humongous Register: 0.5 ms]
      [Humongous Reclaim: 0.0 ms]
      [Free CSet: 1.0 ms]
   [Eden: 49152.0K(49152.0K)->0.0B(49152.0K) Survivors: 3072.0K->3072.0K Heap: 223.0M(1024.0M)->175.0M(1024.0M)]
 [Times: user=0.07 sys=0.00, real=0.02 secs] 
2022-11-23T16:45:03.153+0100: 3817.118: [GC pause (G1 Evacuation Pause) (young), 0.0555546 secs]
   [Parallel Time: 15.6 ms, GC Workers: 8]
      [GC Worker Start (ms): Min: 3817118.1, Avg: 3817124.4, Max: 3817131.1, Diff: 13.0]
      [Ext Root Scanning (ms): Min: 0.0, Avg: 0.5, Max: 2.1, Diff: 2.1, Sum: 4.2]
      [Update RS (ms): Min: 0.0, Avg: 0.7, Max: 1.8, Diff: 1.8, Sum: 5.4]
         [Processed Buffers: Min: 0, Avg: 4.9, Max: 26, Diff: 26, Sum: 39]
      [Scan RS (ms): Min: 0.0, Avg: 0.2, Max: 0.7, Diff: 0.7, Sum: 1.8]
      [Code Root Scanning (ms): Min: 0.0, Avg: 0.0, Max: 0.1, Diff: 0.1, Sum: 0.1]
      [Object Copy (ms): Min: 0.0, Avg: 4.7, Max: 8.4, Diff: 8.4, Sum: 37.7]
      [Termination (ms): Min: 0.0, Avg: 1.0, Max: 3.0, Diff: 3.0, Sum: 8.1]
         [Termination Attempts: Min: 1, Avg: 2.4, Max: 5, Diff: 4, Sum: 19]
      [GC Worker Other (ms): Min: 0.0, Avg: 0.0, Max: 0.1, Diff: 0.1, Sum: 0.2]
      [GC Worker Total (ms): Min: 0.0, Avg: 7.2, Max: 13.2, Diff: 13.1, Sum: 57.4]
      [GC Worker End (ms): Min: 3817131.1, Avg: 3817131.6, Max: 3817133.3, Diff: 2.1]
   [Code Root Fixup: 0.0 ms]
   [Code Root Purge: 0.0 ms]
   [Clear CT: 0.5 ms]
   [Other: 39.4 ms]
      [Choose CSet: 0.0 ms]
      [Ref Proc: 37.9 ms]
      [Ref Enq: 0.0 ms]
      [Redirty Cards: 0.9 ms]
      [Humongous Register: 0.1 ms]
      [Humongous Reclaim: 0.1 ms]
      [Free CSet: 0.1 ms]
   [Eden: 49152.0K(49152.0K)->0.0B(47104.0K) Survivors: 3072.0K->5120.0K Heap: 223.0M(1024.0M)->176.3M(1024.0M)]
 [Times: user=0.12 sys=0.00, real=0.05 secs] 
2022-11-23T16:45:21.154+0100: 3835.119: [GC pause (G1 Evacuation Pause) (young), 0.1479195 secs]
   [Parallel Time: 114.2 ms, GC Workers: 8]
      [GC Worker Start (ms): Min: 3835119.4, Avg: 3835151.1, Max: 3835165.1, Diff: 45.7]
      [Ext Root Scanning (ms): Min: 0.0, Avg: 0.5, Max: 1.9, Diff: 1.9, Sum: 3.8]
      [Update RS (ms): Min: 0.0, Avg: 14.5, Max: 110.8, Diff: 110.8, Sum: 115.9]
         [Processed Buffers: Min: 0, Avg: 5.0, Max: 37, Diff: 37, Sum: 40]
      [Scan RS (ms): Min: 0.0, Avg: 0.0, Max: 0.1, Diff: 0.0, Sum: 0.1]
      [Code Root Scanning (ms): Min: 0.0, Avg: 0.0, Max: 0.1, Diff: 0.1, Sum: 0.1]
      [Object Copy (ms): Min: 0.0, Avg: 3.1, Max: 23.9, Diff: 23.9, Sum: 25.0]
      [Termination (ms): Min: 0.0, Avg: 63.1, Max: 81.9, Diff: 81.9, Sum: 504.4]
         [Termination Attempts: Min: 1, Avg: 4.4, Max: 20, Diff: 19, Sum: 35]
      [GC Worker Other (ms): Min: 0.0, Avg: 0.0, Max: 0.0, Diff: 0.0, Sum: 0.2]
      [GC Worker Total (ms): Min: 67.2, Avg: 81.2, Max: 112.9, Diff: 45.7, Sum: 649.6]
      [GC Worker End (ms): Min: 3835232.3, Avg: 3835232.3, Max: 3835232.7, Diff: 0.5]
   [Code Root Fixup: 0.0 ms]
   [Code Root Purge: 0.0 ms]
   [Clear CT: 14.7 ms]
   [Other: 19.0 ms]
      [Choose CSet: 0.0 ms]
      [Ref Proc: 16.7 ms]
      [Ref Enq: 0.0 ms]
      [Redirty Cards: 1.5 ms]
      [Humongous Register: 0.2 ms]
      [Humongous Reclaim: 0.1 ms]
      [Free CSet: 0.1 ms]
   [Eden: 47104.0K(47104.0K)->0.0B(47104.0K) Survivors: 5120.0K->5120.0K Heap: 222.3M(1024.0M)->176.6M(1024.0M)]
 [Times: user=0.42 sys=0.04, real=0.15 secs] 
2022-11-23T16:45:37.280+0100: 3851.245: [GC pause (G1 Evacuation Pause) (young), 0.0637155 secs]
   [Parallel Time: 53.2 ms, GC Workers: 8]
      [GC Worker Start (ms): Min: 3851245.4, Avg: 3851250.6, Max: 3851256.1, Diff: 10.7]
      [Ext Root Scanning (ms): Min: 0.0, Avg: 1.7, Max: 10.2, Diff: 10.2, Sum: 13.9]
      [Update RS (ms): Min: 0.0, Avg: 6.2, Max: 45.0, Diff: 45.0, Sum: 49.6]
         [Processed Buffers: Min: 0, Avg: 4.8, Max: 28, Diff: 28, Sum: 38]
      [Scan RS (ms): Min: 0.0, Avg: 0.0, Max: 0.2, Diff: 0.2, Sum: 0.3]
      [Code Root Scanning (ms): Min: 0.0, Avg: 0.0, Max: 0.1, Diff: 0.1, Sum: 0.1]
      [Object Copy (ms): Min: 4.7, Avg: 38.2, Max: 48.6, Diff: 43.9, Sum: 305.4]
      [Termination (ms): Min: 0.0, Avg: 1.1, Max: 1.4, Diff: 1.4, Sum: 8.5]
         [Termination Attempts: Min: 1, Avg: 2.0, Max: 6, Diff: 5, Sum: 16]
      [GC Worker Other (ms): Min: 0.0, Avg: 0.0, Max: 0.0, Diff: 0.0, Sum: 0.1]
      [GC Worker Total (ms): Min: 41.8, Avg: 47.2, Max: 52.5, Diff: 10.7, Sum: 377.9]
      [GC Worker End (ms): Min: 3851297.9, Avg: 3851297.9, Max: 3851297.9, Diff: 0.1]
   [Code Root Fixup: 0.0 ms]
   [Code Root Purge: 0.0 ms]
   [Clear CT: 1.1 ms]
   [Other: 9.4 ms]
      [Choose CSet: 0.0 ms]
      [Ref Proc: 8.3 ms]
      [Ref Enq: 0.0 ms]
      [Redirty Cards: 0.4 ms]
      [Humongous Register: 0.1 ms]
      [Humongous Reclaim: 0.1 ms]
      [Free CSet: 0.1 ms]
   [Eden: 47104.0K(47104.0K)->0.0B(47104.0K) Survivors: 5120.0K->5120.0K Heap: 222.6M(1024.0M)->177.0M(1024.0M)]
 [Times: user=0.15 sys=0.02, real=0.07 secs] 
2022-11-23T16:45:54.547+0100: 3868.511: [GC pause (G1 Evacuation Pause) (young), 0.0422801 secs]
   [Parallel Time: 34.4 ms, GC Workers: 8]
      [GC Worker Start (ms): Min: 3868512.1, Avg: 3868517.0, Max: 3868525.4, Diff: 13.3]
      [Ext Root Scanning (ms): Min: 0.0, Avg: 0.7, Max: 2.4, Diff: 2.4, Sum: 5.7]
      [Update RS (ms): Min: 0.0, Avg: 1.4, Max: 6.8, Diff: 6.8, Sum: 10.8]
         [Processed Buffers: Min: 0, Avg: 4.4, Max: 14, Diff: 14, Sum: 35]
      [Scan RS (ms): Min: 0.0, Avg: 2.7, Max: 20.1, Diff: 20.0, Sum: 21.8]
      [Code Root Scanning (ms): Min: 0.0, Avg: 0.0, Max: 0.1, Diff: 0.1, Sum: 0.1]
      [Object Copy (ms): Min: 0.1, Avg: 7.6, Max: 12.5, Diff: 12.4, Sum: 60.4]
      [Termination (ms): Min: 0.0, Avg: 7.8, Max: 17.5, Diff: 17.5, Sum: 62.4]
         [Termination Attempts: Min: 1, Avg: 4.1, Max: 8, Diff: 7, Sum: 33]
      [GC Worker Other (ms): Min: 0.0, Avg: 0.0, Max: 0.0, Diff: 0.0, Sum: 0.2]
      [GC Worker Total (ms): Min: 10.1, Avg: 20.2, Max: 31.2, Diff: 21.1, Sum: 161.4]
      [GC Worker End (ms): Min: 3868535.5, Avg: 3868537.1, Max: 3868545.8, Diff: 10.3]
   [Code Root Fixup: 0.0 ms]
   [Code Root Purge: 0.0 ms]
   [Clear CT: 4.5 ms]
   [Other: 3.4 ms]
      [Choose CSet: 0.0 ms]
      [Ref Proc: 1.7 ms]
      [Ref Enq: 0.0 ms]
      [Redirty Cards: 0.7 ms]
      [Humongous Register: 0.3 ms]
      [Humongous Reclaim: 0.1 ms]
      [Free CSet: 0.1 ms]
   [Eden: 47104.0K(47104.0K)->0.0B(47104.0K) Survivors: 5120.0K->5120.0K Heap: 223.0M(1024.0M)->176.9M(1024.0M)]
 [Times: user=0.11 sys=0.00, real=0.04 secs] 
2022-11-23T16:46:10.511+0100: 3884.475: [GC pause (G1 Evacuation Pause) (young), 0.0343039 secs]
   [Parallel Time: 30.5 ms, GC Workers: 8]
      [GC Worker Start (ms): Min: 3884476.5, Avg: 3884484.6, Max: 3884492.3, Diff: 15.8]
      [Ext Root Scanning (ms): Min: 0.0, Avg: 0.5, Max: 1.5, Diff: 1.5, Sum: 4.1]
      [Update RS (ms): Min: 0.0, Avg: 0.9, Max: 2.5, Diff: 2.5, Sum: 7.1]
         [Processed Buffers: Min: 0, Avg: 4.8, Max: 21, Diff: 21, Sum: 38]
      [Scan RS (ms): Min: 0.0, Avg: 0.3, Max: 0.7, Diff: 0.7, Sum: 2.0]
      [Code Root Scanning (ms): Min: 0.0, Avg: 0.0, Max: 0.1, Diff: 0.1, Sum: 0.1]
      [Object Copy (ms): Min: 0.0, Avg: 6.6, Max: 18.1, Diff: 18.1, Sum: 53.0]
      [Termination (ms): Min: 0.0, Avg: 7.9, Max: 13.3, Diff: 13.3, Sum: 63.4]
         [Termination Attempts: Min: 1, Avg: 1.1, Max: 2, Diff: 1, Sum: 9]
      [GC Worker Other (ms): Min: 0.0, Avg: 0.0, Max: 0.0, Diff: 0.0, Sum: 0.1]
      [GC Worker Total (ms): Min: 7.3, Avg: 16.2, Max: 22.8, Diff: 15.5, Sum: 129.7]
      [GC Worker End (ms): Min: 3884499.3, Avg: 3884500.8, Max: 3884505.4, Diff: 6.1]
   [Code Root Fixup: 0.0 ms]
   [Code Root Purge: 0.0 ms]
   [Clear CT: 0.9 ms]
   [Other: 2.8 ms]
      [Choose CSet: 0.0 ms]
      [Ref Proc: 1.2 ms]
      [Ref Enq: 0.0 ms]
      [Redirty Cards: 1.0 ms]
      [Humongous Register: 0.1 ms]
      [Humongous Reclaim: 0.1 ms]
      [Free CSet: 0.1 ms]
   [Eden: 47104.0K(47104.0K)->0.0B(45056.0K) Survivors: 5120.0K->7168.0K Heap: 222.9M(1024.0M)->178.8M(1024.0M)]
 [Times: user=0.08 sys=0.00, real=0.03 secs] 
2022-11-23T16:46:25.700+0100: 3899.665: [GC pause (G1 Evacuation Pause) (young), 0.0787691 secs]
   [Parallel Time: 48.5 ms, GC Workers: 8]
      [GC Worker Start (ms): Min: 3899666.2, Avg: 3899676.6, Max: 3899688.2, Diff: 21.9]
      [Ext Root Scanning (ms): Min: 0.0, Avg: 0.5, Max: 2.0, Diff: 2.0, Sum: 4.0]
      [Update RS (ms): Min: 0.0, Avg: 6.3, Max: 44.9, Diff: 44.9, Sum: 50.2]
         [Processed Buffers: Min: 0, Avg: 4.9, Max: 37, Diff: 37, Sum: 39]
      [Scan RS (ms): Min: 0.0, Avg: 0.1, Max: 0.5, Diff: 0.5, Sum: 0.6]
      [Code Root Scanning (ms): Min: 0.0, Avg: 0.0, Max: 0.1, Diff: 0.1, Sum: 0.1]
      [Object Copy (ms): Min: 0.1, Avg: 8.2, Max: 14.8, Diff: 14.8, Sum: 65.5]
      [Termination (ms): Min: 0.0, Avg: 21.7, Max: 25.1, Diff: 25.1, Sum: 173.3]
         [Termination Attempts: Min: 1, Avg: 16.8, Max: 27, Diff: 26, Sum: 134]
      [GC Worker Other (ms): Min: 0.0, Avg: 0.0, Max: 0.0, Diff: 0.0, Sum: 0.1]
      [GC Worker Total (ms): Min: 25.1, Avg: 36.7, Max: 47.0, Diff: 21.9, Sum: 293.8]
      [GC Worker End (ms): Min: 3899713.3, Avg: 3899713.3, Max: 3899713.3, Diff: 0.1]
   [Code Root Fixup: 0.0 ms]
   [Code Root Purge: 0.0 ms]
   [Clear CT: 7.1 ms]
   [Other: 23.1 ms]
      [Choose CSet: 0.0 ms]
      [Ref Proc: 15.4 ms]
      [Ref Enq: 0.0 ms]
      [Redirty Cards: 6.9 ms]
      [Humongous Register: 0.2 ms]
      [Humongous Reclaim: 0.0 ms]
      [Free CSet: 0.1 ms]
   [Eden: 45056.0K(45056.0K)->0.0B(45056.0K) Survivors: 7168.0K->7168.0K Heap: 222.8M(1024.0M)->179.7M(1024.0M)]
 [Times: user=0.27 sys=0.02, real=0.08 secs] 
2022-11-23T16:46:38.197+0100: 3912.161: [GC pause (G1 Evacuation Pause) (young), 0.0389775 secs]
   [Parallel Time: 20.5 ms, GC Workers: 8]
      [GC Worker Start (ms): Min: 3912161.6, Avg: 3912169.5, Max: 3912175.4, Diff: 13.8]
      [Ext Root Scanning (ms): Min: 0.0, Avg: 0.4, Max: 1.7, Diff: 1.7, Sum: 3.4]
      [Update RS (ms): Min: 0.0, Avg: 0.7, Max: 2.5, Diff: 2.5, Sum: 5.6]
         [Processed Buffers: Min: 0, Avg: 4.5, Max: 12, Diff: 12, Sum: 36]
      [Scan RS (ms): Min: 0.0, Avg: 0.4, Max: 1.5, Diff: 1.5, Sum: 3.6]
      [Code Root Scanning (ms): Min: 0.0, Avg: 0.0, Max: 0.1, Diff: 0.1, Sum: 0.1]
      [Object Copy (ms): Min: 0.0, Avg: 5.4, Max: 14.9, Diff: 14.9, Sum: 43.0]
      [Termination (ms): Min: 0.0, Avg: 5.0, Max: 6.2, Diff: 6.2, Sum: 40.3]
         [Termination Attempts: Min: 1, Avg: 1.5, Max: 4, Diff: 3, Sum: 12]
      [GC Worker Other (ms): Min: 0.0, Avg: 0.0, Max: 0.0, Diff: 0.0, Sum: 0.1]
      [GC Worker Total (ms): Min: 6.0, Avg: 12.0, Max: 20.0, Diff: 14.0, Sum: 96.2]
      [GC Worker End (ms): Min: 3912181.5, Avg: 3912181.5, Max: 3912181.6, Diff: 0.1]
   [Code Root Fixup: 0.0 ms]
   [Code Root Purge: 0.0 ms]
   [Clear CT: 1.8 ms]
   [Other: 16.6 ms]
      [Choose CSet: 0.0 ms]
      [Ref Proc: 14.7 ms]
      [Ref Enq: 0.0 ms]
      [Redirty Cards: 1.3 ms]
      [Humongous Register: 0.1 ms]
      [Humongous Reclaim: 0.0 ms]
      [Free CSet: 0.1 ms]
   [Eden: 45056.0K(45056.0K)->0.0B(48128.0K) Survivors: 7168.0K->4096.0K Heap: 223.7M(1024.0M)->176.9M(1024.0M)]
 [Times: user=0.12 sys=0.00, real=0.04 secs] 
2022-11-23T16:46:52.581+0100: 3926.546: [GC pause (G1 Evacuation Pause) (young), 0.0734040 secs]
   [Parallel Time: 63.1 ms, GC Workers: 8]
      [GC Worker Start (ms): Min: 3926546.0, Avg: 3926561.1, Max: 3926565.2, Diff: 19.1]
      [Ext Root Scanning (ms): Min: 0.0, Avg: 0.4, Max: 3.4, Diff: 3.4, Sum: 3.5]
      [Update RS (ms): Min: 0.0, Avg: 6.3, Max: 44.7, Diff: 44.7, Sum: 50.7]
         [Processed Buffers: Min: 0, Avg: 4.8, Max: 35, Diff: 35, Sum: 38]
      [Scan RS (ms): Min: 0.0, Avg: 0.0, Max: 0.3, Diff: 0.3, Sum: 0.3]
      [Code Root Scanning (ms): Min: 0.0, Avg: 0.0, Max: 0.1, Diff: 0.1, Sum: 0.1]
      [Object Copy (ms): Min: 11.6, Avg: 38.8, Max: 45.9, Diff: 34.3, Sum: 310.3]
      [Termination (ms): Min: 0.0, Avg: 1.8, Max: 3.0, Diff: 3.0, Sum: 14.1]
         [Termination Attempts: Min: 1, Avg: 2.6, Max: 8, Diff: 7, Sum: 21]
      [GC Worker Other (ms): Min: 0.0, Avg: 0.0, Max: 0.1, Diff: 0.1, Sum: 0.2]
      [GC Worker Total (ms): Min: 43.4, Avg: 47.4, Max: 62.4, Diff: 19.0, Sum: 379.2]
      [GC Worker End (ms): Min: 3926608.4, Avg: 3926608.5, Max: 3926608.5, Diff: 0.1]
   [Code Root Fixup: 0.0 ms]
   [Code Root Purge: 0.0 ms]
   [Clear CT: 2.4 ms]
   [Other: 7.9 ms]
      [Choose CSet: 0.0 ms]
      [Ref Proc: 6.1 ms]
      [Ref Enq: 0.0 ms]
      [Redirty Cards: 1.2 ms]
      [Humongous Register: 0.1 ms]
      [Humongous Reclaim: 0.0 ms]
      [Free CSet: 0.1 ms]
   [Eden: 48128.0K(48128.0K)->0.0B(45056.0K) Survivors: 4096.0K->7168.0K Heap: 223.9M(1024.0M)->180.3M(1024.0M)]
 [Times: user=0.10 sys=0.05, real=0.07 secs] 
2022-11-23T16:47:05.741+0100: 3939.706: [GC pause (G1 Evacuation Pause) (young), 0.0667734 secs]
   [Parallel Time: 52.5 ms, GC Workers: 8]
      [GC Worker Start (ms): Min: 3939706.2, Avg: 3939732.2, Max: 3939743.4, Diff: 37.2]
      [Ext Root Scanning (ms): Min: 0.0, Avg: 0.5, Max: 3.9, Diff: 3.9, Sum: 4.0]
      [Update RS (ms): Min: 0.0, Avg: 0.4, Max: 3.4, Diff: 3.4, Sum: 3.4]
         [Processed Buffers: Min: 0, Avg: 4.9, Max: 39, Diff: 39, Sum: 39]
      [Scan RS (ms): Min: 0.0, Avg: 6.0, Max: 43.3, Diff: 43.3, Sum: 47.8]
      [Code Root Scanning (ms): Min: 0.0, Avg: 0.0, Max: 0.1, Diff: 0.1, Sum: 0.1]
      [Object Copy (ms): Min: 0.0, Avg: 6.3, Max: 21.3, Diff: 21.3, Sum: 50.3]
      [Termination (ms): Min: 0.0, Avg: 11.9, Max: 14.7, Diff: 14.7, Sum: 95.4]
         [Termination Attempts: Min: 1, Avg: 2.2, Max: 4, Diff: 3, Sum: 18]
      [GC Worker Other (ms): Min: 0.0, Avg: 0.0, Max: 0.1, Diff: 0.1, Sum: 0.3]
      [GC Worker Total (ms): Min: 13.9, Avg: 25.2, Max: 51.1, Diff: 37.2, Sum: 201.3]
      [GC Worker End (ms): Min: 3939757.3, Avg: 3939757.3, Max: 3939757.4, Diff: 0.0]
   [Code Root Fixup: 0.0 ms]
   [Code Root Purge: 0.0 ms]
   [Clear CT: 2.4 ms]
   [Other: 11.9 ms]
      [Choose CSet: 0.0 ms]
      [Ref Proc: 8.9 ms]
      [Ref Enq: 0.0 ms]
      [Redirty Cards: 2.3 ms]
      [Humongous Register: 0.2 ms]
      [Humongous Reclaim: 0.0 ms]
      [Free CSet: 0.1 ms]
   [Eden: 45056.0K(45056.0K)->0.0B(46080.0K) Survivors: 7168.0K->6144.0K Heap: 224.3M(1024.0M)->179.3M(1024.0M)]
 [Times: user=0.17 sys=0.02, real=0.06 secs] 
2022-11-23T16:47:21.105+0100: 3955.069: [GC pause (G1 Evacuation Pause) (young), 0.0557775 secs]
   [Parallel Time: 27.4 ms, GC Workers: 8]
      [GC Worker Start (ms): Min: 3955069.9, Avg: 3955080.8, Max: 3955091.5, Diff: 21.7]
      [Ext Root Scanning (ms): Min: 0.0, Avg: 0.5, Max: 2.2, Diff: 2.2, Sum: 4.0]
      [Update RS (ms): Min: 0.0, Avg: 1.7, Max: 5.9, Diff: 5.9, Sum: 13.7]
         [Processed Buffers: Min: 0, Avg: 4.4, Max: 15, Diff: 15, Sum: 35]
      [Scan RS (ms): Min: 0.0, Avg: 0.6, Max: 2.0, Diff: 2.0, Sum: 5.2]
      [Code Root Scanning (ms): Min: 0.0, Avg: 0.0, Max: 0.1, Diff: 0.1, Sum: 0.1]
      [Object Copy (ms): Min: 2.6, Avg: 10.9, Max: 15.4, Diff: 12.8, Sum: 87.0]
      [Termination (ms): Min: 0.0, Avg: 1.6, Max: 2.8, Diff: 2.8, Sum: 13.0]
         [Termination Attempts: Min: 1, Avg: 1.5, Max: 3, Diff: 2, Sum: 12]
      [GC Worker Other (ms): Min: 0.0, Avg: 0.0, Max: 0.1, Diff: 0.1, Sum: 0.2]
      [GC Worker Total (ms): Min: 5.5, Avg: 15.4, Max: 26.2, Diff: 20.8, Sum: 123.3]
      [GC Worker End (ms): Min: 3955096.0, Avg: 3955096.2, Max: 3955097.0, Diff: 1.0]
   [Code Root Fixup: 0.0 ms]
   [Code Root Purge: 0.0 ms]
   [Clear CT: 1.1 ms]
   [Other: 27.3 ms]
      [Choose CSet: 0.0 ms]
      [Ref Proc: 25.2 ms]
      [Ref Enq: 0.0 ms]
      [Redirty Cards: 1.1 ms]
      [Humongous Register: 0.1 ms]
      [Humongous Reclaim: 0.1 ms]
      [Free CSet: 0.1 ms]
   [Eden: 46080.0K(46080.0K)->0.0B(45056.0K) Survivors: 6144.0K->7168.0K Heap: 224.3M(1024.0M)->180.2M(1024.0M)]
 [Times: user=0.14 sys=0.00, real=0.06 secs] 
2022-11-23T16:47:37.305+0100: 3971.269: [GC pause (G1 Evacuation Pause) (young), 0.0409018 secs]
   [Parallel Time: 20.7 ms, GC Workers: 8]
      [GC Worker Start (ms): Min: 3971270.0, Avg: 3971282.8, Max: 3971289.9, Diff: 19.8]
      [Ext Root Scanning (ms): Min: 0.0, Avg: 0.4, Max: 3.3, Diff: 3.3, Sum: 3.5]
      [Update RS (ms): Min: 0.0, Avg: 1.0, Max: 4.4, Diff: 4.4, Sum: 8.4]
         [Processed Buffers: Min: 0, Avg: 4.9, Max: 18, Diff: 18, Sum: 39]
      [Scan RS (ms): Min: 0.0, Avg: 0.4, Max: 1.1, Diff: 1.1, Sum: 3.3]
      [Code Root Scanning (ms): Min: 0.0, Avg: 0.0, Max: 0.1, Diff: 0.1, Sum: 0.1]
      [Object Copy (ms): Min: 0.0, Avg: 5.0, Max: 10.7, Diff: 10.7, Sum: 40.0]
      [Termination (ms): Min: 0.0, Avg: 0.3, Max: 0.6, Diff: 0.6, Sum: 2.5]
         [Termination Attempts: Min: 1, Avg: 2.1, Max: 4, Diff: 3, Sum: 17]
      [GC Worker Other (ms): Min: 0.0, Avg: 0.0, Max: 0.0, Diff: 0.0, Sum: 0.1]
      [GC Worker Total (ms): Min: 0.1, Avg: 7.2, Max: 20.0, Diff: 19.8, Sum: 57.9]
      [GC Worker End (ms): Min: 3971290.0, Avg: 3971290.0, Max: 3971290.2, Diff: 0.2]
   [Code Root Fixup: 0.0 ms]
   [Code Root Purge: 0.0 ms]
   [Clear CT: 0.8 ms]
   [Other: 19.3 ms]
      [Choose CSet: 0.0 ms]
      [Ref Proc: 17.5 ms]
      [Ref Enq: 0.0 ms]
      [Redirty Cards: 1.0 ms]
      [Humongous Register: 0.2 ms]
      [Humongous Reclaim: 0.0 ms]
      [Free CSet: 0.0 ms]
   [Eden: 45056.0K(45056.0K)->0.0B(46080.0K) Survivors: 7168.0K->6144.0K Heap: 224.2M(1024.0M)->179.4M(1024.0M)]
 [Times: user=0.11 sys=0.00, real=0.04 secs] 
2022-11-23T16:47:52.813+0100: 3986.778: [GC pause (G1 Evacuation Pause) (young), 0.0245972 secs]
   [Parallel Time: 11.9 ms, GC Workers: 8]
      [GC Worker Start (ms): Min: 3986778.2, Avg: 3986783.1, Max: 3986789.6, Diff: 11.4]
      [Ext Root Scanning (ms): Min: 0.0, Avg: 0.5, Max: 1.1, Diff: 1.1, Sum: 3.8]
      [Update RS (ms): Min: 0.0, Avg: 1.1, Max: 2.3, Diff: 2.3, Sum: 8.9]
         [Processed Buffers: Min: 0, Avg: 5.0, Max: 15, Diff: 15, Sum: 40]
      [Scan RS (ms): Min: 0.0, Avg: 0.1, Max: 0.2, Diff: 0.2, Sum: 0.4]
      [Code Root Scanning (ms): Min: 0.0, Avg: 0.0, Max: 0.3, Diff: 0.3, Sum: 0.3]
      [Object Copy (ms): Min: 0.0, Avg: 4.4, Max: 7.8, Diff: 7.8, Sum: 35.0]
      [Termination (ms): Min: 0.0, Avg: 0.5, Max: 0.7, Diff: 0.7, Sum: 3.8]
         [Termination Attempts: Min: 1, Avg: 1.2, Max: 2, Diff: 1, Sum: 10]
      [GC Worker Other (ms): Min: 0.0, Avg: 0.0, Max: 0.0, Diff: 0.0, Sum: 0.1]
      [GC Worker Total (ms): Min: 0.0, Avg: 6.5, Max: 11.4, Diff: 11.4, Sum: 52.4]
      [GC Worker End (ms): Min: 3986789.6, Avg: 3986789.6, Max: 3986789.7, Diff: 0.1]
   [Code Root Fixup: 0.0 ms]
   [Code Root Purge: 0.0 ms]
   [Clear CT: 1.1 ms]
   [Other: 11.6 ms]
      [Choose CSet: 0.0 ms]
      [Ref Proc: 9.9 ms]
      [Ref Enq: 0.0 ms]
      [Redirty Cards: 1.1 ms]
      [Humongous Register: 0.1 ms]
      [Humongous Reclaim: 0.0 ms]
      [Free CSet: 0.1 ms]
   [Eden: 46080.0K(46080.0K)->0.0B(45056.0K) Survivors: 6144.0K->7168.0K Heap: 224.4M(1024.0M)->180.7M(1024.0M)]
 [Times: user=0.09 sys=0.01, real=0.02 secs] 
2022-11-23T16:48:04.253+0100: 3998.218: [GC pause (G1 Evacuation Pause) (young), 0.0405308 secs]
   [Parallel Time: 34.8 ms, GC Workers: 8]
      [GC Worker Start (ms): Min: 3998217.9, Avg: 3998236.7, Max: 3998249.2, Diff: 31.3]
      [Ext Root Scanning (ms): Min: 0.0, Avg: 0.5, Max: 3.5, Diff: 3.5, Sum: 3.7]
      [Update RS (ms): Min: 0.0, Avg: 4.2, Max: 25.4, Diff: 25.4, Sum: 33.4]
         [Processed Buffers: Min: 0, Avg: 5.4, Max: 38, Diff: 38, Sum: 43]
      [Scan RS (ms): Min: 0.0, Avg: 0.0, Max: 0.2, Diff: 0.2, Sum: 0.2]
      [Code Root Scanning (ms): Min: 0.0, Avg: 0.0, Max: 0.1, Diff: 0.1, Sum: 0.1]
      [Object Copy (ms): Min: 2.0, Avg: 10.0, Max: 17.7, Diff: 15.7, Sum: 79.8]
      [Termination (ms): Min: 0.0, Avg: 0.5, Max: 0.8, Diff: 0.8, Sum: 4.4]
         [Termination Attempts: Min: 1, Avg: 3.8, Max: 7, Diff: 6, Sum: 30]
      [GC Worker Other (ms): Min: 0.0, Avg: 0.0, Max: 0.0, Diff: 0.0, Sum: 0.1]
      [GC Worker Total (ms): Min: 2.8, Avg: 15.2, Max: 34.1, Diff: 31.4, Sum: 121.7]
      [GC Worker End (ms): Min: 3998251.9, Avg: 3998251.9, Max: 3998252.0, Diff: 0.1]
   [Code Root Fixup: 0.0 ms]
   [Code Root Purge: 0.0 ms]
   [Clear CT: 1.6 ms]
   [Other: 4.2 ms]
      [Choose CSet: 0.0 ms]
      [Ref Proc: 2.9 ms]
      [Ref Enq: 0.0 ms]
      [Redirty Cards: 0.6 ms]
      [Humongous Register: 0.1 ms]
      [Humongous Reclaim: 0.0 ms]
      [Free CSet: 0.0 ms]
   [Eden: 45056.0K(45056.0K)->0.0B(45056.0K) Survivors: 7168.0K->7168.0K Heap: 224.7M(1024.0M)->181.4M(1024.0M)]
 [Times: user=0.08 sys=0.03, real=0.04 secs] 
2022-11-23T16:48:17.899+0100: 4011.864: [GC pause (G1 Evacuation Pause) (young), 0.0371273 secs]
   [Parallel Time: 33.3 ms, GC Workers: 8]
      [GC Worker Start (ms): Min: 4011864.0, Avg: 4011868.5, Max: 4011879.8, Diff: 15.8]
      [Ext Root Scanning (ms): Min: 0.0, Avg: 0.5, Max: 1.6, Diff: 1.6, Sum: 4.2]
      [Update RS (ms): Min: 0.0, Avg: 0.9, Max: 1.8, Diff: 1.8, Sum: 6.8]
         [Processed Buffers: Min: 0, Avg: 4.9, Max: 16, Diff: 16, Sum: 39]
      [Scan RS (ms): Min: 0.0, Avg: 2.4, Max: 14.3, Diff: 14.2, Sum: 19.2]
      [Code Root Scanning (ms): Min: 0.0, Avg: 0.0, Max: 0.1, Diff: 0.1, Sum: 0.1]
      [Object Copy (ms): Min: 0.0, Avg: 9.9, Max: 28.5, Diff: 28.5, Sum: 79.3]
      [Termination (ms): Min: 0.0, Avg: 14.7, Max: 17.4, Diff: 17.4, Sum: 117.7]
         [Termination Attempts: Min: 1, Avg: 1.5, Max: 2, Diff: 1, Sum: 12]
      [GC Worker Other (ms): Min: 0.0, Avg: 0.0, Max: 0.0, Diff: 0.0, Sum: 0.1]
      [GC Worker Total (ms): Min: 17.2, Avg: 28.4, Max: 33.0, Diff: 15.8, Sum: 227.4]
      [GC Worker End (ms): Min: 4011896.9, Avg: 4011897.0, Max: 4011897.0, Diff: 0.1]
   [Code Root Fixup: 0.0 ms]
   [Code Root Purge: 0.0 ms]
   [Clear CT: 1.3 ms]
   [Other: 2.6 ms]
      [Choose CSet: 0.0 ms]
      [Ref Proc: 1.1 ms]
      [Ref Enq: 0.0 ms]
      [Redirty Cards: 0.8 ms]
      [Humongous Register: 0.0 ms]
      [Humongous Reclaim: 0.1 ms]
      [Free CSet: 0.1 ms]
   [Eden: 45056.0K(45056.0K)->0.0B(48128.0K) Survivors: 7168.0K->4096.0K Heap: 225.4M(1024.0M)->178.9M(1024.0M)]
 [Times: user=0.15 sys=0.00, real=0.04 secs] 
2022-11-23T16:48:32.508+0100: 4026.473: [GC pause (G1 Evacuation Pause) (young), 0.0315609 secs]
   [Parallel Time: 23.1 ms, GC Workers: 8]
      [GC Worker Start (ms): Min: 4026473.9, Avg: 4026481.3, Max: 4026491.0, Diff: 17.0]
      [Ext Root Scanning (ms): Min: 0.0, Avg: 0.5, Max: 1.5, Diff: 1.5, Sum: 3.8]
      [Update RS (ms): Min: 0.0, Avg: 1.2, Max: 3.2, Diff: 3.2, Sum: 9.4]
         [Processed Buffers: Min: 0, Avg: 4.6, Max: 15, Diff: 15, Sum: 37]
      [Scan RS (ms): Min: 0.0, Avg: 0.4, Max: 1.2, Diff: 1.2, Sum: 3.3]
      [Code Root Scanning (ms): Min: 0.0, Avg: 0.0, Max: 0.1, Diff: 0.1, Sum: 0.1]
      [Object Copy (ms): Min: 0.0, Avg: 8.2, Max: 16.6, Diff: 16.6, Sum: 65.6]
      [Termination (ms): Min: 0.0, Avg: 4.7, Max: 5.7, Diff: 5.7, Sum: 37.3]
         [Termination Attempts: Min: 1, Avg: 3.1, Max: 7, Diff: 6, Sum: 25]
      [GC Worker Other (ms): Min: 0.0, Avg: 0.0, Max: 0.0, Diff: 0.0, Sum: 0.1]
      [GC Worker Total (ms): Min: 5.3, Avg: 15.0, Max: 22.3, Diff: 17.0, Sum: 119.7]
      [GC Worker End (ms): Min: 4026496.2, Avg: 4026496.2, Max: 4026496.3, Diff: 0.1]
   [Code Root Fixup: 0.0 ms]
   [Code Root Purge: 0.0 ms]
   [Clear CT: 1.7 ms]
   [Other: 6.8 ms]
      [Choose CSet: 0.0 ms]
      [Ref Proc: 4.1 ms]
      [Ref Enq: 0.0 ms]
      [Redirty Cards: 1.8 ms]
      [Humongous Register: 0.1 ms]
      [Humongous Reclaim: 0.1 ms]
      [Free CSet: 0.1 ms]
   [Eden: 48128.0K(48128.0K)->0.0B(45056.0K) Survivors: 4096.0K->7168.0K Heap: 225.9M(1024.0M)->181.6M(1024.0M)]
 [Times: user=0.11 sys=0.00, real=0.03 secs] 
2022-11-23T16:48:46.204+0100: 4040.168: [GC pause (G1 Evacuation Pause) (young), 0.0314817 secs]
   [Parallel Time: 26.9 ms, GC Workers: 8]
      [GC Worker Start (ms): Min: 4040168.8, Avg: 4040172.9, Max: 4040181.7, Diff: 12.9]
      [Ext Root Scanning (ms): Min: 0.0, Avg: 0.6, Max: 1.6, Diff: 1.6, Sum: 4.5]
      [Update RS (ms): Min: 0.0, Avg: 1.2, Max: 2.6, Diff: 2.6, Sum: 9.5]
         [Processed Buffers: Min: 0, Avg: 4.9, Max: 21, Diff: 21, Sum: 39]
      [Scan RS (ms): Min: 0.0, Avg: 0.4, Max: 0.8, Diff: 0.8, Sum: 3.0]
      [Code Root Scanning (ms): Min: 0.0, Avg: 0.0, Max: 0.1, Diff: 0.1, Sum: 0.1]
      [Object Copy (ms): Min: 0.0, Avg: 7.0, Max: 13.0, Diff: 13.0, Sum: 56.2]
      [Termination (ms): Min: 0.0, Avg: 4.7, Max: 9.0, Diff: 9.0, Sum: 37.7]
         [Termination Attempts: Min: 1, Avg: 1.2, Max: 2, Diff: 1, Sum: 10]
      [GC Worker Other (ms): Min: 0.0, Avg: 0.0, Max: 0.0, Diff: 0.0, Sum: 0.2]
      [GC Worker Total (ms): Min: 4.3, Avg: 13.9, Max: 21.6, Diff: 17.3, Sum: 111.1]
      [GC Worker End (ms): Min: 4040186.0, Avg: 4040186.8, Max: 4040190.4, Diff: 4.4]
   [Code Root Fixup: 0.0 ms]
   [Code Root Purge: 0.0 ms]
   [Clear CT: 1.3 ms]
   [Other: 3.2 ms]
      [Choose CSet: 0.0 ms]
      [Ref Proc: 1.3 ms]
      [Ref Enq: 0.0 ms]
      [Redirty Cards: 0.9 ms]
      [Humongous Register: 0.2 ms]
      [Humongous Reclaim: 0.1 ms]
      [Free CSet: 0.0 ms]
   [Eden: 45056.0K(45056.0K)->0.0B(45056.0K) Survivors: 7168.0K->7168.0K Heap: 225.6M(1024.0M)->181.9M(1024.0M)]
 [Times: user=0.08 sys=0.00, real=0.03 secs] 
2022-11-23T16:48:59.880+0100: 4053.844: [GC pause (G1 Evacuation Pause) (young), 0.0622266 secs]
   [Parallel Time: 22.3 ms, GC Workers: 8]
      [GC Worker Start (ms): Min: 4053844.8, Avg: 4053854.9, Max: 4053864.1, Diff: 19.4]
      [Ext Root Scanning (ms): Min: 0.0, Avg: 0.5, Max: 2.0, Diff: 2.0, Sum: 4.0]
      [Update RS (ms): Min: 0.0, Avg: 1.4, Max: 5.5, Diff: 5.5, Sum: 10.9]
         [Processed Buffers: Min: 0, Avg: 4.9, Max: 22, Diff: 22, Sum: 39]
      [Scan RS (ms): Min: 0.0, Avg: 0.6, Max: 3.8, Diff: 3.8, Sum: 5.0]
      [Code Root Scanning (ms): Min: 0.0, Avg: 0.0, Max: 0.0, Diff: 0.0, Sum: 0.1]
      [Object Copy (ms): Min: 0.0, Avg: 5.9, Max: 9.4, Diff: 9.4, Sum: 46.8]
      [Termination (ms): Min: 0.0, Avg: 1.4, Max: 3.8, Diff: 3.8, Sum: 11.1]
         [Termination Attempts: Min: 1, Avg: 1.1, Max: 2, Diff: 1, Sum: 9]
      [GC Worker Other (ms): Min: 0.0, Avg: 0.0, Max: 0.0, Diff: 0.0, Sum: 0.1]
      [GC Worker Total (ms): Min: 0.3, Avg: 9.8, Max: 19.6, Diff: 19.4, Sum: 78.0]
      [GC Worker End (ms): Min: 4053864.4, Avg: 4053864.7, Max: 4053866.6, Diff: 2.2]
   [Code Root Fixup: 0.0 ms]
   [Code Root Purge: 0.0 ms]
   [Clear CT: 1.7 ms]
   [Other: 38.2 ms]
      [Choose CSet: 0.0 ms]
      [Ref Proc: 35.6 ms]
      [Ref Enq: 0.0 ms]
      [Redirty Cards: 1.7 ms]
      [Humongous Register: 0.2 ms]
      [Humongous Reclaim: 0.1 ms]
      [Free CSet: 0.1 ms]
   [Eden: 45056.0K(45056.0K)->0.0B(45056.0K) Survivors: 7168.0K->7168.0K Heap: 225.9M(1024.0M)->182.3M(1024.0M)]
 [Times: user=0.15 sys=0.01, real=0.07 secs] 
2022-11-23T16:49:14.988+0100: 4068.953: [GC pause (G1 Evacuation Pause) (young), 0.0787496 secs]
   [Parallel Time: 67.1 ms, GC Workers: 8]
      [GC Worker Start (ms): Min: 4068953.2, Avg: 4069005.2, Max: 4069019.1, Diff: 66.0]
      [Ext Root Scanning (ms): Min: 0.0, Avg: 0.5, Max: 3.5, Diff: 3.5, Sum: 3.6]
      [Update RS (ms): Min: 0.0, Avg: 7.2, Max: 51.6, Diff: 51.6, Sum: 57.6]
         [Processed Buffers: Min: 0, Avg: 5.4, Max: 38, Diff: 38, Sum: 43]
      [Scan RS (ms): Min: 0.0, Avg: 0.3, Max: 2.1, Diff: 2.1, Sum: 2.2]
      [Code Root Scanning (ms): Min: 0.0, Avg: 0.0, Max: 0.1, Diff: 0.1, Sum: 0.1]
      [Object Copy (ms): Min: 0.0, Avg: 5.0, Max: 15.2, Diff: 15.2, Sum: 40.2]
      [Termination (ms): Min: 0.0, Avg: 1.3, Max: 3.0, Diff: 3.0, Sum: 10.7]
         [Termination Attempts: Min: 1, Avg: 1.5, Max: 4, Diff: 3, Sum: 12]
      [GC Worker Other (ms): Min: 0.0, Avg: 0.0, Max: 0.1, Diff: 0.1, Sum: 0.2]
      [GC Worker Total (ms): Min: 0.1, Avg: 14.3, Max: 66.1, Diff: 66.0, Sum: 114.6]
      [GC Worker End (ms): Min: 4069019.2, Avg: 4069019.5, Max: 4069020.2, Diff: 1.0]
   [Code Root Fixup: 0.0 ms]
   [Code Root Purge: 0.0 ms]
   [Clear CT: 1.0 ms]
   [Other: 10.6 ms]
      [Choose CSet: 0.0 ms]
      [Ref Proc: 8.5 ms]
      [Ref Enq: 0.0 ms]
      [Redirty Cards: 1.2 ms]
      [Humongous Register: 0.2 ms]
      [Humongous Reclaim: 0.1 ms]
      [Free CSet: 0.1 ms]
   [Eden: 45056.0K(45056.0K)->0.0B(46080.0K) Survivors: 7168.0K->6144.0K Heap: 226.3M(1024.0M)->181.6M(1024.0M)]
 [Times: user=0.09 sys=0.03, real=0.08 secs] 
2022-11-23T16:49:36.237+0100: 4090.201: [GC pause (G1 Evacuation Pause) (young), 0.0709263 secs]
   [Parallel Time: 62.1 ms, GC Workers: 8]
      [GC Worker Start (ms): Min: 4090202.4, Avg: 4090220.0, Max: 4090253.2, Diff: 50.8]
      [Ext Root Scanning (ms): Min: 0.0, Avg: 1.1, Max: 4.8, Diff: 4.8, Sum: 9.0]
      [Update RS (ms): Min: 0.0, Avg: 8.0, Max: 45.8, Diff: 45.8, Sum: 64.4]
         [Processed Buffers: Min: 0, Avg: 5.9, Max: 14, Diff: 14, Sum: 47]
      [Scan RS (ms): Min: 0.0, Avg: 0.2, Max: 0.8, Diff: 0.8, Sum: 1.9]
      [Code Root Scanning (ms): Min: 0.0, Avg: 0.0, Max: 0.1, Diff: 0.1, Sum: 0.2]
      [Object Copy (ms): Min: 0.7, Avg: 23.8, Max: 46.7, Diff: 46.0, Sum: 190.2]
      [Termination (ms): Min: 0.0, Avg: 10.3, Max: 20.6, Diff: 20.6, Sum: 82.7]
         [Termination Attempts: Min: 1, Avg: 3.0, Max: 6, Diff: 5, Sum: 24]
      [GC Worker Other (ms): Min: 0.0, Avg: 0.0, Max: 0.0, Diff: 0.0, Sum: 0.2]
      [GC Worker Total (ms): Min: 10.3, Avg: 43.6, Max: 61.1, Diff: 50.8, Sum: 348.6]
      [GC Worker End (ms): Min: 4090263.5, Avg: 4090263.6, Max: 4090263.6, Diff: 0.1]
   [Code Root Fixup: 0.0 ms]
   [Code Root Purge: 0.0 ms]
   [Clear CT: 0.6 ms]
   [Other: 8.3 ms]
      [Choose CSet: 0.0 ms]
      [Ref Proc: 6.0 ms]
      [Ref Enq: 0.0 ms]
      [Redirty Cards: 0.8 ms]
      [Humongous Register: 0.7 ms]
      [Humongous Reclaim: 0.1 ms]
      [Free CSet: 0.1 ms]
   [Eden: 46080.0K(46080.0K)->0.0B(45056.0K) Survivors: 6144.0K->7168.0K Heap: 226.6M(1024.0M)->183.5M(1024.0M)]
 [Times: user=0.27 sys=0.00, real=0.07 secs] 
2022-11-23T16:49:50.059+0100: 4104.024: [GC pause (G1 Evacuation Pause) (young), 0.0270919 secs]
   [Parallel Time: 22.2 ms, GC Workers: 8]
      [GC Worker Start (ms): Min: 4104024.2, Avg: 4104031.0, Max: 4104040.1, Diff: 15.8]
      [Ext Root Scanning (ms): Min: 0.0, Avg: 0.6, Max: 1.6, Diff: 1.6, Sum: 4.6]
      [Update RS (ms): Min: 0.0, Avg: 1.2, Max: 2.6, Diff: 2.6, Sum: 10.0]
         [Processed Buffers: Min: 0, Avg: 5.1, Max: 15, Diff: 15, Sum: 41]
      [Scan RS (ms): Min: 0.0, Avg: 0.5, Max: 1.2, Diff: 1.2, Sum: 4.0]
      [Code Root Scanning (ms): Min: 0.0, Avg: 0.0, Max: 0.0, Diff: 0.0, Sum: 0.1]
      [Object Copy (ms): Min: 0.0, Avg: 6.7, Max: 16.2, Diff: 16.2, Sum: 53.8]
      [Termination (ms): Min: 0.0, Avg: 5.5, Max: 7.3, Diff: 7.3, Sum: 44.2]
         [Termination Attempts: Min: 1, Avg: 1.5, Max: 3, Diff: 2, Sum: 12]
      [GC Worker Other (ms): Min: 0.0, Avg: 0.0, Max: 0.0, Diff: 0.0, Sum: 0.1]
      [GC Worker Total (ms): Min: 5.4, Avg: 14.6, Max: 21.9, Diff: 16.6, Sum: 116.7]
      [GC Worker End (ms): Min: 4104045.4, Avg: 4104045.6, Max: 4104046.2, Diff: 0.8]
   [Code Root Fixup: 0.0 ms]
   [Code Root Purge: 0.0 ms]
   [Clear CT: 0.9 ms]
   [Other: 4.0 ms]
      [Choose CSet: 0.0 ms]
      [Ref Proc: 2.6 ms]
      [Ref Enq: 0.0 ms]
      [Redirty Cards: 0.8 ms]
      [Humongous Register: 0.1 ms]
      [Humongous Reclaim: 0.0 ms]
      [Free CSet: 0.0 ms]
   [Eden: 45056.0K(45056.0K)->0.0B(48128.0K) Survivors: 7168.0K->4096.0K Heap: 227.5M(1024.0M)->180.7M(1024.0M)]
 [Times: user=0.09 sys=0.00, real=0.03 secs] 
2022-11-23T16:50:06.632+0100: 4120.597: [GC pause (G1 Evacuation Pause) (young), 0.1263412 secs]
   [Parallel Time: 100.9 ms, GC Workers: 8]
      [GC Worker Start (ms): Min: 4120597.3, Avg: 4120613.5, Max: 4120622.8, Diff: 25.5]
      [Ext Root Scanning (ms): Min: 0.0, Avg: 0.7, Max: 5.2, Diff: 5.2, Sum: 5.3]
      [Update RS (ms): Min: 0.0, Avg: 3.7, Max: 19.8, Diff: 19.8, Sum: 29.2]
         [Processed Buffers: Min: 0, Avg: 5.2, Max: 23, Diff: 23, Sum: 42]
      [Scan RS (ms): Min: 0.0, Avg: 0.7, Max: 2.9, Diff: 2.9, Sum: 5.6]
      [Code Root Scanning (ms): Min: 0.0, Avg: 0.0, Max: 0.0, Diff: 0.0, Sum: 0.0]
      [Object Copy (ms): Min: 68.3, Avg: 73.2, Max: 77.4, Diff: 9.1, Sum: 585.7]
      [Termination (ms): Min: 0.0, Avg: 6.2, Max: 7.8, Diff: 7.8, Sum: 49.4]
         [Termination Attempts: Min: 1, Avg: 4.5, Max: 20, Diff: 19, Sum: 36]
      [GC Worker Other (ms): Min: 0.0, Avg: 0.0, Max: 0.1, Diff: 0.1, Sum: 0.2]
      [GC Worker Total (ms): Min: 75.1, Avg: 84.4, Max: 100.5, Diff: 25.4, Sum: 675.5]
      [GC Worker End (ms): Min: 4120697.8, Avg: 4120697.9, Max: 4120698.0, Diff: 0.2]
   [Code Root Fixup: 0.0 ms]
   [Code Root Purge: 0.0 ms]
   [Clear CT: 5.2 ms]
   [Other: 20.2 ms]
      [Choose CSet: 0.0 ms]
      [Ref Proc: 16.8 ms]
      [Ref Enq: 0.0 ms]
      [Redirty Cards: 2.7 ms]
      [Humongous Register: 0.2 ms]
      [Humongous Reclaim: 0.0 ms]
      [Free CSet: 0.1 ms]
   [Eden: 48128.0K(48128.0K)->0.0B(45056.0K) Survivors: 4096.0K->7168.0K Heap: 227.7M(1024.0M)->184.2M(1024.0M)]
 [Times: user=0.19 sys=0.04, real=0.12 secs] 
2022-11-23T16:50:23.249+0100: 4137.214: [GC pause (G1 Evacuation Pause) (young), 0.0366842 secs]
   [Parallel Time: 28.8 ms, GC Workers: 8]
      [GC Worker Start (ms): Min: 4137214.3, Avg: 4137217.7, Max: 4137224.4, Diff: 10.2]
      [Ext Root Scanning (ms): Min: 0.0, Avg: 0.6, Max: 2.0, Diff: 2.0, Sum: 5.1]
      [Update RS (ms): Min: 0.0, Avg: 1.0, Max: 2.3, Diff: 2.3, Sum: 8.4]
         [Processed Buffers: Min: 0, Avg: 5.0, Max: 13, Diff: 13, Sum: 40]
      [Scan RS (ms): Min: 0.0, Avg: 0.6, Max: 0.9, Diff: 0.9, Sum: 4.6]
      [Code Root Scanning (ms): Min: 0.0, Avg: 0.0, Max: 0.0, Diff: 0.0, Sum: 0.0]
      [Object Copy (ms): Min: 0.0, Avg: 4.2, Max: 5.7, Diff: 5.7, Sum: 33.6]
      [Termination (ms): Min: 0.0, Avg: 2.6, Max: 18.5, Diff: 18.5, Sum: 20.4]
         [Termination Attempts: Min: 1, Avg: 1.2, Max: 2, Diff: 1, Sum: 10]
      [GC Worker Other (ms): Min: 0.0, Avg: 0.0, Max: 0.0, Diff: 0.0, Sum: 0.1]
      [GC Worker Total (ms): Min: 0.0, Avg: 9.0, Max: 25.3, Diff: 25.2, Sum: 72.3]
      [GC Worker End (ms): Min: 4137224.5, Avg: 4137226.8, Max: 4137242.7, Diff: 18.2]
   [Code Root Fixup: 0.0 ms]
   [Code Root Purge: 0.0 ms]
   [Clear CT: 0.8 ms]
   [Other: 7.1 ms]
      [Choose CSet: 0.0 ms]
      [Ref Proc: 5.8 ms]
      [Ref Enq: 0.0 ms]
      [Redirty Cards: 0.7 ms]
      [Humongous Register: 0.0 ms]
      [Humongous Reclaim: 0.1 ms]
      [Free CSet: 0.1 ms]
   [Eden: 45056.0K(45056.0K)->0.0B(46080.0K) Survivors: 7168.0K->6144.0K Heap: 228.2M(1024.0M)->183.2M(1024.0M)]
 [Times: user=0.08 sys=0.00, real=0.04 secs] 
2022-11-23T16:50:36.135+0100: 4150.100: [GC pause (G1 Evacuation Pause) (young), 0.0333070 secs]
   [Parallel Time: 27.2 ms, GC Workers: 8]
      [GC Worker Start (ms): Min: 4150100.8, Avg: 4150112.0, Max: 4150120.8, Diff: 20.0]
      [Ext Root Scanning (ms): Min: 0.0, Avg: 0.4, Max: 3.3, Diff: 3.3, Sum: 3.4]
      [Update RS (ms): Min: 0.0, Avg: 1.4, Max: 4.9, Diff: 4.9, Sum: 11.5]
         [Processed Buffers: Min: 0, Avg: 4.6, Max: 23, Diff: 23, Sum: 37]
      [Scan RS (ms): Min: 0.0, Avg: 0.5, Max: 1.5, Diff: 1.5, Sum: 4.4]
      [Code Root Scanning (ms): Min: 0.0, Avg: 0.0, Max: 0.0, Diff: 0.0, Sum: 0.0]
      [Object Copy (ms): Min: 0.0, Avg: 6.5, Max: 17.2, Diff: 17.2, Sum: 52.0]
      [Termination (ms): Min: 0.0, Avg: 5.6, Max: 6.9, Diff: 6.9, Sum: 44.6]
         [Termination Attempts: Min: 1, Avg: 1.5, Max: 3, Diff: 2, Sum: 12]
      [GC Worker Other (ms): Min: 0.0, Avg: 0.0, Max: 0.0, Diff: 0.0, Sum: 0.1]
      [GC Worker Total (ms): Min: 5.7, Avg: 14.5, Max: 25.7, Diff: 20.0, Sum: 116.2]
      [GC Worker End (ms): Min: 4150126.5, Avg: 4150126.5, Max: 4150126.5, Diff: 0.0]
   [Code Root Fixup: 0.0 ms]
   [Code Root Purge: 0.0 ms]
   [Clear CT: 1.5 ms]
   [Other: 4.6 ms]
      [Choose CSet: 0.0 ms]
      [Ref Proc: 2.2 ms]
      [Ref Enq: 0.0 ms]
      [Redirty Cards: 1.3 ms]
      [Humongous Register: 0.4 ms]
      [Humongous Reclaim: 0.0 ms]
      [Free CSet: 0.1 ms]
   [Eden: 46080.0K(46080.0K)->0.0B(46080.0K) Survivors: 6144.0K->6144.0K Heap: 228.2M(1024.0M)->183.1M(1024.0M)]
 [Times: user=0.09 sys=0.00, real=0.03 secs] 
2022-11-23T16:50:50.207+0100: 4164.172: [GC pause (G1 Evacuation Pause) (young), 0.0345400 secs]
   [Parallel Time: 10.1 ms, GC Workers: 8]
      [GC Worker Start (ms): Min: 4164172.3, Avg: 4164175.9, Max: 4164181.9, Diff: 9.6]
      [Ext Root Scanning (ms): Min: 0.0, Avg: 0.5, Max: 1.1, Diff: 1.1, Sum: 3.9]
      [Update RS (ms): Min: 0.0, Avg: 1.0, Max: 1.8, Diff: 1.8, Sum: 8.3]
         [Processed Buffers: Min: 0, Avg: 4.9, Max: 14, Diff: 14, Sum: 39]
      [Scan RS (ms): Min: 0.0, Avg: 0.4, Max: 0.8, Diff: 0.7, Sum: 3.5]
      [Code Root Scanning (ms): Min: 0.0, Avg: 0.0, Max: 0.0, Diff: 0.0, Sum: 0.0]
      [Object Copy (ms): Min: 0.0, Avg: 3.6, Max: 5.8, Diff: 5.8, Sum: 28.5]
      [Termination (ms): Min: 0.0, Avg: 0.5, Max: 0.7, Diff: 0.7, Sum: 3.7]
         [Termination Attempts: Min: 1, Avg: 1.4, Max: 2, Diff: 1, Sum: 11]
      [GC Worker Other (ms): Min: 0.0, Avg: 0.0, Max: 0.0, Diff: 0.0, Sum: 0.1]
      [GC Worker Total (ms): Min: 0.0, Avg: 6.0, Max: 9.6, Diff: 9.6, Sum: 48.0]
      [GC Worker End (ms): Min: 4164181.9, Avg: 4164182.0, Max: 4164182.0, Diff: 0.0]
   [Code Root Fixup: 0.0 ms]
   [Code Root Purge: 0.0 ms]
   [Clear CT: 1.0 ms]
   [Other: 23.4 ms]
      [Choose CSet: 0.0 ms]
      [Ref Proc: 20.7 ms]
      [Ref Enq: 0.0 ms]
      [Redirty Cards: 1.9 ms]
      [Humongous Register: 0.1 ms]
      [Humongous Reclaim: 0.1 ms]
      [Free CSet: 0.1 ms]
   [Eden: 46080.0K(46080.0K)->0.0B(46080.0K) Survivors: 6144.0K->6144.0K Heap: 228.1M(1024.0M)->183.3M(1024.0M)]
 [Times: user=0.11 sys=0.00, real=0.04 secs] 
2022-11-23T16:51:04.330+0100: 4178.295: [GC pause (G1 Evacuation Pause) (young), 0.0288123 secs]
   [Parallel Time: 24.4 ms, GC Workers: 8]
      [GC Worker Start (ms): Min: 4178295.6, Avg: 4178302.3, Max: 4178306.8, Diff: 11.3]
      [Ext Root Scanning (ms): Min: 0.0, Avg: 0.6, Max: 2.1, Diff: 2.1, Sum: 4.9]
      [Update RS (ms): Min: 0.0, Avg: 1.0, Max: 2.8, Diff: 2.8, Sum: 8.2]
         [Processed Buffers: Min: 0, Avg: 4.9, Max: 23, Diff: 23, Sum: 39]
      [Scan RS (ms): Min: 0.0, Avg: 0.5, Max: 1.4, Diff: 1.4, Sum: 4.1]
      [Code Root Scanning (ms): Min: 0.0, Avg: 0.0, Max: 0.0, Diff: 0.0, Sum: 0.0]
      [Object Copy (ms): Min: 5.3, Avg: 8.7, Max: 17.7, Diff: 12.5, Sum: 69.3]
      [Termination (ms): Min: 0.0, Avg: 6.5, Max: 7.5, Diff: 7.5, Sum: 51.8]
         [Termination Attempts: Min: 1, Avg: 1.6, Max: 3, Diff: 2, Sum: 13]
      [GC Worker Other (ms): Min: 0.0, Avg: 0.0, Max: 0.0, Diff: 0.0, Sum: 0.1]
      [GC Worker Total (ms): Min: 12.8, Avg: 17.3, Max: 24.1, Diff: 11.3, Sum: 138.5]
      [GC Worker End (ms): Min: 4178319.6, Avg: 4178319.6, Max: 4178319.6, Diff: 0.0]
   [Code Root Fixup: 0.0 ms]
   [Code Root Purge: 0.0 ms]
   [Clear CT: 1.2 ms]
   [Other: 3.3 ms]
      [Choose CSet: 0.0 ms]
      [Ref Proc: 1.6 ms]
      [Ref Enq: 0.0 ms]
      [Redirty Cards: 0.9 ms]
      [Humongous Register: 0.1 ms]
      [Humongous Reclaim: 0.1 ms]
      [Free CSet: 0.1 ms]
   [Eden: 46080.0K(46080.0K)->0.0B(45056.0K) Survivors: 6144.0K->7168.0K Heap: 228.3M(1024.0M)->184.6M(1024.0M)]
 [Times: user=0.08 sys=0.01, real=0.03 secs] 
2022-11-23T16:51:17.513+0100: 4191.478: [GC pause (G1 Evacuation Pause) (young), 0.0830390 secs]
   [Parallel Time: 79.2 ms, GC Workers: 8]
      [GC Worker Start (ms): Min: 4191478.0, Avg: 4191507.3, Max: 4191530.8, Diff: 52.8]
      [Ext Root Scanning (ms): Min: 0.0, Avg: 0.5, Max: 1.8, Diff: 1.8, Sum: 3.7]
      [Update RS (ms): Min: 0.0, Avg: 18.4, Max: 51.6, Diff: 51.6, Sum: 147.5]
         [Processed Buffers: Min: 0, Avg: 5.6, Max: 33, Diff: 33, Sum: 45]
      [Scan RS (ms): Min: 0.0, Avg: 0.1, Max: 0.5, Diff: 0.5, Sum: 0.6]
      [Code Root Scanning (ms): Min: 0.0, Avg: 0.0, Max: 0.0, Diff: 0.0, Sum: 0.0]
      [Object Copy (ms): Min: 0.0, Avg: 7.8, Max: 46.0, Diff: 46.0, Sum: 62.5]
      [Termination (ms): Min: 0.0, Avg: 22.8, Max: 26.5, Diff: 26.5, Sum: 182.7]
         [Termination Attempts: Min: 1, Avg: 8.8, Max: 22, Diff: 21, Sum: 70]
      [GC Worker Other (ms): Min: 0.0, Avg: 0.0, Max: 0.0, Diff: 0.0, Sum: 0.1]
      [GC Worker Total (ms): Min: 26.1, Avg: 49.6, Max: 78.9, Diff: 52.8, Sum: 397.2]
      [GC Worker End (ms): Min: 4191557.0, Avg: 4191557.0, Max: 4191557.0, Diff: 0.1]
   [Code Root Fixup: 0.0 ms]
   [Code Root Purge: 0.0 ms]
   [Clear CT: 1.0 ms]
   [Other: 2.9 ms]
      [Choose CSet: 0.0 ms]
      [Ref Proc: 1.1 ms]
      [Ref Enq: 0.0 ms]
      [Redirty Cards: 1.0 ms]
      [Humongous Register: 0.2 ms]
      [Humongous Reclaim: 0.1 ms]
      [Free CSet: 0.1 ms]
   [Eden: 45056.0K(45056.0K)->0.0B(45056.0K) Survivors: 7168.0K->7168.0K Heap: 228.6M(1024.0M)->184.9M(1024.0M)]
 [Times: user=0.17 sys=0.03, real=0.08 secs] 
2022-11-23T16:51:31.747+0100: 4205.712: [GC pause (G1 Evacuation Pause) (young), 0.0564281 secs]
   [Parallel Time: 34.4 ms, GC Workers: 8]
      [GC Worker Start (ms): Min: 4205712.2, Avg: 4205721.3, Max: 4205727.5, Diff: 15.3]
      [Ext Root Scanning (ms): Min: 0.0, Avg: 0.4, Max: 1.3, Diff: 1.3, Sum: 3.5]
      [Update RS (ms): Min: 0.0, Avg: 1.2, Max: 3.2, Diff: 3.2, Sum: 9.5]
         [Processed Buffers: Min: 0, Avg: 5.8, Max: 24, Diff: 24, Sum: 46]
      [Scan RS (ms): Min: 0.0, Avg: 0.3, Max: 1.0, Diff: 1.0, Sum: 2.8]
      [Code Root Scanning (ms): Min: 0.0, Avg: 0.0, Max: 0.0, Diff: 0.0, Sum: 0.0]
      [Object Copy (ms): Min: 0.0, Avg: 6.2, Max: 20.4, Diff: 20.4, Sum: 49.7]
      [Termination (ms): Min: 0.0, Avg: 9.5, Max: 18.0, Diff: 18.0, Sum: 75.8]
         [Termination Attempts: Min: 1, Avg: 1.0, Max: 1, Diff: 0, Sum: 8]
      [GC Worker Other (ms): Min: 0.0, Avg: 0.0, Max: 0.1, Diff: 0.0, Sum: 0.2]
      [GC Worker Total (ms): Min: 10.4, Avg: 17.7, Max: 26.8, Diff: 16.4, Sum: 141.5]
      [GC Worker End (ms): Min: 4205737.8, Avg: 4205739.0, Max: 4205745.5, Diff: 7.6]
   [Code Root Fixup: 0.0 ms]
   [Code Root Purge: 0.0 ms]
   [Clear CT: 1.5 ms]
   [Other: 20.5 ms]
      [Choose CSet: 0.0 ms]
      [Ref Proc: 18.8 ms]
      [Ref Enq: 0.0 ms]
      [Redirty Cards: 1.0 ms]
      [Humongous Register: 0.1 ms]
      [Humongous Reclaim: 0.1 ms]
      [Free CSet: 0.1 ms]
   [Eden: 45056.0K(45056.0K)->0.0B(46080.0K) Survivors: 7168.0K->6144.0K Heap: 228.9M(1024.0M)->184.6M(1024.0M)]
 [Times: user=0.14 sys=0.02, real=0.06 secs] 
2022-11-23T16:51:43.153+0100: 4217.118: [GC pause (G1 Evacuation Pause) (young), 0.0581061 secs]
   [Parallel Time: 52.1 ms, GC Workers: 8]
      [GC Worker Start (ms): Min: 4217118.3, Avg: 4217122.7, Max: 4217130.0, Diff: 11.7]
      [Ext Root Scanning (ms): Min: 0.0, Avg: 0.7, Max: 2.6, Diff: 2.6, Sum: 5.8]
      [Update RS (ms): Min: 0.0, Avg: 1.3, Max: 3.0, Diff: 3.0, Sum: 10.2]
         [Processed Buffers: Min: 0, Avg: 5.0, Max: 18, Diff: 18, Sum: 40]
      [Scan RS (ms): Min: 0.0, Avg: 0.3, Max: 0.7, Diff: 0.7, Sum: 2.7]
      [Code Root Scanning (ms): Min: 0.0, Avg: 0.0, Max: 0.0, Diff: 0.0, Sum: 0.0]
      [Object Copy (ms): Min: 40.2, Avg: 45.2, Max: 46.9, Diff: 6.7, Sum: 361.9]
      [Termination (ms): Min: 0.0, Avg: 0.0, Max: 0.0, Diff: 0.0, Sum: 0.1]
         [Termination Attempts: Min: 1, Avg: 1.0, Max: 1, Diff: 0, Sum: 8]
      [GC Worker Other (ms): Min: 0.0, Avg: 0.0, Max: 0.0, Diff: 0.0, Sum: 0.1]
      [GC Worker Total (ms): Min: 40.3, Avg: 47.6, Max: 52.0, Diff: 11.7, Sum: 380.9]
      [GC Worker End (ms): Min: 4217170.3, Avg: 4217170.3, Max: 4217170.3, Diff: 0.0]
   [Code Root Fixup: 0.0 ms]
   [Code Root Purge: 0.0 ms]
   [Clear CT: 1.0 ms]
   [Other: 5.0 ms]
      [Choose CSet: 0.0 ms]
      [Ref Proc: 2.9 ms]
      [Ref Enq: 0.0 ms]
      [Redirty Cards: 1.3 ms]
      [Humongous Register: 0.1 ms]
      [Humongous Reclaim: 0.1 ms]
      [Free CSet: 0.1 ms]
   [Eden: 46080.0K(46080.0K)->0.0B(45056.0K) Survivors: 6144.0K->7168.0K Heap: 229.6M(1024.0M)->186.2M(1024.0M)]
 [Times: user=0.09 sys=0.03, real=0.06 secs] 
2022-11-23T16:51:53.708+0100: 4227.673: [GC pause (G1 Evacuation Pause) (young), 0.0636027 secs]
   [Parallel Time: 36.6 ms, GC Workers: 8]
      [GC Worker Start (ms): Min: 4227673.2, Avg: 4227681.8, Max: 4227689.4, Diff: 16.2]
      [Ext Root Scanning (ms): Min: 0.0, Avg: 0.5, Max: 1.5, Diff: 1.5, Sum: 4.3]
      [Update RS (ms): Min: 0.0, Avg: 1.4, Max: 3.7, Diff: 3.7, Sum: 11.1]
         [Processed Buffers: Min: 0, Avg: 5.4, Max: 21, Diff: 21, Sum: 43]
      [Scan RS (ms): Min: 0.0, Avg: 0.2, Max: 0.6, Diff: 0.6, Sum: 1.7]
      [Code Root Scanning (ms): Min: 0.0, Avg: 0.0, Max: 0.0, Diff: 0.0, Sum: 0.0]
      [Object Copy (ms): Min: 0.0, Avg: 7.2, Max: 29.1, Diff: 29.1, Sum: 57.9]
      [Termination (ms): Min: 0.0, Avg: 16.9, Max: 20.9, Diff: 20.9, Sum: 135.2]
         [Termination Attempts: Min: 1, Avg: 1.5, Max: 2, Diff: 1, Sum: 12]
      [GC Worker Other (ms): Min: 0.0, Avg: 0.0, Max: 0.0, Diff: 0.0, Sum: 0.1]
      [GC Worker Total (ms): Min: 18.6, Avg: 26.3, Max: 34.7, Diff: 16.2, Sum: 210.5]
      [GC Worker End (ms): Min: 4227707.9, Avg: 4227708.1, Max: 4227709.5, Diff: 1.6]
   [Code Root Fixup: 0.0 ms]
   [Code Root Purge: 0.0 ms]
   [Clear CT: 2.5 ms]
   [Other: 24.5 ms]
      [Choose CSet: 0.0 ms]
      [Ref Proc: 22.8 ms]
      [Ref Enq: 0.0 ms]
      [Redirty Cards: 1.1 ms]
      [Humongous Register: 0.0 ms]
      [Humongous Reclaim: 0.1 ms]
      [Free CSet: 0.1 ms]
   [Eden: 45056.0K(45056.0K)->0.0B(48128.0K) Survivors: 7168.0K->4096.0K Heap: 230.2M(1024.0M)->183.4M(1024.0M)]
 [Times: user=0.21 sys=0.01, real=0.07 secs] 
2022-11-23T16:52:06.542+0100: 4240.507: [GC pause (G1 Evacuation Pause) (young), 0.0563909 secs]
   [Parallel Time: 42.6 ms, GC Workers: 8]
      [GC Worker Start (ms): Min: 4240507.0, Avg: 4240509.2, Max: 4240515.4, Diff: 8.4]
      [Ext Root Scanning (ms): Min: 0.0, Avg: 1.6, Max: 8.3, Diff: 8.3, Sum: 12.4]
      [Update RS (ms): Min: 0.0, Avg: 1.5, Max: 2.6, Diff: 2.6, Sum: 12.2]
         [Processed Buffers: Min: 0, Avg: 5.8, Max: 16, Diff: 16, Sum: 46]
      [Scan RS (ms): Min: 0.0, Avg: 0.2, Max: 0.5, Diff: 0.5, Sum: 1.9]
      [Code Root Scanning (ms): Min: 0.0, Avg: 0.0, Max: 0.0, Diff: 0.0, Sum: 0.0]
      [Object Copy (ms): Min: 10.2, Avg: 15.8, Max: 31.6, Diff: 21.3, Sum: 126.3]
      [Termination (ms): Min: 0.0, Avg: 15.1, Max: 24.5, Diff: 24.5, Sum: 121.1]
         [Termination Attempts: Min: 1, Avg: 1.2, Max: 3, Diff: 2, Sum: 10]
      [GC Worker Other (ms): Min: 0.0, Avg: 0.0, Max: 0.0, Diff: 0.0, Sum: 0.2]
      [GC Worker Total (ms): Min: 27.1, Avg: 34.3, Max: 40.2, Diff: 13.1, Sum: 274.1]
      [GC Worker End (ms): Min: 4240542.4, Avg: 4240543.4, Max: 4240547.5, Diff: 5.1]
   [Code Root Fixup: 0.0 ms]
   [Code Root Purge: 0.0 ms]
   [Clear CT: 2.1 ms]
   [Other: 11.7 ms]
      [Choose CSet: 0.0 ms]
      [Ref Proc: 9.6 ms]
      [Ref Enq: 0.0 ms]
      [Redirty Cards: 1.4 ms]
      [Humongous Register: 0.1 ms]
      [Humongous Reclaim: 0.1 ms]
      [Free CSet: 0.1 ms]
   [Eden: 48128.0K(48128.0K)->0.0B(46080.0K) Survivors: 4096.0K->6144.0K Heap: 230.4M(1024.0M)->185.0M(1024.0M)]
 [Times: user=0.14 sys=0.03, real=0.05 secs] 
2022-11-23T16:52:18.616+0100: 4252.580: [GC pause (G1 Evacuation Pause) (young), 0.0215630 secs]
   [Parallel Time: 12.7 ms, GC Workers: 8]
      [GC Worker Start (ms): Min: 4252580.8, Avg: 4252585.8, Max: 4252592.3, Diff: 11.4]
      [Ext Root Scanning (ms): Min: 0.0, Avg: 0.5, Max: 3.5, Diff: 3.5, Sum: 4.4]
      [Update RS (ms): Min: 0.0, Avg: 2.0, Max: 3.1, Diff: 3.1, Sum: 15.8]
         [Processed Buffers: Min: 0, Avg: 5.4, Max: 21, Diff: 21, Sum: 43]
      [Scan RS (ms): Min: 0.0, Avg: 0.0, Max: 0.1, Diff: 0.1, Sum: 0.1]
      [Code Root Scanning (ms): Min: 0.0, Avg: 0.0, Max: 0.0, Diff: 0.0, Sum: 0.0]
      [Object Copy (ms): Min: 0.0, Avg: 3.6, Max: 5.0, Diff: 5.0, Sum: 29.0]
      [Termination (ms): Min: 0.0, Avg: 0.4, Max: 1.0, Diff: 1.0, Sum: 2.9]
         [Termination Attempts: Min: 1, Avg: 1.1, Max: 2, Diff: 1, Sum: 9]
      [GC Worker Other (ms): Min: 0.0, Avg: 0.0, Max: 0.0, Diff: 0.0, Sum: 0.1]
      [GC Worker Total (ms): Min: 0.0, Avg: 6.5, Max: 12.1, Diff: 12.1, Sum: 52.3]
      [GC Worker End (ms): Min: 4252592.3, Avg: 4252592.4, Max: 4252593.0, Diff: 0.7]
   [Code Root Fixup: 0.0 ms]
   [Code Root Purge: 0.0 ms]
   [Clear CT: 0.8 ms]
   [Other: 8.1 ms]
      [Choose CSet: 0.0 ms]
      [Ref Proc: 6.5 ms]
      [Ref Enq: 0.0 ms]
      [Redirty Cards: 0.9 ms]
      [Humongous Register: 0.1 ms]
      [Humongous Reclaim: 0.0 ms]
      [Free CSet: 0.0 ms]
   [Eden: 46080.0K(46080.0K)->0.0B(47104.0K) Survivors: 6144.0K->5120.0K Heap: 230.0M(1024.0M)->184.6M(1024.0M)]
 [Times: user=0.09 sys=0.00, real=0.02 secs] 
2022-11-23T16:52:32.811+0100: 4266.776: [GC pause (G1 Evacuation Pause) (young), 0.0376521 secs]
   [Parallel Time: 15.6 ms, GC Workers: 8]
      [GC Worker Start (ms): Min: 4266776.3, Avg: 4266784.0, Max: 4266789.9, Diff: 13.6]
      [Ext Root Scanning (ms): Min: 0.0, Avg: 0.5, Max: 1.4, Diff: 1.4, Sum: 3.8]
      [Update RS (ms): Min: 0.0, Avg: 1.3, Max: 3.5, Diff: 3.5, Sum: 10.3]
         [Processed Buffers: Min: 0, Avg: 5.1, Max: 20, Diff: 20, Sum: 41]
      [Scan RS (ms): Min: 0.0, Avg: 0.2, Max: 0.7, Diff: 0.7, Sum: 1.8]
      [Code Root Scanning (ms): Min: 0.0, Avg: 0.0, Max: 0.0, Diff: 0.0, Sum: 0.0]
      [Object Copy (ms): Min: 0.0, Avg: 3.7, Max: 8.0, Diff: 8.0, Sum: 29.5]
      [Termination (ms): Min: 0.0, Avg: 0.4, Max: 1.6, Diff: 1.6, Sum: 3.4]
         [Termination Attempts: Min: 1, Avg: 1.4, Max: 2, Diff: 1, Sum: 11]
      [GC Worker Other (ms): Min: 0.0, Avg: 0.0, Max: 0.1, Diff: 0.1, Sum: 0.2]
      [GC Worker Total (ms): Min: 0.0, Avg: 6.1, Max: 13.6, Diff: 13.6, Sum: 49.0]
      [GC Worker End (ms): Min: 4266789.9, Avg: 4266790.1, Max: 4266791.1, Diff: 1.2]
   [Code Root Fixup: 0.0 ms]
   [Code Root Purge: 0.0 ms]
   [Clear CT: 1.1 ms]
   [Other: 21.0 ms]
      [Choose CSet: 0.0 ms]
      [Ref Proc: 17.8 ms]
      [Ref Enq: 0.0 ms]
      [Redirty Cards: 2.5 ms]
      [Humongous Register: 0.0 ms]
      [Humongous Reclaim: 0.1 ms]
      [Free CSet: 0.1 ms]
   [Eden: 47104.0K(47104.0K)->0.0B(48128.0K) Survivors: 5120.0K->4096.0K Heap: 230.6M(1024.0M)->184.2M(1024.0M)]
 [Times: user=0.12 sys=0.00, real=0.03 secs] 
2022-11-23T16:52:47.585+0100: 4281.550: [GC pause (G1 Evacuation Pause) (young), 0.2086379 secs]
   [Parallel Time: 196.1 ms, GC Workers: 8]
      [GC Worker Start (ms): Min: 4281550.3, Avg: 4281560.8, Max: 4281565.4, Diff: 15.2]
      [Ext Root Scanning (ms): Min: 0.0, Avg: 0.5, Max: 3.7, Diff: 3.7, Sum: 3.8]
      [Update RS (ms): Min: 0.0, Avg: 1.8, Max: 7.4, Diff: 7.4, Sum: 14.2]
         [Processed Buffers: Min: 0, Avg: 5.8, Max: 24, Diff: 24, Sum: 46]
      [Scan RS (ms): Min: 0.0, Avg: 0.1, Max: 0.2, Diff: 0.2, Sum: 0.4]
      [Code Root Scanning (ms): Min: 0.0, Avg: 0.0, Max: 0.0, Diff: 0.0, Sum: 0.0]
      [Object Copy (ms): Min: 5.8, Avg: 41.3, Max: 191.5, Diff: 185.7, Sum: 330.3]
      [Termination (ms): Min: 0.0, Avg: 141.2, Max: 174.3, Diff: 174.3, Sum: 1129.4]
         [Termination Attempts: Min: 1, Avg: 1.5, Max: 3, Diff: 2, Sum: 12]
      [GC Worker Other (ms): Min: 0.0, Avg: 0.0, Max: 0.0, Diff: 0.0, Sum: 0.1]
      [GC Worker Total (ms): Min: 180.1, Avg: 184.8, Max: 195.2, Diff: 15.1, Sum: 1478.3]
      [GC Worker End (ms): Min: 4281745.5, Avg: 4281745.6, Max: 4281746.1, Diff: 0.6]
   [Code Root Fixup: 0.0 ms]
   [Code Root Purge: 0.0 ms]
   [Clear CT: 5.0 ms]
   [Other: 7.6 ms]
      [Choose CSet: 0.0 ms]
      [Ref Proc: 2.5 ms]
      [Ref Enq: 0.0 ms]
      [Redirty Cards: 4.3 ms]
      [Humongous Register: 0.2 ms]
      [Humongous Reclaim: 0.0 ms]
      [Free CSet: 0.0 ms]
   [Eden: 48128.0K(48128.0K)->0.0B(46080.0K) Survivors: 4096.0K->6144.0K Heap: 231.2M(1024.0M)->186.2M(1024.0M)]
 [Times: user=1.10 sys=0.08, real=0.21 secs] 
2022-11-23T16:52:59.948+0100: 4293.913: [GC pause (G1 Evacuation Pause) (young), 0.0215371 secs]
   [Parallel Time: 9.8 ms, GC Workers: 8]
      [GC Worker Start (ms): Min: 4293913.3, Avg: 4293916.1, Max: 4293922.2, Diff: 8.9]
      [Ext Root Scanning (ms): Min: 0.0, Avg: 0.6, Max: 1.5, Diff: 1.4, Sum: 4.8]
      [Update RS (ms): Min: 0.0, Avg: 1.4, Max: 2.3, Diff: 2.3, Sum: 10.9]
         [Processed Buffers: Min: 0, Avg: 5.2, Max: 15, Diff: 15, Sum: 42]
      [Scan RS (ms): Min: 0.0, Avg: 0.3, Max: 0.5, Diff: 0.5, Sum: 2.3]
      [Code Root Scanning (ms): Min: 0.0, Avg: 0.0, Max: 0.0, Diff: 0.0, Sum: 0.0]
      [Object Copy (ms): Min: 0.0, Avg: 3.6, Max: 5.0, Diff: 5.0, Sum: 28.7]
      [Termination (ms): Min: 0.0, Avg: 0.2, Max: 0.4, Diff: 0.4, Sum: 2.0]
         [Termination Attempts: Min: 1, Avg: 1.0, Max: 1, Diff: 0, Sum: 8]
      [GC Worker Other (ms): Min: 0.0, Avg: 0.0, Max: 0.0, Diff: 0.0, Sum: 0.2]
      [GC Worker Total (ms): Min: 0.0, Avg: 6.1, Max: 8.9, Diff: 8.9, Sum: 48.9]
      [GC Worker End (ms): Min: 4293922.2, Avg: 4293922.2, Max: 4293922.3, Diff: 0.1]
   [Code Root Fixup: 0.0 ms]
   [Code Root Purge: 0.0 ms]
   [Clear CT: 1.0 ms]
   [Other: 10.7 ms]
      [Choose CSet: 0.0 ms]
      [Ref Proc: 8.6 ms]
      [Ref Enq: 0.0 ms]
      [Redirty Cards: 1.1 ms]
      [Humongous Register: 0.2 ms]
      [Humongous Reclaim: 0.1 ms]
      [Free CSet: 0.1 ms]
   [Eden: 46080.0K(46080.0K)->0.0B(45056.0K) Survivors: 6144.0K->7168.0K Heap: 231.2M(1024.0M)->187.2M(1024.0M)]
 [Times: user=0.07 sys=0.00, real=0.02 secs] 
2022-11-23T16:53:11.698+0100: 4305.663: [GC pause (G1 Evacuation Pause) (young), 0.0219275 secs]
   [Parallel Time: 14.3 ms, GC Workers: 8]
      [GC Worker Start (ms): Min: 4305663.1, Avg: 4305666.8, Max: 4305672.2, Diff: 9.1]
      [Ext Root Scanning (ms): Min: 0.0, Avg: 0.5, Max: 1.3, Diff: 1.3, Sum: 4.1]
      [Update RS (ms): Min: 0.0, Avg: 1.7, Max: 2.8, Diff: 2.8, Sum: 13.4]
         [Processed Buffers: Min: 0, Avg: 5.9, Max: 14, Diff: 14, Sum: 47]
      [Scan RS (ms): Min: 0.0, Avg: 0.0, Max: 0.2, Diff: 0.1, Sum: 0.2]
      [Code Root Scanning (ms): Min: 0.0, Avg: 0.0, Max: 0.0, Diff: 0.0, Sum: 0.0]
      [Object Copy (ms): Min: 0.4, Avg: 4.7, Max: 10.0, Diff: 9.6, Sum: 37.7]
      [Termination (ms): Min: 0.0, Avg: 3.5, Max: 4.7, Diff: 4.7, Sum: 28.3]
         [Termination Attempts: Min: 1, Avg: 1.5, Max: 3, Diff: 2, Sum: 12]
      [GC Worker Other (ms): Min: 0.0, Avg: 0.0, Max: 0.0, Diff: 0.0, Sum: 0.1]
      [GC Worker Total (ms): Min: 5.0, Avg: 10.5, Max: 14.2, Diff: 9.1, Sum: 83.9]
      [GC Worker End (ms): Min: 4305677.3, Avg: 4305677.3, Max: 4305677.3, Diff: 0.1]
   [Code Root Fixup: 0.0 ms]
   [Code Root Purge: 0.0 ms]
   [Clear CT: 1.0 ms]
   [Other: 6.6 ms]
      [Choose CSet: 0.0 ms]
      [Ref Proc: 5.1 ms]
      [Ref Enq: 0.0 ms]
      [Redirty Cards: 0.9 ms]
      [Humongous Register: 0.1 ms]
      [Humongous Reclaim: 0.0 ms]
      [Free CSet: 0.0 ms]
   [Eden: 45056.0K(45056.0K)->0.0B(45056.0K) Survivors: 7168.0K->7168.0K Heap: 231.2M(1024.0M)->188.2M(1024.0M)]
 [Times: user=0.09 sys=0.00, real=0.02 secs] 
2022-11-23T16:53:22.336+0100: 4316.300: [GC pause (G1 Evacuation Pause) (young), 0.0441139 secs]
   [Parallel Time: 13.0 ms, GC Workers: 8]
      [GC Worker Start (ms): Min: 4316300.8, Avg: 4316305.6, Max: 4316313.5, Diff: 12.6]
      [Ext Root Scanning (ms): Min: 0.0, Avg: 0.5, Max: 1.4, Diff: 1.4, Sum: 3.8]
      [Update RS (ms): Min: 0.0, Avg: 2.4, Max: 10.7, Diff: 10.7, Sum: 19.4]
         [Processed Buffers: Min: 0, Avg: 5.6, Max: 18, Diff: 18, Sum: 45]
      [Scan RS (ms): Min: 0.0, Avg: 0.2, Max: 0.4, Diff: 0.4, Sum: 1.9]
      [Code Root Scanning (ms): Min: 0.0, Avg: 0.0, Max: 0.0, Diff: 0.0, Sum: 0.0]
      [Object Copy (ms): Min: 0.0, Avg: 4.3, Max: 7.1, Diff: 7.1, Sum: 34.1]
      [Termination (ms): Min: 0.0, Avg: 0.5, Max: 1.0, Diff: 1.0, Sum: 4.1]
         [Termination Attempts: Min: 1, Avg: 4.2, Max: 9, Diff: 8, Sum: 34]
      [GC Worker Other (ms): Min: 0.0, Avg: 0.0, Max: 0.0, Diff: 0.0, Sum: 0.1]
      [GC Worker Total (ms): Min: 0.0, Avg: 7.9, Max: 12.7, Diff: 12.6, Sum: 63.3]
      [GC Worker End (ms): Min: 4316313.5, Avg: 4316313.5, Max: 4316313.5, Diff: 0.1]
   [Code Root Fixup: 0.0 ms]
   [Code Root Purge: 0.0 ms]
   [Clear CT: 1.7 ms]
   [Other: 29.3 ms]
      [Choose CSet: 0.0 ms]
      [Ref Proc: 26.6 ms]
      [Ref Enq: 0.0 ms]
      [Redirty Cards: 2.0 ms]
      [Humongous Register: 0.1 ms]
      [Humongous Reclaim: 0.0 ms]
      [Free CSet: 0.1 ms]
   [Eden: 45056.0K(45056.0K)->0.0B(47104.0K) Survivors: 7168.0K->5120.0K Heap: 232.2M(1024.0M)->185.7M(1024.0M)]
 [Times: user=0.16 sys=0.00, real=0.04 secs] 
2022-11-23T16:53:33.648+0100: 4327.613: [GC pause (G1 Evacuation Pause) (young), 0.0359680 secs]
   [Parallel Time: 23.1 ms, GC Workers: 8]
      [GC Worker Start (ms): Min: 4327612.8, Avg: 4327625.1, Max: 4327632.0, Diff: 19.2]
      [Ext Root Scanning (ms): Min: 0.0, Avg: 0.5, Max: 3.5, Diff: 3.5, Sum: 3.6]
      [Update RS (ms): Min: 0.0, Avg: 1.5, Max: 4.9, Diff: 4.9, Sum: 12.4]
         [Processed Buffers: Min: 0, Avg: 5.8, Max: 20, Diff: 20, Sum: 46]
      [Scan RS (ms): Min: 0.0, Avg: 0.2, Max: 0.6, Diff: 0.6, Sum: 1.8]
      [Code Root Scanning (ms): Min: 0.0, Avg: 0.0, Max: 0.0, Diff: 0.0, Sum: 0.0]
      [Object Copy (ms): Min: 0.0, Avg: 4.8, Max: 13.6, Diff: 13.6, Sum: 38.6]
      [Termination (ms): Min: 0.1, Avg: 3.5, Max: 4.3, Diff: 4.2, Sum: 28.4]
         [Termination Attempts: Min: 1, Avg: 2.6, Max: 7, Diff: 6, Sum: 21]
      [GC Worker Other (ms): Min: 0.0, Avg: 0.0, Max: 0.0, Diff: 0.0, Sum: 0.1]
      [GC Worker Total (ms): Min: 3.7, Avg: 10.6, Max: 22.9, Diff: 19.1, Sum: 84.8]
      [GC Worker End (ms): Min: 4327635.7, Avg: 4327635.7, Max: 4327635.7, Diff: 0.0]
   [Code Root Fixup: 0.0 ms]
   [Code Root Purge: 0.0 ms]
   [Clear CT: 3.4 ms]
   [Other: 9.5 ms]
      [Choose CSet: 0.0 ms]
      [Ref Proc: 7.7 ms]
      [Ref Enq: 0.0 ms]
      [Redirty Cards: 1.0 ms]
      [Humongous Register: 0.1 ms]
      [Humongous Reclaim: 0.1 ms]
      [Free CSet: 0.1 ms]
   [Eden: 47104.0K(47104.0K)->0.0B(48128.0K) Survivors: 5120.0K->4096.0K Heap: 231.7M(1024.0M)->185.7M(1024.0M)]
 [Times: user=0.11 sys=0.01, real=0.04 secs] 
2022-11-23T16:53:46.228+0100: 4340.192: [GC pause (G1 Evacuation Pause) (young), 0.0685831 secs]
   [Parallel Time: 47.1 ms, GC Workers: 8]
      [GC Worker Start (ms): Min: 4340192.5, Avg: 4340198.4, Max: 4340207.6, Diff: 15.1]
      [Ext Root Scanning (ms): Min: 0.0, Avg: 0.5, Max: 1.5, Diff: 1.5, Sum: 4.0]
      [Update RS (ms): Min: 0.0, Avg: 7.1, Max: 44.6, Diff: 44.6, Sum: 57.0]
         [Processed Buffers: Min: 0, Avg: 5.8, Max: 25, Diff: 25, Sum: 46]
      [Scan RS (ms): Min: 0.0, Avg: 0.0, Max: 0.2, Diff: 0.2, Sum: 0.3]
      [Code Root Scanning (ms): Min: 0.0, Avg: 0.0, Max: 0.0, Diff: 0.0, Sum: 0.0]
      [Object Copy (ms): Min: 0.2, Avg: 6.3, Max: 10.3, Diff: 10.1, Sum: 50.6]
      [Termination (ms): Min: 0.0, Avg: 26.3, Max: 30.3, Diff: 30.3, Sum: 210.7]
         [Termination Attempts: Min: 1, Avg: 2.9, Max: 6, Diff: 5, Sum: 23]
      [GC Worker Other (ms): Min: 0.0, Avg: 0.0, Max: 0.1, Diff: 0.1, Sum: 0.2]
      [GC Worker Total (ms): Min: 31.1, Avg: 40.4, Max: 46.2, Diff: 15.1, Sum: 322.8]
      [GC Worker End (ms): Min: 4340238.7, Avg: 4340238.7, Max: 4340238.8, Diff: 0.1]
   [Code Root Fixup: 0.0 ms]
   [Code Root Purge: 0.0 ms]
   [Clear CT: 3.6 ms]
   [Other: 17.9 ms]
      [Choose CSet: 0.0 ms]
      [Ref Proc: 14.8 ms]
      [Ref Enq: 0.0 ms]
      [Redirty Cards: 2.4 ms]
      [Humongous Register: 0.1 ms]
      [Humongous Reclaim: 0.1 ms]
      [Free CSet: 0.1 ms]
   [Eden: 48128.0K(48128.0K)->0.0B(45056.0K) Survivors: 4096.0K->7168.0K Heap: 232.7M(1024.0M)->188.8M(1024.0M)]
 [Times: user=0.30 sys=0.02, real=0.07 secs] 
2022-11-23T16:53:57.078+0100: 4351.043: [GC pause (G1 Evacuation Pause) (young), 0.0553322 secs]
   [Parallel Time: 47.6 ms, GC Workers: 8]
      [GC Worker Start (ms): Min: 4351043.3, Avg: 4351051.7, Max: 4351058.7, Diff: 15.4]
      [Ext Root Scanning (ms): Min: 0.0, Avg: 0.5, Max: 1.4, Diff: 1.4, Sum: 3.8]
      [Update RS (ms): Min: 0.0, Avg: 6.8, Max: 45.4, Diff: 45.4, Sum: 54.7]
         [Processed Buffers: Min: 0, Avg: 5.6, Max: 24, Diff: 24, Sum: 45]
      [Scan RS (ms): Min: 0.0, Avg: 0.1, Max: 0.2, Diff: 0.2, Sum: 0.4]
      [Code Root Scanning (ms): Min: 0.0, Avg: 0.0, Max: 0.0, Diff: 0.0, Sum: 0.0]
      [Object Copy (ms): Min: 0.0, Avg: 3.5, Max: 9.4, Diff: 9.4, Sum: 27.8]
      [Termination (ms): Min: 0.0, Avg: 27.7, Max: 32.0, Diff: 32.0, Sum: 221.2]
         [Termination Attempts: Min: 1, Avg: 23.8, Max: 58, Diff: 57, Sum: 190]
      [GC Worker Other (ms): Min: 0.0, Avg: 0.0, Max: 0.1, Diff: 0.0, Sum: 0.2]
      [GC Worker Total (ms): Min: 31.7, Avg: 38.5, Max: 46.9, Diff: 15.2, Sum: 308.2]
      [GC Worker End (ms): Min: 4351090.2, Avg: 4351090.3, Max: 4351090.6, Diff: 0.4]
   [Code Root Fixup: 0.0 ms]
   [Code Root Purge: 0.0 ms]
   [Clear CT: 2.2 ms]
   [Other: 5.4 ms]
      [Choose CSet: 0.0 ms]
      [Ref Proc: 3.2 ms]
      [Ref Enq: 0.0 ms]
      [Redirty Cards: 1.6 ms]
      [Humongous Register: 0.1 ms]
      [Humongous Reclaim: 0.1 ms]
      [Free CSet: 0.1 ms]
   [Eden: 45056.0K(45056.0K)->0.0B(47104.0K) Survivors: 7168.0K->5120.0K Heap: 232.8M(1024.0M)->186.6M(1024.0M)]
 [Times: user=0.22 sys=0.02, real=0.06 secs] 
2022-11-23T16:54:09.802+0100: 4363.767: [GC pause (G1 Evacuation Pause) (young), 0.0484271 secs]
   [Parallel Time: 44.2 ms, GC Workers: 8]
      [GC Worker Start (ms): Min: 4363767.0, Avg: 4363773.7, Max: 4363809.7, Diff: 42.6]
      [Ext Root Scanning (ms): Min: 0.0, Avg: 0.5, Max: 1.3, Diff: 1.3, Sum: 4.2]
      [Update RS (ms): Min: 0.0, Avg: 6.9, Max: 42.7, Diff: 42.7, Sum: 55.2]
         [Processed Buffers: Min: 0, Avg: 6.4, Max: 24, Diff: 24, Sum: 51]
      [Scan RS (ms): Min: 0.0, Avg: 0.0, Max: 0.1, Diff: 0.1, Sum: 0.2]
      [Code Root Scanning (ms): Min: 0.0, Avg: 0.0, Max: 0.0, Diff: 0.0, Sum: 0.0]
      [Object Copy (ms): Min: 0.1, Avg: 4.5, Max: 9.6, Diff: 9.5, Sum: 35.9]
      [Termination (ms): Min: 0.0, Avg: 25.2, Max: 33.5, Diff: 33.5, Sum: 201.7]
         [Termination Attempts: Min: 1, Avg: 37.2, Max: 52, Diff: 51, Sum: 298]
      [GC Worker Other (ms): Min: 0.0, Avg: 0.0, Max: 0.0, Diff: 0.0, Sum: 0.1]
      [GC Worker Total (ms): Min: 1.2, Avg: 37.2, Max: 43.8, Diff: 42.6, Sum: 297.4]
      [GC Worker End (ms): Min: 4363810.9, Avg: 4363810.9, Max: 4363810.9, Diff: 0.0]
   [Code Root Fixup: 0.1 ms]
   [Code Root Purge: 0.0 ms]
   [Clear CT: 1.0 ms]
   [Other: 3.1 ms]
      [Choose CSet: 0.0 ms]
      [Ref Proc: 1.2 ms]
      [Ref Enq: 0.0 ms]
      [Redirty Cards: 1.0 ms]
      [Humongous Register: 0.1 ms]
      [Humongous Reclaim: 0.1 ms]
      [Free CSet: 0.1 ms]
   [Eden: 47104.0K(47104.0K)->0.0B(47104.0K) Survivors: 5120.0K->5120.0K Heap: 232.6M(1024.0M)->187.6M(1024.0M)]
 [Times: user=0.26 sys=0.03, real=0.05 secs] 
2022-11-23T16:54:23.038+0100: 4377.003: [GC pause (G1 Evacuation Pause) (young), 0.0362734 secs]
   [Parallel Time: 13.2 ms, GC Workers: 8]
      [GC Worker Start (ms): Min: 4377002.9, Avg: 4377007.4, Max: 4377014.3, Diff: 11.4]
      [Ext Root Scanning (ms): Min: 0.0, Avg: 0.5, Max: 1.9, Diff: 1.9, Sum: 3.7]
      [Update RS (ms): Min: 0.0, Avg: 1.5, Max: 2.7, Diff: 2.7, Sum: 11.7]
         [Processed Buffers: Min: 0, Avg: 5.9, Max: 16, Diff: 16, Sum: 47]
      [Scan RS (ms): Min: 0.0, Avg: 0.2, Max: 0.6, Diff: 0.6, Sum: 1.7]
      [Code Root Scanning (ms): Min: 0.0, Avg: 0.0, Max: 0.0, Diff: 0.0, Sum: 0.0]
      [Object Copy (ms): Min: 0.0, Avg: 3.7, Max: 5.2, Diff: 5.2, Sum: 29.4]
      [Termination (ms): Min: 0.0, Avg: 1.3, Max: 2.4, Diff: 2.4, Sum: 10.3]
         [Termination Attempts: Min: 1, Avg: 1.1, Max: 2, Diff: 1, Sum: 9]
      [GC Worker Other (ms): Min: 0.0, Avg: 0.0, Max: 0.0, Diff: 0.0, Sum: 0.1]
      [GC Worker Total (ms): Min: 0.0, Avg: 7.1, Max: 11.9, Diff: 11.9, Sum: 56.9]
      [GC Worker End (ms): Min: 4377014.3, Avg: 4377014.5, Max: 4377015.3, Diff: 1.0]
   [Code Root Fixup: 0.0 ms]
   [Code Root Purge: 0.0 ms]
   [Clear CT: 1.0 ms]
   [Other: 22.1 ms]
      [Choose CSet: 0.0 ms]
      [Ref Proc: 20.3 ms]
      [Ref Enq: 0.0 ms]
      [Redirty Cards: 1.1 ms]
      [Humongous Register: 0.1 ms]
      [Humongous Reclaim: 0.1 ms]
      [Free CSet: 0.1 ms]
   [Eden: 47104.0K(47104.0K)->0.0B(47104.0K) Survivors: 5120.0K->5120.0K Heap: 233.6M(1024.0M)->187.6M(1024.0M)]
 [Times: user=0.09 sys=0.04, real=0.04 secs] 
2022-11-23T16:54:34.924+0100: 4388.888: [GC pause (G1 Evacuation Pause) (young), 0.0734023 secs]
   [Parallel Time: 51.4 ms, GC Workers: 8]
      [GC Worker Start (ms): Min: 4388888.4, Avg: 4388901.9, Max: 4388907.8, Diff: 19.4]
      [Ext Root Scanning (ms): Min: 0.0, Avg: 0.4, Max: 3.1, Diff: 3.1, Sum: 3.2]
      [Update RS (ms): Min: 0.0, Avg: 2.5, Max: 9.5, Diff: 9.5, Sum: 19.7]
         [Processed Buffers: Min: 0, Avg: 5.5, Max: 20, Diff: 20, Sum: 44]
      [Scan RS (ms): Min: 0.0, Avg: 0.0, Max: 0.1, Diff: 0.1, Sum: 0.3]
      [Code Root Scanning (ms): Min: 0.0, Avg: 0.0, Max: 0.0, Diff: 0.0, Sum: 0.0]
      [Object Copy (ms): Min: 19.5, Avg: 24.0, Max: 29.7, Diff: 10.2, Sum: 192.2]
      [Termination (ms): Min: 0.0, Avg: 8.7, Max: 10.2, Diff: 10.2, Sum: 69.3]
         [Termination Attempts: Min: 1, Avg: 1.1, Max: 2, Diff: 1, Sum: 9]
      [GC Worker Other (ms): Min: 0.0, Avg: 0.0, Max: 0.0, Diff: 0.0, Sum: 0.2]
      [GC Worker Total (ms): Min: 29.4, Avg: 35.6, Max: 48.8, Diff: 19.4, Sum: 285.0]
      [GC Worker End (ms): Min: 4388937.2, Avg: 4388937.5, Max: 4388939.6, Diff: 2.3]
   [Code Root Fixup: 0.0 ms]
   [Code Root Purge: 0.0 ms]
   [Clear CT: 1.5 ms]
   [Other: 20.5 ms]
      [Choose CSet: 0.0 ms]
      [Ref Proc: 18.7 ms]
      [Ref Enq: 0.0 ms]
      [Redirty Cards: 1.1 ms]
      [Humongous Register: 0.1 ms]
      [Humongous Reclaim: 0.1 ms]
      [Free CSet: 0.1 ms]
   [Eden: 47104.0K(47104.0K)->0.0B(46080.0K) Survivors: 5120.0K->6144.0K Heap: 233.6M(1024.0M)->188.6M(1024.0M)]
 [Times: user=0.20 sys=0.00, real=0.07 secs] 
2022-11-23T16:54:47.866+0100: 4401.830: [GC pause (G1 Evacuation Pause) (young), 0.0485576 secs]
   [Parallel Time: 39.5 ms, GC Workers: 8]
      [GC Worker Start (ms): Min: 4401830.7, Avg: 4401841.1, Max: 4401847.8, Diff: 17.1]
      [Ext Root Scanning (ms): Min: 0.0, Avg: 0.7, Max: 3.5, Diff: 3.5, Sum: 5.7]
      [Update RS (ms): Min: 0.0, Avg: 1.1, Max: 3.2, Diff: 3.2, Sum: 9.2]
         [Processed Buffers: Min: 0, Avg: 5.0, Max: 24, Diff: 24, Sum: 40]
      [Scan RS (ms): Min: 0.0, Avg: 0.8, Max: 2.2, Diff: 2.2, Sum: 6.2]
      [Code Root Scanning (ms): Min: 0.0, Avg: 0.0, Max: 0.0, Diff: 0.0, Sum: 0.0]
      [Object Copy (ms): Min: 0.0, Avg: 6.7, Max: 29.9, Diff: 29.9, Sum: 53.4]
      [Termination (ms): Min: 0.0, Avg: 19.0, Max: 21.8, Diff: 21.8, Sum: 152.0]
         [Termination Attempts: Min: 1, Avg: 1.2, Max: 2, Diff: 1, Sum: 10]
      [GC Worker Other (ms): Min: 0.0, Avg: 0.0, Max: 0.0, Diff: 0.0, Sum: 0.1]
      [GC Worker Total (ms): Min: 21.7, Avg: 28.3, Max: 38.7, Diff: 17.1, Sum: 226.6]
      [GC Worker End (ms): Min: 4401869.4, Avg: 4401869.4, Max: 4401869.4, Diff: 0.1]
   [Code Root Fixup: 0.0 ms]
   [Code Root Purge: 0.0 ms]
   [Clear CT: 1.1 ms]
   [Other: 7.9 ms]
      [Choose CSet: 0.0 ms]
      [Ref Proc: 6.5 ms]
      [Ref Enq: 0.0 ms]
      [Redirty Cards: 0.9 ms]
      [Humongous Register: 0.0 ms]
      [Humongous Reclaim: 0.1 ms]
      [Free CSet: 0.1 ms]
   [Eden: 46080.0K(46080.0K)->0.0B(48128.0K) Survivors: 6144.0K->4096.0K Heap: 233.6M(1024.0M)->187.1M(1024.0M)]
 [Times: user=0.18 sys=0.01, real=0.05 secs] 
2022-11-23T16:55:01.544+0100: 4415.509: [GC pause (G1 Evacuation Pause) (young), 0.0303288 secs]
   [Parallel Time: 17.3 ms, GC Workers: 8]
      [GC Worker Start (ms): Min: 4415509.8, Avg: 4415515.3, Max: 4415523.9, Diff: 14.2]
      [Ext Root Scanning (ms): Min: 0.0, Avg: 0.5, Max: 1.5, Diff: 1.4, Sum: 4.0]
      [Update RS (ms): Min: 0.0, Avg: 1.3, Max: 3.6, Diff: 3.6, Sum: 10.5]
         [Processed Buffers: Min: 0, Avg: 5.2, Max: 28, Diff: 28, Sum: 42]
      [Scan RS (ms): Min: 0.0, Avg: 2.7, Max: 11.4, Diff: 11.4, Sum: 22.0]
      [Code Root Scanning (ms): Min: 0.0, Avg: 0.0, Max: 0.0, Diff: 0.0, Sum: 0.0]
      [Object Copy (ms): Min: 0.0, Avg: 4.3, Max: 7.3, Diff: 7.3, Sum: 34.1]
      [Termination (ms): Min: 0.1, Avg: 2.2, Max: 2.7, Diff: 2.6, Sum: 17.7]
         [Termination Attempts: Min: 1, Avg: 6.2, Max: 14, Diff: 13, Sum: 50]
      [GC Worker Other (ms): Min: 0.0, Avg: 0.0, Max: 0.0, Diff: 0.0, Sum: 0.1]
      [GC Worker Total (ms): Min: 2.4, Avg: 11.0, Max: 16.6, Diff: 14.2, Sum: 88.4]
      [GC Worker End (ms): Min: 4415526.4, Avg: 4415526.4, Max: 4415526.4, Diff: 0.0]
   [Code Root Fixup: 0.0 ms]
   [Code Root Purge: 0.0 ms]
   [Clear CT: 0.9 ms]
   [Other: 12.2 ms]
      [Choose CSet: 0.0 ms]
      [Ref Proc: 9.9 ms]
      [Ref Enq: 0.0 ms]
      [Redirty Cards: 1.5 ms]
      [Humongous Register: 0.2 ms]
      [Humongous Reclaim: 0.0 ms]
      [Free CSet: 0.0 ms]
   [Eden: 48128.0K(48128.0K)->0.0B(47104.0K) Survivors: 4096.0K->5120.0K Heap: 234.1M(1024.0M)->188.1M(1024.0M)]
 [Times: user=0.09 sys=0.00, real=0.03 secs] 
2022-11-23T16:55:14.437+0100: 4428.402: [GC pause (G1 Evacuation Pause) (young), 0.0497994 secs]
   [Parallel Time: 17.9 ms, GC Workers: 8]
      [GC Worker Start (ms): Min: 4428402.3, Avg: 4428412.5, Max: 4428418.7, Diff: 16.4]
      [Ext Root Scanning (ms): Min: 0.0, Avg: 0.5, Max: 3.4, Diff: 3.4, Sum: 4.1]
      [Update RS (ms): Min: 0.0, Avg: 1.1, Max: 2.9, Diff: 2.9, Sum: 8.6]
         [Processed Buffers: Min: 0, Avg: 4.9, Max: 18, Diff: 18, Sum: 39]
      [Scan RS (ms): Min: 0.0, Avg: 0.6, Max: 1.6, Diff: 1.6, Sum: 4.6]
      [Code Root Scanning (ms): Min: 0.0, Avg: 0.0, Max: 0.0, Diff: 0.0, Sum: 0.0]
      [Object Copy (ms): Min: 0.0, Avg: 3.8, Max: 8.2, Diff: 8.2, Sum: 30.7]
      [Termination (ms): Min: 0.0, Avg: 0.3, Max: 1.2, Diff: 1.2, Sum: 2.6]
         [Termination Attempts: Min: 1, Avg: 1.2, Max: 2, Diff: 1, Sum: 10]
      [GC Worker Other (ms): Min: 0.0, Avg: 0.0, Max: 0.0, Diff: 0.0, Sum: 0.1]
      [GC Worker Total (ms): Min: 0.0, Avg: 6.3, Max: 16.4, Diff: 16.4, Sum: 50.7]
      [GC Worker End (ms): Min: 4428418.7, Avg: 4428418.8, Max: 4428419.5, Diff: 0.7]
   [Code Root Fixup: 0.0 ms]
   [Code Root Purge: 0.0 ms]
   [Clear CT: 0.9 ms]
   [Other: 30.9 ms]
      [Choose CSet: 0.0 ms]
      [Ref Proc: 25.3 ms]
      [Ref Enq: 0.0 ms]
      [Redirty Cards: 4.9 ms]
      [Humongous Register: 0.1 ms]
      [Humongous Reclaim: 0.1 ms]
      [Free CSet: 0.1 ms]
   [Eden: 47104.0K(47104.0K)->0.0B(48128.0K) Survivors: 5120.0K->4096.0K Heap: 234.1M(1024.0M)->187.7M(1024.0M)]
 [Times: user=0.09 sys=0.00, real=0.05 secs] 
2022-11-23T16:55:27.724+0100: 4441.688: [GC pause (G1 Evacuation Pause) (young), 0.0682342 secs]
   [Parallel Time: 49.8 ms, GC Workers: 8]
      [GC Worker Start (ms): Min: 4441688.9, Avg: 4441695.7, Max: 4441704.5, Diff: 15.6]
      [Ext Root Scanning (ms): Min: 0.0, Avg: 0.5, Max: 2.1, Diff: 2.1, Sum: 4.1]
      [Update RS (ms): Min: 0.0, Avg: 8.1, Max: 45.9, Diff: 45.9, Sum: 64.4]
         [Processed Buffers: Min: 0, Avg: 5.6, Max: 27, Diff: 27, Sum: 45]
      [Scan RS (ms): Min: 0.0, Avg: 0.0, Max: 0.2, Diff: 0.2, Sum: 0.3]
      [Code Root Scanning (ms): Min: 0.0, Avg: 0.0, Max: 0.0, Diff: 0.0, Sum: 0.0]
      [Object Copy (ms): Min: 0.0, Avg: 4.3, Max: 8.7, Diff: 8.7, Sum: 34.7]
      [Termination (ms): Min: 0.0, Avg: 29.3, Max: 33.8, Diff: 33.8, Sum: 234.4]
         [Termination Attempts: Min: 1, Avg: 5.5, Max: 17, Diff: 16, Sum: 44]
      [GC Worker Other (ms): Min: 0.0, Avg: 0.0, Max: 0.0, Diff: 0.0, Sum: 0.1]
      [GC Worker Total (ms): Min: 33.6, Avg: 42.3, Max: 49.0, Diff: 15.5, Sum: 338.1]
      [GC Worker End (ms): Min: 4441738.0, Avg: 4441738.0, Max: 4441738.1, Diff: 0.1]
   [Code Root Fixup: 0.0 ms]
   [Code Root Purge: 0.0 ms]
   [Clear CT: 0.9 ms]
   [Other: 17.5 ms]
      [Choose CSet: 0.0 ms]
      [Ref Proc: 15.6 ms]
      [Ref Enq: 0.0 ms]
      [Redirty Cards: 1.2 ms]
      [Humongous Register: 0.2 ms]
      [Humongous Reclaim: 0.1 ms]
      [Free CSet: 0.1 ms]
   [Eden: 48128.0K(48128.0K)->0.0B(47104.0K) Survivors: 4096.0K->5120.0K Heap: 234.7M(1024.0M)->188.6M(1024.0M)]
 [Times: user=0.27 sys=0.01, real=0.07 secs] 
2022-11-23T16:55:39.288+0100: 4453.252: [GC pause (G1 Evacuation Pause) (young), 0.0447204 secs]
   [Parallel Time: 33.9 ms, GC Workers: 8]
      [GC Worker Start (ms): Min: 4453252.4, Avg: 4453266.2, Max: 4453274.0, Diff: 21.5]
      [Ext Root Scanning (ms): Min: 0.0, Avg: 0.4, Max: 3.4, Diff: 3.4, Sum: 3.5]
      [Update RS (ms): Min: 0.0, Avg: 1.0, Max: 8.3, Diff: 8.3, Sum: 8.3]
         [Processed Buffers: Min: 0, Avg: 5.1, Max: 41, Diff: 41, Sum: 41]
      [Scan RS (ms): Min: 0.0, Avg: 0.7, Max: 1.5, Diff: 1.5, Sum: 5.8]
      [Code Root Scanning (ms): Min: 0.0, Avg: 0.0, Max: 0.0, Diff: 0.0, Sum: 0.0]
      [Object Copy (ms): Min: 0.0, Avg: 6.6, Max: 19.6, Diff: 19.6, Sum: 52.6]
      [Termination (ms): Min: 0.0, Avg: 10.6, Max: 12.6, Diff: 12.6, Sum: 84.5]
         [Termination Attempts: Min: 1, Avg: 4.9, Max: 15, Diff: 14, Sum: 39]
      [GC Worker Other (ms): Min: 0.0, Avg: 0.0, Max: 0.0, Diff: 0.0, Sum: 0.1]
      [GC Worker Total (ms): Min: 11.6, Avg: 19.4, Max: 33.2, Diff: 21.6, Sum: 154.9]
      [GC Worker End (ms): Min: 4453285.5, Avg: 4453285.6, Max: 4453286.0, Diff: 0.5]
   [Code Root Fixup: 0.0 ms]
   [Code Root Purge: 0.0 ms]
   [Clear CT: 1.1 ms]
   [Other: 9.8 ms]
      [Choose CSet: 0.0 ms]
      [Ref Proc: 7.1 ms]
      [Ref Enq: 0.0 ms]
      [Redirty Cards: 2.0 ms]
      [Humongous Register: 0.1 ms]
      [Humongous Reclaim: 0.1 ms]
      [Free CSet: 0.1 ms]
   [Eden: 47104.0K(47104.0K)->0.0B(48128.0K) Survivors: 5120.0K->4096.0K Heap: 234.6M(1024.0M)->188.5M(1024.0M)]
 [Times: user=0.14 sys=0.00, real=0.05 secs] 
2022-11-23T16:55:50.864+0100: 4464.829: [GC pause (G1 Evacuation Pause) (young), 0.0112373 secs]
   [Parallel Time: 7.8 ms, GC Workers: 8]
      [GC Worker Start (ms): Min: 4464829.1, Avg: 4464830.1, Max: 4464835.4, Diff: 6.3]
      [Ext Root Scanning (ms): Min: 0.0, Avg: 0.5, Max: 1.1, Diff: 1.1, Sum: 4.3]
      [Update RS (ms): Min: 0.0, Avg: 1.2, Max: 1.7, Diff: 1.7, Sum: 9.7]
         [Processed Buffers: Min: 0, Avg: 5.0, Max: 10, Diff: 10, Sum: 40]
      [Scan RS (ms): Min: 0.0, Avg: 0.5, Max: 0.7, Diff: 0.7, Sum: 3.7]
      [Code Root Scanning (ms): Min: 0.0, Avg: 0.0, Max: 0.0, Diff: 0.0, Sum: 0.0]
      [Object Copy (ms): Min: 0.2, Avg: 3.5, Max: 4.5, Diff: 4.3, Sum: 27.7]
      [Termination (ms): Min: 0.0, Avg: 0.6, Max: 0.9, Diff: 0.9, Sum: 4.4]
         [Termination Attempts: Min: 1, Avg: 1.5, Max: 3, Diff: 2, Sum: 12]
      [GC Worker Other (ms): Min: 0.0, Avg: 0.0, Max: 0.0, Diff: 0.0, Sum: 0.1]
      [GC Worker Total (ms): Min: 0.9, Avg: 6.2, Max: 7.5, Diff: 6.7, Sum: 49.9]
      [GC Worker End (ms): Min: 4464836.2, Avg: 4464836.3, Max: 4464836.6, Diff: 0.4]
   [Code Root Fixup: 0.0 ms]
   [Code Root Purge: 0.0 ms]
   [Clear CT: 0.9 ms]
   [Other: 2.5 ms]
      [Choose CSet: 0.0 ms]
      [Ref Proc: 1.1 ms]
      [Ref Enq: 0.0 ms]
      [Redirty Cards: 0.9 ms]
      [Humongous Register: 0.0 ms]
      [Humongous Reclaim: 0.0 ms]
      [Free CSet: 0.1 ms]
   [Eden: 48128.0K(48128.0K)->0.0B(47104.0K) Survivors: 4096.0K->5120.0K Heap: 235.5M(1024.0M)->189.8M(1024.0M)]
 [Times: user=0.06 sys=0.00, real=0.01 secs] 
2022-11-23T16:56:03.748+0100: 4477.712: [GC pause (G1 Evacuation Pause) (young), 0.0601136 secs]
   [Parallel Time: 55.2 ms, GC Workers: 8]
      [GC Worker Start (ms): Min: 4477712.9, Avg: 4477719.3, Max: 4477725.3, Diff: 12.5]
      [Ext Root Scanning (ms): Min: 0.0, Avg: 0.5, Max: 1.8, Diff: 1.8, Sum: 4.2]
      [Update RS (ms): Min: 0.0, Avg: 2.1, Max: 4.3, Diff: 4.3, Sum: 17.1]
         [Processed Buffers: Min: 0, Avg: 6.2, Max: 16, Diff: 16, Sum: 50]
      [Scan RS (ms): Min: 0.0, Avg: 0.1, Max: 0.3, Diff: 0.3, Sum: 0.5]
      [Code Root Scanning (ms): Min: 0.0, Avg: 0.0, Max: 0.0, Diff: 0.0, Sum: 0.0]
      [Object Copy (ms): Min: 41.2, Avg: 44.8, Max: 48.3, Diff: 7.1, Sum: 358.7]
      [Termination (ms): Min: 0.0, Avg: 0.6, Max: 0.9, Diff: 0.9, Sum: 4.7]
         [Termination Attempts: Min: 1, Avg: 1.4, Max: 3, Diff: 2, Sum: 11]
      [GC Worker Other (ms): Min: 0.0, Avg: 0.0, Max: 0.0, Diff: 0.0, Sum: 0.1]
      [GC Worker Total (ms): Min: 42.1, Avg: 48.2, Max: 54.6, Diff: 12.5, Sum: 385.4]
      [GC Worker End (ms): Min: 4477767.4, Avg: 4477767.5, Max: 4477767.5, Diff: 0.1]
   [Code Root Fixup: 0.0 ms]
   [Code Root Purge: 0.0 ms]
   [Clear CT: 1.3 ms]
   [Other: 3.6 ms]
      [Choose CSet: 0.0 ms]
      [Ref Proc: 1.8 ms]
      [Ref Enq: 0.0 ms]
      [Redirty Cards: 1.0 ms]
      [Humongous Register: 0.2 ms]
      [Humongous Reclaim: 0.0 ms]
      [Free CSet: 0.0 ms]
   [Eden: 47104.0K(47104.0K)->0.0B(47104.0K) Survivors: 5120.0K->5120.0K Heap: 235.8M(1024.0M)->189.3M(1024.0M)]
 [Times: user=0.10 sys=0.01, real=0.06 secs] 
2022-11-23T16:56:15.237+0100: 4489.201: [GC pause (G1 Evacuation Pause) (young), 0.0282915 secs]
   [Parallel Time: 10.0 ms, GC Workers: 8]
      [GC Worker Start (ms): Min: 4489201.6, Avg: 4489202.0, Max: 4489203.3, Diff: 1.6]
      [Ext Root Scanning (ms): Min: 0.0, Avg: 0.6, Max: 1.1, Diff: 1.1, Sum: 4.6]
      [Update RS (ms): Min: 0.0, Avg: 2.2, Max: 8.1, Diff: 8.1, Sum: 17.6]
         [Processed Buffers: Min: 0, Avg: 5.4, Max: 21, Diff: 21, Sum: 43]
      [Scan RS (ms): Min: 0.0, Avg: 0.3, Max: 0.6, Diff: 0.6, Sum: 2.6]
      [Code Root Scanning (ms): Min: 0.0, Avg: 0.0, Max: 0.0, Diff: 0.0, Sum: 0.0]
      [Object Copy (ms): Min: 0.0, Avg: 4.9, Max: 7.9, Diff: 7.9, Sum: 38.9]
      [Termination (ms): Min: 0.0, Avg: 0.7, Max: 1.4, Diff: 1.4, Sum: 5.4]
         [Termination Attempts: Min: 1, Avg: 12.4, Max: 41, Diff: 40, Sum: 99]
      [GC Worker Other (ms): Min: 0.0, Avg: 0.0, Max: 0.0, Diff: 0.0, Sum: 0.1]
      [GC Worker Total (ms): Min: 7.4, Avg: 8.6, Max: 9.2, Diff: 1.8, Sum: 69.2]
      [GC Worker End (ms): Min: 4489210.6, Avg: 4489210.7, Max: 4489211.0, Diff: 0.4]
   [Code Root Fixup: 0.0 ms]
   [Code Root Purge: 0.0 ms]
   [Clear CT: 0.9 ms]
   [Other: 17.4 ms]
      [Choose CSet: 0.0 ms]
      [Ref Proc: 15.6 ms]
      [Ref Enq: 0.0 ms]
      [Redirty Cards: 1.1 ms]
      [Humongous Register: 0.0 ms]
      [Humongous Reclaim: 0.1 ms]
      [Free CSet: 0.1 ms]
   [Eden: 47104.0K(47104.0K)->0.0B(47104.0K) Survivors: 5120.0K->5120.0K Heap: 235.3M(1024.0M)->190.0M(1024.0M)]
 [Times: user=0.09 sys=0.00, real=0.03 secs] 
2022-11-23T16:56:27.984+0100: 4501.949: [GC pause (G1 Evacuation Pause) (young), 0.0426831 secs]
   [Parallel Time: 38.0 ms, GC Workers: 8]
      [GC Worker Start (ms): Min: 4501948.8, Avg: 4501964.2, Max: 4501977.5, Diff: 28.7]
      [Ext Root Scanning (ms): Min: 0.0, Avg: 1.8, Max: 6.0, Diff: 6.0, Sum: 14.6]
      [Update RS (ms): Min: 0.0, Avg: 2.7, Max: 11.2, Diff: 11.2, Sum: 21.8]
         [Processed Buffers: Min: 0, Avg: 4.5, Max: 23, Diff: 23, Sum: 36]
      [Scan RS (ms): Min: 0.0, Avg: 0.7, Max: 3.0, Diff: 3.0, Sum: 5.7]
      [Code Root Scanning (ms): Min: 0.0, Avg: 0.0, Max: 0.0, Diff: 0.0, Sum: 0.0]
      [Object Copy (ms): Min: 0.0, Avg: 9.0, Max: 22.5, Diff: 22.5, Sum: 72.3]
      [Termination (ms): Min: 0.0, Avg: 7.3, Max: 9.2, Diff: 9.2, Sum: 58.1]
         [Termination Attempts: Min: 1, Avg: 2.5, Max: 5, Diff: 4, Sum: 20]
      [GC Worker Other (ms): Min: 0.0, Avg: 0.0, Max: 0.0, Diff: 0.0, Sum: 0.1]
      [GC Worker Total (ms): Min: 8.0, Avg: 21.6, Max: 37.1, Diff: 29.2, Sum: 172.6]
      [GC Worker End (ms): Min: 4501985.4, Avg: 4501985.7, Max: 4501986.5, Diff: 1.2]
   [Code Root Fixup: 0.0 ms]
   [Code Root Purge: 0.0 ms]
   [Clear CT: 1.4 ms]
   [Other: 3.2 ms]
      [Choose CSet: 0.0 ms]
      [Ref Proc: 1.6 ms]
      [Ref Enq: 0.0 ms]
      [Redirty Cards: 1.0 ms]
      [Humongous Register: 0.1 ms]
      [Humongous Reclaim: 0.1 ms]
      [Free CSet: 0.1 ms]
   [Eden: 47104.0K(47104.0K)->0.0B(47104.0K) Survivors: 5120.0K->5120.0K Heap: 236.0M(1024.0M)->190.2M(1024.0M)]
 [Times: user=0.12 sys=0.00, real=0.04 secs] 
2022-11-23T16:56:39.937+0100: 4513.902: [GC pause (G1 Evacuation Pause) (young), 0.0288356 secs]
   [Parallel Time: 15.0 ms, GC Workers: 8]
      [GC Worker Start (ms): Min: 4513902.1, Avg: 4513906.1, Max: 4513914.2, Diff: 12.1]
      [Ext Root Scanning (ms): Min: 0.0, Avg: 0.5, Max: 1.2, Diff: 1.2, Sum: 3.9]
      [Update RS (ms): Min: 0.0, Avg: 0.9, Max: 1.9, Diff: 1.9, Sum: 7.1]
         [Processed Buffers: Min: 0, Avg: 5.1, Max: 22, Diff: 22, Sum: 41]
      [Scan RS (ms): Min: 0.0, Avg: 0.9, Max: 1.7, Diff: 1.7, Sum: 7.6]
      [Code Root Scanning (ms): Min: 0.0, Avg: 0.0, Max: 0.0, Diff: 0.0, Sum: 0.0]
      [Object Copy (ms): Min: 0.0, Avg: 5.5, Max: 9.6, Diff: 9.6, Sum: 44.1]
      [Termination (ms): Min: 0.0, Avg: 2.2, Max: 2.9, Diff: 2.9, Sum: 17.2]
         [Termination Attempts: Min: 1, Avg: 6.0, Max: 11, Diff: 10, Sum: 48]
      [GC Worker Other (ms): Min: 0.0, Avg: 0.1, Max: 0.3, Diff: 0.3, Sum: 0.5]
      [GC Worker Total (ms): Min: 1.9, Avg: 10.1, Max: 14.1, Diff: 12.2, Sum: 80.5]
      [GC Worker End (ms): Min: 4513916.1, Avg: 4513916.2, Max: 4513916.4, Diff: 0.4]
   [Code Root Fixup: 0.0 ms]
   [Code Root Purge: 0.0 ms]
   [Clear CT: 1.0 ms]
   [Other: 12.8 ms]
      [Choose CSet: 0.0 ms]
      [Ref Proc: 11.3 ms]
      [Ref Enq: 0.0 ms]
      [Redirty Cards: 0.8 ms]
      [Humongous Register: 0.0 ms]
      [Humongous Reclaim: 0.1 ms]
      [Free CSet: 0.1 ms]
   [Eden: 47104.0K(47104.0K)->0.0B(48128.0K) Survivors: 5120.0K->4096.0K Heap: 236.2M(1024.0M)->189.1M(1024.0M)]
 [Times: user=0.09 sys=0.00, real=0.03 secs] 
2022-11-23T16:56:50.867+0100: 4524.832: [GC pause (G1 Evacuation Pause) (young), 0.0558122 secs]
   [Parallel Time: 30.1 ms, GC Workers: 8]
      [GC Worker Start (ms): Min: 4524832.3, Avg: 4524841.2, Max: 4524847.3, Diff: 15.1]
      [Ext Root Scanning (ms): Min: 0.0, Avg: 0.5, Max: 1.3, Diff: 1.3, Sum: 3.7]
      [Update RS (ms): Min: 0.0, Avg: 1.1, Max: 3.1, Diff: 3.1, Sum: 8.9]
         [Processed Buffers: Min: 0, Avg: 4.2, Max: 23, Diff: 23, Sum: 34]
      [Scan RS (ms): Min: 0.0, Avg: 0.5, Max: 1.6, Diff: 1.6, Sum: 4.4]
      [Code Root Scanning (ms): Min: 0.0, Avg: 0.0, Max: 0.0, Diff: 0.0, Sum: 0.0]
      [Object Copy (ms): Min: 0.0, Avg: 5.9, Max: 19.3, Diff: 19.3, Sum: 47.0]
      [Termination (ms): Min: 0.0, Avg: 8.7, Max: 10.6, Diff: 10.6, Sum: 69.4]
         [Termination Attempts: Min: 1, Avg: 1.1, Max: 2, Diff: 1, Sum: 9]
      [GC Worker Other (ms): Min: 0.0, Avg: 0.0, Max: 0.0, Diff: 0.0, Sum: 0.1]
      [GC Worker Total (ms): Min: 9.9, Avg: 16.7, Max: 29.8, Diff: 19.9, Sum: 133.5]
      [GC Worker End (ms): Min: 4524857.2, Avg: 4524857.8, Max: 4524862.1, Diff: 4.9]
   [Code Root Fixup: 0.0 ms]
   [Code Root Purge: 0.0 ms]
   [Clear CT: 1.1 ms]
   [Other: 24.6 ms]
      [Choose CSet: 0.0 ms]
      [Ref Proc: 23.0 ms]
      [Ref Enq: 0.0 ms]
      [Redirty Cards: 0.6 ms]
      [Humongous Register: 0.1 ms]
      [Humongous Reclaim: 0.1 ms]
      [Free CSet: 0.1 ms]
   [Eden: 48128.0K(48128.0K)->0.0B(47104.0K) Survivors: 4096.0K->5120.0K Heap: 236.1M(1024.0M)->190.7M(1024.0M)]
 [Times: user=0.11 sys=0.01, real=0.06 secs] 
2022-11-23T16:57:03.579+0100: 4537.544: [GC pause (G1 Evacuation Pause) (young), 0.0323916 secs]
   [Parallel Time: 19.7 ms, GC Workers: 8]
      [GC Worker Start (ms): Min: 4537544.0, Avg: 4537557.4, Max: 4537563.0, Diff: 19.0]
      [Ext Root Scanning (ms): Min: 0.0, Avg: 0.4, Max: 3.2, Diff: 3.2, Sum: 3.3]
      [Update RS (ms): Min: 0.0, Avg: 1.0, Max: 7.4, Diff: 7.4, Sum: 8.2]
         [Processed Buffers: Min: 0, Avg: 5.0, Max: 13, Diff: 13, Sum: 40]
      [Scan RS (ms): Min: 0.0, Avg: 0.6, Max: 1.3, Diff: 1.3, Sum: 4.7]
      [Code Root Scanning (ms): Min: 0.0, Avg: 0.0, Max: 0.0, Diff: 0.0, Sum: 0.0]
      [Object Copy (ms): Min: 0.0, Avg: 3.3, Max: 6.7, Diff: 6.7, Sum: 26.3]
      [Termination (ms): Min: 0.0, Avg: 0.4, Max: 1.0, Diff: 1.0, Sum: 2.9]
         [Termination Attempts: Min: 1, Avg: 1.5, Max: 4, Diff: 3, Sum: 12]
      [GC Worker Other (ms): Min: 0.0, Avg: 0.0, Max: 0.0, Diff: 0.0, Sum: 0.1]
      [GC Worker Total (ms): Min: 0.0, Avg: 5.7, Max: 19.0, Diff: 19.0, Sum: 45.6]
      [GC Worker End (ms): Min: 4537563.0, Avg: 4537563.1, Max: 4537563.5, Diff: 0.5]
   [Code Root Fixup: 0.0 ms]
   [Code Root Purge: 0.0 ms]
   [Clear CT: 10.2 ms]
   [Other: 2.4 ms]
      [Choose CSet: 0.0 ms]
      [Ref Proc: 1.4 ms]
      [Ref Enq: 0.0 ms]
      [Redirty Cards: 0.4 ms]
      [Humongous Register: 0.1 ms]
      [Humongous Reclaim: 0.0 ms]
      [Free CSet: 0.1 ms]
   [Eden: 47104.0K(47104.0K)->0.0B(48128.0K) Survivors: 5120.0K->4096.0K Heap: 236.7M(1024.0M)->189.9M(1024.0M)]
 [Times: user=0.05 sys=0.01, real=0.04 secs] 
2022-11-23T16:57:16.339+0100: 4550.304: [GC pause (G1 Evacuation Pause) (young), 0.0377687 secs]
   [Parallel Time: 22.6 ms, GC Workers: 8]
      [GC Worker Start (ms): Min: 4550304.0, Avg: 4550310.3, Max: 4550316.5, Diff: 12.5]
      [Ext Root Scanning (ms): Min: 0.0, Avg: 0.5, Max: 2.0, Diff: 2.0, Sum: 4.0]
      [Update RS (ms): Min: 0.0, Avg: 1.2, Max: 3.7, Diff: 3.7, Sum: 9.9]
         [Processed Buffers: Min: 0, Avg: 5.5, Max: 14, Diff: 14, Sum: 44]
      [Scan RS (ms): Min: 0.0, Avg: 0.4, Max: 0.7, Diff: 0.7, Sum: 3.0]
      [Code Root Scanning (ms): Min: 0.0, Avg: 0.0, Max: 0.0, Diff: 0.0, Sum: 0.0]
      [Object Copy (ms): Min: 0.0, Avg: 4.6, Max: 15.1, Diff: 15.1, Sum: 36.8]
      [Termination (ms): Min: 0.0, Avg: 8.4, Max: 10.6, Diff: 10.6, Sum: 67.3]
         [Termination Attempts: Min: 1, Avg: 1.5, Max: 4, Diff: 3, Sum: 12]
      [GC Worker Other (ms): Min: 0.0, Avg: 0.0, Max: 0.0, Diff: 0.0, Sum: 0.1]
      [GC Worker Total (ms): Min: 8.9, Avg: 15.1, Max: 22.2, Diff: 13.3, Sum: 121.2]
      [GC Worker End (ms): Min: 4550325.4, Avg: 4550325.5, Max: 4550326.2, Diff: 0.8]
   [Code Root Fixup: 0.0 ms]
   [Code Root Purge: 0.0 ms]
   [Clear CT: 0.8 ms]
   [Other: 14.3 ms]
      [Choose CSet: 0.0 ms]
      [Ref Proc: 7.2 ms]
      [Ref Enq: 0.0 ms]
      [Redirty Cards: 6.3 ms]
      [Humongous Register: 0.1 ms]
      [Humongous Reclaim: 0.1 ms]
      [Free CSet: 0.1 ms]
   [Eden: 48128.0K(48128.0K)->0.0B(48128.0K) Survivors: 4096.0K->4096.0K Heap: 236.9M(1024.0M)->190.2M(1024.0M)]
 [Times: user=0.12 sys=0.00, real=0.04 secs] 
2022-11-23T16:57:29.686+0100: 4563.651: [GC pause (G1 Evacuation Pause) (young), 0.0227087 secs]
   [Parallel Time: 13.4 ms, GC Workers: 8]
      [GC Worker Start (ms): Min: 4563651.4, Avg: 4563658.4, Max: 4563664.2, Diff: 12.8]
      [Ext Root Scanning (ms): Min: 0.0, Avg: 0.4, Max: 3.0, Diff: 3.0, Sum: 3.1]
      [Update RS (ms): Min: 0.0, Avg: 1.6, Max: 3.5, Diff: 3.5, Sum: 12.5]
         [Processed Buffers: Min: 0, Avg: 4.8, Max: 23, Diff: 23, Sum: 38]
      [Scan RS (ms): Min: 0.0, Avg: 0.4, Max: 0.7, Diff: 0.7, Sum: 2.9]
      [Code Root Scanning (ms): Min: 0.0, Avg: 0.0, Max: 0.0, Diff: 0.0, Sum: 0.0]
      [Object Copy (ms): Min: 0.0, Avg: 3.2, Max: 5.3, Diff: 5.3, Sum: 25.7]
      [Termination (ms): Min: 0.0, Avg: 0.2, Max: 0.4, Diff: 0.4, Sum: 2.0]
         [Termination Attempts: Min: 1, Avg: 1.0, Max: 1, Diff: 0, Sum: 8]
      [GC Worker Other (ms): Min: 0.0, Avg: 0.0, Max: 0.0, Diff: 0.0, Sum: 0.1]
      [GC Worker Total (ms): Min: 0.0, Avg: 5.8, Max: 12.8, Diff: 12.8, Sum: 46.3]
      [GC Worker End (ms): Min: 4563664.2, Avg: 4563664.2, Max: 4563664.2, Diff: 0.0]
   [Code Root Fixup: 0.0 ms]
   [Code Root Purge: 0.0 ms]
   [Clear CT: 1.0 ms]
   [Other: 8.2 ms]
      [Choose CSet: 0.0 ms]
      [Ref Proc: 6.4 ms]
      [Ref Enq: 0.0 ms]
      [Redirty Cards: 0.9 ms]
      [Humongous Register: 0.2 ms]
      [Humongous Reclaim: 0.1 ms]
      [Free CSet: 0.1 ms]
   [Eden: 48128.0K(48128.0K)->0.0B(48128.0K) Survivors: 4096.0K->4096.0K Heap: 237.2M(1024.0M)->190.4M(1024.0M)]
 [Times: user=0.05 sys=0.02, real=0.02 secs] 
2022-11-23T16:57:41.126+0100: 4575.091: [GC pause (G1 Evacuation Pause) (young), 0.0710487 secs]
   [Parallel Time: 59.6 ms, GC Workers: 8]
      [GC Worker Start (ms): Min: 4575091.3, Avg: 4575101.7, Max: 4575108.3, Diff: 17.0]
      [Ext Root Scanning (ms): Min: 0.0, Avg: 0.5, Max: 1.9, Diff: 1.9, Sum: 3.8]
      [Update RS (ms): Min: 0.0, Avg: 2.3, Max: 12.3, Diff: 12.3, Sum: 18.4]
         [Processed Buffers: Min: 0, Avg: 5.0, Max: 19, Diff: 19, Sum: 40]
      [Scan RS (ms): Min: 0.0, Avg: 0.3, Max: 1.2, Diff: 1.2, Sum: 2.2]
      [Code Root Scanning (ms): Min: 0.0, Avg: 0.0, Max: 0.0, Diff: 0.0, Sum: 0.0]
      [Object Copy (ms): Min: 0.8, Avg: 9.5, Max: 50.4, Diff: 49.6, Sum: 76.3]
      [Termination (ms): Min: 0.0, Avg: 36.0, Max: 41.2, Diff: 41.2, Sum: 287.8]
         [Termination Attempts: Min: 1, Avg: 1.0, Max: 1, Diff: 0, Sum: 8]
      [GC Worker Other (ms): Min: 0.0, Avg: 0.0, Max: 0.0, Diff: 0.0, Sum: 0.1]
      [GC Worker Total (ms): Min: 42.0, Avg: 48.6, Max: 58.9, Diff: 17.0, Sum: 388.7]
      [GC Worker End (ms): Min: 4575150.2, Avg: 4575150.3, Max: 4575150.3, Diff: 0.0]
   [Code Root Fixup: 0.0 ms]
   [Code Root Purge: 0.0 ms]
   [Clear CT: 0.9 ms]
   [Other: 10.6 ms]
      [Choose CSet: 0.0 ms]
      [Ref Proc: 9.1 ms]
      [Ref Enq: 0.0 ms]
      [Redirty Cards: 0.9 ms]
      [Humongous Register: 0.1 ms]
      [Humongous Reclaim: 0.0 ms]
      [Free CSet: 0.1 ms]
   [Eden: 48128.0K(48128.0K)->0.0B(47104.0K) Survivors: 4096.0K->5120.0K Heap: 237.4M(1024.0M)->191.6M(1024.0M)]
 [Times: user=0.38 sys=0.00, real=0.07 secs] 
2022-11-23T16:57:52.669+0100: 4586.634: [GC pause (G1 Evacuation Pause) (young), 0.0378210 secs]
   [Parallel Time: 25.2 ms, GC Workers: 8]
      [GC Worker Start (ms): Min: 4586634.0, Avg: 4586643.5, Max: 4586647.3, Diff: 13.3]
      [Ext Root Scanning (ms): Min: 0.0, Avg: 0.4, Max: 3.2, Diff: 3.2, Sum: 3.3]
      [Update RS (ms): Min: 0.0, Avg: 2.1, Max: 9.1, Diff: 9.1, Sum: 16.6]
         [Processed Buffers: Min: 0, Avg: 4.5, Max: 26, Diff: 26, Sum: 36]
      [Scan RS (ms): Min: 0.0, Avg: 1.0, Max: 4.2, Diff: 4.2, Sum: 8.1]
      [Code Root Scanning (ms): Min: 0.0, Avg: 0.0, Max: 0.0, Diff: 0.0, Sum: 0.0]
      [Object Copy (ms): Min: 10.7, Avg: 11.3, Max: 12.5, Diff: 1.7, Sum: 90.5]
      [Termination (ms): Min: 0.0, Avg: 0.6, Max: 1.0, Diff: 1.0, Sum: 4.7]
         [Termination Attempts: Min: 1, Avg: 2.5, Max: 7, Diff: 6, Sum: 20]
      [GC Worker Other (ms): Min: 0.0, Avg: 0.0, Max: 0.1, Diff: 0.1, Sum: 0.2]
      [GC Worker Total (ms): Min: 11.6, Avg: 15.4, Max: 24.9, Diff: 13.3, Sum: 123.3]
      [GC Worker End (ms): Min: 4586658.8, Avg: 4586658.9, Max: 4586659.0, Diff: 0.2]
   [Code Root Fixup: 0.0 ms]
   [Code Root Purge: 0.0 ms]
   [Clear CT: 1.9 ms]
   [Other: 10.7 ms]
      [Choose CSet: 0.0 ms]
      [Ref Proc: 8.8 ms]
      [Ref Enq: 0.0 ms]
      [Redirty Cards: 1.3 ms]
      [Humongous Register: 0.0 ms]
      [Humongous Reclaim: 0.1 ms]
      [Free CSet: 0.1 ms]
   [Eden: 47104.0K(47104.0K)->0.0B(48128.0K) Survivors: 5120.0K->4096.0K Heap: 237.6M(1024.0M)->191.2M(1024.0M)]
 [Times: user=0.08 sys=0.00, real=0.04 secs] 
2022-11-23T16:58:04.973+0100: 4598.938: [GC pause (G1 Evacuation Pause) (young), 0.0245668 secs]
   [Parallel Time: 18.3 ms, GC Workers: 8]
      [GC Worker Start (ms): Min: 4598937.9, Avg: 4598941.2, Max: 4598950.4, Diff: 12.5]
      [Ext Root Scanning (ms): Min: 0.0, Avg: 0.8, Max: 3.1, Diff: 3.1, Sum: 6.4]
      [Update RS (ms): Min: 0.0, Avg: 1.2, Max: 2.7, Diff: 2.7, Sum: 9.7]
         [Processed Buffers: Min: 0, Avg: 5.9, Max: 18, Diff: 18, Sum: 47]
      [Scan RS (ms): Min: 0.0, Avg: 0.8, Max: 1.4, Diff: 1.4, Sum: 6.7]
      [Code Root Scanning (ms): Min: 0.0, Avg: 0.0, Max: 0.0, Diff: 0.0, Sum: 0.0]
      [Object Copy (ms): Min: 0.0, Avg: 6.8, Max: 13.0, Diff: 13.0, Sum: 54.3]
      [Termination (ms): Min: 0.0, Avg: 4.5, Max: 5.3, Diff: 5.3, Sum: 35.9]
         [Termination Attempts: Min: 1, Avg: 1.8, Max: 4, Diff: 3, Sum: 14]
      [GC Worker Other (ms): Min: 0.0, Avg: 0.0, Max: 0.0, Diff: 0.0, Sum: 0.1]
      [GC Worker Total (ms): Min: 5.0, Avg: 14.2, Max: 17.5, Diff: 12.5, Sum: 113.3]
      [GC Worker End (ms): Min: 4598955.4, Avg: 4598955.4, Max: 4598955.5, Diff: 0.1]
   [Code Root Fixup: 0.0 ms]
   [Code Root Purge: 0.0 ms]
   [Clear CT: 1.3 ms]
   [Other: 5.0 ms]
      [Choose CSet: 0.0 ms]
      [Ref Proc: 2.4 ms]
      [Ref Enq: 0.0 ms]
      [Redirty Cards: 1.8 ms]
      [Humongous Register: 0.1 ms]
      [Humongous Reclaim: 0.0 ms]
      [Free CSet: 0.1 ms]
   [Eden: 48128.0K(48128.0K)->0.0B(47104.0K) Survivors: 4096.0K->5120.0K Heap: 238.2M(1024.0M)->192.1M(1024.0M)]
 [Times: user=0.10 sys=0.00, real=0.02 secs] 
2022-11-23T16:58:16.721+0100: 4610.685: [GC pause (G1 Evacuation Pause) (young), 0.0229741 secs]
   [Parallel Time: 15.6 ms, GC Workers: 8]
      [GC Worker Start (ms): Min: 4610685.7, Avg: 4610693.9, Max: 4610700.5, Diff: 14.7]
      [Ext Root Scanning (ms): Min: 0.0, Avg: 0.4, Max: 3.2, Diff: 3.2, Sum: 3.3]
      [Update RS (ms): Min: 0.0, Avg: 1.4, Max: 5.1, Diff: 5.1, Sum: 10.9]
         [Processed Buffers: Min: 0, Avg: 5.2, Max: 14, Diff: 14, Sum: 42]
      [Scan RS (ms): Min: 0.0, Avg: 0.4, Max: 0.6, Diff: 0.6, Sum: 3.1]
      [Code Root Scanning (ms): Min: 0.0, Avg: 0.0, Max: 0.0, Diff: 0.0, Sum: 0.0]
      [Object Copy (ms): Min: 0.0, Avg: 4.1, Max: 5.5, Diff: 5.5, Sum: 32.7]
      [Termination (ms): Min: 0.0, Avg: 0.4, Max: 0.8, Diff: 0.8, Sum: 3.3]
         [Termination Attempts: Min: 1, Avg: 2.5, Max: 4, Diff: 3, Sum: 20]
      [GC Worker Other (ms): Min: 0.0, Avg: 0.0, Max: 0.0, Diff: 0.0, Sum: 0.1]
      [GC Worker Total (ms): Min: 0.0, Avg: 6.7, Max: 14.8, Diff: 14.7, Sum: 53.3]
      [GC Worker End (ms): Min: 4610700.5, Avg: 4610700.5, Max: 4610700.8, Diff: 0.3]
   [Code Root Fixup: 0.0 ms]
   [Code Root Purge: 0.0 ms]
   [Clear CT: 1.4 ms]
   [Other: 6.0 ms]
      [Choose CSet: 0.0 ms]
      [Ref Proc: 5.0 ms]
      [Ref Enq: 0.0 ms]
      [Redirty Cards: 0.2 ms]
      [Humongous Register: 0.1 ms]
      [Humongous Reclaim: 0.1 ms]
      [Free CSet: 0.1 ms]
   [Eden: 47104.0K(47104.0K)->0.0B(48128.0K) Survivors: 5120.0K->4096.0K Heap: 238.1M(1024.0M)->191.7M(1024.0M)]
 [Times: user=0.07 sys=0.00, real=0.02 secs] 
2022-11-23T16:58:28.221+0100: 4622.186: [GC pause (G1 Evacuation Pause) (young), 0.0365326 secs]
   [Parallel Time: 23.4 ms, GC Workers: 8]
      [GC Worker Start (ms): Min: 4622186.0, Avg: 4622194.8, Max: 4622202.5, Diff: 16.6]
      [Ext Root Scanning (ms): Min: 0.0, Avg: 0.6, Max: 4.2, Diff: 4.2, Sum: 4.6]
      [Update RS (ms): Min: 0.0, Avg: 1.5, Max: 4.3, Diff: 4.3, Sum: 12.1]
         [Processed Buffers: Min: 0, Avg: 4.6, Max: 19, Diff: 19, Sum: 37]
      [Scan RS (ms): Min: 0.0, Avg: 0.6, Max: 1.3, Diff: 1.3, Sum: 4.6]
      [Code Root Scanning (ms): Min: 0.0, Avg: 0.0, Max: 0.0, Diff: 0.0, Sum: 0.0]
      [Object Copy (ms): Min: 0.0, Avg: 5.2, Max: 9.5, Diff: 9.5, Sum: 42.0]
      [Termination (ms): Min: 0.0, Avg: 2.2, Max: 3.1, Diff: 3.1, Sum: 17.6]
         [Termination Attempts: Min: 1, Avg: 2.4, Max: 5, Diff: 4, Sum: 19]
      [GC Worker Other (ms): Min: 0.0, Avg: 0.0, Max: 0.0, Diff: 0.0, Sum: 0.2]
      [GC Worker Total (ms): Min: 2.4, Avg: 10.1, Max: 18.9, Diff: 16.6, Sum: 81.1]
      [GC Worker End (ms): Min: 4622204.9, Avg: 4622205.0, Max: 4622205.5, Diff: 0.6]
   [Code Root Fixup: 0.0 ms]
   [Code Root Purge: 0.0 ms]
   [Clear CT: 1.8 ms]
   [Other: 11.3 ms]
      [Choose CSet: 0.0 ms]
      [Ref Proc: 9.4 ms]
      [Ref Enq: 0.0 ms]
      [Redirty Cards: 1.2 ms]
      [Humongous Register: 0.1 ms]
      [Humongous Reclaim: 0.0 ms]
      [Free CSet: 0.1 ms]
   [Eden: 48128.0K(48128.0K)->0.0B(47104.0K) Survivors: 4096.0K->5120.0K Heap: 238.7M(1024.0M)->192.3M(1024.0M)]
 [Times: user=0.06 sys=0.03, real=0.03 secs] 
2022-11-23T16:58:39.790+0100: 4633.755: [GC pause (G1 Evacuation Pause) (young), 0.0434419 secs]
   [Parallel Time: 18.9 ms, GC Workers: 8]
      [GC Worker Start (ms): Min: 4633756.0, Avg: 4633766.6, Max: 4633772.8, Diff: 16.8]
      [Ext Root Scanning (ms): Min: 0.0, Avg: 0.4, Max: 2.9, Diff: 2.9, Sum: 3.0]
      [Update RS (ms): Min: 0.0, Avg: 1.2, Max: 4.7, Diff: 4.7, Sum: 9.7]
         [Processed Buffers: Min: 0, Avg: 4.9, Max: 20, Diff: 20, Sum: 39]
      [Scan RS (ms): Min: 0.0, Avg: 0.5, Max: 1.0, Diff: 1.0, Sum: 3.7]
      [Code Root Scanning (ms): Min: 0.0, Avg: 0.0, Max: 0.0, Diff: 0.0, Sum: 0.0]
      [Object Copy (ms): Min: 0.0, Avg: 3.8, Max: 7.7, Diff: 7.7, Sum: 30.2]
      [Termination (ms): Min: 0.0, Avg: 0.5, Max: 0.9, Diff: 0.9, Sum: 3.7]
         [Termination Attempts: Min: 1, Avg: 2.0, Max: 4, Diff: 3, Sum: 16]
      [GC Worker Other (ms): Min: 0.0, Avg: 0.0, Max: 0.0, Diff: 0.0, Sum: 0.1]
      [GC Worker Total (ms): Min: 0.0, Avg: 6.3, Max: 16.8, Diff: 16.8, Sum: 50.4]
      [GC Worker End (ms): Min: 4633772.8, Avg: 4633772.9, Max: 4633773.5, Diff: 0.7]
   [Code Root Fixup: 0.0 ms]
   [Code Root Purge: 0.0 ms]
   [Clear CT: 2.1 ms]
   [Other: 22.5 ms]
      [Choose CSet: 0.0 ms]
      [Ref Proc: 20.9 ms]
      [Ref Enq: 0.0 ms]
      [Redirty Cards: 1.0 ms]
      [Humongous Register: 0.1 ms]
      [Humongous Reclaim: 0.1 ms]
      [Free CSet: 0.0 ms]
   [Eden: 47104.0K(47104.0K)->0.0B(48128.0K) Survivors: 5120.0K->4096.0K Heap: 238.3M(1024.0M)->191.8M(1024.0M)]
 [Times: user=0.12 sys=0.02, real=0.05 secs] 
2022-11-23T16:58:51.739+0100: 4645.704: [GC pause (G1 Evacuation Pause) (young), 0.0172169 secs]
   [Parallel Time: 10.5 ms, GC Workers: 8]
      [GC Worker Start (ms): Min: 4645704.2, Avg: 4645707.9, Max: 4645713.3, Diff: 9.1]
      [Ext Root Scanning (ms): Min: 0.0, Avg: 0.6, Max: 3.5, Diff: 3.5, Sum: 5.1]
      [Update RS (ms): Min: 0.0, Avg: 2.0, Max: 2.8, Diff: 2.8, Sum: 15.7]
         [Processed Buffers: Min: 0, Avg: 5.8, Max: 12, Diff: 12, Sum: 46]
      [Scan RS (ms): Min: 0.0, Avg: 0.1, Max: 0.3, Diff: 0.3, Sum: 0.5]
      [Code Root Scanning (ms): Min: 0.0, Avg: 0.0, Max: 0.0, Diff: 0.0, Sum: 0.0]
      [Object Copy (ms): Min: 1.1, Avg: 3.8, Max: 4.5, Diff: 3.4, Sum: 30.0]
      [Termination (ms): Min: 0.0, Avg: 0.0, Max: 0.0, Diff: 0.0, Sum: 0.0]
         [Termination Attempts: Min: 1, Avg: 1.0, Max: 1, Diff: 0, Sum: 8]
      [GC Worker Other (ms): Min: 0.0, Avg: 0.0, Max: 0.1, Diff: 0.0, Sum: 0.2]
      [GC Worker Total (ms): Min: 1.1, Avg: 6.5, Max: 10.2, Diff: 9.1, Sum: 51.7]
      [GC Worker End (ms): Min: 4645714.4, Avg: 4645714.4, Max: 4645714.4, Diff: 0.0]
   [Code Root Fixup: 0.0 ms]
   [Code Root Purge: 0.0 ms]
   [Clear CT: 1.3 ms]
   [Other: 5.4 ms]
      [Choose CSet: 0.0 ms]
      [Ref Proc: 3.8 ms]
      [Ref Enq: 0.0 ms]
      [Redirty Cards: 0.9 ms]
      [Humongous Register: 0.1 ms]
      [Humongous Reclaim: 0.1 ms]
      [Free CSet: 0.1 ms]
   [Eden: 48128.0K(48128.0K)->0.0B(47104.0K) Survivors: 4096.0K->5120.0K Heap: 238.8M(1024.0M)->193.1M(1024.0M)]
 [Times: user=0.05 sys=0.01, real=0.02 secs] 
2022-11-23T16:59:01.826+0100: 4655.791: [GC pause (G1 Evacuation Pause) (young), 0.0362223 secs]
   [Parallel Time: 24.6 ms, GC Workers: 8]
      [GC Worker Start (ms): Min: 4655791.0, Avg: 4655794.4, Max: 4655804.1, Diff: 13.0]
      [Ext Root Scanning (ms): Min: 0.0, Avg: 1.7, Max: 5.2, Diff: 5.2, Sum: 14.0]
      [Update RS (ms): Min: 0.0, Avg: 2.7, Max: 10.9, Diff: 10.9, Sum: 21.6]
         [Processed Buffers: Min: 0, Avg: 5.9, Max: 21, Diff: 21, Sum: 47]
      [Scan RS (ms): Min: 0.0, Avg: 0.1, Max: 0.4, Diff: 0.4, Sum: 0.5]
      [Code Root Scanning (ms): Min: 0.0, Avg: 0.0, Max: 0.0, Diff: 0.0, Sum: 0.0]
      [Object Copy (ms): Min: 0.0, Avg: 4.2, Max: 7.3, Diff: 7.3, Sum: 33.8]
      [Termination (ms): Min: 0.0, Avg: 1.0, Max: 1.7, Diff: 1.7, Sum: 8.2]
         [Termination Attempts: Min: 1, Avg: 3.0, Max: 6, Diff: 5, Sum: 24]
      [GC Worker Other (ms): Min: 0.0, Avg: 0.0, Max: 0.0, Diff: 0.0, Sum: 0.1]
      [GC Worker Total (ms): Min: 0.0, Avg: 9.8, Max: 13.4, Diff: 13.4, Sum: 78.1]
      [GC Worker End (ms): Min: 4655804.1, Avg: 4655804.2, Max: 4655804.5, Diff: 0.4]
   [Code Root Fixup: 0.0 ms]
   [Code Root Purge: 0.0 ms]
   [Clear CT: 0.9 ms]
   [Other: 10.6 ms]
      [Choose CSet: 0.0 ms]
      [Ref Proc: 8.5 ms]
      [Ref Enq: 0.0 ms]
      [Redirty Cards: 1.3 ms]
      [Humongous Register: 0.1 ms]
      [Humongous Reclaim: 0.1 ms]
      [Free CSet: 0.1 ms]
   [Eden: 47104.0K(47104.0K)->0.0B(48128.0K) Survivors: 5120.0K->4096.0K Heap: 239.1M(1024.0M)->192.2M(1024.0M)]
 [Times: user=0.05 sys=0.03, real=0.04 secs] 
2022-11-23T16:59:13.320+0100: 4667.285: [GC pause (G1 Evacuation Pause) (young), 0.0600352 secs]
   [Parallel Time: 38.9 ms, GC Workers: 8]
      [GC Worker Start (ms): Min: 4667285.0, Avg: 4667300.8, Max: 4667310.4, Diff: 25.4]
      [Ext Root Scanning (ms): Min: 0.0, Avg: 0.5, Max: 3.6, Diff: 3.6, Sum: 3.7]
      [Update RS (ms): Min: 0.0, Avg: 3.1, Max: 19.4, Diff: 19.4, Sum: 24.6]
         [Processed Buffers: Min: 0, Avg: 4.9, Max: 31, Diff: 31, Sum: 39]
      [Scan RS (ms): Min: 0.0, Avg: 0.6, Max: 2.3, Diff: 2.3, Sum: 4.6]
      [Code Root Scanning (ms): Min: 0.0, Avg: 0.0, Max: 0.0, Diff: 0.0, Sum: 0.0]
      [Object Copy (ms): Min: 0.0, Avg: 6.4, Max: 23.2, Diff: 23.2, Sum: 51.1]
      [Termination (ms): Min: 0.0, Avg: 10.0, Max: 11.7, Diff: 11.7, Sum: 79.8]
         [Termination Attempts: Min: 1, Avg: 2.0, Max: 4, Diff: 3, Sum: 16]
      [GC Worker Other (ms): Min: 0.0, Avg: 0.0, Max: 0.0, Diff: 0.0, Sum: 0.2]
      [GC Worker Total (ms): Min: 10.9, Avg: 20.5, Max: 36.3, Diff: 25.4, Sum: 163.9]
      [GC Worker End (ms): Min: 4667321.2, Avg: 4667321.3, Max: 4667321.4, Diff: 0.1]
   [Code Root Fixup: 0.0 ms]
   [Code Root Purge: 0.0 ms]
   [Clear CT: 1.0 ms]
   [Other: 20.1 ms]
      [Choose CSet: 0.0 ms]
      [Ref Proc: 18.6 ms]
      [Ref Enq: 0.0 ms]
      [Redirty Cards: 0.8 ms]
      [Humongous Register: 0.2 ms]
      [Humongous Reclaim: 0.0 ms]
      [Free CSet: 0.0 ms]
   [Eden: 48128.0K(48128.0K)->0.0B(48128.0K) Survivors: 4096.0K->4096.0K Heap: 239.2M(1024.0M)->192.7M(1024.0M)]
 [Times: user=0.17 sys=0.00, real=0.06 secs] 
2022-11-23T16:59:27.069+0100: 4681.034: [GC pause (G1 Evacuation Pause) (young), 0.0279628 secs]
   [Parallel Time: 20.8 ms, GC Workers: 8]
      [GC Worker Start (ms): Min: 4681034.0, Avg: 4681039.0, Max: 4681046.3, Diff: 12.3]
      [Ext Root Scanning (ms): Min: 0.0, Avg: 0.5, Max: 1.3, Diff: 1.3, Sum: 3.6]
      [Update RS (ms): Min: 0.0, Avg: 1.2, Max: 3.3, Diff: 3.3, Sum: 9.4]
         [Processed Buffers: Min: 0, Avg: 4.5, Max: 15, Diff: 15, Sum: 36]
      [Scan RS (ms): Min: 0.0, Avg: 0.4, Max: 1.1, Diff: 1.1, Sum: 3.3]
      [Code Root Scanning (ms): Min: 0.0, Avg: 0.0, Max: 0.0, Diff: 0.0, Sum: 0.0]
      [Object Copy (ms): Min: 0.0, Avg: 6.1, Max: 13.0, Diff: 13.0, Sum: 48.8]
      [Termination (ms): Min: 0.0, Avg: 5.4, Max: 6.6, Diff: 6.6, Sum: 42.9]
         [Termination Attempts: Min: 1, Avg: 2.1, Max: 6, Diff: 5, Sum: 17]
      [GC Worker Other (ms): Min: 0.0, Avg: 0.0, Max: 0.0, Diff: 0.0, Sum: 0.1]
      [GC Worker Total (ms): Min: 5.9, Avg: 13.5, Max: 20.1, Diff: 14.2, Sum: 108.2]
      [GC Worker End (ms): Min: 4681052.3, Avg: 4681052.5, Max: 4681054.1, Diff: 1.8]
   [Code Root Fixup: 0.0 ms]
   [Code Root Purge: 0.0 ms]
   [Clear CT: 1.1 ms]
   [Other: 6.1 ms]
      [Choose CSet: 0.0 ms]
      [Ref Proc: 4.1 ms]
      [Ref Enq: 0.0 ms]
      [Redirty Cards: 1.1 ms]
      [Humongous Register: 0.1 ms]
      [Humongous Reclaim: 0.1 ms]
      [Free CSet: 0.1 ms]
   [Eden: 48128.0K(48128.0K)->0.0B(47104.0K) Survivors: 4096.0K->5120.0K Heap: 239.7M(1024.0M)->193.4M(1024.0M)]
 [Times: user=0.10 sys=0.00, real=0.03 secs] 
2022-11-23T16:59:38.233+0100: 4692.198: [GC pause (G1 Evacuation Pause) (young), 0.0331795 secs]
   [Parallel Time: 13.0 ms, GC Workers: 8]
      [GC Worker Start (ms): Min: 4692198.3, Avg: 4692204.7, Max: 4692211.1, Diff: 12.8]
      [Ext Root Scanning (ms): Min: 0.0, Avg: 0.5, Max: 1.6, Diff: 1.6, Sum: 4.3]
      [Update RS (ms): Min: 0.0, Avg: 1.4, Max: 2.9, Diff: 2.9, Sum: 10.8]
         [Processed Buffers: Min: 0, Avg: 5.4, Max: 18, Diff: 18, Sum: 43]
      [Scan RS (ms): Min: 0.0, Avg: 0.3, Max: 0.6, Diff: 0.6, Sum: 2.2]
      [Code Root Scanning (ms): Min: 0.0, Avg: 0.0, Max: 0.0, Diff: 0.0, Sum: 0.0]
      [Object Copy (ms): Min: 0.0, Avg: 3.7, Max: 7.5, Diff: 7.5, Sum: 29.3]
      [Termination (ms): Min: 0.0, Avg: 0.6, Max: 0.8, Diff: 0.8, Sum: 4.4]
         [Termination Attempts: Min: 1, Avg: 1.0, Max: 1, Diff: 0, Sum: 8]
      [GC Worker Other (ms): Min: 0.0, Avg: 0.0, Max: 0.0, Diff: 0.0, Sum: 0.1]
      [GC Worker Total (ms): Min: 0.0, Avg: 6.4, Max: 12.8, Diff: 12.8, Sum: 51.2]
      [GC Worker End (ms): Min: 4692211.1, Avg: 4692211.1, Max: 4692211.2, Diff: 0.1]
   [Code Root Fixup: 0.0 ms]
   [Code Root Purge: 0.0 ms]
   [Clear CT: 4.6 ms]
   [Other: 15.5 ms]
      [Choose CSet: 0.0 ms]
      [Ref Proc: 13.6 ms]
      [Ref Enq: 0.0 ms]
      [Redirty Cards: 1.2 ms]
      [Humongous Register: 0.1 ms]
      [Humongous Reclaim: 0.1 ms]
      [Free CSet: 0.1 ms]
   [Eden: 47104.0K(47104.0K)->0.0B(48128.0K) Survivors: 5120.0K->4096.0K Heap: 239.4M(1024.0M)->192.9M(1024.0M)]
 [Times: user=0.08 sys=0.01, real=0.03 secs] 
2022-11-23T16:59:49.326+0100: 4703.291: [GC pause (G1 Evacuation Pause) (young), 0.0306250 secs]
   [Parallel Time: 19.3 ms, GC Workers: 8]
      [GC Worker Start (ms): Min: 4703290.9, Avg: 4703295.1, Max: 4703300.4, Diff: 9.5]
      [Ext Root Scanning (ms): Min: 0.0, Avg: 1.4, Max: 6.9, Diff: 6.9, Sum: 11.0]
      [Update RS (ms): Min: 0.0, Avg: 3.4, Max: 15.4, Diff: 15.4, Sum: 27.4]
         [Processed Buffers: Min: 0, Avg: 4.6, Max: 20, Diff: 20, Sum: 37]
      [Scan RS (ms): Min: 0.0, Avg: 0.5, Max: 2.0, Diff: 2.0, Sum: 4.2]
      [Code Root Scanning (ms): Min: 0.0, Avg: 0.0, Max: 0.0, Diff: 0.0, Sum: 0.0]
      [Object Copy (ms): Min: 0.0, Avg: 7.6, Max: 10.0, Diff: 10.0, Sum: 60.9]
      [Termination (ms): Min: 0.3, Avg: 0.7, Max: 1.4, Diff: 1.1, Sum: 5.8]
         [Termination Attempts: Min: 1, Avg: 2.6, Max: 9, Diff: 8, Sum: 21]
      [GC Worker Other (ms): Min: 0.0, Avg: 0.0, Max: 0.0, Diff: 0.0, Sum: 0.2]
      [GC Worker Total (ms): Min: 8.3, Avg: 13.7, Max: 17.9, Diff: 9.6, Sum: 109.5]
      [GC Worker End (ms): Min: 4703308.7, Avg: 4703308.8, Max: 4703309.1, Diff: 0.3]
   [Code Root Fixup: 0.0 ms]
   [Code Root Purge: 0.0 ms]
   [Clear CT: 1.5 ms]
   [Other: 9.8 ms]
      [Choose CSet: 0.0 ms]
      [Ref Proc: 7.8 ms]
      [Ref Enq: 0.0 ms]
      [Redirty Cards: 0.9 ms]
      [Humongous Register: 0.1 ms]
      [Humongous Reclaim: 0.2 ms]
      [Free CSet: 0.1 ms]
   [Eden: 48128.0K(48128.0K)->0.0B(47104.0K) Survivors: 4096.0K->5120.0K Heap: 239.9M(1024.0M)->193.9M(1024.0M)]
 [Times: user=0.10 sys=0.00, real=0.03 secs] 
2022-11-23T16:59:59.989+0100: 4713.953: [GC pause (G1 Evacuation Pause) (young), 0.0185437 secs]
   [Parallel Time: 9.4 ms, GC Workers: 8]
      [GC Worker Start (ms): Min: 4713953.5, Avg: 4713953.8, Max: 4713954.4, Diff: 0.9]
      [Ext Root Scanning (ms): Min: 0.0, Avg: 0.7, Max: 1.9, Diff: 1.9, Sum: 5.7]
      [Update RS (ms): Min: 0.0, Avg: 1.3, Max: 2.2, Diff: 2.2, Sum: 10.2]
         [Processed Buffers: Min: 0, Avg: 5.0, Max: 14, Diff: 14, Sum: 40]
      [Scan RS (ms): Min: 0.0, Avg: 0.9, Max: 1.9, Diff: 1.9, Sum: 7.0]
      [Code Root Scanning (ms): Min: 0.0, Avg: 0.0, Max: 0.0, Diff: 0.0, Sum: 0.0]
      [Object Copy (ms): Min: 3.7, Avg: 5.1, Max: 7.7, Diff: 4.0, Sum: 41.0]
      [Termination (ms): Min: 0.0, Avg: 0.4, Max: 0.5, Diff: 0.5, Sum: 3.1]
         [Termination Attempts: Min: 1, Avg: 4.0, Max: 9, Diff: 8, Sum: 32]
      [GC Worker Other (ms): Min: 0.0, Avg: 0.0, Max: 0.1, Diff: 0.1, Sum: 0.3]
      [GC Worker Total (ms): Min: 7.8, Avg: 8.4, Max: 8.8, Diff: 1.0, Sum: 67.4]
      [GC Worker End (ms): Min: 4713962.2, Avg: 4713962.2, Max: 4713962.3, Diff: 0.1]
   [Code Root Fixup: 0.0 ms]
   [Code Root Purge: 0.0 ms]
   [Clear CT: 2.1 ms]
   [Other: 7.0 ms]
      [Choose CSet: 0.0 ms]
      [Ref Proc: 4.9 ms]
      [Ref Enq: 0.0 ms]
      [Redirty Cards: 1.3 ms]
      [Humongous Register: 0.0 ms]
      [Humongous Reclaim: 0.1 ms]
      [Free CSet: 0.1 ms]
   [Eden: 47104.0K(47104.0K)->0.0B(47104.0K) Survivors: 5120.0K->5120.0K Heap: 239.9M(1024.0M)->194.7M(1024.0M)]
 [Times: user=0.09 sys=0.00, real=0.02 secs] 
2022-11-23T17:00:12.700+0100: 4726.664: [GC pause (G1 Evacuation Pause) (young), 0.0355548 secs]
   [Parallel Time: 20.1 ms, GC Workers: 8]
      [GC Worker Start (ms): Min: 4726664.5, Avg: 4726670.3, Max: 4726677.2, Diff: 12.7]
      [Ext Root Scanning (ms): Min: 0.0, Avg: 0.6, Max: 1.8, Diff: 1.8, Sum: 4.7]
      [Update RS (ms): Min: 0.0, Avg: 1.2, Max: 2.7, Diff: 2.7, Sum: 9.5]
         [Processed Buffers: Min: 0, Avg: 5.4, Max: 14, Diff: 14, Sum: 43]
      [Scan RS (ms): Min: 0.0, Avg: 0.6, Max: 1.4, Diff: 1.4, Sum: 5.2]
      [Code Root Scanning (ms): Min: 0.0, Avg: 0.0, Max: 0.1, Diff: 0.1, Sum: 0.1]
      [Object Copy (ms): Min: 0.0, Avg: 5.1, Max: 14.4, Diff: 14.4, Sum: 40.7]
      [Termination (ms): Min: 0.0, Avg: 6.1, Max: 7.2, Diff: 7.2, Sum: 48.8]
         [Termination Attempts: Min: 1, Avg: 2.4, Max: 7, Diff: 6, Sum: 19]
      [GC Worker Other (ms): Min: 0.0, Avg: 0.0, Max: 0.0, Diff: 0.0, Sum: 0.2]
      [GC Worker Total (ms): Min: 6.8, Avg: 13.6, Max: 19.4, Diff: 12.6, Sum: 109.1]
      [GC Worker End (ms): Min: 4726683.9, Avg: 4726684.0, Max: 4726684.1, Diff: 0.1]
   [Code Root Fixup: 0.0 ms]
   [Code Root Purge: 0.0 ms]
   [Clear CT: 0.8 ms]
   [Other: 14.7 ms]
      [Choose CSet: 0.0 ms]
      [Ref Proc: 12.4 ms]
      [Ref Enq: 0.0 ms]
      [Redirty Cards: 1.4 ms]
      [Humongous Register: 0.1 ms]
      [Humongous Reclaim: 0.1 ms]
      [Free CSet: 0.1 ms]
   [Eden: 47104.0K(47104.0K)->0.0B(48128.0K) Survivors: 5120.0K->4096.0K Heap: 240.7M(1024.0M)->193.7M(1024.0M)]
 [Times: user=0.14 sys=0.00, real=0.04 secs] 
2022-11-23T17:00:24.226+0100: 4738.190: [GC pause (G1 Evacuation Pause) (young), 0.0436486 secs]
   [Parallel Time: 29.9 ms, GC Workers: 8]
      [GC Worker Start (ms): Min: 4738190.8, Avg: 4738201.0, Max: 4738209.4, Diff: 18.6]
      [Ext Root Scanning (ms): Min: 0.0, Avg: 0.4, Max: 1.8, Diff: 1.8, Sum: 3.5]
      [Update RS (ms): Min: 0.0, Avg: 1.3, Max: 5.4, Diff: 5.4, Sum: 10.7]
         [Processed Buffers: Min: 0, Avg: 4.8, Max: 23, Diff: 23, Sum: 38]
      [Scan RS (ms): Min: 0.0, Avg: 3.0, Max: 21.4, Diff: 21.4, Sum: 24.2]
      [Code Root Scanning (ms): Min: 0.0, Avg: 0.0, Max: 0.1, Diff: 0.1, Sum: 0.1]
      [Object Copy (ms): Min: 0.0, Avg: 4.4, Max: 8.9, Diff: 8.9, Sum: 35.6]
      [Termination (ms): Min: 0.0, Avg: 9.3, Max: 10.9, Diff: 10.9, Sum: 74.5]
         [Termination Attempts: Min: 1, Avg: 4.2, Max: 10, Diff: 9, Sum: 34]
      [GC Worker Other (ms): Min: 0.0, Avg: 0.0, Max: 0.1, Diff: 0.1, Sum: 0.2]
      [GC Worker Total (ms): Min: 10.2, Avg: 18.6, Max: 28.8, Diff: 18.6, Sum: 148.7]
      [GC Worker End (ms): Min: 4738219.5, Avg: 4738219.6, Max: 4738219.6, Diff: 0.1]
   [Code Root Fixup: 0.0 ms]
   [Code Root Purge: 0.0 ms]
   [Clear CT: 1.0 ms]
   [Other: 12.7 ms]
      [Choose CSet: 0.0 ms]
      [Ref Proc: 10.8 ms]
      [Ref Enq: 0.0 ms]
      [Redirty Cards: 1.2 ms]
      [Humongous Register: 0.1 ms]
      [Humongous Reclaim: 0.1 ms]
      [Free CSet: 0.1 ms]
   [Eden: 48128.0K(48128.0K)->0.0B(47104.0K) Survivors: 4096.0K->5120.0K Heap: 240.7M(1024.0M)->194.9M(1024.0M)]
 [Times: user=0.11 sys=0.00, real=0.04 secs] 
2022-11-23T17:00:37.572+0100: 4751.537: [GC pause (G1 Evacuation Pause) (young), 0.0815762 secs]
   [Parallel Time: 59.0 ms, GC Workers: 8]
      [GC Worker Start (ms): Min: 4751537.6, Avg: 4751543.1, Max: 4751549.5, Diff: 11.9]
      [Ext Root Scanning (ms): Min: 0.0, Avg: 1.4, Max: 6.5, Diff: 6.5, Sum: 11.1]
      [Update RS (ms): Min: 0.0, Avg: 1.6, Max: 4.3, Diff: 4.3, Sum: 12.4]
         [Processed Buffers: Min: 0, Avg: 5.1, Max: 24, Diff: 24, Sum: 41]
      [Scan RS (ms): Min: 0.0, Avg: 0.3, Max: 0.8, Diff: 0.8, Sum: 2.1]
      [Code Root Scanning (ms): Min: 0.0, Avg: 0.0, Max: 0.1, Diff: 0.1, Sum: 0.1]
      [Object Copy (ms): Min: 3.1, Avg: 9.3, Max: 30.4, Diff: 27.3, Sum: 74.2]
      [Termination (ms): Min: 0.0, Avg: 22.6, Max: 32.5, Diff: 32.5, Sum: 180.5]
         [Termination Attempts: Min: 1, Avg: 2.2, Max: 4, Diff: 3, Sum: 18]
      [GC Worker Other (ms): Min: 0.0, Avg: 0.0, Max: 0.0, Diff: 0.0, Sum: 0.2]
      [GC Worker Total (ms): Min: 26.1, Avg: 35.1, Max: 46.2, Diff: 20.1, Sum: 280.6]
      [GC Worker End (ms): Min: 4751575.4, Avg: 4751578.1, Max: 4751585.2, Diff: 9.8]
   [Code Root Fixup: 0.0 ms]
   [Code Root Purge: 0.0 ms]
   [Clear CT: 0.7 ms]
   [Other: 21.9 ms]
      [Choose CSet: 0.0 ms]
      [Ref Proc: 20.4 ms]
      [Ref Enq: 0.0 ms]
      [Redirty Cards: 0.5 ms]
      [Humongous Register: 0.4 ms]
      [Humongous Reclaim: 0.1 ms]
      [Free CSet: 0.1 ms]
   [Eden: 47104.0K(47104.0K)->0.0B(47104.0K) Survivors: 5120.0K->5120.0K Heap: 240.9M(1024.0M)->195.2M(1024.0M)]
 [Times: user=0.18 sys=0.05, real=0.09 secs] 
2022-11-23T17:00:49.122+0100: 4763.086: [GC pause (G1 Evacuation Pause) (young), 0.0303857 secs]
   [Parallel Time: 21.6 ms, GC Workers: 8]
      [GC Worker Start (ms): Min: 4763086.6, Avg: 4763098.4, Max: 4763107.3, Diff: 20.7]
      [Ext Root Scanning (ms): Min: 0.0, Avg: 1.2, Max: 5.6, Diff: 5.5, Sum: 9.3]
      [Update RS (ms): Min: 0.0, Avg: 3.3, Max: 14.6, Diff: 14.6, Sum: 26.6]
         [Processed Buffers: Min: 0, Avg: 5.1, Max: 23, Diff: 23, Sum: 41]
      [Scan RS (ms): Min: 0.0, Avg: 0.3, Max: 0.7, Diff: 0.7, Sum: 2.1]
      [Code Root Scanning (ms): Min: 0.0, Avg: 0.0, Max: 0.0, Diff: 0.0, Sum: 0.0]
      [Object Copy (ms): Min: 0.0, Avg: 3.8, Max: 10.1, Diff: 10.1, Sum: 30.1]
      [Termination (ms): Min: 0.0, Avg: 1.0, Max: 1.4, Diff: 1.4, Sum: 8.0]
         [Termination Attempts: Min: 1, Avg: 3.0, Max: 7, Diff: 6, Sum: 24]
      [GC Worker Other (ms): Min: 0.0, Avg: 0.0, Max: 0.0, Diff: 0.0, Sum: 0.1]
      [GC Worker Total (ms): Min: 0.7, Avg: 9.5, Max: 21.3, Diff: 20.7, Sum: 76.2]
      [GC Worker End (ms): Min: 4763107.9, Avg: 4763107.9, Max: 4763108.0, Diff: 0.1]
   [Code Root Fixup: 0.0 ms]
   [Code Root Purge: 0.0 ms]
   [Clear CT: 1.1 ms]
   [Other: 7.7 ms]
      [Choose CSet: 0.0 ms]
      [Ref Proc: 4.6 ms]
      [Ref Enq: 0.0 ms]
      [Redirty Cards: 2.5 ms]
      [Humongous Register: 0.1 ms]
      [Humongous Reclaim: 0.1 ms]
      [Free CSet: 0.1 ms]
   [Eden: 47104.0K(47104.0K)->0.0B(48128.0K) Survivors: 5120.0K->4096.0K Heap: 241.2M(1024.0M)->194.6M(1024.0M)]
 [Times: user=0.07 sys=0.00, real=0.03 secs] 
2022-11-23T17:01:00.412+0100: 4774.377: [GC pause (G1 Evacuation Pause) (young), 0.0178620 secs]
   [Parallel Time: 12.1 ms, GC Workers: 8]
      [GC Worker Start (ms): Min: 4774377.0, Avg: 4774379.3, Max: 4774387.8, Diff: 10.7]
      [Ext Root Scanning (ms): Min: 0.0, Avg: 0.6, Max: 1.8, Diff: 1.8, Sum: 5.1]
      [Update RS (ms): Min: 0.0, Avg: 1.8, Max: 2.7, Diff: 2.7, Sum: 14.7]
         [Processed Buffers: Min: 0, Avg: 5.1, Max: 12, Diff: 12, Sum: 41]
      [Scan RS (ms): Min: 0.0, Avg: 0.1, Max: 0.4, Diff: 0.4, Sum: 1.0]
      [Code Root Scanning (ms): Min: 0.0, Avg: 0.0, Max: 0.1, Diff: 0.1, Sum: 0.1]
      [Object Copy (ms): Min: 0.0, Avg: 5.9, Max: 7.7, Diff: 7.7, Sum: 47.4]
      [Termination (ms): Min: 0.0, Avg: 1.0, Max: 1.4, Diff: 1.4, Sum: 7.8]
         [Termination Attempts: Min: 1, Avg: 1.8, Max: 4, Diff: 3, Sum: 14]
      [GC Worker Other (ms): Min: 0.0, Avg: 0.0, Max: 0.0, Diff: 0.0, Sum: 0.1]
      [GC Worker Total (ms): Min: 1.1, Avg: 9.5, Max: 11.8, Diff: 10.8, Sum: 76.1]
      [GC Worker End (ms): Min: 4774388.8, Avg: 4774388.8, Max: 4774388.9, Diff: 0.1]
   [Code Root Fixup: 0.0 ms]
   [Code Root Purge: 0.0 ms]
   [Clear CT: 1.1 ms]
   [Other: 4.6 ms]
      [Choose CSet: 0.0 ms]
      [Ref Proc: 3.0 ms]
      [Ref Enq: 0.0 ms]
      [Redirty Cards: 0.9 ms]
      [Humongous Register: 0.1 ms]
      [Humongous Reclaim: 0.0 ms]
      [Free CSet: 0.1 ms]
   [Eden: 48128.0K(48128.0K)->0.0B(47104.0K) Survivors: 4096.0K->5120.0K Heap: 241.6M(1024.0M)->195.7M(1024.0M)]
 [Times: user=0.08 sys=0.01, real=0.01 secs] 
2022-11-23T17:01:13.623+0100: 4787.587: [GC pause (G1 Evacuation Pause) (young), 0.0353895 secs]
   [Parallel Time: 19.3 ms, GC Workers: 8]
      [GC Worker Start (ms): Min: 4787587.6, Avg: 4787598.5, Max: 4787605.5, Diff: 17.9]
      [Ext Root Scanning (ms): Min: 0.0, Avg: 0.4, Max: 1.8, Diff: 1.7, Sum: 3.5]
      [Update RS (ms): Min: 0.0, Avg: 2.9, Max: 16.0, Diff: 16.0, Sum: 22.9]
         [Processed Buffers: Min: 0, Avg: 5.8, Max: 25, Diff: 25, Sum: 46]
      [Scan RS (ms): Min: 0.0, Avg: 0.1, Max: 0.2, Diff: 0.2, Sum: 0.4]
      [Code Root Scanning (ms): Min: 0.0, Avg: 0.0, Max: 0.0, Diff: 0.0, Sum: 0.0]
      [Object Copy (ms): Min: 0.2, Avg: 4.0, Max: 10.6, Diff: 10.4, Sum: 32.0]
      [Termination (ms): Min: 0.0, Avg: 0.5, Max: 0.9, Diff: 0.9, Sum: 3.9]
         [Termination Attempts: Min: 1, Avg: 2.8, Max: 8, Diff: 7, Sum: 22]
      [GC Worker Other (ms): Min: 0.0, Avg: 0.0, Max: 0.0, Diff: 0.0, Sum: 0.1]
      [GC Worker Total (ms): Min: 0.8, Avg: 7.9, Max: 18.7, Diff: 18.0, Sum: 63.0]
      [GC Worker End (ms): Min: 4787606.3, Avg: 4787606.3, Max: 4787606.7, Diff: 0.4]
   [Code Root Fixup: 0.0 ms]
   [Code Root Purge: 0.0 ms]
   [Clear CT: 1.8 ms]
   [Other: 14.2 ms]
      [Choose CSet: 0.0 ms]
      [Ref Proc: 12.2 ms]
      [Ref Enq: 0.0 ms]
      [Redirty Cards: 1.2 ms]
      [Humongous Register: 0.1 ms]
      [Humongous Reclaim: 0.1 ms]
      [Free CSet: 0.1 ms]
   [Eden: 47104.0K(47104.0K)->0.0B(46080.0K) Survivors: 5120.0K->6144.0K Heap: 241.7M(1024.0M)->196.7M(1024.0M)]
 [Times: user=0.09 sys=0.00, real=0.03 secs] 
2022-11-23T17:01:24.505+0100: 4798.469: [GC pause (G1 Evacuation Pause) (young), 0.0318923 secs]
   [Parallel Time: 15.5 ms, GC Workers: 8]
      [GC Worker Start (ms): Min: 4798469.6, Avg: 4798477.6, Max: 4798484.3, Diff: 14.8]
      [Ext Root Scanning (ms): Min: 0.0, Avg: 0.5, Max: 1.5, Diff: 1.5, Sum: 3.7]
      [Update RS (ms): Min: 0.0, Avg: 1.3, Max: 3.5, Diff: 3.5, Sum: 10.5]
         [Processed Buffers: Min: 0, Avg: 5.4, Max: 26, Diff: 26, Sum: 43]
      [Scan RS (ms): Min: 0.0, Avg: 0.8, Max: 3.2, Diff: 3.2, Sum: 6.6]
      [Code Root Scanning (ms): Min: 0.0, Avg: 0.0, Max: 0.1, Diff: 0.1, Sum: 0.1]
      [Object Copy (ms): Min: 0.0, Avg: 3.6, Max: 7.7, Diff: 7.7, Sum: 28.6]
      [Termination (ms): Min: 0.0, Avg: 0.5, Max: 0.8, Diff: 0.8, Sum: 4.2]
         [Termination Attempts: Min: 1, Avg: 1.5, Max: 3, Diff: 2, Sum: 12]
      [GC Worker Other (ms): Min: 0.0, Avg: 0.0, Max: 0.1, Diff: 0.1, Sum: 0.1]
      [GC Worker Total (ms): Min: 0.0, Avg: 6.7, Max: 14.8, Diff: 14.8, Sum: 53.9]
      [GC Worker End (ms): Min: 4798484.3, Avg: 4798484.4, Max: 4798484.4, Diff: 0.0]
   [Code Root Fixup: 0.0 ms]
   [Code Root Purge: 0.0 ms]
   [Clear CT: 2.5 ms]
   [Other: 13.9 ms]
      [Choose CSet: 0.0 ms]
      [Ref Proc: 12.0 ms]
      [Ref Enq: 0.0 ms]
      [Redirty Cards: 1.1 ms]
      [Humongous Register: 0.1 ms]
      [Humongous Reclaim: 0.0 ms]
      [Free CSet: 0.1 ms]
   [Eden: 46080.0K(46080.0K)->0.0B(49152.0K) Survivors: 6144.0K->3072.0K Heap: 241.7M(1024.0M)->194.6M(1024.0M)]
 [Times: user=0.11 sys=0.00, real=0.03 secs] 
2022-11-23T17:01:36.200+0100: 4810.164: [GC pause (G1 Evacuation Pause) (young), 0.0168080 secs]
   [Parallel Time: 8.4 ms, GC Workers: 8]
      [GC Worker Start (ms): Min: 4810164.6, Avg: 4810166.7, Max: 4810171.9, Diff: 7.4]
      [Ext Root Scanning (ms): Min: 0.0, Avg: 0.6, Max: 1.4, Diff: 1.4, Sum: 4.5]
      [Update RS (ms): Min: 0.0, Avg: 1.3, Max: 1.9, Diff: 1.9, Sum: 10.1]
         [Processed Buffers: Min: 0, Avg: 5.5, Max: 17, Diff: 17, Sum: 44]
      [Scan RS (ms): Min: 0.0, Avg: 0.4, Max: 0.6, Diff: 0.6, Sum: 3.0]
      [Code Root Scanning (ms): Min: 0.0, Avg: 0.0, Max: 0.0, Diff: 0.0, Sum: 0.0]
      [Object Copy (ms): Min: 0.0, Avg: 2.8, Max: 3.9, Diff: 3.9, Sum: 22.7]
      [Termination (ms): Min: 0.0, Avg: 0.3, Max: 0.7, Diff: 0.7, Sum: 2.5]
         [Termination Attempts: Min: 1, Avg: 1.4, Max: 2, Diff: 1, Sum: 11]
      [GC Worker Other (ms): Min: 0.0, Avg: 0.0, Max: 0.0, Diff: 0.0, Sum: 0.1]
      [GC Worker Total (ms): Min: 0.0, Avg: 5.4, Max: 7.4, Diff: 7.4, Sum: 42.9]
      [GC Worker End (ms): Min: 4810172.0, Avg: 4810172.0, Max: 4810172.4, Diff: 0.5]
   [Code Root Fixup: 0.0 ms]
   [Code Root Purge: 0.0 ms]
   [Clear CT: 1.0 ms]
   [Other: 7.5 ms]
      [Choose CSet: 0.0 ms]
      [Ref Proc: 5.5 ms]
      [Ref Enq: 0.0 ms]
      [Redirty Cards: 1.3 ms]
      [Humongous Register: 0.1 ms]
      [Humongous Reclaim: 0.1 ms]
      [Free CSet: 0.1 ms]
   [Eden: 49152.0K(49152.0K)->0.0B(47104.0K) Survivors: 3072.0K->5120.0K Heap: 242.6M(1024.0M)->196.4M(1024.0M)]
 [Times: user=0.07 sys=0.00, real=0.02 secs] 
2022-11-23T17:01:47.673+0100: 4821.637: [GC pause (G1 Evacuation Pause) (young), 0.0418266 secs]
   [Parallel Time: 20.0 ms, GC Workers: 8]
      [GC Worker Start (ms): Min: 4821637.7, Avg: 4821643.0, Max: 4821654.8, Diff: 17.1]
      [Ext Root Scanning (ms): Min: 0.0, Avg: 0.5, Max: 1.3, Diff: 1.3, Sum: 4.1]
      [Update RS (ms): Min: 0.0, Avg: 1.4, Max: 2.8, Diff: 2.8, Sum: 10.9]
         [Processed Buffers: Min: 0, Avg: 5.4, Max: 22, Diff: 22, Sum: 43]
      [Scan RS (ms): Min: 0.0, Avg: 0.3, Max: 0.7, Diff: 0.7, Sum: 2.7]
      [Code Root Scanning (ms): Min: 0.0, Avg: 0.0, Max: 0.1, Diff: 0.1, Sum: 0.1]
      [Object Copy (ms): Min: 0.0, Avg: 6.8, Max: 16.8, Diff: 16.8, Sum: 54.2]
      [Termination (ms): Min: 0.0, Avg: 4.9, Max: 8.3, Diff: 8.3, Sum: 39.4]
         [Termination Attempts: Min: 1, Avg: 6.0, Max: 14, Diff: 13, Sum: 48]
      [GC Worker Other (ms): Min: 0.0, Avg: 0.0, Max: 0.0, Diff: 0.0, Sum: 0.1]
      [GC Worker Total (ms): Min: 2.1, Avg: 13.9, Max: 19.3, Diff: 17.2, Sum: 111.5]
      [GC Worker End (ms): Min: 4821657.0, Avg: 4821657.0, Max: 4821657.0, Diff: 0.0]
   [Code Root Fixup: 0.0 ms]
   [Code Root Purge: 0.0 ms]
   [Clear CT: 1.2 ms]
   [Other: 20.7 ms]
      [Choose CSet: 0.0 ms]
      [Ref Proc: 18.8 ms]
      [Ref Enq: 0.0 ms]
      [Redirty Cards: 1.1 ms]
      [Humongous Register: 0.2 ms]
      [Humongous Reclaim: 0.0 ms]
      [Free CSet: 0.1 ms]
   [Eden: 47104.0K(47104.0K)->0.0B(48128.0K) Survivors: 5120.0K->4096.0K Heap: 242.4M(1024.0M)->196.0M(1024.0M)]
 [Times: user=0.13 sys=0.00, real=0.04 secs] 
2022-11-23T17:02:00.461+0100: 4834.425: [GC pause (G1 Evacuation Pause) (young), 0.0342531 secs]
   [Parallel Time: 17.6 ms, GC Workers: 8]
      [GC Worker Start (ms): Min: 4834425.6, Avg: 4834433.5, Max: 4834440.1, Diff: 14.5]
      [Ext Root Scanning (ms): Min: 0.0, Avg: 0.5, Max: 1.4, Diff: 1.4, Sum: 4.0]
      [Update RS (ms): Min: 0.0, Avg: 1.6, Max: 4.5, Diff: 4.5, Sum: 13.1]
         [Processed Buffers: Min: 0, Avg: 5.9, Max: 18, Diff: 18, Sum: 47]
      [Scan RS (ms): Min: 0.0, Avg: 0.0, Max: 0.2, Diff: 0.2, Sum: 0.3]
      [Code Root Scanning (ms): Min: 0.0, Avg: 0.0, Max: 0.0, Diff: 0.0, Sum: 0.0]
      [Object Copy (ms): Min: 0.0, Avg: 4.4, Max: 9.8, Diff: 9.8, Sum: 35.1]
      [Termination (ms): Min: 0.0, Avg: 1.2, Max: 2.3, Diff: 2.3, Sum: 9.3]
         [Termination Attempts: Min: 1, Avg: 2.2, Max: 5, Diff: 4, Sum: 18]
      [GC Worker Other (ms): Min: 0.0, Avg: 0.0, Max: 0.0, Diff: 0.0, Sum: 0.1]
      [GC Worker Total (ms): Min: 1.0, Avg: 7.7, Max: 16.4, Diff: 15.4, Sum: 61.9]
      [GC Worker End (ms): Min: 4834441.1, Avg: 4834441.3, Max: 4834442.1, Diff: 1.0]
   [Code Root Fixup: 0.0 ms]
   [Code Root Purge: 0.0 ms]
   [Clear CT: 1.1 ms]
   [Other: 15.6 ms]
      [Choose CSet: 0.0 ms]
      [Ref Proc: 13.4 ms]
      [Ref Enq: 0.0 ms]
      [Redirty Cards: 1.4 ms]
      [Humongous Register: 0.1 ms]
      [Humongous Reclaim: 0.1 ms]
      [Free CSet: 0.1 ms]
   [Eden: 48128.0K(48128.0K)->0.0B(48128.0K) Survivors: 4096.0K->4096.0K Heap: 243.0M(1024.0M)->195.9M(1024.0M)]
 [Times: user=0.09 sys=0.00, real=0.04 secs] 
2022-11-23T17:02:12.565+0100: 4846.529: [GC pause (G1 Evacuation Pause) (young), 0.0372148 secs]
   [Parallel Time: 10.1 ms, GC Workers: 8]
      [GC Worker Start (ms): Min: 4846529.6, Avg: 4846530.8, Max: 4846537.6, Diff: 8.1]
      [Ext Root Scanning (ms): Min: 0.0, Avg: 2.5, Max: 8.0, Diff: 8.0, Sum: 19.8]
      [Update RS (ms): Min: 0.0, Avg: 1.4, Max: 2.2, Diff: 2.2, Sum: 11.0]
         [Processed Buffers: Min: 0, Avg: 5.4, Max: 16, Diff: 16, Sum: 43]
      [Scan RS (ms): Min: 0.0, Avg: 0.2, Max: 0.4, Diff: 0.4, Sum: 1.8]
      [Code Root Scanning (ms): Min: 0.0, Avg: 0.0, Max: 0.0, Diff: 0.0, Sum: 0.0]
      [Object Copy (ms): Min: 0.0, Avg: 2.7, Max: 4.4, Diff: 4.4, Sum: 21.9]
      [Termination (ms): Min: 0.0, Avg: 0.6, Max: 2.0, Diff: 2.0, Sum: 4.7]
         [Termination Attempts: Min: 1, Avg: 2.4, Max: 7, Diff: 6, Sum: 19]
      [GC Worker Other (ms): Min: 0.0, Avg: 0.0, Max: 0.0, Diff: 0.0, Sum: 0.1]
      [GC Worker Total (ms): Min: 0.3, Avg: 7.4, Max: 9.9, Diff: 9.6, Sum: 59.4]
      [GC Worker End (ms): Min: 4846537.9, Avg: 4846538.2, Max: 4846539.5, Diff: 1.5]
   [Code Root Fixup: 0.0 ms]
   [Code Root Purge: 0.0 ms]
   [Clear CT: 2.5 ms]
   [Other: 24.6 ms]
      [Choose CSet: 0.0 ms]
      [Ref Proc: 23.0 ms]
      [Ref Enq: 0.1 ms]
      [Redirty Cards: 0.9 ms]
      [Humongous Register: 0.0 ms]
      [Humongous Reclaim: 0.0 ms]
      [Free CSet: 0.1 ms]
   [Eden: 48128.0K(48128.0K)->0.0B(48128.0K) Survivors: 4096.0K->4096.0K Heap: 242.9M(1024.0M)->196.1M(1024.0M)]
 [Times: user=0.09 sys=0.00, real=0.04 secs] 
2022-11-23T17:02:23.913+0100: 4857.878: [GC pause (G1 Evacuation Pause) (young), 0.0659131 secs]
   [Parallel Time: 43.4 ms, GC Workers: 8]
      [GC Worker Start (ms): Min: 4857878.1, Avg: 4857899.9, Max: 4857908.9, Diff: 30.8]
      [Ext Root Scanning (ms): Min: 0.0, Avg: 0.4, Max: 3.0, Diff: 3.0, Sum: 3.1]
      [Update RS (ms): Min: 0.0, Avg: 2.9, Max: 14.0, Diff: 14.0, Sum: 23.5]
         [Processed Buffers: Min: 0, Avg: 5.8, Max: 40, Diff: 40, Sum: 46]
      [Scan RS (ms): Min: 0.0, Avg: 0.0, Max: 0.3, Diff: 0.3, Sum: 0.4]
      [Code Root Scanning (ms): Min: 0.0, Avg: 0.0, Max: 0.0, Diff: 0.0, Sum: 0.0]
      [Object Copy (ms): Min: 0.0, Avg: 6.6, Max: 24.2, Diff: 24.2, Sum: 52.9]
      [Termination (ms): Min: 0.0, Avg: 10.1, Max: 12.1, Diff: 12.1, Sum: 80.7]
         [Termination Attempts: Min: 1, Avg: 4.5, Max: 16, Diff: 15, Sum: 36]
      [GC Worker Other (ms): Min: 0.0, Avg: 0.0, Max: 0.0, Diff: 0.0, Sum: 0.1]
      [GC Worker Total (ms): Min: 11.0, Avg: 20.1, Max: 42.1, Diff: 31.1, Sum: 160.7]
      [GC Worker End (ms): Min: 4857919.9, Avg: 4857920.0, Max: 4857920.2, Diff: 0.3]
   [Code Root Fixup: 0.0 ms]
   [Code Root Purge: 0.0 ms]
   [Clear CT: 1.3 ms]
   [Other: 21.1 ms]
      [Choose CSet: 0.0 ms]
      [Ref Proc: 19.6 ms]
      [Ref Enq: 0.0 ms]
      [Redirty Cards: 0.8 ms]
      [Humongous Register: 0.1 ms]
      [Humongous Reclaim: 0.1 ms]
      [Free CSet: 0.1 ms]
   [Eden: 48128.0K(48128.0K)->0.0B(48128.0K) Survivors: 4096.0K->4096.0K Heap: 243.1M(1024.0M)->196.3M(1024.0M)]
 [Times: user=0.14 sys=0.01, real=0.06 secs] 
2022-11-23T17:02:35.386+0100: 4869.351: [GC pause (G1 Evacuation Pause) (young), 0.0106161 secs]
   [Parallel Time: 7.5 ms, GC Workers: 8]
      [GC Worker Start (ms): Min: 4869351.1, Avg: 4869351.8, Max: 4869355.4, Diff: 4.3]
      [Ext Root Scanning (ms): Min: 0.0, Avg: 0.5, Max: 1.0, Diff: 1.0, Sum: 3.8]
      [Update RS (ms): Min: 0.0, Avg: 1.7, Max: 2.1, Diff: 2.1, Sum: 13.2]
         [Processed Buffers: Min: 0, Avg: 5.8, Max: 14, Diff: 14, Sum: 46]
      [Scan RS (ms): Min: 0.0, Avg: 0.1, Max: 0.2, Diff: 0.2, Sum: 0.5]
      [Code Root Scanning (ms): Min: 0.0, Avg: 0.0, Max: 0.0, Diff: 0.0, Sum: 0.1]
      [Object Copy (ms): Min: 2.4, Avg: 3.8, Max: 4.2, Diff: 1.8, Sum: 30.5]
      [Termination (ms): Min: 0.0, Avg: 0.1, Max: 0.3, Diff: 0.3, Sum: 1.2]
         [Termination Attempts: Min: 1, Avg: 1.1, Max: 2, Diff: 1, Sum: 9]
      [GC Worker Other (ms): Min: 0.0, Avg: 0.0, Max: 0.0, Diff: 0.0, Sum: 0.1]
      [GC Worker Total (ms): Min: 2.5, Avg: 6.2, Max: 6.9, Diff: 4.3, Sum: 49.3]
      [GC Worker End (ms): Min: 4869357.9, Avg: 4869357.9, Max: 4869358.1, Diff: 0.2]
   [Code Root Fixup: 0.0 ms]
   [Code Root Purge: 0.0 ms]
   [Clear CT: 1.0 ms]
   [Other: 2.0 ms]
      [Choose CSet: 0.0 ms]
      [Ref Proc: 0.7 ms]
      [Ref Enq: 0.0 ms]
      [Redirty Cards: 0.9 ms]
      [Humongous Register: 0.0 ms]
      [Humongous Reclaim: 0.0 ms]
      [Free CSet: 0.0 ms]
   [Eden: 48128.0K(48128.0K)->0.0B(47104.0K) Survivors: 4096.0K->5120.0K Heap: 243.3M(1024.0M)->197.5M(1024.0M)]
 [Times: user=0.06 sys=0.00, real=0.01 secs] 
2022-11-23T17:02:47.135+0100: 4881.100: [GC pause (G1 Evacuation Pause) (young), 0.0778573 secs]
   [Parallel Time: 66.6 ms, GC Workers: 8]
      [GC Worker Start (ms): Min: 4881100.5, Avg: 4881113.3, Max: 4881146.5, Diff: 46.0]
      [Ext Root Scanning (ms): Min: 0.0, Avg: 0.5, Max: 1.3, Diff: 1.3, Sum: 4.2]
      [Update RS (ms): Min: 0.0, Avg: 1.5, Max: 3.2, Diff: 3.2, Sum: 11.6]
         [Processed Buffers: Min: 0, Avg: 6.1, Max: 20, Diff: 20, Sum: 49]
      [Scan RS (ms): Min: 0.0, Avg: 0.1, Max: 0.3, Diff: 0.3, Sum: 0.4]
      [Code Root Scanning (ms): Min: 0.0, Avg: 0.0, Max: 0.1, Diff: 0.1, Sum: 0.1]
      [Object Copy (ms): Min: 8.2, Avg: 40.8, Max: 60.9, Diff: 52.6, Sum: 326.6]
      [Termination (ms): Min: 0.0, Avg: 9.5, Max: 11.0, Diff: 11.0, Sum: 76.1]
         [Termination Attempts: Min: 1, Avg: 1.9, Max: 3, Diff: 2, Sum: 15]
      [GC Worker Other (ms): Min: 0.0, Avg: 0.0, Max: 0.0, Diff: 0.0, Sum: 0.2]
      [GC Worker Total (ms): Min: 19.2, Avg: 52.4, Max: 65.2, Diff: 46.0, Sum: 419.2]
      [GC Worker End (ms): Min: 4881165.6, Avg: 4881165.7, Max: 4881165.7, Diff: 0.1]
   [Code Root Fixup: 0.0 ms]
   [Code Root Purge: 0.0 ms]
   [Clear CT: 3.1 ms]
   [Other: 8.1 ms]
      [Choose CSet: 0.0 ms]
      [Ref Proc: 2.4 ms]
      [Ref Enq: 0.0 ms]
      [Redirty Cards: 4.8 ms]
      [Humongous Register: 0.2 ms]
      [Humongous Reclaim: 0.0 ms]
      [Free CSet: 0.1 ms]
   [Eden: 47104.0K(47104.0K)->0.0B(48128.0K) Survivors: 5120.0K->4096.0K Heap: 243.5M(1024.0M)->197.1M(1024.0M)]
 [Times: user=0.24 sys=0.12, real=0.08 secs] 
2022-11-23T17:02:57.658+0100: 4891.622: [GC pause (G1 Evacuation Pause) (young), 0.0220947 secs]
   [Parallel Time: 18.6 ms, GC Workers: 8]
      [GC Worker Start (ms): Min: 4891622.5, Avg: 4891633.9, Max: 4891640.3, Diff: 17.8]
      [Ext Root Scanning (ms): Min: 0.0, Avg: 0.4, Max: 1.7, Diff: 1.7, Sum: 3.5]
      [Update RS (ms): Min: 0.0, Avg: 1.6, Max: 6.3, Diff: 6.3, Sum: 12.6]
         [Processed Buffers: Min: 0, Avg: 5.8, Max: 28, Diff: 28, Sum: 46]
      [Scan RS (ms): Min: 0.0, Avg: 0.1, Max: 0.3, Diff: 0.3, Sum: 0.6]
      [Code Root Scanning (ms): Min: 0.0, Avg: 0.0, Max: 0.0, Diff: 0.0, Sum: 0.0]
      [Object Copy (ms): Min: 0.0, Avg: 4.1, Max: 9.2, Diff: 9.2, Sum: 32.5]
      [Termination (ms): Min: 0.0, Avg: 0.3, Max: 0.7, Diff: 0.7, Sum: 2.5]
         [Termination Attempts: Min: 1, Avg: 1.1, Max: 2, Diff: 1, Sum: 9]
      [GC Worker Other (ms): Min: 0.0, Avg: 0.0, Max: 0.0, Diff: 0.0, Sum: 0.1]
      [GC Worker Total (ms): Min: 0.1, Avg: 6.5, Max: 18.0, Diff: 17.9, Sum: 51.8]
      [GC Worker End (ms): Min: 4891640.4, Avg: 4891640.4, Max: 4891640.6, Diff: 0.3]
   [Code Root Fixup: 0.0 ms]
   [Code Root Purge: 0.0 ms]
   [Clear CT: 0.5 ms]
   [Other: 2.9 ms]
      [Choose CSet: 0.0 ms]
      [Ref Proc: 1.5 ms]
      [Ref Enq: 0.0 ms]
      [Redirty Cards: 0.8 ms]
      [Humongous Register: 0.1 ms]
      [Humongous Reclaim: 0.1 ms]
      [Free CSet: 0.0 ms]
   [Eden: 48128.0K(48128.0K)->0.0B(48128.0K) Survivors: 4096.0K->4096.0K Heap: 244.1M(1024.0M)->197.2M(1024.0M)]
 [Times: user=0.06 sys=0.00, real=0.02 secs] 
2022-11-23T17:03:08.999+0100: 4902.964: [GC pause (G1 Evacuation Pause) (young), 0.0280127 secs]
   [Parallel Time: 16.6 ms, GC Workers: 8]
      [GC Worker Start (ms): Min: 4902963.9, Avg: 4902971.9, Max: 4902979.3, Diff: 15.4]
      [Ext Root Scanning (ms): Min: 0.0, Avg: 0.4, Max: 3.2, Diff: 3.2, Sum: 3.4]
      [Update RS (ms): Min: 0.0, Avg: 2.6, Max: 12.9, Diff: 12.9, Sum: 20.9]
         [Processed Buffers: Min: 0, Avg: 6.4, Max: 14, Diff: 14, Sum: 51]
      [Scan RS (ms): Min: 0.0, Avg: 0.0, Max: 0.2, Diff: 0.2, Sum: 0.4]
      [Code Root Scanning (ms): Min: 0.0, Avg: 0.0, Max: 0.1, Diff: 0.1, Sum: 0.1]
      [Object Copy (ms): Min: 0.2, Avg: 4.3, Max: 6.2, Diff: 6.0, Sum: 34.5]
      [Termination (ms): Min: 0.0, Avg: 1.0, Max: 1.3, Diff: 1.3, Sum: 7.7]
         [Termination Attempts: Min: 1, Avg: 20.2, Max: 35, Diff: 34, Sum: 162]
      [GC Worker Other (ms): Min: 0.0, Avg: 0.0, Max: 0.0, Diff: 0.0, Sum: 0.1]
      [GC Worker Total (ms): Min: 1.0, Avg: 8.4, Max: 16.4, Diff: 15.4, Sum: 67.0]
      [GC Worker End (ms): Min: 4902980.3, Avg: 4902980.3, Max: 4902980.3, Diff: 0.0]
   [Code Root Fixup: 0.0 ms]
   [Code Root Purge: 0.0 ms]
   [Clear CT: 0.9 ms]
   [Other: 10.5 ms]
      [Choose CSet: 0.0 ms]
      [Ref Proc: 8.8 ms]
      [Ref Enq: 0.0 ms]
      [Redirty Cards: 1.0 ms]
      [Humongous Register: 0.1 ms]
      [Humongous Reclaim: 0.1 ms]
      [Free CSet: 0.1 ms]
   [Eden: 48128.0K(48128.0K)->0.0B(47104.0K) Survivors: 4096.0K->5120.0K Heap: 244.2M(1024.0M)->198.2M(1024.0M)]
 [Times: user=0.10 sys=0.00, real=0.03 secs] 
2022-11-23T17:03:20.644+0100: 4914.608: [GC pause (G1 Evacuation Pause) (young), 0.0357975 secs]
   [Parallel Time: 13.4 ms, GC Workers: 8]
      [GC Worker Start (ms): Min: 4914608.8, Avg: 4914610.1, Max: 4914610.5, Diff: 1.8]
      [Ext Root Scanning (ms): Min: 0.9, Avg: 4.0, Max: 10.4, Diff: 9.5, Sum: 31.9]
      [Update RS (ms): Min: 0.0, Avg: 1.5, Max: 2.6, Diff: 2.6, Sum: 12.0]
         [Processed Buffers: Min: 0, Avg: 5.5, Max: 21, Diff: 21, Sum: 44]
      [Scan RS (ms): Min: 0.0, Avg: 0.7, Max: 1.8, Diff: 1.8, Sum: 5.7]
      [Code Root Scanning (ms): Min: 0.0, Avg: 0.0, Max: 0.0, Diff: 0.0, Sum: 0.1]
      [Object Copy (ms): Min: 0.0, Avg: 4.3, Max: 6.3, Diff: 6.3, Sum: 34.4]
      [Termination (ms): Min: 0.0, Avg: 0.5, Max: 1.2, Diff: 1.2, Sum: 4.1]
         [Termination Attempts: Min: 1, Avg: 1.4, Max: 3, Diff: 2, Sum: 11]
      [GC Worker Other (ms): Min: 0.0, Avg: 0.0, Max: 0.0, Diff: 0.0, Sum: 0.1]
      [GC Worker Total (ms): Min: 10.5, Avg: 11.0, Max: 12.2, Diff: 1.7, Sum: 88.2]
      [GC Worker End (ms): Min: 4914621.0, Avg: 4914621.1, Max: 4914621.7, Diff: 0.7]
   [Code Root Fixup: 0.0 ms]
   [Code Root Purge: 0.0 ms]
   [Clear CT: 4.2 ms]
   [Other: 18.2 ms]
      [Choose CSet: 0.0 ms]
      [Ref Proc: 16.2 ms]
      [Ref Enq: 0.0 ms]
      [Redirty Cards: 1.2 ms]
      [Humongous Register: 0.1 ms]
      [Humongous Reclaim: 0.1 ms]
      [Free CSet: 0.1 ms]
   [Eden: 47104.0K(47104.0K)->0.0B(48128.0K) Survivors: 5120.0K->4096.0K Heap: 244.2M(1024.0M)->197.4M(1024.0M)]
 [Times: user=0.11 sys=0.02, real=0.03 secs] 
2022-11-23T17:03:33.260+0100: 4927.224: [GC pause (G1 Evacuation Pause) (young), 0.0278849 secs]
   [Parallel Time: 21.4 ms, GC Workers: 8]
      [GC Worker Start (ms): Min: 4927224.6, Avg: 4927231.3, Max: 4927237.8, Diff: 13.2]
      [Ext Root Scanning (ms): Min: 0.0, Avg: 0.5, Max: 1.8, Diff: 1.8, Sum: 4.2]
      [Update RS (ms): Min: 0.0, Avg: 1.8, Max: 4.1, Diff: 4.1, Sum: 14.1]
         [Processed Buffers: Min: 0, Avg: 5.5, Max: 21, Diff: 21, Sum: 44]
      [Scan RS (ms): Min: 0.0, Avg: 0.4, Max: 0.8, Diff: 0.8, Sum: 2.9]
      [Code Root Scanning (ms): Min: 0.0, Avg: 0.0, Max: 0.1, Diff: 0.1, Sum: 0.1]
      [Object Copy (ms): Min: 0.0, Avg: 4.5, Max: 14.1, Diff: 14.1, Sum: 35.7]
      [Termination (ms): Min: 0.0, Avg: 7.1, Max: 8.4, Diff: 8.4, Sum: 56.6]
         [Termination Attempts: Min: 1, Avg: 1.8, Max: 4, Diff: 3, Sum: 14]
      [GC Worker Other (ms): Min: 0.0, Avg: 0.0, Max: 0.0, Diff: 0.0, Sum: 0.1]
      [GC Worker Total (ms): Min: 7.6, Avg: 14.2, Max: 20.8, Diff: 13.2, Sum: 113.6]
      [GC Worker End (ms): Min: 4927245.4, Avg: 4927245.5, Max: 4927245.7, Diff: 0.2]
   [Code Root Fixup: 0.0 ms]
   [Code Root Purge: 0.0 ms]
   [Clear CT: 1.9 ms]
   [Other: 4.5 ms]
      [Choose CSet: 0.0 ms]
      [Ref Proc: 2.9 ms]
      [Ref Enq: 0.0 ms]
      [Redirty Cards: 1.0 ms]
      [Humongous Register: 0.1 ms]
      [Humongous Reclaim: 0.0 ms]
      [Free CSet: 0.0 ms]
   [Eden: 48128.0K(48128.0K)->0.0B(47104.0K) Survivors: 4096.0K->5120.0K Heap: 244.4M(1024.0M)->198.6M(1024.0M)]
 [Times: user=0.09 sys=0.00, real=0.03 secs] 
2022-11-23T17:03:46.091+0100: 4940.055: [GC pause (G1 Evacuation Pause) (young), 0.0446197 secs]
   [Parallel Time: 25.2 ms, GC Workers: 8]
      [GC Worker Start (ms): Min: 4940055.7, Avg: 4940063.8, Max: 4940071.4, Diff: 15.7]
      [Ext Root Scanning (ms): Min: 0.0, Avg: 0.5, Max: 1.4, Diff: 1.4, Sum: 3.8]
      [Update RS (ms): Min: 0.0, Avg: 1.8, Max: 4.7, Diff: 4.7, Sum: 14.2]
         [Processed Buffers: Min: 0, Avg: 6.2, Max: 18, Diff: 18, Sum: 50]
      [Scan RS (ms): Min: 0.0, Avg: 0.0, Max: 0.2, Diff: 0.2, Sum: 0.4]
      [Code Root Scanning (ms): Min: 0.0, Avg: 0.0, Max: 0.0, Diff: 0.0, Sum: 0.1]
      [Object Copy (ms): Min: 0.0, Avg: 5.0, Max: 13.4, Diff: 13.4, Sum: 40.0]
      [Termination (ms): Min: 0.0, Avg: 4.8, Max: 9.8, Diff: 9.8, Sum: 38.6]
         [Termination Attempts: Min: 1, Avg: 1.4, Max: 2, Diff: 1, Sum: 11]
      [GC Worker Other (ms): Min: 0.0, Avg: 0.0, Max: 0.0, Diff: 0.0, Sum: 0.1]
      [GC Worker Total (ms): Min: 3.9, Avg: 12.1, Max: 24.4, Diff: 20.4, Sum: 97.1]
      [GC Worker End (ms): Min: 4940075.3, Avg: 4940076.0, Max: 4940080.1, Diff: 4.8]
   [Code Root Fixup: 0.0 ms]
   [Code Root Purge: 0.0 ms]
   [Clear CT: 1.7 ms]
   [Other: 17.7 ms]
      [Choose CSet: 0.0 ms]
      [Ref Proc: 16.2 ms]
      [Ref Enq: 0.0 ms]
      [Redirty Cards: 0.6 ms]
      [Humongous Register: 0.2 ms]
      [Humongous Reclaim: 0.1 ms]
      [Free CSet: 0.1 ms]
   [Eden: 47104.0K(47104.0K)->0.0B(48128.0K) Survivors: 5120.0K->4096.0K Heap: 244.6M(1024.0M)->198.2M(1024.0M)]
 [Times: user=0.09 sys=0.00, real=0.04 secs] 
2022-11-23T17:03:58.061+0100: 4952.026: [GC pause (G1 Evacuation Pause) (young), 0.0636636 secs]
   [Parallel Time: 58.8 ms, GC Workers: 8]
      [GC Worker Start (ms): Min: 4952026.0, Avg: 4952033.8, Max: 4952040.9, Diff: 14.9]
      [Ext Root Scanning (ms): Min: 0.0, Avg: 0.5, Max: 1.9, Diff: 1.9, Sum: 3.8]
      [Update RS (ms): Min: 0.0, Avg: 1.6, Max: 6.3, Diff: 6.3, Sum: 12.5]
         [Processed Buffers: Min: 0, Avg: 5.1, Max: 24, Diff: 24, Sum: 41]
      [Scan RS (ms): Min: 0.0, Avg: 0.1, Max: 0.3, Diff: 0.3, Sum: 0.5]
      [Code Root Scanning (ms): Min: 0.0, Avg: 0.0, Max: 0.1, Diff: 0.1, Sum: 0.1]
      [Object Copy (ms): Min: 0.0, Avg: 10.2, Max: 48.3, Diff: 48.3, Sum: 81.4]
      [Termination (ms): Min: 0.0, Avg: 37.9, Max: 43.4, Diff: 43.4, Sum: 303.0]
         [Termination Attempts: Min: 1, Avg: 1.0, Max: 1, Diff: 0, Sum: 8]
      [GC Worker Other (ms): Min: 0.0, Avg: 0.0, Max: 0.0, Diff: 0.0, Sum: 0.2]
      [GC Worker Total (ms): Min: 43.2, Avg: 50.2, Max: 58.0, Diff: 14.8, Sum: 401.4]
      [GC Worker End (ms): Min: 4952084.0, Avg: 4952084.0, Max: 4952084.1, Diff: 0.1]
   [Code Root Fixup: 0.0 ms]
   [Code Root Purge: 0.0 ms]
   [Clear CT: 1.2 ms]
   [Other: 3.7 ms]
      [Choose CSet: 0.0 ms]
      [Ref Proc: 2.2 ms]
      [Ref Enq: 0.0 ms]
      [Redirty Cards: 0.8 ms]
      [Humongous Register: 0.1 ms]
      [Humongous Reclaim: 0.1 ms]
      [Free CSet: 0.1 ms]
   [Eden: 48128.0K(48128.0K)->0.0B(47104.0K) Survivors: 4096.0K->5120.0K Heap: 245.2M(1024.0M)->199.1M(1024.0M)]
 [Times: user=0.32 sys=0.03, real=0.06 secs] 
2022-11-23T17:04:07.609+0100: 4961.573: [GC pause (G1 Evacuation Pause) (young), 0.0345054 secs]
   [Parallel Time: 21.8 ms, GC Workers: 8]
      [GC Worker Start (ms): Min: 4961573.4, Avg: 4961584.1, Max: 4961591.9, Diff: 18.5]
      [Ext Root Scanning (ms): Min: 0.0, Avg: 0.5, Max: 2.0, Diff: 2.0, Sum: 3.8]
      [Update RS (ms): Min: 0.0, Avg: 1.6, Max: 6.6, Diff: 6.6, Sum: 13.1]
         [Processed Buffers: Min: 0, Avg: 6.4, Max: 27, Diff: 27, Sum: 51]
      [Scan RS (ms): Min: 0.0, Avg: 0.1, Max: 0.4, Diff: 0.4, Sum: 0.6]
      [Code Root Scanning (ms): Min: 0.0, Avg: 0.0, Max: 0.1, Diff: 0.1, Sum: 0.1]
      [Object Copy (ms): Min: 0.0, Avg: 5.8, Max: 11.9, Diff: 11.9, Sum: 46.1]
      [Termination (ms): Min: 0.0, Avg: 2.1, Max: 2.5, Diff: 2.5, Sum: 16.6]
         [Termination Attempts: Min: 1, Avg: 3.6, Max: 8, Diff: 7, Sum: 29]
      [GC Worker Other (ms): Min: 0.0, Avg: 0.0, Max: 0.1, Diff: 0.1, Sum: 0.2]
      [GC Worker Total (ms): Min: 2.2, Avg: 10.1, Max: 20.6, Diff: 18.4, Sum: 80.4]
      [GC Worker End (ms): Min: 4961594.0, Avg: 4961594.1, Max: 4961594.2, Diff: 0.2]
   [Code Root Fixup: 0.0 ms]
   [Code Root Purge: 0.0 ms]
   [Clear CT: 0.6 ms]
   [Other: 12.0 ms]
      [Choose CSet: 0.0 ms]
      [Ref Proc: 10.9 ms]
      [Ref Enq: 0.0 ms]
      [Redirty Cards: 0.4 ms]
      [Humongous Register: 0.1 ms]
      [Humongous Reclaim: 0.1 ms]
      [Free CSet: 0.1 ms]
   [Eden: 47104.0K(47104.0K)->0.0B(48128.0K) Survivors: 5120.0K->4096.0K Heap: 245.1M(1024.0M)->198.0M(1024.0M)]
 [Times: user=0.09 sys=0.02, real=0.04 secs] 
2022-11-23T17:04:19.172+0100: 4973.137: [GC pause (G1 Evacuation Pause) (young), 0.0221211 secs]
   [Parallel Time: 17.9 ms, GC Workers: 8]
      [GC Worker Start (ms): Min: 4973137.5, Avg: 4973150.3, Max: 4973154.7, Diff: 17.2]
      [Ext Root Scanning (ms): Min: 0.0, Avg: 0.5, Max: 1.9, Diff: 1.9, Sum: 3.7]
      [Update RS (ms): Min: 0.0, Avg: 1.6, Max: 6.5, Diff: 6.5, Sum: 13.0]
         [Processed Buffers: Min: 0, Avg: 6.0, Max: 25, Diff: 25, Sum: 48]
      [Scan RS (ms): Min: 0.0, Avg: 0.0, Max: 0.0, Diff: 0.0, Sum: 0.1]
      [Code Root Scanning (ms): Min: 0.0, Avg: 0.0, Max: 0.0, Diff: 0.0, Sum: 0.0]
      [Object Copy (ms): Min: 0.0, Avg: 2.1, Max: 8.4, Diff: 8.4, Sum: 16.7]
      [Termination (ms): Min: 0.0, Avg: 0.3, Max: 0.6, Diff: 0.6, Sum: 2.4]
         [Termination Attempts: Min: 1, Avg: 1.1, Max: 2, Diff: 1, Sum: 9]
      [GC Worker Other (ms): Min: 0.0, Avg: 0.0, Max: 0.0, Diff: 0.0, Sum: 0.1]
      [GC Worker Total (ms): Min: 0.0, Avg: 4.5, Max: 17.3, Diff: 17.3, Sum: 35.9]
      [GC Worker End (ms): Min: 4973154.8, Avg: 4973154.8, Max: 4973154.8, Diff: 0.1]
   [Code Root Fixup: 0.0 ms]
   [Code Root Purge: 0.0 ms]
   [Clear CT: 0.9 ms]
   [Other: 3.3 ms]
      [Choose CSet: 0.0 ms]
      [Ref Proc: 1.5 ms]
      [Ref Enq: 0.0 ms]
      [Redirty Cards: 1.0 ms]
      [Humongous Register: 0.2 ms]
      [Humongous Reclaim: 0.1 ms]
      [Free CSet: 0.0 ms]
   [Eden: 48128.0K(48128.0K)->0.0B(48128.0K) Survivors: 4096.0K->4096.0K Heap: 245.0M(1024.0M)->198.5M(1024.0M)]
 [Times: user=0.04 sys=0.01, real=0.02 secs] 
2022-11-23T17:04:30.497+0100: 4984.462: [GC pause (G1 Evacuation Pause) (young), 0.0571925 secs]
   [Parallel Time: 52.5 ms, GC Workers: 8]
      [GC Worker Start (ms): Min: 4984462.0, Avg: 4984463.5, Max: 4984470.1, Diff: 8.1]
      [Ext Root Scanning (ms): Min: 0.0, Avg: 1.2, Max: 3.8, Diff: 3.8, Sum: 9.8]
      [Update RS (ms): Min: 0.0, Avg: 2.5, Max: 4.3, Diff: 4.3, Sum: 20.1]
         [Processed Buffers: Min: 0, Avg: 5.5, Max: 11, Diff: 11, Sum: 44]
      [Scan RS (ms): Min: 0.0, Avg: 0.0, Max: 0.0, Diff: 0.0, Sum: 0.1]
      [Code Root Scanning (ms): Min: 0.0, Avg: 0.0, Max: 0.0, Diff: 0.0, Sum: 0.1]
      [Object Copy (ms): Min: 42.9, Avg: 45.9, Max: 46.9, Diff: 4.1, Sum: 366.8]
      [Termination (ms): Min: 0.0, Avg: 0.4, Max: 1.1, Diff: 1.1, Sum: 3.5]
         [Termination Attempts: Min: 1, Avg: 1.2, Max: 2, Diff: 1, Sum: 10]
      [GC Worker Other (ms): Min: 0.0, Avg: 0.0, Max: 0.1, Diff: 0.0, Sum: 0.2]
      [GC Worker Total (ms): Min: 43.3, Avg: 50.1, Max: 52.1, Diff: 8.7, Sum: 400.5]
      [GC Worker End (ms): Min: 4984513.4, Avg: 4984513.6, Max: 4984514.1, Diff: 0.7]
   [Code Root Fixup: 0.0 ms]
   [Code Root Purge: 0.0 ms]
   [Clear CT: 0.9 ms]
   [Other: 3.8 ms]
      [Choose CSet: 0.0 ms]
      [Ref Proc: 2.4 ms]
      [Ref Enq: 0.0 ms]
      [Redirty Cards: 1.0 ms]
      [Humongous Register: 0.0 ms]
      [Humongous Reclaim: 0.0 ms]
      [Free CSet: 0.1 ms]
   [Eden: 48128.0K(48128.0K)->0.0B(46080.0K) Survivors: 4096.0K->6144.0K Heap: 245.5M(1024.0M)->200.5M(1024.0M)]
 [Times: user=0.12 sys=0.00, real=0.06 secs] 
2022-11-23T17:04:41.479+0100: 4995.443: [GC pause (G1 Evacuation Pause) (young), 0.0399828 secs]
   [Parallel Time: 22.2 ms, GC Workers: 8]
      [GC Worker Start (ms): Min: 4995443.6, Avg: 4995456.9, Max: 4995464.6, Diff: 21.0]
      [Ext Root Scanning (ms): Min: 0.0, Avg: 0.5, Max: 2.0, Diff: 2.0, Sum: 3.8]
      [Update RS (ms): Min: 0.0, Avg: 2.0, Max: 8.0, Diff: 8.0, Sum: 15.9]
         [Processed Buffers: Min: 0, Avg: 6.1, Max: 25, Diff: 25, Sum: 49]
      [Scan RS (ms): Min: 0.0, Avg: 0.0, Max: 0.3, Diff: 0.3, Sum: 0.4]
      [Code Root Scanning (ms): Min: 0.0, Avg: 0.0, Max: 0.1, Diff: 0.1, Sum: 0.1]
      [Object Copy (ms): Min: 0.0, Avg: 4.1, Max: 9.2, Diff: 9.2, Sum: 33.2]
      [Termination (ms): Min: 0.0, Avg: 1.1, Max: 2.2, Diff: 2.2, Sum: 9.0]
         [Termination Attempts: Min: 1, Avg: 1.0, Max: 1, Diff: 0, Sum: 8]
      [GC Worker Other (ms): Min: 0.0, Avg: 0.0, Max: 0.0, Diff: 0.0, Sum: 0.1]
      [GC Worker Total (ms): Min: 0.0, Avg: 7.8, Max: 21.2, Diff: 21.1, Sum: 62.5]
      [GC Worker End (ms): Min: 4995464.6, Avg: 4995464.7, Max: 4995465.0, Diff: 0.4]
   [Code Root Fixup: 0.0 ms]
   [Code Root Purge: 0.0 ms]
   [Clear CT: 1.0 ms]
   [Other: 16.8 ms]
      [Choose CSet: 0.0 ms]
      [Ref Proc: 15.2 ms]
      [Ref Enq: 0.0 ms]
      [Redirty Cards: 0.9 ms]
      [Humongous Register: 0.0 ms]
      [Humongous Reclaim: 0.0 ms]
      [Free CSet: 0.1 ms]
   [Eden: 46080.0K(46080.0K)->0.0B(48128.0K) Survivors: 6144.0K->4096.0K Heap: 245.5M(1024.0M)->198.6M(1024.0M)]
 [Times: user=0.10 sys=0.01, real=0.04 secs] 
2022-11-23T17:04:54.290+0100: 5008.254: [GC pause (G1 Evacuation Pause) (young), 0.0286520 secs]
   [Parallel Time: 24.9 ms, GC Workers: 8]
      [GC Worker Start (ms): Min: 5008254.7, Avg: 5008258.5, Max: 5008265.5, Diff: 10.8]
      [Ext Root Scanning (ms): Min: 0.0, Avg: 0.8, Max: 2.6, Diff: 2.6, Sum: 6.4]
      [Update RS (ms): Min: 0.0, Avg: 2.9, Max: 10.7, Diff: 10.7, Sum: 23.0]
         [Processed Buffers: Min: 0, Avg: 5.6, Max: 16, Diff: 16, Sum: 45]
      [Scan RS (ms): Min: 0.0, Avg: 0.0, Max: 0.0, Diff: 0.0, Sum: 0.1]
      [Code Root Scanning (ms): Min: 0.0, Avg: 0.0, Max: 0.1, Diff: 0.1, Sum: 0.1]
      [Object Copy (ms): Min: 0.0, Avg: 5.7, Max: 15.4, Diff: 15.4, Sum: 45.5]
      [Termination (ms): Min: 0.0, Avg: 7.9, Max: 11.5, Diff: 11.5, Sum: 63.2]
         [Termination Attempts: Min: 1, Avg: 2.6, Max: 8, Diff: 7, Sum: 21]
      [GC Worker Other (ms): Min: 0.0, Avg: 0.0, Max: 0.0, Diff: 0.0, Sum: 0.1]
      [GC Worker Total (ms): Min: 9.9, Avg: 17.3, Max: 23.5, Diff: 13.6, Sum: 138.5]
      [GC Worker End (ms): Min: 5008275.4, Avg: 5008275.9, Max: 5008278.3, Diff: 3.0]
   [Code Root Fixup: 0.0 ms]
   [Code Root Purge: 0.0 ms]
   [Clear CT: 0.9 ms]
   [Other: 2.8 ms]
      [Choose CSet: 0.0 ms]
      [Ref Proc: 1.8 ms]
      [Ref Enq: 0.0 ms]
      [Redirty Cards: 0.5 ms]
      [Humongous Register: 0.0 ms]
      [Humongous Reclaim: 0.0 ms]
      [Free CSet: 0.1 ms]
   [Eden: 48128.0K(48128.0K)->0.0B(47104.0K) Survivors: 4096.0K->5120.0K Heap: 245.6M(1024.0M)->200.2M(1024.0M)]
 [Times: user=0.08 sys=0.00, real=0.03 secs] 
2022-11-23T17:05:04.960+0100: 5018.924: [GC pause (G1 Evacuation Pause) (young), 0.0282443 secs]
   [Parallel Time: 14.8 ms, GC Workers: 8]
      [GC Worker Start (ms): Min: 5018924.7, Avg: 5018930.4, Max: 5018932.3, Diff: 7.6]
      [Ext Root Scanning (ms): Min: 0.0, Avg: 0.4, Max: 2.1, Diff: 2.1, Sum: 3.5]
      [Update RS (ms): Min: 0.0, Avg: 2.3, Max: 12.0, Diff: 12.0, Sum: 18.3]
         [Processed Buffers: Min: 0, Avg: 6.1, Max: 13, Diff: 13, Sum: 49]
      [Scan RS (ms): Min: 0.0, Avg: 0.0, Max: 0.1, Diff: 0.1, Sum: 0.2]
      [Code Root Scanning (ms): Min: 0.0, Avg: 0.0, Max: 0.0, Diff: 0.0, Sum: 0.0]
      [Object Copy (ms): Min: 0.1, Avg: 5.4, Max: 6.4, Diff: 6.3, Sum: 43.5]
      [Termination (ms): Min: 0.0, Avg: 0.4, Max: 0.6, Diff: 0.6, Sum: 3.1]
         [Termination Attempts: Min: 1, Avg: 13.9, Max: 24, Diff: 23, Sum: 111]
      [GC Worker Other (ms): Min: 0.0, Avg: 0.0, Max: 0.0, Diff: 0.0, Sum: 0.2]
      [GC Worker Total (ms): Min: 6.7, Avg: 8.6, Max: 14.2, Diff: 7.5, Sum: 68.8]
      [GC Worker End (ms): Min: 5018938.9, Avg: 5018939.0, Max: 5018939.0, Diff: 0.1]
   [Code Root Fixup: 0.0 ms]
   [Code Root Purge: 0.0 ms]
   [Clear CT: 1.0 ms]
   [Other: 12.5 ms]
      [Choose CSet: 0.0 ms]
      [Ref Proc: 11.0 ms]
      [Ref Enq: 0.0 ms]
      [Redirty Cards: 0.8 ms]
      [Humongous Register: 0.1 ms]
      [Humongous Reclaim: 0.0 ms]
      [Free CSet: 0.0 ms]
   [Eden: 47104.0K(47104.0K)->0.0B(46080.0K) Survivors: 5120.0K->6144.0K Heap: 246.2M(1024.0M)->201.2M(1024.0M)]
 [Times: user=0.10 sys=0.00, real=0.03 secs] 
2022-11-23T17:05:15.833+0100: 5029.798: [GC pause (G1 Evacuation Pause) (young), 0.0244392 secs]
   [Parallel Time: 20.2 ms, GC Workers: 8]
      [GC Worker Start (ms): Min: 5029798.0, Avg: 5029808.1, Max: 5029814.3, Diff: 16.3]
      [Ext Root Scanning (ms): Min: 0.0, Avg: 0.5, Max: 1.7, Diff: 1.7, Sum: 4.0]
      [Update RS (ms): Min: 0.0, Avg: 2.0, Max: 5.8, Diff: 5.8, Sum: 16.1]
         [Processed Buffers: Min: 0, Avg: 6.4, Max: 22, Diff: 22, Sum: 51]
      [Scan RS (ms): Min: 0.0, Avg: 0.0, Max: 0.2, Diff: 0.2, Sum: 0.2]
      [Code Root Scanning (ms): Min: 0.0, Avg: 0.0, Max: 0.1, Diff: 0.1, Sum: 0.1]
      [Object Copy (ms): Min: 0.0, Avg: 3.1, Max: 8.5, Diff: 8.5, Sum: 25.0]
      [Termination (ms): Min: 0.0, Avg: 1.2, Max: 4.3, Diff: 4.3, Sum: 9.7]
         [Termination Attempts: Min: 1, Avg: 1.0, Max: 1, Diff: 0, Sum: 8]
      [GC Worker Other (ms): Min: 0.0, Avg: 0.0, Max: 0.0, Diff: 0.0, Sum: 0.1]
      [GC Worker Total (ms): Min: 0.0, Avg: 6.9, Max: 19.8, Diff: 19.8, Sum: 55.1]
      [GC Worker End (ms): Min: 5029814.3, Avg: 5029815.0, Max: 5029817.7, Diff: 3.5]
   [Code Root Fixup: 0.0 ms]
   [Code Root Purge: 0.0 ms]
   [Clear CT: 1.0 ms]
   [Other: 3.2 ms]
      [Choose CSet: 0.0 ms]
      [Ref Proc: 1.5 ms]
      [Ref Enq: 0.0 ms]
      [Redirty Cards: 1.1 ms]
      [Humongous Register: 0.1 ms]
      [Humongous Reclaim: 0.1 ms]
      [Free CSet: 0.0 ms]
   [Eden: 46080.0K(46080.0K)->0.0B(49152.0K) Survivors: 6144.0K->3072.0K Heap: 246.2M(1024.0M)->199.0M(1024.0M)]
 [Times: user=0.04 sys=0.02, real=0.02 secs] 
2022-11-23T17:05:27.867+0100: 5041.831: [GC pause (G1 Evacuation Pause) (young), 0.0207819 secs]
   [Parallel Time: 15.3 ms, GC Workers: 8]
      [GC Worker Start (ms): Min: 5041831.6, Avg: 5041837.3, Max: 5041843.2, Diff: 11.6]
      [Ext Root Scanning (ms): Min: 0.0, Avg: 0.5, Max: 1.3, Diff: 1.3, Sum: 3.9]
      [Update RS (ms): Min: 0.0, Avg: 1.9, Max: 4.0, Diff: 4.0, Sum: 15.5]
         [Processed Buffers: Min: 0, Avg: 5.0, Max: 18, Diff: 18, Sum: 40]
      [Scan RS (ms): Min: 0.0, Avg: 0.0, Max: 0.2, Diff: 0.2, Sum: 0.2]
      [Code Root Scanning (ms): Min: 0.0, Avg: 0.0, Max: 0.1, Diff: 0.1, Sum: 0.1]
      [Object Copy (ms): Min: 0.0, Avg: 3.0, Max: 6.1, Diff: 6.1, Sum: 24.0]
      [Termination (ms): Min: 0.0, Avg: 0.7, Max: 2.7, Diff: 2.7, Sum: 5.5]
         [Termination Attempts: Min: 1, Avg: 1.0, Max: 1, Diff: 0, Sum: 8]
      [GC Worker Other (ms): Min: 0.0, Avg: 0.0, Max: 0.0, Diff: 0.0, Sum: 0.1]
      [GC Worker Total (ms): Min: 0.0, Avg: 6.2, Max: 13.7, Diff: 13.7, Sum: 49.2]
      [GC Worker End (ms): Min: 5041843.2, Avg: 5041843.5, Max: 5041845.3, Diff: 2.1]
   [Code Root Fixup: 0.0 ms]
   [Code Root Purge: 0.0 ms]
   [Clear CT: 1.0 ms]
   [Other: 4.4 ms]
      [Choose CSet: 0.0 ms]
      [Ref Proc: 2.2 ms]
      [Ref Enq: 0.0 ms]
      [Redirty Cards: 1.5 ms]
      [Humongous Register: 0.1 ms]
      [Humongous Reclaim: 0.1 ms]
      [Free CSet: 0.1 ms]
   [Eden: 49152.0K(49152.0K)->0.0B(48128.0K) Survivors: 3072.0K->4096.0K Heap: 247.0M(1024.0M)->200.1M(1024.0M)]
 [Times: user=0.05 sys=0.00, real=0.02 secs] 
2022-11-23T17:05:38.720+0100: 5052.684: [GC pause (G1 Evacuation Pause) (young), 0.0286424 secs]
   [Parallel Time: 13.0 ms, GC Workers: 8]
      [GC Worker Start (ms): Min: 5052684.7, Avg: 5052690.8, Max: 5052697.3, Diff: 12.6]
      [Ext Root Scanning (ms): Min: 0.0, Avg: 0.5, Max: 2.1, Diff: 2.1, Sum: 4.2]
      [Update RS (ms): Min: 0.0, Avg: 2.4, Max: 8.9, Diff: 8.8, Sum: 19.3]
         [Processed Buffers: Min: 0, Avg: 5.4, Max: 19, Diff: 19, Sum: 43]
      [Scan RS (ms): Min: 0.0, Avg: 0.2, Max: 0.5, Diff: 0.4, Sum: 1.5]
      [Code Root Scanning (ms): Min: 0.0, Avg: 0.0, Max: 0.0, Diff: 0.0, Sum: 0.0]
      [Object Copy (ms): Min: 0.0, Avg: 3.1, Max: 5.6, Diff: 5.6, Sum: 24.9]
      [Termination (ms): Min: 0.0, Avg: 0.3, Max: 0.5, Diff: 0.5, Sum: 2.5]
         [Termination Attempts: Min: 1, Avg: 1.0, Max: 1, Diff: 0, Sum: 8]
      [GC Worker Other (ms): Min: 0.0, Avg: 0.0, Max: 0.1, Diff: 0.1, Sum: 0.2]
      [GC Worker Total (ms): Min: 0.1, Avg: 6.6, Max: 12.8, Diff: 12.7, Sum: 52.5]
      [GC Worker End (ms): Min: 5052697.4, Avg: 5052697.4, Max: 5052697.5, Diff: 0.1]
   [Code Root Fixup: 0.0 ms]
   [Code Root Purge: 0.0 ms]
   [Clear CT: 0.9 ms]
   [Other: 14.7 ms]
      [Choose CSet: 0.0 ms]
      [Ref Proc: 13.1 ms]
      [Ref Enq: 0.0 ms]
      [Redirty Cards: 0.8 ms]
      [Humongous Register: 0.1 ms]
      [Humongous Reclaim: 0.1 ms]
      [Free CSet: 0.1 ms]
   [Eden: 48128.0K(48128.0K)->0.0B(48128.0K) Survivors: 4096.0K->4096.0K Heap: 247.1M(1024.0M)->200.4M(1024.0M)]
 [Times: user=0.08 sys=0.00, real=0.03 secs] 
2022-11-23T17:05:51.271+0100: 5065.236: [GC pause (G1 Evacuation Pause) (young), 0.0253074 secs]
   [Parallel Time: 18.2 ms, GC Workers: 8]
      [GC Worker Start (ms): Min: 5065236.1, Avg: 5065242.7, Max: 5065248.5, Diff: 12.4]
      [Ext Root Scanning (ms): Min: 0.0, Avg: 0.5, Max: 1.4, Diff: 1.4, Sum: 4.0]
      [Update RS (ms): Min: 0.0, Avg: 1.0, Max: 2.7, Diff: 2.7, Sum: 8.1]
         [Processed Buffers: Min: 0, Avg: 4.8, Max: 15, Diff: 15, Sum: 38]
      [Scan RS (ms): Min: 0.0, Avg: 0.3, Max: 0.9, Diff: 0.9, Sum: 2.7]
      [Code Root Scanning (ms): Min: 0.0, Avg: 0.0, Max: 0.0, Diff: 0.0, Sum: 0.1]
      [Object Copy (ms): Min: 0.0, Avg: 4.5, Max: 12.5, Diff: 12.5, Sum: 35.9]
      [Termination (ms): Min: 0.0, Avg: 4.5, Max: 5.6, Diff: 5.6, Sum: 35.6]
         [Termination Attempts: Min: 1, Avg: 1.4, Max: 3, Diff: 2, Sum: 11]
      [GC Worker Other (ms): Min: 0.0, Avg: 0.0, Max: 0.0, Diff: 0.0, Sum: 0.1]
      [GC Worker Total (ms): Min: 5.1, Avg: 10.8, Max: 17.4, Diff: 12.3, Sum: 86.5]
      [GC Worker End (ms): Min: 5065253.5, Avg: 5065253.5, Max: 5065253.6, Diff: 0.2]
   [Code Root Fixup: 0.0 ms]
   [Code Root Purge: 0.0 ms]
   [Clear CT: 0.5 ms]
   [Other: 6.6 ms]
      [Choose CSet: 0.0 ms]
      [Ref Proc: 5.6 ms]
      [Ref Enq: 0.0 ms]
      [Redirty Cards: 0.3 ms]
      [Humongous Register: 0.1 ms]
      [Humongous Reclaim: 0.1 ms]
      [Free CSet: 0.1 ms]
   [Eden: 48128.0K(48128.0K)->0.0B(47104.0K) Survivors: 4096.0K->5120.0K Heap: 247.4M(1024.0M)->201.0M(1024.0M)]
 [Times: user=0.09 sys=0.00, real=0.02 secs] 
2022-11-23T17:06:04.156+0100: 5078.121: [GC pause (G1 Evacuation Pause) (young), 0.0263067 secs]
   [Parallel Time: 20.6 ms, GC Workers: 8]
      [GC Worker Start (ms): Min: 5078121.4, Avg: 5078135.0, Max: 5078141.2, Diff: 19.8]
      [Ext Root Scanning (ms): Min: 0.0, Avg: 0.4, Max: 2.9, Diff: 2.9, Sum: 3.0]
      [Update RS (ms): Min: 0.0, Avg: 1.4, Max: 6.0, Diff: 6.0, Sum: 11.1]
         [Processed Buffers: Min: 0, Avg: 5.8, Max: 31, Diff: 31, Sum: 46]
      [Scan RS (ms): Min: 0.0, Avg: 0.0, Max: 0.1, Diff: 0.1, Sum: 0.3]
      [Code Root Scanning (ms): Min: 0.0, Avg: 0.0, Max: 0.0, Diff: 0.0, Sum: 0.0]
      [Object Copy (ms): Min: 0.0, Avg: 3.6, Max: 9.6, Diff: 9.5, Sum: 28.8]
      [Termination (ms): Min: 0.0, Avg: 0.9, Max: 1.3, Diff: 1.3, Sum: 6.8]
         [Termination Attempts: Min: 1, Avg: 1.6, Max: 4, Diff: 3, Sum: 13]
      [GC Worker Other (ms): Min: 0.0, Avg: 0.0, Max: 0.0, Diff: 0.0, Sum: 0.1]
      [GC Worker Total (ms): Min: 0.0, Avg: 6.3, Max: 19.8, Diff: 19.8, Sum: 50.1]
      [GC Worker End (ms): Min: 5078141.3, Avg: 5078141.3, Max: 5078141.3, Diff: 0.0]
   [Code Root Fixup: 0.0 ms]
   [Code Root Purge: 0.0 ms]
   [Clear CT: 0.7 ms]
   [Other: 5.0 ms]
      [Choose CSet: 0.0 ms]
      [Ref Proc: 3.2 ms]
      [Ref Enq: 0.0 ms]
      [Redirty Cards: 0.9 ms]
      [Humongous Register: 0.3 ms]
      [Humongous Reclaim: 0.1 ms]
      [Free CSet: 0.1 ms]
   [Eden: 47104.0K(47104.0K)->0.0B(48128.0K) Survivors: 5120.0K->4096.0K Heap: 247.0M(1024.0M)->200.8M(1024.0M)]
 [Times: user=0.06 sys=0.00, real=0.03 secs] 
2022-11-23T17:06:16.383+0100: 5090.348: [GC pause (G1 Evacuation Pause) (young), 0.0651979 secs]
   [Parallel Time: 60.1 ms, GC Workers: 8]
      [GC Worker Start (ms): Min: 5090347.9, Avg: 5090349.7, Max: 5090352.7, Diff: 4.7]
      [Ext Root Scanning (ms): Min: 0.0, Avg: 0.5, Max: 1.2, Diff: 1.2, Sum: 3.9]
      [Update RS (ms): Min: 0.0, Avg: 1.8, Max: 3.3, Diff: 3.3, Sum: 14.1]
         [Processed Buffers: Min: 0, Avg: 5.8, Max: 15, Diff: 15, Sum: 46]
      [Scan RS (ms): Min: 0.0, Avg: 0.1, Max: 0.2, Diff: 0.2, Sum: 0.7]
      [Code Root Scanning (ms): Min: 0.0, Avg: 0.0, Max: 0.0, Diff: 0.0, Sum: 0.0]
      [Object Copy (ms): Min: 52.4, Avg: 53.6, Max: 55.9, Diff: 3.6, Sum: 428.5]
      [Termination (ms): Min: 0.0, Avg: 1.8, Max: 2.6, Diff: 2.6, Sum: 14.3]
         [Termination Attempts: Min: 1, Avg: 1.4, Max: 3, Diff: 2, Sum: 11]
      [GC Worker Other (ms): Min: 0.0, Avg: 0.0, Max: 0.1, Diff: 0.1, Sum: 0.3]
      [GC Worker Total (ms): Min: 54.7, Avg: 57.7, Max: 59.5, Diff: 4.8, Sum: 461.7]
      [GC Worker End (ms): Min: 5090407.4, Avg: 5090407.4, Max: 5090407.6, Diff: 0.2]
   [Code Root Fixup: 0.0 ms]
   [Code Root Purge: 0.0 ms]
   [Clear CT: 1.1 ms]
   [Other: 4.0 ms]
      [Choose CSet: 0.0 ms]
      [Ref Proc: 2.4 ms]
      [Ref Enq: 0.0 ms]
      [Redirty Cards: 1.1 ms]
      [Humongous Register: 0.1 ms]
      [Humongous Reclaim: 0.0 ms]
      [Free CSet: 0.0 ms]
   [Eden: 48128.0K(48128.0K)->0.0B(47104.0K) Survivors: 4096.0K->5120.0K Heap: 247.8M(1024.0M)->202.1M(1024.0M)]
 [Times: user=0.12 sys=0.01, real=0.06 secs] 
2022-11-23T17:06:26.796+0100: 5100.761: [GC pause (G1 Evacuation Pause) (young), 0.0479410 secs]
   [Parallel Time: 40.7 ms, GC Workers: 8]
      [GC Worker Start (ms): Min: 5100765.8, Avg: 5100781.2, Max: 5100789.5, Diff: 23.7]
      [Ext Root Scanning (ms): Min: 0.0, Avg: 0.4, Max: 3.3, Diff: 3.3, Sum: 3.4]
      [Update RS (ms): Min: 0.0, Avg: 3.1, Max: 16.7, Diff: 16.7, Sum: 24.8]
         [Processed Buffers: Min: 0, Avg: 5.8, Max: 21, Diff: 21, Sum: 46]
      [Scan RS (ms): Min: 0.0, Avg: 0.0, Max: 0.2, Diff: 0.2, Sum: 0.2]
      [Code Root Scanning (ms): Min: 0.0, Avg: 0.0, Max: 0.0, Diff: 0.0, Sum: 0.0]
      [Object Copy (ms): Min: 0.0, Avg: 6.1, Max: 21.6, Diff: 21.6, Sum: 49.0]
      [Termination (ms): Min: 0.0, Avg: 10.8, Max: 12.4, Diff: 12.4, Sum: 86.2]
         [Termination Attempts: Min: 1, Avg: 2.6, Max: 6, Diff: 5, Sum: 21]
      [GC Worker Other (ms): Min: 0.0, Avg: 0.0, Max: 0.1, Diff: 0.0, Sum: 0.2]
      [GC Worker Total (ms): Min: 12.2, Avg: 20.5, Max: 35.9, Diff: 23.7, Sum: 163.9]
      [GC Worker End (ms): Min: 5100801.7, Avg: 5100801.7, Max: 5100801.7, Diff: 0.0]
   [Code Root Fixup: 0.0 ms]
   [Code Root Purge: 0.0 ms]
   [Clear CT: 1.9 ms]
   [Other: 5.3 ms]
      [Choose CSet: 0.0 ms]
      [Ref Proc: 2.9 ms]
      [Ref Enq: 0.0 ms]
      [Redirty Cards: 1.7 ms]
      [Humongous Register: 0.1 ms]
      [Humongous Reclaim: 0.1 ms]
      [Free CSet: 0.1 ms]
   [Eden: 47104.0K(47104.0K)->0.0B(48128.0K) Survivors: 5120.0K->4096.0K Heap: 248.1M(1024.0M)->200.8M(1024.0M)]
 [Times: user=0.11 sys=0.03, real=0.05 secs] 
2022-11-23T17:06:38.729+0100: 5112.694: [GC pause (G1 Evacuation Pause) (young), 0.0608617 secs]
   [Parallel Time: 43.6 ms, GC Workers: 8]
      [GC Worker Start (ms): Min: 5112694.0, Avg: 5112705.2, Max: 5112716.7, Diff: 22.6]
      [Ext Root Scanning (ms): Min: 0.0, Avg: 0.6, Max: 1.6, Diff: 1.5, Sum: 4.5]
      [Update RS (ms): Min: 0.0, Avg: 1.6, Max: 3.8, Diff: 3.8, Sum: 13.0]
         [Processed Buffers: Min: 0, Avg: 6.0, Max: 23, Diff: 23, Sum: 48]
      [Scan RS (ms): Min: 0.0, Avg: 0.3, Max: 0.7, Diff: 0.7, Sum: 2.5]
      [Code Root Scanning (ms): Min: 0.0, Avg: 0.0, Max: 0.0, Diff: 0.0, Sum: 0.0]
      [Object Copy (ms): Min: 0.0, Avg: 6.3, Max: 26.2, Diff: 26.2, Sum: 50.0]
      [Termination (ms): Min: 0.0, Avg: 13.3, Max: 29.8, Diff: 29.8, Sum: 106.6]
         [Termination Attempts: Min: 1, Avg: 1.1, Max: 2, Diff: 1, Sum: 9]
      [GC Worker Other (ms): Min: 0.0, Avg: 0.0, Max: 0.0, Diff: 0.0, Sum: 0.1]
      [GC Worker Total (ms): Min: 9.3, Avg: 22.1, Max: 41.3, Diff: 32.0, Sum: 176.7]
      [GC Worker End (ms): Min: 5112725.9, Avg: 5112727.3, Max: 5112735.5, Diff: 9.5]
   [Code Root Fixup: 0.0 ms]
   [Code Root Purge: 0.0 ms]
   [Clear CT: 1.4 ms]
   [Other: 15.9 ms]
      [Choose CSet: 0.0 ms]
      [Ref Proc: 14.6 ms]
      [Ref Enq: 0.0 ms]
      [Redirty Cards: 0.5 ms]
      [Humongous Register: 0.1 ms]
      [Humongous Reclaim: 0.1 ms]
      [Free CSet: 0.1 ms]
   [Eden: 48128.0K(48128.0K)->0.0B(48128.0K) Survivors: 4096.0K->4096.0K Heap: 247.8M(1024.0M)->201.2M(1024.0M)]
 [Times: user=0.10 sys=0.01, real=0.06 secs] 
2022-11-23T17:06:51.054+0100: 5125.019: [GC pause (G1 Evacuation Pause) (young), 0.1375665 secs]
   [Parallel Time: 104.2 ms, GC Workers: 8]
      [GC Worker Start (ms): Min: 5125019.1, Avg: 5125049.3, Max: 5125085.9, Diff: 66.8]
      [Ext Root Scanning (ms): Min: 0.0, Avg: 2.5, Max: 15.2, Diff: 15.2, Sum: 20.2]
      [Update RS (ms): Min: 0.0, Avg: 8.4, Max: 38.4, Diff: 38.4, Sum: 67.6]
         [Processed Buffers: Min: 0, Avg: 5.6, Max: 34, Diff: 34, Sum: 45]
      [Scan RS (ms): Min: 0.0, Avg: 0.1, Max: 1.1, Diff: 1.1, Sum: 1.1]
      [Code Root Scanning (ms): Min: 0.0, Avg: 0.0, Max: 0.0, Diff: 0.0, Sum: 0.0]
      [Object Copy (ms): Min: 0.0, Avg: 27.1, Max: 53.4, Diff: 53.4, Sum: 216.5]
      [Termination (ms): Min: 0.0, Avg: 16.4, Max: 28.0, Diff: 28.0, Sum: 131.0]
         [Termination Attempts: Min: 1, Avg: 1.9, Max: 5, Diff: 4, Sum: 15]
      [GC Worker Other (ms): Min: 0.0, Avg: 0.0, Max: 0.0, Diff: 0.0, Sum: 0.2]
      [GC Worker Total (ms): Min: 15.9, Avg: 54.6, Max: 91.5, Diff: 75.6, Sum: 436.6]
      [GC Worker End (ms): Min: 5125099.4, Avg: 5125103.9, Max: 5125110.7, Diff: 11.3]
   [Code Root Fixup: 0.0 ms]
   [Code Root Purge: 0.0 ms]
   [Clear CT: 1.2 ms]
   [Other: 32.1 ms]
      [Choose CSet: 0.0 ms]
      [Ref Proc: 30.1 ms]
      [Ref Enq: 0.0 ms]
      [Redirty Cards: 0.9 ms]
      [Humongous Register: 0.1 ms]
      [Humongous Reclaim: 0.1 ms]
      [Free CSet: 0.1 ms]
   [Eden: 48128.0K(48128.0K)->0.0B(48128.0K) Survivors: 4096.0K->4096.0K Heap: 248.2M(1024.0M)->201.8M(1024.0M)]
 [Times: user=0.32 sys=0.07, real=0.14 secs] 
2022-11-23T17:07:05.829+0100: 5139.794: [GC pause (G1 Evacuation Pause) (young), 0.0467714 secs]
   [Parallel Time: 33.4 ms, GC Workers: 8]
      [GC Worker Start (ms): Min: 5139794.2, Avg: 5139809.8, Max: 5139818.1, Diff: 23.9]
      [Ext Root Scanning (ms): Min: 0.0, Avg: 0.5, Max: 2.0, Diff: 2.0, Sum: 3.8]
      [Update RS (ms): Min: 0.0, Avg: 1.6, Max: 6.2, Diff: 6.2, Sum: 12.4]
         [Processed Buffers: Min: 0, Avg: 5.9, Max: 36, Diff: 36, Sum: 47]
      [Scan RS (ms): Min: 0.0, Avg: 0.3, Max: 1.4, Diff: 1.4, Sum: 2.7]
      [Code Root Scanning (ms): Min: 0.0, Avg: 0.0, Max: 0.0, Diff: 0.0, Sum: 0.0]
      [Object Copy (ms): Min: 0.0, Avg: 6.6, Max: 19.9, Diff: 19.9, Sum: 52.6]
      [Termination (ms): Min: 0.0, Avg: 6.8, Max: 9.1, Diff: 9.1, Sum: 54.5]
         [Termination Attempts: Min: 1, Avg: 4.4, Max: 10, Diff: 9, Sum: 35]
      [GC Worker Other (ms): Min: 0.0, Avg: 0.0, Max: 0.0, Diff: 0.0, Sum: 0.1]
      [GC Worker Total (ms): Min: 7.3, Avg: 15.8, Max: 31.2, Diff: 23.9, Sum: 126.2]
      [GC Worker End (ms): Min: 5139825.3, Avg: 5139825.6, Max: 5139826.8, Diff: 1.4]
   [Code Root Fixup: 0.0 ms]
   [Code Root Purge: 0.0 ms]
   [Clear CT: 1.7 ms]
   [Other: 11.6 ms]
      [Choose CSet: 0.0 ms]
      [Ref Proc: 8.8 ms]
      [Ref Enq: 0.0 ms]
      [Redirty Cards: 2.0 ms]
      [Humongous Register: 0.2 ms]
      [Humongous Reclaim: 0.1 ms]
      [Free CSet: 0.1 ms]
   [Eden: 48128.0K(48128.0K)->0.0B(48128.0K) Survivors: 4096.0K->4096.0K Heap: 248.8M(1024.0M)->201.7M(1024.0M)]
 [Times: user=0.12 sys=0.01, real=0.05 secs] 
2022-11-23T17:07:40.402+0100: 5174.366: [GC pause (G1 Evacuation Pause) (young), 0.0671333 secs]
   [Parallel Time: 45.3 ms, GC Workers: 8]
      [GC Worker Start (ms): Min: 5174367.2, Avg: 5174379.1, Max: 5174394.7, Diff: 27.5]
      [Ext Root Scanning (ms): Min: 0.0, Avg: 0.7, Max: 2.9, Diff: 2.9, Sum: 5.3]
      [Update RS (ms): Min: 0.0, Avg: 5.7, Max: 18.3, Diff: 18.3, Sum: 45.5]
         [Processed Buffers: Min: 0, Avg: 5.6, Max: 20, Diff: 20, Sum: 45]
      [Scan RS (ms): Min: 0.0, Avg: 2.1, Max: 14.1, Diff: 14.1, Sum: 17.0]
      [Code Root Scanning (ms): Min: 0.0, Avg: 0.0, Max: 0.3, Diff: 0.3, Sum: 0.3]
      [Object Copy (ms): Min: 0.0, Avg: 7.0, Max: 20.6, Diff: 20.6, Sum: 56.2]
      [Termination (ms): Min: 0.0, Avg: 8.2, Max: 16.6, Diff: 16.6, Sum: 65.3]
         [Termination Attempts: Min: 1, Avg: 2.6, Max: 7, Diff: 6, Sum: 21]
      [GC Worker Other (ms): Min: 0.0, Avg: 0.0, Max: 0.2, Diff: 0.2, Sum: 0.3]
      [GC Worker Total (ms): Min: 6.6, Avg: 23.7, Max: 39.8, Diff: 33.1, Sum: 190.0]
      [GC Worker End (ms): Min: 5174401.3, Avg: 5174402.9, Max: 5174409.7, Diff: 8.4]
   [Code Root Fixup: 0.0 ms]
   [Code Root Purge: 0.0 ms]
   [Clear CT: 0.5 ms]
   [Other: 21.4 ms]
      [Choose CSet: 0.0 ms]
      [Ref Proc: 19.6 ms]
      [Ref Enq: 0.0 ms]
      [Redirty Cards: 0.4 ms]
      [Humongous Register: 0.4 ms]
      [Humongous Reclaim: 0.1 ms]
      [Free CSet: 0.1 ms]
   [Eden: 48128.0K(48128.0K)->0.0B(48128.0K) Survivors: 4096.0K->4096.0K Heap: 248.7M(1024.0M)->202.2M(1024.0M)]
 [Times: user=0.18 sys=0.03, real=0.06 secs] 
2022-11-23T17:08:01.255+0100: 5195.220: [GC pause (G1 Evacuation Pause) (young), 0.0471144 secs]
   [Parallel Time: 33.4 ms, GC Workers: 8]
      [GC Worker Start (ms): Min: 5195220.7, Avg: 5195232.4, Max: 5195245.8, Diff: 25.1]
      [Ext Root Scanning (ms): Min: 0.0, Avg: 0.5, Max: 2.1, Diff: 2.1, Sum: 4.2]
      [Update RS (ms): Min: 0.0, Avg: 5.5, Max: 24.1, Diff: 24.1, Sum: 44.2]
         [Processed Buffers: Min: 0, Avg: 5.6, Max: 29, Diff: 29, Sum: 45]
      [Scan RS (ms): Min: 0.0, Avg: 0.5, Max: 2.4, Diff: 2.4, Sum: 3.8]
      [Code Root Scanning (ms): Min: 0.0, Avg: 0.0, Max: 0.0, Diff: 0.0, Sum: 0.0]
      [Object Copy (ms): Min: 0.0, Avg: 9.3, Max: 20.8, Diff: 20.8, Sum: 74.0]
      [Termination (ms): Min: 0.0, Avg: 5.7, Max: 8.1, Diff: 8.1, Sum: 45.8]
         [Termination Attempts: Min: 1, Avg: 11.2, Max: 34, Diff: 33, Sum: 90]
      [GC Worker Other (ms): Min: 0.0, Avg: 0.0, Max: 0.0, Diff: 0.0, Sum: 0.1]
      [GC Worker Total (ms): Min: 8.1, Avg: 21.5, Max: 33.2, Diff: 25.1, Sum: 172.1]
      [GC Worker End (ms): Min: 5195253.9, Avg: 5195253.9, Max: 5195253.9, Diff: 0.1]
   [Code Root Fixup: 0.0 ms]
   [Code Root Purge: 0.0 ms]
   [Clear CT: 1.7 ms]
   [Other: 12.0 ms]
      [Choose CSet: 0.0 ms]
      [Ref Proc: 8.9 ms]
      [Ref Enq: 0.0 ms]
      [Redirty Cards: 2.0 ms]
      [Humongous Register: 0.4 ms]
      [Humongous Reclaim: 0.1 ms]
      [Free CSet: 0.1 ms]
   [Eden: 48128.0K(48128.0K)->0.0B(47104.0K) Survivors: 4096.0K->5120.0K Heap: 249.2M(1024.0M)->203.1M(1024.0M)]
 [Times: user=0.16 sys=0.01, real=0.05 secs] 
2022-11-23T17:08:11.561+0100: 5205.526: [GC pause (G1 Evacuation Pause) (young), 0.0580600 secs]
   [Parallel Time: 49.5 ms, GC Workers: 8]
      [GC Worker Start (ms): Min: 5205526.5, Avg: 5205540.7, Max: 5205550.4, Diff: 23.9]
      [Ext Root Scanning (ms): Min: 0.0, Avg: 0.6, Max: 2.2, Diff: 2.2, Sum: 4.5]
      [Update RS (ms): Min: 0.0, Avg: 6.8, Max: 45.8, Diff: 45.8, Sum: 54.1]
         [Processed Buffers: Min: 0, Avg: 4.5, Max: 21, Diff: 21, Sum: 36]
      [Scan RS (ms): Min: 0.0, Avg: 1.0, Max: 4.2, Diff: 4.2, Sum: 8.1]
      [Code Root Scanning (ms): Min: 0.0, Avg: 0.0, Max: 0.0, Diff: 0.0, Sum: 0.0]
      [Object Copy (ms): Min: 0.0, Avg: 7.5, Max: 34.8, Diff: 34.8, Sum: 59.9]
      [Termination (ms): Min: 0.0, Avg: 18.8, Max: 25.4, Diff: 25.4, Sum: 150.7]
         [Termination Attempts: Min: 1, Avg: 4.5, Max: 12, Diff: 11, Sum: 36]
      [GC Worker Other (ms): Min: 0.0, Avg: 0.0, Max: 0.0, Diff: 0.0, Sum: 0.1]
      [GC Worker Total (ms): Min: 25.0, Avg: 34.7, Max: 48.9, Diff: 23.9, Sum: 277.4]
      [GC Worker End (ms): Min: 5205575.3, Avg: 5205575.4, Max: 5205575.4, Diff: 0.1]
   [Code Root Fixup: 0.0 ms]
   [Code Root Purge: 0.0 ms]
   [Clear CT: 1.1 ms]
   [Other: 7.4 ms]
      [Choose CSet: 0.0 ms]
      [Ref Proc: 5.8 ms]
      [Ref Enq: 0.0 ms]
      [Redirty Cards: 1.0 ms]
      [Humongous Register: 0.1 ms]
      [Humongous Reclaim: 0.1 ms]
      [Free CSet: 0.1 ms]
   [Eden: 47104.0K(47104.0K)->0.0B(48128.0K) Survivors: 5120.0K->4096.0K Heap: 249.1M(1024.0M)->202.3M(1024.0M)]
 [Times: user=0.15 sys=0.02, real=0.05 secs] 
2022-11-23T17:08:22.349+0100: 5216.314: [GC pause (G1 Evacuation Pause) (young), 0.0383748 secs]
   [Parallel Time: 25.4 ms, GC Workers: 8]
      [GC Worker Start (ms): Min: 5216316.7, Avg: 5216324.8, Max: 5216335.3, Diff: 18.6]
      [Ext Root Scanning (ms): Min: 0.0, Avg: 0.5, Max: 2.0, Diff: 2.0, Sum: 4.0]
      [Update RS (ms): Min: 0.0, Avg: 4.2, Max: 16.7, Diff: 16.7, Sum: 33.3]
         [Processed Buffers: Min: 0, Avg: 4.4, Max: 24, Diff: 24, Sum: 35]
      [Scan RS (ms): Min: 0.0, Avg: 1.0, Max: 2.7, Diff: 2.7, Sum: 7.6]
      [Code Root Scanning (ms): Min: 0.0, Avg: 0.0, Max: 0.0, Diff: 0.0, Sum: 0.0]
      [Object Copy (ms): Min: 0.7, Avg: 6.4, Max: 14.1, Diff: 13.3, Sum: 51.1]
      [Termination (ms): Min: 0.0, Avg: 4.6, Max: 5.4, Diff: 5.4, Sum: 36.7]
         [Termination Attempts: Min: 1, Avg: 1.4, Max: 3, Diff: 2, Sum: 11]
      [GC Worker Other (ms): Min: 0.0, Avg: 0.0, Max: 0.0, Diff: 0.0, Sum: 0.1]
      [GC Worker Total (ms): Min: 6.1, Avg: 16.6, Max: 24.8, Diff: 18.7, Sum: 132.9]
      [GC Worker End (ms): Min: 5216341.3, Avg: 5216341.4, Max: 5216341.5, Diff: 0.2]
   [Code Root Fixup: 0.0 ms]
   [Code Root Purge: 0.0 ms]
   [Clear CT: 2.4 ms]
   [Other: 10.6 ms]
      [Choose CSet: 0.0 ms]
      [Ref Proc: 4.5 ms]
      [Ref Enq: 0.0 ms]
      [Redirty Cards: 3.0 ms]
      [Humongous Register: 0.4 ms]
      [Humongous Reclaim: 0.1 ms]
      [Free CSet: 0.1 ms]
   [Eden: 48128.0K(48128.0K)->0.0B(47104.0K) Survivors: 4096.0K->5120.0K Heap: 249.3M(1024.0M)->203.8M(1024.0M)]
 [Times: user=0.10 sys=0.01, real=0.04 secs] 
2022-11-23T17:08:32.831+0100: 5226.795: [GC pause (G1 Evacuation Pause) (young), 0.0790720 secs]
   [Parallel Time: 74.3 ms, GC Workers: 8]
      [GC Worker Start (ms): Min: 5226795.7, Avg: 5226820.6, Max: 5226847.8, Diff: 52.1]
      [Ext Root Scanning (ms): Min: 0.0, Avg: 0.5, Max: 2.1, Diff: 2.1, Sum: 3.8]
      [Update RS (ms): Min: 0.0, Avg: 11.6, Max: 45.3, Diff: 45.3, Sum: 92.6]
         [Processed Buffers: Min: 0, Avg: 4.8, Max: 17, Diff: 17, Sum: 38]
      [Scan RS (ms): Min: 0.1, Avg: 11.1, Max: 56.0, Diff: 56.0, Sum: 88.7]
      [Code Root Scanning (ms): Min: 0.0, Avg: 0.0, Max: 0.3, Diff: 0.3, Sum: 0.3]
      [Object Copy (ms): Min: 0.1, Avg: 6.7, Max: 30.2, Diff: 30.1, Sum: 53.7]
      [Termination (ms): Min: 0.0, Avg: 19.4, Max: 22.4, Diff: 22.4, Sum: 155.2]
         [Termination Attempts: Min: 1, Avg: 2.0, Max: 4, Diff: 3, Sum: 16]
      [GC Worker Other (ms): Min: 0.0, Avg: 0.0, Max: 0.1, Diff: 0.0, Sum: 0.2]
      [GC Worker Total (ms): Min: 22.0, Avg: 49.3, Max: 74.1, Diff: 52.1, Sum: 394.4]
      [GC Worker End (ms): Min: 5226869.9, Avg: 5226869.9, Max: 5226869.9, Diff: 0.1]
   [Code Root Fixup: 0.0 ms]
   [Code Root Purge: 0.0 ms]
   [Clear CT: 1.1 ms]
   [Other: 3.6 ms]
      [Choose CSet: 0.0 ms]
      [Ref Proc: 1.9 ms]
      [Ref Enq: 0.0 ms]
      [Redirty Cards: 1.1 ms]
      [Humongous Register: 0.1 ms]
      [Humongous Reclaim: 0.1 ms]
      [Free CSet: 0.1 ms]
   [Eden: 47104.0K(47104.0K)->0.0B(47104.0K) Survivors: 5120.0K->5120.0K Heap: 249.8M(1024.0M)->203.5M(1024.0M)]
 [Times: user=0.29 sys=0.05, real=0.07 secs] 
2022-11-23T17:08:44.019+0100: 5237.984: [GC pause (G1 Evacuation Pause) (young), 0.0823695 secs]
   [Parallel Time: 62.8 ms, GC Workers: 8]
      [GC Worker Start (ms): Min: 5237984.2, Avg: 5238006.7, Max: 5238029.1, Diff: 44.9]
      [Ext Root Scanning (ms): Min: 0.0, Avg: 0.5, Max: 1.4, Diff: 1.4, Sum: 3.9]
      [Update RS (ms): Min: 0.0, Avg: 8.1, Max: 59.1, Diff: 59.1, Sum: 64.7]
         [Processed Buffers: Min: 0, Avg: 5.2, Max: 28, Diff: 28, Sum: 42]
      [Scan RS (ms): Min: 0.0, Avg: 17.2, Max: 46.7, Diff: 46.7, Sum: 137.4]
      [Code Root Scanning (ms): Min: 0.0, Avg: 0.0, Max: 0.1, Diff: 0.1, Sum: 0.1]
      [Object Copy (ms): Min: 0.2, Avg: 11.1, Max: 13.9, Diff: 13.7, Sum: 88.6]
      [Termination (ms): Min: 0.0, Avg: 1.2, Max: 1.4, Diff: 1.4, Sum: 9.4]
         [Termination Attempts: Min: 1, Avg: 12.0, Max: 20, Diff: 19, Sum: 96]
      [GC Worker Other (ms): Min: 0.0, Avg: 0.0, Max: 0.0, Diff: 0.0, Sum: 0.2]
      [GC Worker Total (ms): Min: 15.7, Avg: 38.1, Max: 60.6, Diff: 44.9, Sum: 304.4]
      [GC Worker End (ms): Min: 5238044.7, Avg: 5238044.8, Max: 5238044.9, Diff: 0.2]
   [Code Root Fixup: 0.0 ms]
   [Code Root Purge: 0.0 ms]
   [Clear CT: 4.1 ms]
   [Other: 15.4 ms]
      [Choose CSet: 0.0 ms]
      [Ref Proc: 11.8 ms]
      [Ref Enq: 0.0 ms]
      [Redirty Cards: 2.2 ms]
      [Humongous Register: 0.1 ms]
      [Humongous Reclaim: 0.1 ms]
      [Free CSet: 0.1 ms]
   [Eden: 47104.0K(47104.0K)->0.0B(47104.0K) Survivors: 5120.0K->5120.0K Heap: 249.5M(1024.0M)->204.1M(1024.0M)]
 [Times: user=0.26 sys=0.06, real=0.09 secs] 
2022-11-23T17:08:54.819+0100: 5248.783: [GC pause (G1 Evacuation Pause) (young), 0.0887421 secs]
   [Parallel Time: 84.7 ms, GC Workers: 8]
      [GC Worker Start (ms): Min: 5248783.6, Avg: 5248808.6, Max: 5248832.3, Diff: 48.6]
      [Ext Root Scanning (ms): Min: 0.0, Avg: 0.5, Max: 3.9, Diff: 3.9, Sum: 4.0]
      [Update RS (ms): Min: 0.0, Avg: 14.9, Max: 72.0, Diff: 72.0, Sum: 119.5]
         [Processed Buffers: Min: 0, Avg: 5.4, Max: 42, Diff: 42, Sum: 43]
      [Scan RS (ms): Min: 0.0, Avg: 5.1, Max: 35.9, Diff: 35.9, Sum: 41.1]
      [Code Root Scanning (ms): Min: 0.0, Avg: 0.0, Max: 0.1, Diff: 0.1, Sum: 0.1]
      [Object Copy (ms): Min: 0.0, Avg: 4.1, Max: 15.7, Diff: 15.7, Sum: 33.2]
      [Termination (ms): Min: 0.0, Avg: 34.1, Max: 44.6, Diff: 44.6, Sum: 273.1]
         [Termination Attempts: Min: 1, Avg: 25.9, Max: 59, Diff: 58, Sum: 207]
      [GC Worker Other (ms): Min: 0.0, Avg: 0.0, Max: 0.1, Diff: 0.1, Sum: 0.2]
      [GC Worker Total (ms): Min: 35.2, Avg: 58.9, Max: 83.9, Diff: 48.6, Sum: 471.1]
      [GC Worker End (ms): Min: 5248867.5, Avg: 5248867.5, Max: 5248867.6, Diff: 0.1]
   [Code Root Fixup: 0.0 ms]
   [Code Root Purge: 0.0 ms]
   [Clear CT: 1.1 ms]
   [Other: 2.9 ms]
      [Choose CSet: 0.0 ms]
      [Ref Proc: 1.4 ms]
      [Ref Enq: 0.0 ms]
      [Redirty Cards: 0.9 ms]
      [Humongous Register: 0.1 ms]
      [Humongous Reclaim: 0.0 ms]
      [Free CSet: 0.1 ms]
   [Eden: 47104.0K(47104.0K)->0.0B(47104.0K) Survivors: 5120.0K->5120.0K Heap: 250.1M(1024.0M)->204.3M(1024.0M)]
 [Times: user=0.34 sys=0.04, real=0.09 secs] 
2022-11-23T17:09:06.362+0100: 5260.326: [GC pause (G1 Evacuation Pause) (young), 0.0762917 secs]
   [Parallel Time: 66.0 ms, GC Workers: 8]
      [GC Worker Start (ms): Min: 5260326.5, Avg: 5260329.9, Max: 5260335.4, Diff: 9.0]
      [Ext Root Scanning (ms): Min: 0.0, Avg: 1.6, Max: 9.2, Diff: 9.2, Sum: 12.7]
      [Update RS (ms): Min: 0.0, Avg: 6.2, Max: 43.1, Diff: 43.1, Sum: 49.8]
         [Processed Buffers: Min: 0, Avg: 5.8, Max: 30, Diff: 30, Sum: 46]
      [Scan RS (ms): Min: 0.0, Avg: 0.9, Max: 2.4, Diff: 2.3, Sum: 6.9]
      [Code Root Scanning (ms): Min: 0.0, Avg: 0.0, Max: 0.0, Diff: 0.0, Sum: 0.0]
      [Object Copy (ms): Min: 0.1, Avg: 10.7, Max: 55.3, Diff: 55.1, Sum: 85.8]
      [Termination (ms): Min: 0.0, Avg: 41.7, Max: 52.3, Diff: 52.3, Sum: 333.4]
         [Termination Attempts: Min: 1, Avg: 2.6, Max: 6, Diff: 5, Sum: 21]
      [GC Worker Other (ms): Min: 0.0, Avg: 0.0, Max: 0.0, Diff: 0.0, Sum: 0.1]
      [GC Worker Total (ms): Min: 55.3, Avg: 61.1, Max: 64.6, Diff: 9.3, Sum: 488.7]
      [GC Worker End (ms): Min: 5260390.8, Avg: 5260391.0, Max: 5260391.1, Diff: 0.3]
   [Code Root Fixup: 0.0 ms]
   [Code Root Purge: 0.0 ms]
   [Clear CT: 1.0 ms]
   [Other: 9.2 ms]
      [Choose CSet: 0.0 ms]
      [Ref Proc: 7.6 ms]
      [Ref Enq: 0.0 ms]
      [Redirty Cards: 1.1 ms]
      [Humongous Register: 0.1 ms]
      [Humongous Reclaim: 0.0 ms]
      [Free CSet: 0.1 ms]
   [Eden: 47104.0K(47104.0K)->0.0B(47104.0K) Survivors: 5120.0K->5120.0K Heap: 250.3M(1024.0M)->204.8M(1024.0M)]
 [Times: user=0.40 sys=0.02, real=0.07 secs] 
2022-11-23T17:09:17.760+0100: 5271.724: [GC pause (G1 Evacuation Pause) (young), 0.0448485 secs]
   [Parallel Time: 35.2 ms, GC Workers: 8]
      [GC Worker Start (ms): Min: 5271724.7, Avg: 5271750.0, Max: 5271759.3, Diff: 34.6]
      [Ext Root Scanning (ms): Min: 0.0, Avg: 0.4, Max: 3.5, Diff: 3.5, Sum: 3.6]
      [Update RS (ms): Min: 0.0, Avg: 0.9, Max: 7.0, Diff: 7.0, Sum: 7.0]
         [Processed Buffers: Min: 0, Avg: 5.4, Max: 43, Diff: 43, Sum: 43]
      [Scan RS (ms): Min: 0.0, Avg: 2.5, Max: 19.9, Diff: 19.9, Sum: 20.3]
      [Code Root Scanning (ms): Min: 0.0, Avg: 0.0, Max: 0.1, Diff: 0.1, Sum: 0.1]
      [Object Copy (ms): Min: 0.0, Avg: 5.0, Max: 13.2, Diff: 13.2, Sum: 40.1]
      [Termination (ms): Min: 0.0, Avg: 0.5, Max: 0.7, Diff: 0.7, Sum: 3.6]
         [Termination Attempts: Min: 1, Avg: 7.5, Max: 25, Diff: 24, Sum: 60]
      [GC Worker Other (ms): Min: 0.0, Avg: 0.0, Max: 0.0, Diff: 0.0, Sum: 0.1]
      [GC Worker Total (ms): Min: 0.0, Avg: 9.4, Max: 34.7, Diff: 34.7, Sum: 74.8]
      [GC Worker End (ms): Min: 5271759.3, Avg: 5271759.3, Max: 5271759.4, Diff: 0.1]
   [Code Root Fixup: 0.0 ms]
   [Code Root Purge: 0.0 ms]
   [Clear CT: 1.0 ms]
   [Other: 8.6 ms]
      [Choose CSet: 0.0 ms]
      [Ref Proc: 6.7 ms]
      [Ref Enq: 0.0 ms]
      [Redirty Cards: 1.2 ms]
      [Humongous Register: 0.1 ms]
      [Humongous Reclaim: 0.1 ms]
      [Free CSet: 0.1 ms]
   [Eden: 47104.0K(47104.0K)->0.0B(47104.0K) Survivors: 5120.0K->5120.0K Heap: 250.8M(1024.0M)->204.3M(1024.0M)]
 [Times: user=0.09 sys=0.01, real=0.05 secs] 
2022-11-23T17:09:28.628+0100: 5282.593: [GC pause (G1 Evacuation Pause) (young), 0.1212665 secs]
   [Parallel Time: 115.1 ms, GC Workers: 8]
      [GC Worker Start (ms): Min: 5282592.9, Avg: 5282606.2, Max: 5282652.4, Diff: 59.5]
      [Ext Root Scanning (ms): Min: 0.0, Avg: 0.5, Max: 3.1, Diff: 3.1, Sum: 4.0]
      [Update RS (ms): Min: 0.0, Avg: 21.6, Max: 110.9, Diff: 110.9, Sum: 172.9]
         [Processed Buffers: Min: 0, Avg: 5.4, Max: 21, Diff: 21, Sum: 43]
      [Scan RS (ms): Min: 0.0, Avg: 1.0, Max: 4.0, Diff: 4.0, Sum: 7.8]
      [Code Root Scanning (ms): Min: 0.0, Avg: 0.0, Max: 0.0, Diff: 0.0, Sum: 0.0]
      [Object Copy (ms): Min: 0.0, Avg: 5.1, Max: 9.6, Diff: 9.6, Sum: 40.7]
      [Termination (ms): Min: 0.3, Avg: 73.1, Max: 95.7, Diff: 95.4, Sum: 584.8]
         [Termination Attempts: Min: 1, Avg: 15.5, Max: 38, Diff: 37, Sum: 124]
      [GC Worker Other (ms): Min: 0.0, Avg: 0.0, Max: 0.1, Diff: 0.1, Sum: 0.2]
      [GC Worker Total (ms): Min: 55.1, Avg: 101.3, Max: 114.6, Diff: 59.5, Sum: 810.5]
      [GC Worker End (ms): Min: 5282707.4, Avg: 5282707.5, Max: 5282707.6, Diff: 0.2]
   [Code Root Fixup: 0.0 ms]
   [Code Root Purge: 0.0 ms]
   [Clear CT: 1.5 ms]
   [Other: 4.6 ms]
      [Choose CSet: 0.0 ms]
      [Ref Proc: 2.3 ms]
      [Ref Enq: 0.0 ms]
      [Redirty Cards: 1.2 ms]
      [Humongous Register: 0.2 ms]
      [Humongous Reclaim: 0.3 ms]
      [Free CSet: 0.1 ms]
   [Eden: 47104.0K(47104.0K)->0.0B(47104.0K) Survivors: 5120.0K->5120.0K Heap: 250.3M(1024.0M)->205.2M(1024.0M)]
 [Times: user=0.66 sys=0.02, real=0.12 secs] 
2022-11-23T17:09:40.840+0100: 5294.805: [GC pause (G1 Evacuation Pause) (young), 0.0245653 secs]
   [Parallel Time: 16.4 ms, GC Workers: 8]
      [GC Worker Start (ms): Min: 5294805.5, Avg: 5294808.0, Max: 5294813.7, Diff: 8.2]
      [Ext Root Scanning (ms): Min: 0.0, Avg: 0.6, Max: 1.5, Diff: 1.4, Sum: 4.5]
      [Update RS (ms): Min: 0.0, Avg: 1.0, Max: 1.4, Diff: 1.4, Sum: 8.0]
         [Processed Buffers: Min: 0, Avg: 5.4, Max: 16, Diff: 16, Sum: 43]
      [Scan RS (ms): Min: 0.0, Avg: 1.3, Max: 1.7, Diff: 1.7, Sum: 10.1]
      [Code Root Scanning (ms): Min: 0.0, Avg: 0.0, Max: 0.1, Diff: 0.1, Sum: 0.1]
      [Object Copy (ms): Min: 1.6, Avg: 4.8, Max: 7.9, Diff: 6.3, Sum: 38.7]
      [Termination (ms): Min: 0.0, Avg: 2.6, Max: 6.2, Diff: 6.2, Sum: 21.1]
         [Termination Attempts: Min: 1, Avg: 1.6, Max: 2, Diff: 1, Sum: 13]
      [GC Worker Other (ms): Min: 0.0, Avg: 0.0, Max: 0.0, Diff: 0.0, Sum: 0.2]
      [GC Worker Total (ms): Min: 4.1, Avg: 10.3, Max: 15.2, Diff: 11.1, Sum: 82.6]
      [GC Worker End (ms): Min: 5294817.8, Avg: 5294818.3, Max: 5294821.6, Diff: 3.8]
   [Code Root Fixup: 0.0 ms]
   [Code Root Purge: 0.0 ms]
   [Clear CT: 1.0 ms]
   [Other: 7.2 ms]
      [Choose CSet: 0.0 ms]
      [Ref Proc: 5.3 ms]
      [Ref Enq: 0.0 ms]
      [Redirty Cards: 0.8 ms]
      [Humongous Register: 0.1 ms]
      [Humongous Reclaim: 0.1 ms]
      [Free CSet: 0.1 ms]
   [Eden: 47104.0K(47104.0K)->0.0B(47104.0K) Survivors: 5120.0K->5120.0K Heap: 251.2M(1024.0M)->205.0M(1024.0M)]
 [Times: user=0.09 sys=0.00, real=0.03 secs] 
2022-11-23T17:09:52.175+0100: 5306.139: [GC pause (G1 Evacuation Pause) (young), 0.0858769 secs]
   [Parallel Time: 79.5 ms, GC Workers: 8]
      [GC Worker Start (ms): Min: 5306139.5, Avg: 5306152.3, Max: 5306184.7, Diff: 45.2]
      [Ext Root Scanning (ms): Min: 0.0, Avg: 0.5, Max: 1.5, Diff: 1.5, Sum: 4.2]
      [Update RS (ms): Min: 0.0, Avg: 11.5, Max: 44.6, Diff: 44.6, Sum: 92.1]
         [Processed Buffers: Min: 0, Avg: 5.8, Max: 21, Diff: 21, Sum: 46]
      [Scan RS (ms): Min: 0.0, Avg: 2.4, Max: 17.0, Diff: 17.0, Sum: 19.4]
      [Code Root Scanning (ms): Min: 0.0, Avg: 0.0, Max: 0.1, Diff: 0.1, Sum: 0.1]
      [Object Copy (ms): Min: 0.1, Avg: 16.9, Max: 72.7, Diff: 72.7, Sum: 134.8]
      [Termination (ms): Min: 0.0, Avg: 35.1, Max: 63.3, Diff: 63.3, Sum: 281.0]
         [Termination Attempts: Min: 1, Avg: 7.8, Max: 35, Diff: 34, Sum: 62]
      [GC Worker Other (ms): Min: 0.0, Avg: 0.0, Max: 0.0, Diff: 0.0, Sum: 0.2]
      [GC Worker Total (ms): Min: 34.0, Avg: 66.5, Max: 79.3, Diff: 45.2, Sum: 531.8]
      [GC Worker End (ms): Min: 5306218.7, Avg: 5306218.8, Max: 5306218.8, Diff: 0.0]
   [Code Root Fixup: 0.0 ms]
   [Code Root Purge: 0.0 ms]
   [Clear CT: 1.1 ms]
   [Other: 5.2 ms]
      [Choose CSet: 0.0 ms]
      [Ref Proc: 3.7 ms]
      [Ref Enq: 0.0 ms]
      [Redirty Cards: 1.0 ms]
      [Humongous Register: 0.0 ms]
      [Humongous Reclaim: 0.0 ms]
      [Free CSet: 0.1 ms]
   [Eden: 47104.0K(47104.0K)->0.0B(46080.0K) Survivors: 5120.0K->6144.0K Heap: 251.0M(1024.0M)->206.4M(1024.0M)]
 [Times: user=0.42 sys=0.04, real=0.08 secs] 
2022-11-23T17:10:02.615+0100: 5316.579: [GC pause (G1 Evacuation Pause) (young), 0.0541288 secs]
   [Parallel Time: 48.5 ms, GC Workers: 8]
      [GC Worker Start (ms): Min: 5316579.5, Avg: 5316581.3, Max: 5316586.5, Diff: 6.9]
      [Ext Root Scanning (ms): Min: 0.0, Avg: 0.5, Max: 1.2, Diff: 1.1, Sum: 4.1]
      [Update RS (ms): Min: 0.0, Avg: 6.9, Max: 45.3, Diff: 45.3, Sum: 55.2]
         [Processed Buffers: Min: 0, Avg: 6.2, Max: 19, Diff: 19, Sum: 50]
      [Scan RS (ms): Min: 0.0, Avg: 6.5, Max: 45.1, Diff: 45.1, Sum: 51.7]
      [Code Root Scanning (ms): Min: 0.0, Avg: 0.0, Max: 0.0, Diff: 0.0, Sum: 0.0]
      [Object Copy (ms): Min: 0.0, Avg: 5.5, Max: 8.2, Diff: 8.2, Sum: 44.0]
      [Termination (ms): Min: 0.0, Avg: 26.9, Max: 35.8, Diff: 35.8, Sum: 214.9]
         [Termination Attempts: Min: 1, Avg: 2.6, Max: 4, Diff: 3, Sum: 21]
      [GC Worker Other (ms): Min: 0.0, Avg: 0.0, Max: 0.0, Diff: 0.0, Sum: 0.1]
      [GC Worker Total (ms): Min: 41.2, Avg: 46.2, Max: 48.1, Diff: 6.9, Sum: 369.9]
      [GC Worker End (ms): Min: 5316627.6, Avg: 5316627.6, Max: 5316627.6, Diff: 0.0]
   [Code Root Fixup: 0.0 ms]
   [Code Root Purge: 0.0 ms]
   [Clear CT: 1.1 ms]
   [Other: 4.5 ms]
      [Choose CSet: 0.0 ms]
      [Ref Proc: 2.3 ms]
      [Ref Enq: 0.0 ms]
      [Redirty Cards: 1.4 ms]
      [Humongous Register: 0.1 ms]
      [Humongous Reclaim: 0.1 ms]
      [Free CSet: 0.1 ms]
   [Eden: 46080.0K(46080.0K)->0.0B(47104.0K) Survivors: 6144.0K->5120.0K Heap: 251.4M(1024.0M)->205.6M(1024.0M)]
 [Times: user=0.26 sys=0.03, real=0.05 secs] 
2022-11-23T17:10:14.244+0100: 5328.209: [GC pause (G1 Evacuation Pause) (young), 0.0643090 secs]
   [Parallel Time: 55.3 ms, GC Workers: 8]
      [GC Worker Start (ms): Min: 5328209.2, Avg: 5328231.4, Max: 5328255.4, Diff: 46.2]
      [Ext Root Scanning (ms): Min: 0.0, Avg: 0.5, Max: 2.2, Diff: 2.2, Sum: 4.1]
      [Update RS (ms): Min: 0.0, Avg: 7.1, Max: 52.7, Diff: 52.7, Sum: 57.0]
         [Processed Buffers: Min: 0, Avg: 5.0, Max: 26, Diff: 26, Sum: 40]
      [Scan RS (ms): Min: 0.0, Avg: 15.5, Max: 42.2, Diff: 42.2, Sum: 124.0]
      [Code Root Scanning (ms): Min: 0.0, Avg: 0.0, Max: 0.1, Diff: 0.1, Sum: 0.1]
      [Object Copy (ms): Min: 0.2, Avg: 6.9, Max: 19.9, Diff: 19.7, Sum: 55.5]
      [Termination (ms): Min: 0.0, Avg: 2.7, Max: 3.8, Diff: 3.8, Sum: 21.9]
         [Termination Attempts: Min: 1, Avg: 10.9, Max: 23, Diff: 22, Sum: 87]
      [GC Worker Other (ms): Min: 0.0, Avg: 0.0, Max: 0.0, Diff: 0.0, Sum: 0.1]
      [GC Worker Total (ms): Min: 8.8, Avg: 32.8, Max: 55.0, Diff: 46.2, Sum: 262.6]
      [GC Worker End (ms): Min: 5328264.2, Avg: 5328264.2, Max: 5328264.3, Diff: 0.1]
   [Code Root Fixup: 0.0 ms]
   [Code Root Purge: 0.0 ms]
   [Clear CT: 0.9 ms]
   [Other: 8.2 ms]
      [Choose CSet: 0.0 ms]
      [Ref Proc: 5.9 ms]
      [Ref Enq: 0.0 ms]
      [Redirty Cards: 1.4 ms]
      [Humongous Register: 0.1 ms]
      [Humongous Reclaim: 0.1 ms]
      [Free CSet: 0.1 ms]
   [Eden: 47104.0K(47104.0K)->0.0B(46080.0K) Survivors: 5120.0K->6144.0K Heap: 251.6M(1024.0M)->206.9M(1024.0M)]
 [Times: user=0.18 sys=0.07, real=0.06 secs] 
2022-11-23T17:10:24.337+0100: 5338.302: [GC pause (G1 Evacuation Pause) (young), 0.0516898 secs]
   [Parallel Time: 45.8 ms, GC Workers: 8]
      [GC Worker Start (ms): Min: 5338302.4, Avg: 5338316.0, Max: 5338336.0, Diff: 33.7]
      [Ext Root Scanning (ms): Min: 0.0, Avg: 5.9, Max: 43.6, Diff: 43.6, Sum: 46.9]
      [Update RS (ms): Min: 0.0, Avg: 0.8, Max: 3.0, Diff: 3.0, Sum: 6.0]
         [Processed Buffers: Min: 0, Avg: 4.9, Max: 35, Diff: 35, Sum: 39]
      [Scan RS (ms): Min: 0.1, Avg: 10.1, Max: 38.9, Diff: 38.8, Sum: 80.5]
      [Code Root Scanning (ms): Min: 0.0, Avg: 0.0, Max: 0.1, Diff: 0.1, Sum: 0.1]
      [Object Copy (ms): Min: 0.0, Avg: 3.1, Max: 8.3, Diff: 8.2, Sum: 25.1]
      [Termination (ms): Min: 0.0, Avg: 11.8, Max: 22.7, Diff: 22.7, Sum: 94.6]
         [Termination Attempts: Min: 1, Avg: 3.6, Max: 7, Diff: 6, Sum: 29]
      [GC Worker Other (ms): Min: 0.0, Avg: 0.0, Max: 0.0, Diff: 0.0, Sum: 0.1]
      [GC Worker Total (ms): Min: 11.6, Avg: 31.7, Max: 45.3, Diff: 33.7, Sum: 253.4]
      [GC Worker End (ms): Min: 5338347.6, Avg: 5338347.7, Max: 5338347.8, Diff: 0.2]
   [Code Root Fixup: 0.0 ms]
   [Code Root Purge: 0.0 ms]
   [Clear CT: 1.4 ms]
   [Other: 4.5 ms]
      [Choose CSet: 0.0 ms]
      [Ref Proc: 1.3 ms]
      [Ref Enq: 0.0 ms]
      [Redirty Cards: 2.5 ms]
      [Humongous Register: 0.1 ms]
      [Humongous Reclaim: 0.1 ms]
      [Free CSet: 0.1 ms]
   [Eden: 46080.0K(46080.0K)->0.0B(47104.0K) Survivors: 6144.0K->5120.0K Heap: 251.9M(1024.0M)->206.3M(1024.0M)]
 [Times: user=0.20 sys=0.04, real=0.05 secs] 
2022-11-23T17:10:34.403+0100: 5348.367: [GC pause (G1 Evacuation Pause) (young), 0.0610002 secs]
   [Parallel Time: 47.4 ms, GC Workers: 8]
      [GC Worker Start (ms): Min: 5348367.3, Avg: 5348384.4, Max: 5348395.4, Diff: 28.0]
      [Ext Root Scanning (ms): Min: 0.0, Avg: 0.4, Max: 2.9, Diff: 2.9, Sum: 3.0]
      [Update RS (ms): Min: 0.0, Avg: 10.9, Max: 42.7, Diff: 42.7, Sum: 87.4]
         [Processed Buffers: Min: 0, Avg: 5.4, Max: 28, Diff: 28, Sum: 43]
      [Scan RS (ms): Min: 0.1, Avg: 5.6, Max: 35.1, Diff: 35.0, Sum: 44.5]
      [Code Root Scanning (ms): Min: 0.0, Avg: 0.0, Max: 0.1, Diff: 0.1, Sum: 0.1]
      [Object Copy (ms): Min: 0.0, Avg: 4.1, Max: 12.7, Diff: 12.7, Sum: 32.8]
      [Termination (ms): Min: 0.0, Avg: 8.8, Max: 14.4, Diff: 14.4, Sum: 70.4]
         [Termination Attempts: Min: 1, Avg: 13.1, Max: 31, Diff: 30, Sum: 105]
      [GC Worker Other (ms): Min: 0.0, Avg: 0.0, Max: 0.0, Diff: 0.0, Sum: 0.1]
      [GC Worker Total (ms): Min: 18.8, Avg: 29.8, Max: 46.8, Diff: 28.0, Sum: 238.3]
      [GC Worker End (ms): Min: 5348414.1, Avg: 5348414.2, Max: 5348414.5, Diff: 0.4]
   [Code Root Fixup: 0.0 ms]
   [Code Root Purge: 0.0 ms]
   [Clear CT: 1.0 ms]
   [Other: 12.6 ms]
      [Choose CSet: 0.0 ms]
      [Ref Proc: 9.1 ms]
      [Ref Enq: 0.0 ms]
      [Redirty Cards: 2.9 ms]
      [Humongous Register: 0.0 ms]
      [Humongous Reclaim: 0.1 ms]
      [Free CSet: 0.2 ms]
   [Eden: 47104.0K(47104.0K)->0.0B(47104.0K) Survivors: 5120.0K->5120.0K Heap: 252.3M(1024.0M)->206.1M(1024.0M)]
 [Times: user=0.22 sys=0.06, real=0.06 secs] 
2022-11-23T17:10:44.327+0100: 5358.291: [GC pause (G1 Evacuation Pause) (young), 0.0389063 secs]
   [Parallel Time: 25.6 ms, GC Workers: 8]
      [GC Worker Start (ms): Min: 5358291.7, Avg: 5358304.9, Max: 5358315.6, Diff: 23.9]
      [Ext Root Scanning (ms): Min: 0.0, Avg: 0.5, Max: 2.0, Diff: 2.0, Sum: 4.1]
      [Update RS (ms): Min: 0.0, Avg: 1.2, Max: 5.0, Diff: 5.0, Sum: 10.0]
         [Processed Buffers: Min: 0, Avg: 5.0, Max: 33, Diff: 33, Sum: 40]
      [Scan RS (ms): Min: 0.1, Avg: 3.5, Max: 17.5, Diff: 17.4, Sum: 27.8]
      [Code Root Scanning (ms): Min: 0.0, Avg: 0.0, Max: 0.0, Diff: 0.0, Sum: 0.0]
      [Object Copy (ms): Min: 0.0, Avg: 5.6, Max: 9.5, Diff: 9.5, Sum: 44.6]
      [Termination (ms): Min: 0.0, Avg: 0.7, Max: 1.1, Diff: 1.1, Sum: 5.4]
         [Termination Attempts: Min: 1, Avg: 3.2, Max: 9, Diff: 8, Sum: 26]
      [GC Worker Other (ms): Min: 0.0, Avg: 0.0, Max: 0.0, Diff: 0.0, Sum: 0.1]
      [GC Worker Total (ms): Min: 0.9, Avg: 11.5, Max: 24.7, Diff: 23.9, Sum: 92.0]
      [GC Worker End (ms): Min: 5358316.4, Avg: 5358316.4, Max: 5358316.5, Diff: 0.1]
   [Code Root Fixup: 0.0 ms]
   [Code Root Purge: 0.0 ms]
   [Clear CT: 1.5 ms]
   [Other: 11.9 ms]
      [Choose CSet: 0.0 ms]
      [Ref Proc: 9.9 ms]
      [Ref Enq: 0.0 ms]
      [Redirty Cards: 1.1 ms]
      [Humongous Register: 0.1 ms]
      [Humongous Reclaim: 0.1 ms]
      [Free CSet: 0.1 ms]
   [Eden: 47104.0K(47104.0K)->0.0B(47104.0K) Survivors: 5120.0K->5120.0K Heap: 252.1M(1024.0M)->206.7M(1024.0M)]
 [Times: user=0.13 sys=0.00, real=0.04 secs] 
2022-11-23T17:10:54.619+0100: 5368.584: [GC pause (G1 Evacuation Pause) (young), 0.0316896 secs]
   [Parallel Time: 18.3 ms, GC Workers: 8]
      [GC Worker Start (ms): Min: 5368584.3, Avg: 5368593.1, Max: 5368600.3, Diff: 16.0]
      [Ext Root Scanning (ms): Min: 0.0, Avg: 0.5, Max: 1.4, Diff: 1.4, Sum: 3.7]
      [Update RS (ms): Min: 0.0, Avg: 1.0, Max: 2.8, Diff: 2.8, Sum: 8.1]
         [Processed Buffers: Min: 0, Avg: 5.1, Max: 24, Diff: 24, Sum: 41]
      [Scan RS (ms): Min: 0.0, Avg: 1.4, Max: 4.1, Diff: 4.1, Sum: 11.1]
      [Code Root Scanning (ms): Min: 0.0, Avg: 0.0, Max: 0.0, Diff: 0.0, Sum: 0.0]
      [Object Copy (ms): Min: 0.0, Avg: 4.3, Max: 9.0, Diff: 9.0, Sum: 34.0]
      [Termination (ms): Min: 0.0, Avg: 0.8, Max: 1.2, Diff: 1.2, Sum: 6.4]
         [Termination Attempts: Min: 1, Avg: 1.1, Max: 2, Diff: 1, Sum: 9]
      [GC Worker Other (ms): Min: 0.0, Avg: 0.0, Max: 0.0, Diff: 0.0, Sum: 0.1]
      [GC Worker Total (ms): Min: 0.7, Avg: 7.9, Max: 16.7, Diff: 16.0, Sum: 63.5]
      [GC Worker End (ms): Min: 5368601.0, Avg: 5368601.0, Max: 5368601.1, Diff: 0.1]
   [Code Root Fixup: 0.0 ms]
   [Code Root Purge: 0.0 ms]
   [Clear CT: 1.8 ms]
   [Other: 11.6 ms]
      [Choose CSet: 0.0 ms]
      [Ref Proc: 9.9 ms]
      [Ref Enq: 0.0 ms]
      [Redirty Cards: 0.7 ms]
      [Humongous Register: 0.2 ms]
      [Humongous Reclaim: 0.1 ms]
      [Free CSet: 0.1 ms]
   [Eden: 47104.0K(47104.0K)->0.0B(48128.0K) Survivors: 5120.0K->4096.0K Heap: 252.7M(1024.0M)->206.2M(1024.0M)]
 [Times: user=0.09 sys=0.00, real=0.04 secs] 
2022-11-23T17:11:05.615+0100: 5379.580: [GC pause (G1 Evacuation Pause) (young), 0.0375203 secs]
   [Parallel Time: 32.3 ms, GC Workers: 8]
      [GC Worker Start (ms): Min: 5379580.1, Avg: 5379582.8, Max: 5379585.6, Diff: 5.5]
      [Ext Root Scanning (ms): Min: 0.0, Avg: 0.5, Max: 1.4, Diff: 1.3, Sum: 4.2]
      [Update RS (ms): Min: 0.0, Avg: 4.0, Max: 24.8, Diff: 24.8, Sum: 31.6]
         [Processed Buffers: Min: 0, Avg: 5.4, Max: 23, Diff: 23, Sum: 43]
      [Scan RS (ms): Min: 0.1, Avg: 6.9, Max: 28.1, Diff: 27.9, Sum: 55.5]
      [Code Root Scanning (ms): Min: 0.0, Avg: 0.0, Max: 0.1, Diff: 0.1, Sum: 0.1]
      [Object Copy (ms): Min: 0.0, Avg: 4.2, Max: 8.4, Diff: 8.4, Sum: 33.9]
      [Termination (ms): Min: 0.0, Avg: 13.2, Max: 16.9, Diff: 16.9, Sum: 105.6]
         [Termination Attempts: Min: 1, Avg: 5.5, Max: 20, Diff: 19, Sum: 44]
      [GC Worker Other (ms): Min: 0.0, Avg: 0.0, Max: 0.0, Diff: 0.0, Sum: 0.1]
      [GC Worker Total (ms): Min: 26.1, Avg: 28.9, Max: 31.7, Diff: 5.6, Sum: 231.0]
      [GC Worker End (ms): Min: 5379611.7, Avg: 5379611.7, Max: 5379611.8, Diff: 0.2]
   [Code Root Fixup: 0.0 ms]
   [Code Root Purge: 0.0 ms]
   [Clear CT: 1.5 ms]
   [Other: 3.7 ms]
      [Choose CSet: 0.0 ms]
      [Ref Proc: 2.1 ms]
      [Ref Enq: 0.0 ms]
      [Redirty Cards: 1.0 ms]
      [Humongous Register: 0.1 ms]
      [Humongous Reclaim: 0.0 ms]
      [Free CSet: 0.1 ms]
   [Eden: 48128.0K(48128.0K)->0.0B(46080.0K) Survivors: 4096.0K->6144.0K Heap: 253.2M(1024.0M)->207.9M(1024.0M)]
 [Times: user=0.16 sys=0.04, real=0.04 secs] 
2022-11-23T17:11:17.690+0100: 5391.655: [GC pause (G1 Evacuation Pause) (young), 0.0654593 secs]
   [Parallel Time: 52.7 ms, GC Workers: 8]
      [GC Worker Start (ms): Min: 5391655.6, Avg: 5391667.3, Max: 5391675.8, Diff: 20.3]
      [Ext Root Scanning (ms): Min: 0.0, Avg: 0.5, Max: 3.5, Diff: 3.5, Sum: 4.1]
      [Update RS (ms): Min: 0.0, Avg: 0.8, Max: 3.1, Diff: 3.1, Sum: 6.1]
         [Processed Buffers: Min: 0, Avg: 5.4, Max: 34, Diff: 34, Sum: 43]
      [Scan RS (ms): Min: 0.2, Avg: 16.5, Max: 45.0, Diff: 44.8, Sum: 132.3]
      [Code Root Scanning (ms): Min: 0.0, Avg: 0.0, Max: 0.0, Diff: 0.0, Sum: 0.1]
      [Object Copy (ms): Min: 0.1, Avg: 4.3, Max: 12.0, Diff: 11.9, Sum: 34.1]
      [Termination (ms): Min: 0.0, Avg: 17.9, Max: 28.1, Diff: 28.1, Sum: 142.9]
         [Termination Attempts: Min: 1, Avg: 7.6, Max: 13, Diff: 12, Sum: 61]
      [GC Worker Other (ms): Min: 0.0, Avg: 0.0, Max: 0.0, Diff: 0.0, Sum: 0.2]
      [GC Worker Total (ms): Min: 31.4, Avg: 40.0, Max: 51.7, Diff: 20.3, Sum: 319.8]
      [GC Worker End (ms): Min: 5391707.2, Avg: 5391707.3, Max: 5391707.5, Diff: 0.2]
   [Code Root Fixup: 0.0 ms]
   [Code Root Purge: 0.0 ms]
   [Clear CT: 1.7 ms]
   [Other: 11.0 ms]
      [Choose CSet: 0.0 ms]
      [Ref Proc: 9.6 ms]
      [Ref Enq: 0.0 ms]
      [Redirty Cards: 0.6 ms]
      [Humongous Register: 0.1 ms]
      [Humongous Reclaim: 0.0 ms]
      [Free CSet: 0.1 ms]
   [Eden: 46080.0K(46080.0K)->0.0B(48128.0K) Survivors: 6144.0K->4096.0K Heap: 252.9M(1024.0M)->206.7M(1024.0M)]
 [Times: user=0.30 sys=0.03, real=0.07 secs] 
2022-11-23T17:11:29.078+0100: 5403.042: [GC pause (G1 Evacuation Pause) (young), 0.0411834 secs]
   [Parallel Time: 32.1 ms, GC Workers: 8]
      [GC Worker Start (ms): Min: 5403042.8, Avg: 5403051.5, Max: 5403061.2, Diff: 18.5]
      [Ext Root Scanning (ms): Min: 0.0, Avg: 0.5, Max: 1.8, Diff: 1.8, Sum: 3.7]
      [Update RS (ms): Min: 0.0, Avg: 1.3, Max: 5.4, Diff: 5.4, Sum: 10.6]
         [Processed Buffers: Min: 0, Avg: 5.8, Max: 29, Diff: 29, Sum: 46]
      [Scan RS (ms): Min: 0.1, Avg: 4.3, Max: 23.3, Diff: 23.2, Sum: 34.2]
      [Code Root Scanning (ms): Min: 0.0, Avg: 0.0, Max: 0.1, Diff: 0.1, Sum: 0.1]
      [Object Copy (ms): Min: 0.0, Avg: 4.3, Max: 7.3, Diff: 7.3, Sum: 34.7]
      [Termination (ms): Min: 0.0, Avg: 11.9, Max: 14.8, Diff: 14.8, Sum: 95.2]
         [Termination Attempts: Min: 1, Avg: 2.6, Max: 6, Diff: 5, Sum: 21]
      [GC Worker Other (ms): Min: 0.0, Avg: 0.0, Max: 0.0, Diff: 0.0, Sum: 0.1]
      [GC Worker Total (ms): Min: 12.3, Avg: 22.3, Max: 31.8, Diff: 19.4, Sum: 178.6]
      [GC Worker End (ms): Min: 5403073.6, Avg: 5403073.8, Max: 5403074.6, Diff: 1.0]
   [Code Root Fixup: 0.0 ms]
   [Code Root Purge: 0.0 ms]
   [Clear CT: 2.4 ms]
   [Other: 6.6 ms]
      [Choose CSet: 0.0 ms]
      [Ref Proc: 4.8 ms]
      [Ref Enq: 0.0 ms]
      [Redirty Cards: 1.0 ms]
      [Humongous Register: 0.1 ms]
      [Humongous Reclaim: 0.1 ms]
      [Free CSet: 0.1 ms]
   [Eden: 48128.0K(48128.0K)->0.0B(47104.0K) Survivors: 4096.0K->5120.0K Heap: 253.7M(1024.0M)->208.0M(1024.0M)]
 [Times: user=0.14 sys=0.00, real=0.04 secs] 
2022-11-23T17:11:41.657+0100: 5415.622: [GC pause (G1 Evacuation Pause) (young), 0.0485539 secs]
   [Parallel Time: 32.3 ms, GC Workers: 8]
      [GC Worker Start (ms): Min: 5415622.4, Avg: 5415643.2, Max: 5415654.3, Diff: 31.9]
      [Ext Root Scanning (ms): Min: 0.0, Avg: 0.4, Max: 3.3, Diff: 3.3, Sum: 3.4]
      [Update RS (ms): Min: 0.0, Avg: 1.7, Max: 10.9, Diff: 10.9, Sum: 13.5]
         [Processed Buffers: Min: 0, Avg: 6.5, Max: 25, Diff: 25, Sum: 52]
      [Scan RS (ms): Min: 0.0, Avg: 1.5, Max: 5.3, Diff: 5.3, Sum: 12.3]
      [Code Root Scanning (ms): Min: 0.0, Avg: 0.0, Max: 0.1, Diff: 0.1, Sum: 0.1]
      [Object Copy (ms): Min: 0.0, Avg: 6.6, Max: 13.2, Diff: 13.2, Sum: 53.1]
      [Termination (ms): Min: 0.0, Avg: 0.9, Max: 1.3, Diff: 1.3, Sum: 7.3]
         [Termination Attempts: Min: 1, Avg: 1.4, Max: 3, Diff: 2, Sum: 11]
      [GC Worker Other (ms): Min: 0.0, Avg: 0.0, Max: 0.0, Diff: 0.0, Sum: 0.1]
      [GC Worker Total (ms): Min: 0.0, Avg: 11.2, Max: 32.0, Diff: 32.0, Sum: 89.9]
      [GC Worker End (ms): Min: 5415654.3, Avg: 5415654.4, Max: 5415654.6, Diff: 0.3]
   [Code Root Fixup: 0.0 ms]
   [Code Root Purge: 0.0 ms]
   [Clear CT: 3.7 ms]
   [Other: 12.5 ms]
      [Choose CSet: 0.0 ms]
      [Ref Proc: 9.1 ms]
      [Ref Enq: 0.0 ms]
      [Redirty Cards: 2.4 ms]
      [Humongous Register: 0.1 ms]
      [Humongous Reclaim: 0.1 ms]
      [Free CSet: 0.1 ms]
   [Eden: 47104.0K(47104.0K)->0.0B(48128.0K) Survivors: 5120.0K->4096.0K Heap: 254.0M(1024.0M)->206.8M(1024.0M)]
 [Times: user=0.10 sys=0.01, real=0.05 secs] 
2022-11-23T17:11:54.096+0100: 5428.061: [GC pause (G1 Evacuation Pause) (young), 0.0753514 secs]
   [Parallel Time: 61.9 ms, GC Workers: 8]
      [GC Worker Start (ms): Min: 5428060.9, Avg: 5428062.7, Max: 5428065.5, Diff: 4.6]
      [Ext Root Scanning (ms): Min: 0.0, Avg: 7.5, Max: 56.3, Diff: 56.3, Sum: 60.0]
      [Update RS (ms): Min: 0.0, Avg: 7.6, Max: 54.2, Diff: 54.2, Sum: 60.8]
         [Processed Buffers: Min: 0, Avg: 5.5, Max: 29, Diff: 29, Sum: 44]
      [Scan RS (ms): Min: 0.0, Avg: 7.4, Max: 53.6, Diff: 53.6, Sum: 58.9]
      [Code Root Scanning (ms): Min: 0.0, Avg: 0.0, Max: 0.1, Diff: 0.1, Sum: 0.1]
      [Object Copy (ms): Min: 0.1, Avg: 3.6, Max: 5.8, Diff: 5.7, Sum: 28.7]
      [Termination (ms): Min: 0.0, Avg: 29.8, Max: 50.8, Diff: 50.8, Sum: 238.3]
         [Termination Attempts: Min: 1, Avg: 17.1, Max: 35, Diff: 34, Sum: 137]
      [GC Worker Other (ms): Min: 0.0, Avg: 0.0, Max: 0.0, Diff: 0.0, Sum: 0.1]
      [GC Worker Total (ms): Min: 52.5, Avg: 55.9, Max: 61.4, Diff: 8.8, Sum: 446.8]
      [GC Worker End (ms): Min: 5428118.0, Avg: 5428118.5, Max: 5428122.3, Diff: 4.3]
   [Code Root Fixup: 0.0 ms]
   [Code Root Purge: 0.0 ms]
   [Clear CT: 1.1 ms]
   [Other: 12.4 ms]
      [Choose CSet: 0.0 ms]
      [Ref Proc: 10.8 ms]
      [Ref Enq: 0.0 ms]
      [Redirty Cards: 1.0 ms]
      [Humongous Register: 0.1 ms]
      [Humongous Reclaim: 0.1 ms]
      [Free CSet: 0.1 ms]
   [Eden: 48128.0K(48128.0K)->0.0B(47104.0K) Survivors: 4096.0K->5120.0K Heap: 253.8M(1024.0M)->208.5M(1024.0M)]
 [Times: user=0.37 sys=0.08, real=0.08 secs] 
2022-11-23T17:12:05.453+0100: 5439.418: [GC pause (G1 Evacuation Pause) (young), 0.0210696 secs]
   [Parallel Time: 13.0 ms, GC Workers: 8]
      [GC Worker Start (ms): Min: 5439418.3, Avg: 5439420.6, Max: 5439422.9, Diff: 4.7]
      [Ext Root Scanning (ms): Min: 0.0, Avg: 0.5, Max: 1.1, Diff: 1.1, Sum: 3.7]
      [Update RS (ms): Min: 0.0, Avg: 1.3, Max: 2.7, Diff: 2.7, Sum: 10.6]
         [Processed Buffers: Min: 0, Avg: 5.2, Max: 14, Diff: 14, Sum: 42]
      [Scan RS (ms): Min: 0.7, Avg: 3.1, Max: 8.2, Diff: 7.5, Sum: 24.5]
      [Code Root Scanning (ms): Min: 0.0, Avg: 0.0, Max: 0.1, Diff: 0.1, Sum: 0.1]
      [Object Copy (ms): Min: 0.1, Avg: 4.3, Max: 6.0, Diff: 5.9, Sum: 34.8]
      [Termination (ms): Min: 0.0, Avg: 0.5, Max: 1.2, Diff: 1.2, Sum: 3.9]
         [Termination Attempts: Min: 1, Avg: 7.4, Max: 16, Diff: 15, Sum: 59]
      [GC Worker Other (ms): Min: 0.0, Avg: 0.0, Max: 0.0, Diff: 0.0, Sum: 0.1]
      [GC Worker Total (ms): Min: 7.2, Avg: 9.7, Max: 11.9, Diff: 4.7, Sum: 77.6]
      [GC Worker End (ms): Min: 5439430.2, Avg: 5439430.3, Max: 5439430.9, Diff: 0.8]
   [Code Root Fixup: 0.0 ms]
   [Code Root Purge: 0.0 ms]
   [Clear CT: 2.8 ms]
   [Other: 5.3 ms]
      [Choose CSet: 0.0 ms]
      [Ref Proc: 4.0 ms]
      [Ref Enq: 0.0 ms]
      [Redirty Cards: 0.5 ms]
      [Humongous Register: 0.1 ms]
      [Humongous Reclaim: 0.1 ms]
      [Free CSet: 0.1 ms]
   [Eden: 47104.0K(47104.0K)->0.0B(48128.0K) Survivors: 5120.0K->4096.0K Heap: 254.5M(1024.0M)->207.8M(1024.0M)]
 [Times: user=0.06 sys=0.01, real=0.02 secs] 
2022-11-23T17:12:20.028+0100: 5453.993: [GC pause (G1 Evacuation Pause) (young), 0.0530375 secs]
   [Parallel Time: 40.7 ms, GC Workers: 8]
      [GC Worker Start (ms): Min: 5453993.2, Avg: 5454001.9, Max: 5454021.8, Diff: 28.5]
      [Ext Root Scanning (ms): Min: 0.0, Avg: 0.7, Max: 2.7, Diff: 2.7, Sum: 5.4]
      [Update RS (ms): Min: 0.0, Avg: 5.7, Max: 11.5, Diff: 11.5, Sum: 45.2]
         [Processed Buffers: Min: 0, Avg: 5.9, Max: 17, Diff: 17, Sum: 47]
      [Scan RS (ms): Min: 0.1, Avg: 8.0, Max: 27.0, Diff: 26.9, Sum: 63.8]
      [Code Root Scanning (ms): Min: 0.0, Avg: 0.0, Max: 0.1, Diff: 0.1, Sum: 0.1]
      [Object Copy (ms): Min: 0.0, Avg: 8.6, Max: 20.7, Diff: 20.7, Sum: 68.4]
      [Termination (ms): Min: 0.0, Avg: 8.9, Max: 12.3, Diff: 12.3, Sum: 70.9]
         [Termination Attempts: Min: 1, Avg: 11.1, Max: 26, Diff: 25, Sum: 89]
      [GC Worker Other (ms): Min: 0.0, Avg: 0.0, Max: 0.1, Diff: 0.0, Sum: 0.3]
      [GC Worker Total (ms): Min: 12.0, Avg: 31.8, Max: 40.4, Diff: 28.4, Sum: 254.1]
      [GC Worker End (ms): Min: 5454033.6, Avg: 5454033.7, Max: 5454033.7, Diff: 0.1]
   [Code Root Fixup: 0.0 ms]
   [Code Root Purge: 0.0 ms]
   [Clear CT: 1.1 ms]
   [Other: 11.1 ms]
      [Choose CSet: 0.0 ms]
      [Ref Proc: 9.5 ms]
      [Ref Enq: 0.0 ms]
      [Redirty Cards: 0.7 ms]
      [Humongous Register: 0.1 ms]
      [Humongous Reclaim: 0.1 ms]
      [Free CSet: 0.1 ms]
   [Eden: 48128.0K(48128.0K)->0.0B(47104.0K) Survivors: 4096.0K->5120.0K Heap: 254.8M(1024.0M)->208.7M(1024.0M)]
 [Times: user=0.21 sys=0.00, real=0.06 secs] 
2022-11-23T17:12:44.598+0100: 5478.563: [GC pause (G1 Evacuation Pause) (young), 0.0533269 secs]
   [Parallel Time: 25.7 ms, GC Workers: 8]
      [GC Worker Start (ms): Min: 5478564.3, Avg: 5478570.6, Max: 5478574.0, Diff: 9.7]
      [Ext Root Scanning (ms): Min: 0.0, Avg: 0.6, Max: 2.7, Diff: 2.7, Sum: 4.7]
      [Update RS (ms): Min: 0.0, Avg: 1.4, Max: 3.9, Diff: 3.9, Sum: 11.0]
         [Processed Buffers: Min: 0, Avg: 5.9, Max: 36, Diff: 36, Sum: 47]
      [Scan RS (ms): Min: 0.8, Avg: 4.8, Max: 13.6, Diff: 12.8, Sum: 38.2]
      [Code Root Scanning (ms): Min: 0.0, Avg: 0.0, Max: 0.1, Diff: 0.1, Sum: 0.1]
      [Object Copy (ms): Min: 0.1, Avg: 6.7, Max: 10.6, Diff: 10.5, Sum: 53.7]
      [Termination (ms): Min: 0.0, Avg: 1.6, Max: 3.3, Diff: 3.3, Sum: 12.4]
         [Termination Attempts: Min: 1, Avg: 3.2, Max: 7, Diff: 6, Sum: 26]
      [GC Worker Other (ms): Min: 0.0, Avg: 0.0, Max: 0.1, Diff: 0.1, Sum: 0.2]
      [GC Worker Total (ms): Min: 11.3, Avg: 15.1, Max: 21.0, Diff: 9.7, Sum: 120.4]
      [GC Worker End (ms): Min: 5478585.4, Avg: 5478585.7, Max: 5478587.1, Diff: 1.8]
   [Code Root Fixup: 0.0 ms]
   [Code Root Purge: 0.0 ms]
   [Clear CT: 3.4 ms]
   [Other: 24.2 ms]
      [Choose CSet: 0.0 ms]
      [Ref Proc: 4.8 ms]
      [Ref Enq: 0.0 ms]
      [Redirty Cards: 18.6 ms]
      [Humongous Register: 0.1 ms]
      [Humongous Reclaim: 0.0 ms]
      [Free CSet: 0.1 ms]
   [Eden: 47104.0K(47104.0K)->0.0B(47104.0K) Survivors: 5120.0K->5120.0K Heap: 254.7M(1024.0M)->208.7M(1024.0M)]
 [Times: user=0.10 sys=0.00, real=0.06 secs] 
2022-11-23T17:13:07.863+0100: 5501.827: [GC pause (G1 Evacuation Pause) (young), 0.0543930 secs]
   [Parallel Time: 38.5 ms, GC Workers: 8]
      [GC Worker Start (ms): Min: 5501828.0, Avg: 5501836.6, Max: 5501845.3, Diff: 17.3]
      [Ext Root Scanning (ms): Min: 0.0, Avg: 0.6, Max: 1.9, Diff: 1.9, Sum: 4.6]
      [Update RS (ms): Min: 0.0, Avg: 5.1, Max: 27.9, Diff: 27.9, Sum: 41.2]
         [Processed Buffers: Min: 0, Avg: 5.6, Max: 26, Diff: 26, Sum: 45]
      [Scan RS (ms): Min: 0.0, Avg: 2.3, Max: 5.1, Diff: 5.1, Sum: 18.6]
      [Code Root Scanning (ms): Min: 0.0, Avg: 0.0, Max: 0.1, Diff: 0.1, Sum: 0.1]
      [Object Copy (ms): Min: 1.6, Avg: 11.3, Max: 15.5, Diff: 13.8, Sum: 90.6]
      [Termination (ms): Min: 0.0, Avg: 4.7, Max: 10.8, Diff: 10.8, Sum: 37.9]
         [Termination Attempts: Min: 1, Avg: 7.6, Max: 24, Diff: 23, Sum: 61]
      [GC Worker Other (ms): Min: 0.0, Avg: 0.0, Max: 0.1, Diff: 0.1, Sum: 0.2]
      [GC Worker Total (ms): Min: 13.8, Avg: 24.2, Max: 37.8, Diff: 24.0, Sum: 193.3]
      [GC Worker End (ms): Min: 5501859.0, Avg: 5501860.8, Max: 5501866.2, Diff: 7.2]
   [Code Root Fixup: 0.0 ms]
   [Code Root Purge: 0.0 ms]
   [Clear CT: 1.7 ms]
   [Other: 14.1 ms]
      [Choose CSet: 0.0 ms]
      [Ref Proc: 12.0 ms]
      [Ref Enq: 0.0 ms]
      [Redirty Cards: 1.0 ms]
      [Humongous Register: 0.4 ms]
      [Humongous Reclaim: 0.1 ms]
      [Free CSet: 0.1 ms]
   [Eden: 47104.0K(47104.0K)->0.0B(46080.0K) Survivors: 5120.0K->6144.0K Heap: 254.7M(1024.0M)->209.9M(1024.0M)]
 [Times: user=0.13 sys=0.02, real=0.05 secs] 
2022-11-23T17:13:27.950+0100: 5521.914: [GC pause (G1 Evacuation Pause) (young), 0.0588656 secs]
   [Parallel Time: 37.8 ms, GC Workers: 8]
      [GC Worker Start (ms): Min: 5521914.9, Avg: 5521928.8, Max: 5521944.4, Diff: 29.5]
      [Ext Root Scanning (ms): Min: 0.0, Avg: 0.8, Max: 3.1, Diff: 3.0, Sum: 6.2]
      [Update RS (ms): Min: 0.0, Avg: 4.8, Max: 29.0, Diff: 29.0, Sum: 38.8]
         [Processed Buffers: Min: 0, Avg: 5.0, Max: 23, Diff: 23, Sum: 40]
      [Scan RS (ms): Min: 0.0, Avg: 1.9, Max: 5.8, Diff: 5.8, Sum: 15.1]
      [Code Root Scanning (ms): Min: 0.0, Avg: 0.0, Max: 0.1, Diff: 0.1, Sum: 0.1]
      [Object Copy (ms): Min: 0.2, Avg: 8.7, Max: 14.3, Diff: 14.0, Sum: 69.3]
      [Termination (ms): Min: 0.0, Avg: 2.7, Max: 7.0, Diff: 7.0, Sum: 21.5]
         [Termination Attempts: Min: 1, Avg: 17.2, Max: 46, Diff: 45, Sum: 138]
      [GC Worker Other (ms): Min: 0.0, Avg: 0.0, Max: 0.0, Diff: 0.0, Sum: 0.1]
      [GC Worker Total (ms): Min: 2.9, Avg: 18.9, Max: 36.2, Diff: 33.3, Sum: 151.1]
      [GC Worker End (ms): Min: 5521947.1, Avg: 5521947.7, Max: 5521951.1, Diff: 4.0]
   [Code Root Fixup: 0.0 ms]
   [Code Root Purge: 0.0 ms]
   [Clear CT: 13.2 ms]
   [Other: 7.8 ms]
      [Choose CSet: 0.0 ms]
      [Ref Proc: 6.1 ms]
      [Ref Enq: 0.0 ms]
      [Redirty Cards: 1.0 ms]
      [Humongous Register: 0.1 ms]
      [Humongous Reclaim: 0.0 ms]
      [Free CSet: 0.1 ms]
   [Eden: 46080.0K(46080.0K)->0.0B(48128.0K) Survivors: 6144.0K->4096.0K Heap: 254.9M(1024.0M)->208.8M(1024.0M)]
 [Times: user=0.12 sys=0.00, real=0.06 secs] 
2022-11-23T17:13:44.687+0100: 5538.652: [GC pause (G1 Evacuation Pause) (young), 0.0840809 secs]
   [Parallel Time: 42.9 ms, GC Workers: 8]
      [GC Worker Start (ms): Min: 5538652.1, Avg: 5538661.0, Max: 5538674.6, Diff: 22.5]
      [Ext Root Scanning (ms): Min: 0.0, Avg: 0.5, Max: 1.3, Diff: 1.3, Sum: 3.9]
      [Update RS (ms): Min: 0.0, Avg: 1.3, Max: 2.6, Diff: 2.6, Sum: 10.3]
         [Processed Buffers: Min: 0, Avg: 5.9, Max: 19, Diff: 19, Sum: 47]
      [Scan RS (ms): Min: 0.0, Avg: 2.1, Max: 5.2, Diff: 5.2, Sum: 16.8]
      [Code Root Scanning (ms): Min: 0.0, Avg: 0.0, Max: 0.1, Diff: 0.1, Sum: 0.1]
      [Object Copy (ms): Min: 0.0, Avg: 10.5, Max: 34.0, Diff: 34.0, Sum: 83.9]
      [Termination (ms): Min: 0.0, Avg: 18.6, Max: 22.0, Diff: 22.0, Sum: 148.4]
         [Termination Attempts: Min: 1, Avg: 4.5, Max: 11, Diff: 10, Sum: 36]
      [GC Worker Other (ms): Min: 0.0, Avg: 0.2, Max: 0.5, Diff: 0.5, Sum: 1.7]
      [GC Worker Total (ms): Min: 19.5, Avg: 33.1, Max: 42.2, Diff: 22.7, Sum: 265.2]
      [GC Worker End (ms): Min: 5538693.9, Avg: 5538694.2, Max: 5538694.5, Diff: 0.6]
   [Code Root Fixup: 0.0 ms]
   [Code Root Purge: 0.0 ms]
   [Clear CT: 7.2 ms]
   [Other: 34.0 ms]
      [Choose CSet: 0.0 ms]
      [Ref Proc: 32.2 ms]
      [Ref Enq: 0.0 ms]
      [Redirty Cards: 1.0 ms]
      [Humongous Register: 0.1 ms]
      [Humongous Reclaim: 0.1 ms]
      [Free CSet: 0.1 ms]
   [Eden: 48128.0K(48128.0K)->0.0B(47104.0K) Survivors: 4096.0K->5120.0K Heap: 255.8M(1024.0M)->209.7M(1024.0M)]
 [Times: user=0.25 sys=0.01, real=0.09 secs] 
2022-11-23T17:13:58.563+0100: 5552.528: [GC pause (G1 Evacuation Pause) (young), 0.0640221 secs]
   [Parallel Time: 54.4 ms, GC Workers: 8]
      [GC Worker Start (ms): Min: 5552528.4, Avg: 5552557.4, Max: 5552578.3, Diff: 49.9]
      [Ext Root Scanning (ms): Min: 0.0, Avg: 0.5, Max: 3.6, Diff: 3.6, Sum: 3.7]
      [Update RS (ms): Min: 0.0, Avg: 9.4, Max: 49.1, Diff: 49.1, Sum: 75.6]
         [Processed Buffers: Min: 0, Avg: 4.6, Max: 18, Diff: 18, Sum: 37]
      [Scan RS (ms): Min: 0.0, Avg: 3.6, Max: 21.6, Diff: 21.6, Sum: 28.6]
      [Code Root Scanning (ms): Min: 0.0, Avg: 0.0, Max: 0.0, Diff: 0.0, Sum: 0.0]
      [Object Copy (ms): Min: 0.3, Avg: 9.0, Max: 19.7, Diff: 19.4, Sum: 72.1]
      [Termination (ms): Min: 0.0, Avg: 1.8, Max: 2.7, Diff: 2.7, Sum: 14.5]
         [Termination Attempts: Min: 1, Avg: 14.6, Max: 45, Diff: 44, Sum: 117]
      [GC Worker Other (ms): Min: 0.0, Avg: 0.1, Max: 0.3, Diff: 0.3, Sum: 0.5]
      [GC Worker Total (ms): Min: 3.4, Avg: 24.4, Max: 53.3, Diff: 49.9, Sum: 195.1]
      [GC Worker End (ms): Min: 5552581.7, Avg: 5552581.8, Max: 5552582.5, Diff: 0.8]
   [Code Root Fixup: 0.0 ms]
   [Code Root Purge: 0.0 ms]
   [Clear CT: 1.2 ms]
   [Other: 8.4 ms]
      [Choose CSet: 0.0 ms]
      [Ref Proc: 5.0 ms]
      [Ref Enq: 0.0 ms]
      [Redirty Cards: 2.7 ms]
      [Humongous Register: 0.1 ms]
      [Humongous Reclaim: 0.1 ms]
      [Free CSet: 0.1 ms]
   [Eden: 47104.0K(47104.0K)->0.0B(46080.0K) Survivors: 5120.0K->6144.0K Heap: 255.7M(1024.0M)->211.0M(1024.0M)]
 [Times: user=0.15 sys=0.03, real=0.06 secs] 
2022-11-23T17:14:12.148+0100: 5566.112: [GC pause (G1 Evacuation Pause) (young), 0.0420455 secs]
   [Parallel Time: 33.3 ms, GC Workers: 8]
      [GC Worker Start (ms): Min: 5566112.8, Avg: 5566118.4, Max: 5566124.0, Diff: 11.1]
      [Ext Root Scanning (ms): Min: 0.0, Avg: 0.5, Max: 1.3, Diff: 1.3, Sum: 4.2]
      [Update RS (ms): Min: 0.0, Avg: 1.6, Max: 4.0, Diff: 4.0, Sum: 13.2]
         [Processed Buffers: Min: 0, Avg: 5.4, Max: 31, Diff: 31, Sum: 43]
      [Scan RS (ms): Min: 0.0, Avg: 1.1, Max: 2.5, Diff: 2.5, Sum: 8.8]
      [Code Root Scanning (ms): Min: 0.0, Avg: 0.0, Max: 0.1, Diff: 0.1, Sum: 0.1]
      [Object Copy (ms): Min: 6.8, Avg: 11.2, Max: 25.9, Diff: 19.1, Sum: 89.4]
      [Termination (ms): Min: 0.0, Avg: 12.6, Max: 14.7, Diff: 14.7, Sum: 100.4]
         [Termination Attempts: Min: 1, Avg: 1.9, Max: 4, Diff: 3, Sum: 15]
      [GC Worker Other (ms): Min: 0.0, Avg: 0.2, Max: 0.3, Diff: 0.3, Sum: 1.2]
      [GC Worker Total (ms): Min: 21.7, Avg: 27.2, Max: 32.6, Diff: 10.9, Sum: 217.3]
      [GC Worker End (ms): Min: 5566145.4, Avg: 5566145.6, Max: 5566145.7, Diff: 0.3]
   [Code Root Fixup: 0.0 ms]
   [Code Root Purge: 0.0 ms]
   [Clear CT: 1.1 ms]
   [Other: 7.6 ms]
      [Choose CSet: 0.0 ms]
      [Ref Proc: 5.7 ms]
      [Ref Enq: 0.0 ms]
      [Redirty Cards: 1.0 ms]
      [Humongous Register: 0.1 ms]
      [Humongous Reclaim: 0.1 ms]
      [Free CSet: 0.1 ms]
   [Eden: 46080.0K(46080.0K)->0.0B(48128.0K) Survivors: 6144.0K->4096.0K Heap: 256.0M(1024.0M)->209.6M(1024.0M)]
 [Times: user=0.16 sys=0.00, real=0.04 secs] 
2022-11-23T17:14:26.247+0100: 5580.211: [GC pause (G1 Evacuation Pause) (young), 0.0517255 secs]
   [Parallel Time: 37.7 ms, GC Workers: 8]
      [GC Worker Start (ms): Min: 5580211.7, Avg: 5580228.1, Max: 5580236.8, Diff: 25.1]
      [Ext Root Scanning (ms): Min: 0.0, Avg: 0.6, Max: 4.3, Diff: 4.3, Sum: 4.5]
      [Update RS (ms): Min: 0.0, Avg: 3.1, Max: 23.2, Diff: 23.2, Sum: 24.9]
         [Processed Buffers: Min: 0, Avg: 5.1, Max: 18, Diff: 18, Sum: 41]
      [Scan RS (ms): Min: 0.0, Avg: 1.1, Max: 2.3, Diff: 2.3, Sum: 8.8]
      [Code Root Scanning (ms): Min: 0.0, Avg: 0.0, Max: 0.0, Diff: 0.0, Sum: 0.1]
      [Object Copy (ms): Min: 0.4, Avg: 5.4, Max: 9.8, Diff: 9.3, Sum: 43.2]
      [Termination (ms): Min: 0.0, Avg: 1.4, Max: 1.7, Diff: 1.7, Sum: 11.0]
         [Termination Attempts: Min: 1, Avg: 16.1, Max: 28, Diff: 27, Sum: 129]
      [GC Worker Other (ms): Min: 0.0, Avg: 0.0, Max: 0.0, Diff: 0.0, Sum: 0.1]
      [GC Worker Total (ms): Min: 2.9, Avg: 11.6, Max: 28.0, Diff: 25.1, Sum: 92.4]
      [GC Worker End (ms): Min: 5580239.6, Avg: 5580239.7, Max: 5580239.7, Diff: 0.1]
   [Code Root Fixup: 0.0 ms]
   [Code Root Purge: 0.0 ms]
   [Clear CT: 2.0 ms]
   [Other: 12.1 ms]
      [Choose CSet: 0.0 ms]
      [Ref Proc: 8.0 ms]
      [Ref Enq: 0.0 ms]
      [Redirty Cards: 3.3 ms]
      [Humongous Register: 0.2 ms]
      [Humongous Reclaim: 0.1 ms]
      [Free CSet: 0.1 ms]
   [Eden: 48128.0K(48128.0K)->0.0B(46080.0K) Survivors: 4096.0K->6144.0K Heap: 256.6M(1024.0M)->211.4M(1024.0M)]
 [Times: user=0.08 sys=0.02, real=0.05 secs] 
2022-11-23T17:14:39.664+0100: 5593.629: [GC pause (G1 Evacuation Pause) (young), 0.0348015 secs]
   [Parallel Time: 22.4 ms, GC Workers: 8]
      [GC Worker Start (ms): Min: 5593629.1, Avg: 5593631.1, Max: 5593640.9, Diff: 11.8]
      [Ext Root Scanning (ms): Min: 0.0, Avg: 0.7, Max: 1.7, Diff: 1.7, Sum: 5.8]
      [Update RS (ms): Min: 0.0, Avg: 1.6, Max: 3.8, Diff: 3.8, Sum: 12.9]
         [Processed Buffers: Min: 0, Avg: 4.9, Max: 19, Diff: 19, Sum: 39]
      [Scan RS (ms): Min: 0.0, Avg: 2.2, Max: 3.3, Diff: 3.3, Sum: 17.9]
      [Code Root Scanning (ms): Min: 0.0, Avg: 0.0, Max: 0.0, Diff: 0.0, Sum: 0.0]
      [Object Copy (ms): Min: 2.3, Avg: 8.7, Max: 14.1, Diff: 11.9, Sum: 69.6]
      [Termination (ms): Min: 0.0, Avg: 5.2, Max: 6.7, Diff: 6.7, Sum: 41.3]
         [Termination Attempts: Min: 1, Avg: 1.2, Max: 3, Diff: 2, Sum: 10]
      [GC Worker Other (ms): Min: 0.0, Avg: 0.0, Max: 0.0, Diff: 0.0, Sum: 0.1]
      [GC Worker Total (ms): Min: 8.3, Avg: 18.5, Max: 22.0, Diff: 13.7, Sum: 147.8]
      [GC Worker End (ms): Min: 5593649.1, Avg: 5593649.5, Max: 5593651.2, Diff: 2.0]
   [Code Root Fixup: 0.0 ms]
   [Code Root Purge: 0.0 ms]
   [Clear CT: 1.4 ms]
   [Other: 11.0 ms]
      [Choose CSet: 0.0 ms]
      [Ref Proc: 8.4 ms]
      [Ref Enq: 0.0 ms]
      [Redirty Cards: 1.7 ms]
      [Humongous Register: 0.0 ms]
      [Humongous Reclaim: 0.1 ms]
      [Free CSet: 0.2 ms]
   [Eden: 46080.0K(46080.0K)->0.0B(47104.0K) Survivors: 6144.0K->5120.0K Heap: 256.4M(1024.0M)->210.5M(1024.0M)]
 [Times: user=0.15 sys=0.00, real=0.03 secs] 
2022-11-23T17:14:53.422+0100: 5607.387: [GC pause (G1 Evacuation Pause) (young), 0.0528636 secs]
   [Parallel Time: 37.9 ms, GC Workers: 8]
      [GC Worker Start (ms): Min: 5607387.1, Avg: 5607391.8, Max: 5607397.5, Diff: 10.4]
      [Ext Root Scanning (ms): Min: 0.0, Avg: 0.5, Max: 1.4, Diff: 1.4, Sum: 4.3]
      [Update RS (ms): Min: 0.0, Avg: 1.2, Max: 2.6, Diff: 2.6, Sum: 9.3]
         [Processed Buffers: Min: 0, Avg: 5.1, Max: 29, Diff: 29, Sum: 41]
      [Scan RS (ms): Min: 0.0, Avg: 1.7, Max: 3.6, Diff: 3.6, Sum: 13.7]
      [Code Root Scanning (ms): Min: 0.0, Avg: 0.0, Max: 0.1, Diff: 0.1, Sum: 0.1]
      [Object Copy (ms): Min: 5.6, Avg: 8.0, Max: 9.8, Diff: 4.2, Sum: 63.8]
      [Termination (ms): Min: 0.0, Avg: 1.4, Max: 7.0, Diff: 7.0, Sum: 11.3]
         [Termination Attempts: Min: 1, Avg: 1.5, Max: 3, Diff: 2, Sum: 12]
      [GC Worker Other (ms): Min: 0.0, Avg: 0.0, Max: 0.0, Diff: 0.0, Sum: 0.2]
      [GC Worker Total (ms): Min: 6.3, Avg: 12.8, Max: 16.7, Diff: 10.4, Sum: 102.6]
      [GC Worker End (ms): Min: 5607403.7, Avg: 5607404.7, Max: 5607410.1, Diff: 6.4]
   [Code Root Fixup: 0.0 ms]
   [Code Root Purge: 0.0 ms]
   [Clear CT: 1.0 ms]
   [Other: 14.0 ms]
      [Choose CSet: 0.0 ms]
      [Ref Proc: 12.1 ms]
      [Ref Enq: 0.0 ms]
      [Redirty Cards: 1.1 ms]
      [Humongous Register: 0.2 ms]
      [Humongous Reclaim: 0.1 ms]
      [Free CSet: 0.1 ms]
   [Eden: 47104.0K(47104.0K)->0.0B(47104.0K) Survivors: 5120.0K->5120.0K Heap: 256.5M(1024.0M)->210.6M(1024.0M)]
 [Times: user=0.10 sys=0.02, real=0.05 secs] 
2022-11-23T17:15:15.711+0100: 5629.676: [GC pause (G1 Evacuation Pause) (young), 0.1043567 secs]
   [Parallel Time: 55.0 ms, GC Workers: 8]
      [GC Worker Start (ms): Min: 5629678.4, Avg: 5629685.8, Max: 5629705.2, Diff: 26.7]
      [Ext Root Scanning (ms): Min: 0.0, Avg: 3.3, Max: 20.5, Diff: 20.5, Sum: 26.0]
      [Update RS (ms): Min: 0.0, Avg: 15.2, Max: 45.7, Diff: 45.7, Sum: 121.4]
         [Processed Buffers: Min: 0, Avg: 6.4, Max: 23, Diff: 23, Sum: 51]
      [Scan RS (ms): Min: 0.0, Avg: 1.3, Max: 5.0, Diff: 5.0, Sum: 10.1]
      [Code Root Scanning (ms): Min: 0.0, Avg: 0.0, Max: 0.0, Diff: 0.0, Sum: 0.0]
      [Object Copy (ms): Min: 0.6, Avg: 18.6, Max: 33.8, Diff: 33.3, Sum: 149.0]
      [Termination (ms): Min: 0.0, Avg: 4.0, Max: 5.6, Diff: 5.6, Sum: 31.6]
         [Termination Attempts: Min: 1, Avg: 4.9, Max: 14, Diff: 13, Sum: 39]
      [GC Worker Other (ms): Min: 0.0, Avg: 0.0, Max: 0.1, Diff: 0.0, Sum: 0.2]
      [GC Worker Total (ms): Min: 23.0, Avg: 42.3, Max: 49.7, Diff: 26.7, Sum: 338.4]
      [GC Worker End (ms): Min: 5629728.1, Avg: 5629728.1, Max: 5629728.2, Diff: 0.1]
   [Code Root Fixup: 0.0 ms]
   [Code Root Purge: 0.0 ms]
   [Clear CT: 13.2 ms]
   [Other: 36.1 ms]
      [Choose CSet: 0.0 ms]
      [Ref Proc: 26.7 ms]
      [Ref Enq: 0.0 ms]
      [Redirty Cards: 8.4 ms]
      [Humongous Register: 0.1 ms]
      [Humongous Reclaim: 0.1 ms]
      [Free CSet: 0.1 ms]
   [Eden: 47104.0K(47104.0K)->0.0B(45056.0K) Survivors: 5120.0K->7168.0K Heap: 256.6M(1024.0M)->213.6M(1024.0M)]
 [Times: user=0.26 sys=0.08, real=0.10 secs] 
2022-11-23T17:15:31.537+0100: 5645.502: [GC pause (G1 Evacuation Pause) (young), 0.0586293 secs]
   [Parallel Time: 23.3 ms, GC Workers: 8]
      [GC Worker Start (ms): Min: 5645502.4, Avg: 5645513.2, Max: 5645523.1, Diff: 20.6]
      [Ext Root Scanning (ms): Min: 0.0, Avg: 0.5, Max: 2.0, Diff: 2.0, Sum: 3.8]
      [Update RS (ms): Min: 0.0, Avg: 1.0, Max: 4.4, Diff: 4.4, Sum: 8.0]
         [Processed Buffers: Min: 0, Avg: 5.4, Max: 39, Diff: 39, Sum: 43]
      [Scan RS (ms): Min: 0.0, Avg: 1.4, Max: 6.1, Diff: 6.1, Sum: 11.4]
      [Code Root Scanning (ms): Min: 0.0, Avg: 0.0, Max: 0.0, Diff: 0.0, Sum: 0.0]
      [Object Copy (ms): Min: 0.0, Avg: 7.2, Max: 11.2, Diff: 11.2, Sum: 57.7]
      [Termination (ms): Min: 0.0, Avg: 2.1, Max: 2.8, Diff: 2.8, Sum: 17.1]
         [Termination Attempts: Min: 1, Avg: 1.5, Max: 2, Diff: 1, Sum: 12]
      [GC Worker Other (ms): Min: 0.0, Avg: 0.0, Max: 0.0, Diff: 0.0, Sum: 0.1]
      [GC Worker Total (ms): Min: 2.4, Avg: 12.3, Max: 23.0, Diff: 20.6, Sum: 98.2]
      [GC Worker End (ms): Min: 5645525.4, Avg: 5645525.5, Max: 5645525.5, Diff: 0.0]
   [Code Root Fixup: 0.0 ms]
   [Code Root Purge: 0.0 ms]
   [Clear CT: 3.0 ms]
   [Other: 32.3 ms]
      [Choose CSet: 0.0 ms]
      [Ref Proc: 29.9 ms]
      [Ref Enq: 0.0 ms]
      [Redirty Cards: 1.6 ms]
      [Humongous Register: 0.0 ms]
      [Humongous Reclaim: 0.1 ms]
      [Free CSet: 0.1 ms]
   [Eden: 45056.0K(45056.0K)->0.0B(45056.0K) Survivors: 7168.0K->7168.0K Heap: 257.6M(1024.0M)->213.8M(1024.0M)]
 [Times: user=0.15 sys=0.00, real=0.06 secs] 
2022-11-23T17:15:43.891+0100: 5657.856: [GC pause (G1 Evacuation Pause) (young), 0.0669965 secs]
   [Parallel Time: 60.6 ms, GC Workers: 8]
      [GC Worker Start (ms): Min: 5657856.3, Avg: 5657873.4, Max: 5657886.1, Diff: 29.9]
      [Ext Root Scanning (ms): Min: 0.0, Avg: 0.5, Max: 1.9, Diff: 1.9, Sum: 3.7]
      [Update RS (ms): Min: 0.0, Avg: 6.2, Max: 44.3, Diff: 44.3, Sum: 49.8]
         [Processed Buffers: Min: 0, Avg: 5.8, Max: 46, Diff: 46, Sum: 46]
      [Scan RS (ms): Min: 0.2, Avg: 14.7, Max: 40.4, Diff: 40.2, Sum: 117.7]
      [Code Root Scanning (ms): Min: 0.0, Avg: 0.0, Max: 0.0, Diff: 0.0, Sum: 0.0]
      [Object Copy (ms): Min: 0.8, Avg: 12.7, Max: 21.7, Diff: 20.8, Sum: 101.2]
      [Termination (ms): Min: 0.0, Avg: 8.1, Max: 11.4, Diff: 11.4, Sum: 65.1]
         [Termination Attempts: Min: 1, Avg: 1.2, Max: 3, Diff: 2, Sum: 10]
      [GC Worker Other (ms): Min: 0.0, Avg: 0.0, Max: 0.1, Diff: 0.1, Sum: 0.2]
      [GC Worker Total (ms): Min: 29.3, Avg: 42.2, Max: 59.4, Diff: 30.1, Sum: 337.8]
      [GC Worker End (ms): Min: 5657915.4, Avg: 5657915.6, Max: 5657916.5, Diff: 1.0]
   [Code Root Fixup: 0.0 ms]
   [Code Root Purge: 0.0 ms]
   [Clear CT: 1.0 ms]
   [Other: 5.4 ms]
      [Choose CSet: 0.0 ms]
      [Ref Proc: 3.5 ms]
      [Ref Enq: 0.0 ms]
      [Redirty Cards: 1.0 ms]
      [Humongous Register: 0.1 ms]
      [Humongous Reclaim: 0.1 ms]
      [Free CSet: 0.1 ms]
   [Eden: 45056.0K(45056.0K)->0.0B(47104.0K) Survivors: 7168.0K->5120.0K Heap: 257.8M(1024.0M)->211.8M(1024.0M)]
 [Times: user=0.20 sys=0.09, real=0.06 secs] 
2022-11-23T17:15:56.105+0100: 5670.069: [GC pause (G1 Evacuation Pause) (young), 0.0451189 secs]
   [Parallel Time: 29.1 ms, GC Workers: 8]
      [GC Worker Start (ms): Min: 5670069.7, Avg: 5670073.9, Max: 5670085.5, Diff: 15.7]
      [Ext Root Scanning (ms): Min: 0.0, Avg: 0.5, Max: 1.2, Diff: 1.2, Sum: 3.8]
      [Update RS (ms): Min: 0.0, Avg: 1.4, Max: 2.8, Diff: 2.8, Sum: 10.9]
         [Processed Buffers: Min: 0, Avg: 5.5, Max: 23, Diff: 23, Sum: 44]
      [Scan RS (ms): Min: 0.0, Avg: 4.8, Max: 16.2, Diff: 16.2, Sum: 38.3]
      [Code Root Scanning (ms): Min: 0.0, Avg: 0.0, Max: 0.0, Diff: 0.0, Sum: 0.0]
      [Object Copy (ms): Min: 0.1, Avg: 9.4, Max: 19.0, Diff: 18.9, Sum: 75.5]
      [Termination (ms): Min: 0.0, Avg: 6.0, Max: 9.5, Diff: 9.5, Sum: 48.1]
         [Termination Attempts: Min: 1, Avg: 6.1, Max: 12, Diff: 11, Sum: 49]
      [GC Worker Other (ms): Min: 0.0, Avg: 0.0, Max: 0.0, Diff: 0.0, Sum: 0.1]
      [GC Worker Total (ms): Min: 10.3, Avg: 22.1, Max: 26.0, Diff: 15.7, Sum: 176.7]
      [GC Worker End (ms): Min: 5670095.7, Avg: 5670096.0, Max: 5670098.4, Diff: 2.7]
   [Code Root Fixup: 0.0 ms]
   [Code Root Purge: 0.0 ms]
   [Clear CT: 1.7 ms]
   [Other: 14.3 ms]
      [Choose CSet: 0.0 ms]
      [Ref Proc: 13.1 ms]
      [Ref Enq: 0.0 ms]
      [Redirty Cards: 0.5 ms]
      [Humongous Register: 0.1 ms]
      [Humongous Reclaim: 0.0 ms]
      [Free CSet: 0.1 ms]
   [Eden: 47104.0K(47104.0K)->0.0B(45056.0K) Survivors: 5120.0K->7168.0K Heap: 257.8M(1024.0M)->214.4M(1024.0M)]
 [Times: user=0.17 sys=0.01, real=0.04 secs] 
2022-11-23T17:16:06.101+0100: 5680.065: [GC pause (G1 Evacuation Pause) (young), 0.0583378 secs]
   [Parallel Time: 27.5 ms, GC Workers: 8]
      [GC Worker Start (ms): Min: 5680065.8, Avg: 5680081.1, Max: 5680091.9, Diff: 26.0]
      [Ext Root Scanning (ms): Min: 0.0, Avg: 0.6, Max: 2.4, Diff: 2.4, Sum: 4.8]
      [Update RS (ms): Min: 0.0, Avg: 1.7, Max: 6.7, Diff: 6.7, Sum: 13.3]
         [Processed Buffers: Min: 0, Avg: 5.5, Max: 23, Diff: 23, Sum: 44]
      [Scan RS (ms): Min: 0.0, Avg: 4.1, Max: 16.8, Diff: 16.8, Sum: 32.5]
      [Code Root Scanning (ms): Min: 0.0, Avg: 0.0, Max: 0.0, Diff: 0.0, Sum: 0.0]
      [Object Copy (ms): Min: 0.0, Avg: 4.2, Max: 9.0, Diff: 9.0, Sum: 33.6]
      [Termination (ms): Min: 0.0, Avg: 0.3, Max: 1.0, Diff: 1.0, Sum: 2.7]
         [Termination Attempts: Min: 1, Avg: 1.8, Max: 5, Diff: 4, Sum: 14]
      [GC Worker Other (ms): Min: 0.0, Avg: 0.0, Max: 0.1, Diff: 0.0, Sum: 0.1]
      [GC Worker Total (ms): Min: 0.0, Avg: 10.9, Max: 26.7, Diff: 26.7, Sum: 87.0]
      [GC Worker End (ms): Min: 5680091.9, Avg: 5680092.0, Max: 5680092.5, Diff: 0.7]
   [Code Root Fixup: 0.0 ms]
   [Code Root Purge: 0.0 ms]
   [Clear CT: 1.0 ms]
   [Other: 29.9 ms]
      [Choose CSet: 0.0 ms]
      [Ref Proc: 27.6 ms]
      [Ref Enq: 0.0 ms]
      [Redirty Cards: 1.6 ms]
      [Humongous Register: 0.1 ms]
      [Humongous Reclaim: 0.1 ms]
      [Free CSet: 0.1 ms]
   [Eden: 45056.0K(45056.0K)->0.0B(45056.0K) Survivors: 7168.0K->7168.0K Heap: 258.4M(1024.0M)->213.9M(1024.0M)]
 [Times: user=0.15 sys=0.00, real=0.05 secs] 
2022-11-23T17:16:17.190+0100: 5691.154: [GC pause (G1 Evacuation Pause) (young), 0.0297720 secs]
   [Parallel Time: 22.3 ms, GC Workers: 8]
      [GC Worker Start (ms): Min: 5691154.7, Avg: 5691160.4, Max: 5691165.4, Diff: 10.7]
      [Ext Root Scanning (ms): Min: 0.0, Avg: 0.5, Max: 2.3, Diff: 2.3, Sum: 4.0]
      [Update RS (ms): Min: 0.0, Avg: 3.3, Max: 17.5, Diff: 17.5, Sum: 26.3]
         [Processed Buffers: Min: 0, Avg: 5.6, Max: 23, Diff: 23, Sum: 45]
      [Scan RS (ms): Min: 0.0, Avg: 1.1, Max: 1.9, Diff: 1.9, Sum: 8.5]
      [Code Root Scanning (ms): Min: 0.0, Avg: 0.0, Max: 0.0, Diff: 0.0, Sum: 0.0]
      [Object Copy (ms): Min: 0.2, Avg: 8.1, Max: 10.2, Diff: 10.0, Sum: 64.8]
      [Termination (ms): Min: 0.0, Avg: 1.7, Max: 3.7, Diff: 3.7, Sum: 13.7]
         [Termination Attempts: Min: 1, Avg: 3.6, Max: 9, Diff: 8, Sum: 29]
      [GC Worker Other (ms): Min: 0.0, Avg: 0.0, Max: 0.0, Diff: 0.0, Sum: 0.1]
      [GC Worker Total (ms): Min: 9.4, Avg: 14.7, Max: 20.0, Diff: 10.7, Sum: 117.3]
      [GC Worker End (ms): Min: 5691174.7, Avg: 5691175.0, Max: 5691176.6, Diff: 1.9]
   [Code Root Fixup: 0.0 ms]
   [Code Root Purge: 0.0 ms]
   [Clear CT: 2.0 ms]
   [Other: 5.5 ms]
      [Choose CSet: 0.0 ms]
      [Ref Proc: 4.0 ms]
      [Ref Enq: 0.0 ms]
      [Redirty Cards: 0.7 ms]
      [Humongous Register: 0.1 ms]
      [Humongous Reclaim: 0.1 ms]
      [Free CSet: 0.1 ms]
   [Eden: 45056.0K(45056.0K)->0.0B(45056.0K) Survivors: 7168.0K->7168.0K Heap: 257.9M(1024.0M)->214.1M(1024.0M)]
 [Times: user=0.08 sys=0.01, real=0.03 secs] 
2022-11-23T17:16:34.501+0100: 5708.466: [GC pause (G1 Evacuation Pause) (young), 0.0931170 secs]
   [Parallel Time: 56.6 ms, GC Workers: 8]
      [GC Worker Start (ms): Min: 5708466.3, Avg: 5708477.4, Max: 5708485.4, Diff: 19.2]
      [Ext Root Scanning (ms): Min: 0.0, Avg: 0.9, Max: 3.6, Diff: 3.6, Sum: 7.2]
      [Update RS (ms): Min: 0.0, Avg: 9.0, Max: 29.3, Diff: 29.3, Sum: 72.0]
         [Processed Buffers: Min: 0, Avg: 5.1, Max: 21, Diff: 21, Sum: 41]
      [Scan RS (ms): Min: 0.0, Avg: 4.8, Max: 15.0, Diff: 15.0, Sum: 38.8]
      [Code Root Scanning (ms): Min: 0.0, Avg: 0.0, Max: 0.0, Diff: 0.0, Sum: 0.0]
      [Object Copy (ms): Min: 0.0, Avg: 10.4, Max: 28.1, Diff: 28.1, Sum: 83.3]
      [Termination (ms): Min: 0.0, Avg: 13.3, Max: 18.9, Diff: 18.9, Sum: 106.4]
         [Termination Attempts: Min: 1, Avg: 5.1, Max: 22, Diff: 21, Sum: 41]
      [GC Worker Other (ms): Min: 0.0, Avg: 0.0, Max: 0.0, Diff: 0.0, Sum: 0.2]
      [GC Worker Total (ms): Min: 30.3, Avg: 38.5, Max: 50.0, Diff: 19.7, Sum: 308.0]
      [GC Worker End (ms): Min: 5708515.7, Avg: 5708515.9, Max: 5708516.3, Diff: 0.6]
   [Code Root Fixup: 0.0 ms]
   [Code Root Purge: 0.0 ms]
   [Clear CT: 7.8 ms]
   [Other: 28.8 ms]
      [Choose CSet: 0.0 ms]
      [Ref Proc: 21.4 ms]
      [Ref Enq: 0.0 ms]
      [Redirty Cards: 6.4 ms]
      [Humongous Register: 0.1 ms]
      [Humongous Reclaim: 0.1 ms]
      [Free CSet: 0.1 ms]
   [Eden: 45056.0K(45056.0K)->0.0B(46080.0K) Survivors: 7168.0K->6144.0K Heap: 258.1M(1024.0M)->213.8M(1024.0M)]
 [Times: user=0.22 sys=0.02, real=0.10 secs] 
2022-11-23T17:16:52.536+0100: 5726.500: [GC pause (G1 Evacuation Pause) (young), 0.1099729 secs]
   [Parallel Time: 87.0 ms, GC Workers: 8]
      [GC Worker Start (ms): Min: 5726501.4, Avg: 5726526.1, Max: 5726557.3, Diff: 56.0]
      [Ext Root Scanning (ms): Min: 0.0, Avg: 0.8, Max: 3.2, Diff: 3.2, Sum: 6.2]
      [Update RS (ms): Min: 0.0, Avg: 21.9, Max: 84.3, Diff: 84.3, Sum: 175.5]
         [Processed Buffers: Min: 0, Avg: 5.4, Max: 37, Diff: 37, Sum: 43]
      [Scan RS (ms): Min: 0.0, Avg: 5.8, Max: 37.9, Diff: 37.9, Sum: 46.4]
      [Code Root Scanning (ms): Min: 0.0, Avg: 0.0, Max: 0.0, Diff: 0.0, Sum: 0.0]
      [Object Copy (ms): Min: 0.0, Avg: 7.6, Max: 19.3, Diff: 19.3, Sum: 60.9]
      [Termination (ms): Min: 0.0, Avg: 24.7, Max: 31.8, Diff: 31.8, Sum: 197.2]
         [Termination Attempts: Min: 1, Avg: 2.9, Max: 6, Diff: 5, Sum: 23]
      [GC Worker Other (ms): Min: 0.0, Avg: 0.0, Max: 0.0, Diff: 0.0, Sum: 0.1]
      [GC Worker Total (ms): Min: 29.6, Avg: 60.8, Max: 85.8, Diff: 56.2, Sum: 486.4]
      [GC Worker End (ms): Min: 5726586.9, Avg: 5726586.9, Max: 5726587.2, Diff: 0.4]
   [Code Root Fixup: 0.0 ms]
   [Code Root Purge: 0.0 ms]
   [Clear CT: 10.0 ms]
   [Other: 12.9 ms]
      [Choose CSet: 0.0 ms]
      [Ref Proc: 9.2 ms]
      [Ref Enq: 0.0 ms]
      [Redirty Cards: 1.8 ms]
      [Humongous Register: 0.2 ms]
      [Humongous Reclaim: 0.1 ms]
      [Free CSet: 0.1 ms]
   [Eden: 46080.0K(46080.0K)->0.0B(45056.0K) Survivors: 6144.0K->7168.0K Heap: 258.8M(1024.0M)->214.7M(1024.0M)]
 [Times: user=0.37 sys=0.06, real=0.11 secs] 
2022-11-23T17:17:07.718+0100: 5741.682: [GC pause (G1 Evacuation Pause) (young), 0.0390150 secs]
   [Parallel Time: 26.6 ms, GC Workers: 8]
      [GC Worker Start (ms): Min: 5741682.7, Avg: 5741693.9, Max: 5741700.9, Diff: 18.2]
      [Ext Root Scanning (ms): Min: 0.0, Avg: 0.5, Max: 2.1, Diff: 2.1, Sum: 4.2]
      [Update RS (ms): Min: 0.0, Avg: 1.3, Max: 5.3, Diff: 5.3, Sum: 10.4]
         [Processed Buffers: Min: 0, Avg: 5.8, Max: 27, Diff: 27, Sum: 46]
      [Scan RS (ms): Min: 0.1, Avg: 5.0, Max: 18.3, Diff: 18.2, Sum: 39.9]
      [Code Root Scanning (ms): Min: 0.0, Avg: 0.0, Max: 0.0, Diff: 0.0, Sum: 0.0]
      [Object Copy (ms): Min: 0.1, Avg: 7.5, Max: 11.4, Diff: 11.3, Sum: 60.2]
      [Termination (ms): Min: 0.0, Avg: 0.5, Max: 0.8, Diff: 0.8, Sum: 4.0]
         [Termination Attempts: Min: 1, Avg: 5.8, Max: 17, Diff: 16, Sum: 46]
      [GC Worker Other (ms): Min: 0.0, Avg: 0.0, Max: 0.0, Diff: 0.0, Sum: 0.1]
      [GC Worker Total (ms): Min: 7.8, Avg: 14.9, Max: 26.1, Diff: 18.2, Sum: 118.8]
      [GC Worker End (ms): Min: 5741708.6, Avg: 5741708.7, Max: 5741708.8, Diff: 0.1]
   [Code Root Fixup: 0.0 ms]
   [Code Root Purge: 0.0 ms]
   [Clear CT: 5.6 ms]
   [Other: 6.8 ms]
      [Choose CSet: 0.0 ms]
      [Ref Proc: 3.9 ms]
      [Ref Enq: 0.0 ms]
      [Redirty Cards: 2.0 ms]
      [Humongous Register: 0.3 ms]
      [Humongous Reclaim: 0.1 ms]
      [Free CSet: 0.1 ms]
   [Eden: 45056.0K(45056.0K)->0.0B(45056.0K) Survivors: 7168.0K->7168.0K Heap: 258.7M(1024.0M)->215.0M(1024.0M)]
 [Times: user=0.11 sys=0.00, real=0.04 secs] 
2022-11-23T17:17:24.952+0100: 5758.917: [GC pause (G1 Evacuation Pause) (young), 0.0805624 secs]
   [Parallel Time: 29.4 ms, GC Workers: 8]
      [GC Worker Start (ms): Min: 5758917.0, Avg: 5758924.0, Max: 5758935.4, Diff: 18.3]
      [Ext Root Scanning (ms): Min: 0.0, Avg: 0.7, Max: 1.9, Diff: 1.9, Sum: 5.2]
      [Update RS (ms): Min: 0.0, Avg: 1.7, Max: 5.5, Diff: 5.5, Sum: 13.8]
         [Processed Buffers: Min: 0, Avg: 5.9, Max: 23, Diff: 23, Sum: 47]
      [Scan RS (ms): Min: 0.2, Avg: 5.4, Max: 15.6, Diff: 15.4, Sum: 42.8]
      [Code Root Scanning (ms): Min: 0.0, Avg: 0.0, Max: 0.0, Diff: 0.0, Sum: 0.0]
      [Object Copy (ms): Min: 0.1, Avg: 7.1, Max: 12.0, Diff: 12.0, Sum: 56.5]
      [Termination (ms): Min: 0.0, Avg: 4.0, Max: 7.3, Diff: 7.3, Sum: 32.0]
         [Termination Attempts: Min: 1, Avg: 6.1, Max: 19, Diff: 18, Sum: 49]
      [GC Worker Other (ms): Min: 0.0, Avg: 0.0, Max: 0.0, Diff: 0.0, Sum: 0.1]
      [GC Worker Total (ms): Min: 7.7, Avg: 18.8, Max: 28.3, Diff: 20.6, Sum: 150.5]
      [GC Worker End (ms): Min: 5758941.5, Avg: 5758942.9, Max: 5758945.4, Diff: 3.8]
   [Code Root Fixup: 0.0 ms]
   [Code Root Purge: 0.0 ms]
   [Clear CT: 2.0 ms]
   [Other: 49.1 ms]
      [Choose CSet: 0.0 ms]
      [Ref Proc: 41.5 ms]
      [Ref Enq: 0.0 ms]
      [Redirty Cards: 6.8 ms]
      [Humongous Register: 0.1 ms]
      [Humongous Reclaim: 0.1 ms]
      [Free CSet: 0.1 ms]
   [Eden: 45056.0K(45056.0K)->0.0B(45056.0K) Survivors: 7168.0K->7168.0K Heap: 259.0M(1024.0M)->215.7M(1024.0M)]
 [Times: user=0.18 sys=0.02, real=0.08 secs] 
2022-11-23T17:17:38.853+0100: 5772.818: [GC pause (G1 Evacuation Pause) (young), 0.1093372 secs]
   [Parallel Time: 56.0 ms, GC Workers: 8]
      [GC Worker Start (ms): Min: 5772817.9, Avg: 5772838.7, Max: 5772860.5, Diff: 42.6]
      [Ext Root Scanning (ms): Min: 0.0, Avg: 6.2, Max: 46.4, Diff: 46.4, Sum: 49.8]
      [Update RS (ms): Min: 0.0, Avg: 6.6, Max: 45.3, Diff: 45.3, Sum: 53.2]
         [Processed Buffers: Min: 0, Avg: 5.9, Max: 33, Diff: 33, Sum: 47]
      [Scan RS (ms): Min: 0.0, Avg: 4.6, Max: 28.5, Diff: 28.5, Sum: 36.8]
      [Code Root Scanning (ms): Min: 0.0, Avg: 0.0, Max: 0.0, Diff: 0.0, Sum: 0.0]
      [Object Copy (ms): Min: 0.0, Avg: 4.4, Max: 17.2, Diff: 17.2, Sum: 35.0]
      [Termination (ms): Min: 0.4, Avg: 12.5, Max: 19.1, Diff: 18.7, Sum: 100.2]
         [Termination Attempts: Min: 1, Avg: 14.5, Max: 29, Diff: 28, Sum: 116]
      [GC Worker Other (ms): Min: 0.0, Avg: 0.0, Max: 0.0, Diff: 0.0, Sum: 0.1]
      [GC Worker Total (ms): Min: 12.6, Avg: 34.4, Max: 55.1, Diff: 42.6, Sum: 275.1]
      [GC Worker End (ms): Min: 5772873.0, Avg: 5772873.0, Max: 5772873.1, Diff: 0.1]
   [Code Root Fixup: 0.0 ms]
   [Code Root Purge: 0.0 ms]
   [Clear CT: 5.2 ms]
   [Other: 48.1 ms]
      [Choose CSet: 0.0 ms]
      [Ref Proc: 34.1 ms]
      [Ref Enq: 0.0 ms]
      [Redirty Cards: 13.2 ms]
      [Humongous Register: 0.1 ms]
      [Humongous Reclaim: 0.0 ms]
      [Free CSet: 0.1 ms]
   [Eden: 45056.0K(45056.0K)->0.0B(47104.0K) Survivors: 7168.0K->5120.0K Heap: 259.7M(1024.0M)->214.2M(1024.0M)]
 [Times: user=0.28 sys=0.07, real=0.11 secs] 
2022-11-23T17:17:52.610+0100: 5786.575: [GC pause (G1 Evacuation Pause) (young), 0.0704492 secs]
   [Parallel Time: 41.2 ms, GC Workers: 8]
      [GC Worker Start (ms): Min: 5786575.7, Avg: 5786594.1, Max: 5786610.1, Diff: 34.3]
      [Ext Root Scanning (ms): Min: 0.0, Avg: 1.0, Max: 6.5, Diff: 6.5, Sum: 7.9]
      [Update RS (ms): Min: 0.0, Avg: 1.9, Max: 9.1, Diff: 9.1, Sum: 15.6]
         [Processed Buffers: Min: 0, Avg: 5.5, Max: 31, Diff: 31, Sum: 44]
      [Scan RS (ms): Min: 0.1, Avg: 5.1, Max: 21.0, Diff: 20.9, Sum: 40.5]
      [Code Root Scanning (ms): Min: 0.0, Avg: 0.0, Max: 0.0, Diff: 0.0, Sum: 0.0]
      [Object Copy (ms): Min: 0.1, Avg: 12.5, Max: 31.9, Diff: 31.8, Sum: 100.3]
      [Termination (ms): Min: 0.0, Avg: 1.4, Max: 2.0, Diff: 2.0, Sum: 11.0]
         [Termination Attempts: Min: 1, Avg: 1.5, Max: 3, Diff: 2, Sum: 12]
      [GC Worker Other (ms): Min: 0.0, Avg: 0.1, Max: 0.5, Diff: 0.5, Sum: 0.6]
      [GC Worker Total (ms): Min: 6.3, Avg: 22.0, Max: 40.2, Diff: 33.8, Sum: 175.9]
      [GC Worker End (ms): Min: 5786615.9, Avg: 5786616.1, Max: 5786616.6, Diff: 0.7]
   [Code Root Fixup: 0.0 ms]
   [Code Root Purge: 0.0 ms]
   [Clear CT: 3.6 ms]
   [Other: 25.6 ms]
      [Choose CSet: 0.0 ms]
      [Ref Proc: 13.8 ms]
      [Ref Enq: 0.0 ms]
      [Redirty Cards: 10.6 ms]
      [Humongous Register: 0.4 ms]
      [Humongous Reclaim: 0.2 ms]
      [Free CSet: 0.1 ms]
   [Eden: 47104.0K(47104.0K)->0.0B(45056.0K) Survivors: 5120.0K->7168.0K Heap: 260.2M(1024.0M)->216.2M(1024.0M)]
 [Times: user=0.15 sys=0.00, real=0.08 secs] 
2022-11-23T17:18:05.510+0100: 5799.474: [GC pause (G1 Evacuation Pause) (young), 0.0426135 secs]
   [Parallel Time: 22.2 ms, GC Workers: 8]
      [GC Worker Start (ms): Min: 5799474.7, Avg: 5799479.1, Max: 5799486.4, Diff: 11.7]
      [Ext Root Scanning (ms): Min: 0.0, Avg: 1.8, Max: 10.6, Diff: 10.6, Sum: 14.4]
      [Update RS (ms): Min: 0.0, Avg: 1.4, Max: 3.2, Diff: 3.2, Sum: 11.1]
         [Processed Buffers: Min: 0, Avg: 5.8, Max: 21, Diff: 21, Sum: 46]
      [Scan RS (ms): Min: 0.0, Avg: 1.2, Max: 2.4, Diff: 2.4, Sum: 9.2]
      [Code Root Scanning (ms): Min: 0.0, Avg: 0.0, Max: 0.0, Diff: 0.0, Sum: 0.0]
      [Object Copy (ms): Min: 4.5, Avg: 8.1, Max: 12.1, Diff: 7.6, Sum: 64.7]
      [Termination (ms): Min: 0.0, Avg: 2.7, Max: 5.8, Diff: 5.8, Sum: 21.5]
         [Termination Attempts: Min: 1, Avg: 1.5, Max: 3, Diff: 2, Sum: 12]
      [GC Worker Other (ms): Min: 0.0, Avg: 0.0, Max: 0.1, Diff: 0.0, Sum: 0.2]
      [GC Worker Total (ms): Min: 7.1, Avg: 15.1, Max: 21.8, Diff: 14.7, Sum: 121.1]
      [GC Worker End (ms): Min: 5799493.5, Avg: 5799494.2, Max: 5799496.7, Diff: 3.2]
   [Code Root Fixup: 0.0 ms]
   [Code Root Purge: 0.0 ms]
   [Clear CT: 1.1 ms]
   [Other: 19.3 ms]
      [Choose CSet: 0.0 ms]
      [Ref Proc: 17.5 ms]
      [Ref Enq: 0.0 ms]
      [Redirty Cards: 1.1 ms]
      [Humongous Register: 0.1 ms]
      [Humongous Reclaim: 0.1 ms]
      [Free CSet: 0.1 ms]
   [Eden: 45056.0K(45056.0K)->0.0B(45056.0K) Survivors: 7168.0K->7168.0K Heap: 260.2M(1024.0M)->216.2M(1024.0M)]
 [Times: user=0.10 sys=0.01, real=0.05 secs] 
2022-11-23T17:18:18.678+0100: 5812.642: [GC pause (G1 Evacuation Pause) (young), 0.0677072 secs]
   [Parallel Time: 47.4 ms, GC Workers: 8]
      [GC Worker Start (ms): Min: 5812642.5, Avg: 5812644.3, Max: 5812653.0, Diff: 10.5]
      [Ext Root Scanning (ms): Min: 0.1, Avg: 0.6, Max: 1.4, Diff: 1.4, Sum: 4.8]
      [Update RS (ms): Min: 0.0, Avg: 1.8, Max: 2.9, Diff: 2.9, Sum: 14.4]
         [Processed Buffers: Min: 0, Avg: 6.4, Max: 21, Diff: 21, Sum: 51]
      [Scan RS (ms): Min: 0.0, Avg: 6.6, Max: 42.4, Diff: 42.4, Sum: 52.6]
      [Code Root Scanning (ms): Min: 0.0, Avg: 0.0, Max: 0.0, Diff: 0.0, Sum: 0.0]
      [Object Copy (ms): Min: 0.0, Avg: 18.0, Max: 41.3, Diff: 41.3, Sum: 144.3]
      [Termination (ms): Min: 0.0, Avg: 17.5, Max: 34.7, Diff: 34.7, Sum: 139.8]
         [Termination Attempts: Min: 1, Avg: 4.5, Max: 10, Diff: 9, Sum: 36]
      [GC Worker Other (ms): Min: 0.0, Avg: 0.0, Max: 0.0, Diff: 0.0, Sum: 0.2]
      [GC Worker Total (ms): Min: 35.8, Avg: 44.5, Max: 46.3, Diff: 10.5, Sum: 356.2]
      [GC Worker End (ms): Min: 5812688.8, Avg: 5812688.8, Max: 5812688.9, Diff: 0.1]
   [Code Root Fixup: 0.1 ms]
   [Code Root Purge: 0.0 ms]
   [Clear CT: 0.9 ms]
   [Other: 19.3 ms]
      [Choose CSet: 0.0 ms]
      [Ref Proc: 17.6 ms]
      [Ref Enq: 0.0 ms]
      [Redirty Cards: 1.0 ms]
      [Humongous Register: 0.1 ms]
      [Humongous Reclaim: 0.1 ms]
      [Free CSet: 0.1 ms]
   [Eden: 45056.0K(45056.0K)->0.0B(45056.0K) Survivors: 7168.0K->7168.0K Heap: 260.2M(1024.0M)->216.9M(1024.0M)]
 [Times: user=0.34 sys=0.02, real=0.07 secs] 
2022-11-23T17:18:35.137+0100: 5829.102: [GC pause (G1 Evacuation Pause) (young), 0.0701222 secs]
   [Parallel Time: 40.2 ms, GC Workers: 8]
      [GC Worker Start (ms): Min: 5829102.1, Avg: 5829114.7, Max: 5829125.7, Diff: 23.6]
      [Ext Root Scanning (ms): Min: 0.0, Avg: 0.6, Max: 2.2, Diff: 2.2, Sum: 4.5]
      [Update RS (ms): Min: 0.0, Avg: 8.6, Max: 31.4, Diff: 31.4, Sum: 68.4]
         [Processed Buffers: Min: 0, Avg: 5.6, Max: 18, Diff: 18, Sum: 45]
      [Scan RS (ms): Min: 0.0, Avg: 0.9, Max: 2.7, Diff: 2.7, Sum: 7.4]
      [Code Root Scanning (ms): Min: 0.0, Avg: 0.0, Max: 0.0, Diff: 0.0, Sum: 0.0]
      [Object Copy (ms): Min: 0.2, Avg: 6.9, Max: 23.2, Diff: 23.0, Sum: 55.2]
      [Termination (ms): Min: 0.0, Avg: 9.9, Max: 13.0, Diff: 13.0, Sum: 79.0]
         [Termination Attempts: Min: 1, Avg: 5.9, Max: 11, Diff: 10, Sum: 47]
      [GC Worker Other (ms): Min: 0.0, Avg: 0.0, Max: 0.0, Diff: 0.0, Sum: 0.2]
      [GC Worker Total (ms): Min: 15.9, Avg: 26.8, Max: 39.5, Diff: 23.6, Sum: 214.8]
      [GC Worker End (ms): Min: 5829141.5, Avg: 5829141.6, Max: 5829141.6, Diff: 0.1]
   [Code Root Fixup: 0.0 ms]
   [Code Root Purge: 0.0 ms]
   [Clear CT: 3.5 ms]
   [Other: 26.3 ms]
      [Choose CSet: 0.0 ms]
      [Ref Proc: 24.7 ms]
      [Ref Enq: 0.0 ms]
      [Redirty Cards: 1.1 ms]
      [Humongous Register: 0.1 ms]
      [Humongous Reclaim: 0.0 ms]
      [Free CSet: 0.1 ms]
   [Eden: 45056.0K(45056.0K)->0.0B(47104.0K) Survivors: 7168.0K->5120.0K Heap: 260.9M(1024.0M)->215.0M(1024.0M)]
 [Times: user=0.14 sys=0.05, real=0.07 secs] 
2022-11-23T17:18:57.353+0100: 5851.318: [GC pause (G1 Evacuation Pause) (young), 0.0907265 secs]
   [Parallel Time: 67.7 ms, GC Workers: 8]
      [GC Worker Start (ms): Min: 5851323.1, Avg: 5851339.7, Max: 5851353.3, Diff: 30.2]
      [Ext Root Scanning (ms): Min: 0.0, Avg: 0.5, Max: 4.1, Diff: 4.1, Sum: 4.3]
      [Update RS (ms): Min: 0.0, Avg: 12.1, Max: 38.6, Diff: 38.6, Sum: 96.9]
         [Processed Buffers: Min: 0, Avg: 5.6, Max: 36, Diff: 36, Sum: 45]
      [Scan RS (ms): Min: 0.0, Avg: 4.0, Max: 11.0, Diff: 11.0, Sum: 32.1]
      [Code Root Scanning (ms): Min: 0.0, Avg: 0.0, Max: 0.0, Diff: 0.0, Sum: 0.0]
      [Object Copy (ms): Min: 3.5, Avg: 14.1, Max: 18.5, Diff: 15.0, Sum: 112.9]
      [Termination (ms): Min: 0.0, Avg: 4.8, Max: 16.1, Diff: 16.1, Sum: 38.5]
         [Termination Attempts: Min: 1, Avg: 1.0, Max: 1, Diff: 0, Sum: 8]
      [GC Worker Other (ms): Min: 0.0, Avg: 0.0, Max: 0.1, Diff: 0.1, Sum: 0.3]
      [GC Worker Total (ms): Min: 20.3, Avg: 35.6, Max: 50.5, Diff: 30.2, Sum: 284.9]
      [GC Worker End (ms): Min: 5851373.6, Avg: 5851375.3, Max: 5851385.5, Diff: 11.9]
   [Code Root Fixup: 0.0 ms]
   [Code Root Purge: 0.0 ms]
   [Clear CT: 2.6 ms]
   [Other: 20.3 ms]
      [Choose CSet: 0.0 ms]
      [Ref Proc: 15.5 ms]
      [Ref Enq: 0.0 ms]
      [Redirty Cards: 2.4 ms]
      [Humongous Register: 0.1 ms]
      [Humongous Reclaim: 0.1 ms]
      [Free CSet: 0.1 ms]
   [Eden: 47104.0K(47104.0K)->0.0B(47104.0K) Survivors: 5120.0K->5120.0K Heap: 261.0M(1024.0M)->215.8M(1024.0M)]
 [Times: user=0.19 sys=0.01, real=0.09 secs] 
2022-11-23T17:19:13.793+0100: 5867.758: [GC pause (G1 Evacuation Pause) (young), 0.0331184 secs]
   [Parallel Time: 26.6 ms, GC Workers: 8]
      [GC Worker Start (ms): Min: 5867758.0, Avg: 5867766.8, Max: 5867776.0, Diff: 18.0]
      [Ext Root Scanning (ms): Min: 0.0, Avg: 0.7, Max: 2.0, Diff: 2.0, Sum: 5.2]
      [Update RS (ms): Min: 0.0, Avg: 1.1, Max: 3.0, Diff: 3.0, Sum: 8.9]
         [Processed Buffers: Min: 0, Avg: 6.1, Max: 32, Diff: 32, Sum: 49]
      [Scan RS (ms): Min: 0.1, Avg: 4.2, Max: 14.7, Diff: 14.7, Sum: 33.9]
      [Code Root Scanning (ms): Min: 0.0, Avg: 0.0, Max: 0.0, Diff: 0.0, Sum: 0.0]
      [Object Copy (ms): Min: 0.8, Avg: 6.8, Max: 17.3, Diff: 16.5, Sum: 54.1]
      [Termination (ms): Min: 0.0, Avg: 4.9, Max: 6.0, Diff: 6.0, Sum: 38.9]
         [Termination Attempts: Min: 1, Avg: 1.6, Max: 3, Diff: 2, Sum: 13]
      [GC Worker Other (ms): Min: 0.0, Avg: 0.0, Max: 0.0, Diff: 0.0, Sum: 0.1]
      [GC Worker Total (ms): Min: 8.5, Avg: 17.7, Max: 26.4, Diff: 18.0, Sum: 141.2]
      [GC Worker End (ms): Min: 5867784.4, Avg: 5867784.5, Max: 5867784.5, Diff: 0.1]
   [Code Root Fixup: 0.0 ms]
   [Code Root Purge: 0.0 ms]
   [Clear CT: 1.3 ms]
   [Other: 5.2 ms]
      [Choose CSet: 0.0 ms]
      [Ref Proc: 2.0 ms]
      [Ref Enq: 0.0 ms]
      [Redirty Cards: 2.3 ms]
      [Humongous Register: 0.1 ms]
      [Humongous Reclaim: 0.1 ms]
      [Free CSet: 0.3 ms]
   [Eden: 47104.0K(47104.0K)->0.0B(47104.0K) Survivors: 5120.0K->5120.0K Heap: 261.8M(1024.0M)->215.8M(1024.0M)]
 [Times: user=0.09 sys=0.02, real=0.03 secs] 
2022-11-23T17:19:29.353+0100: 5883.317: [GC pause (G1 Evacuation Pause) (young), 0.0632398 secs]
   [Parallel Time: 36.9 ms, GC Workers: 8]
      [GC Worker Start (ms): Min: 5883318.1, Avg: 5883325.7, Max: 5883329.5, Diff: 11.4]
      [Ext Root Scanning (ms): Min: 0.0, Avg: 0.5, Max: 2.0, Diff: 2.0, Sum: 4.0]
      [Update RS (ms): Min: 0.0, Avg: 3.5, Max: 15.9, Diff: 15.9, Sum: 27.7]
         [Processed Buffers: Min: 0, Avg: 5.2, Max: 21, Diff: 21, Sum: 42]
      [Scan RS (ms): Min: 0.0, Avg: 1.6, Max: 3.4, Diff: 3.4, Sum: 12.7]
      [Code Root Scanning (ms): Min: 0.0, Avg: 0.0, Max: 0.0, Diff: 0.0, Sum: 0.0]
      [Object Copy (ms): Min: 2.9, Avg: 12.1, Max: 24.1, Diff: 21.2, Sum: 97.2]
      [Termination (ms): Min: 0.0, Avg: 11.1, Max: 15.7, Diff: 15.7, Sum: 89.2]
         [Termination Attempts: Min: 1, Avg: 4.2, Max: 12, Diff: 11, Sum: 34]
      [GC Worker Other (ms): Min: 0.0, Avg: 0.0, Max: 0.0, Diff: 0.0, Sum: 0.2]
      [GC Worker Total (ms): Min: 25.1, Avg: 28.9, Max: 36.5, Diff: 11.4, Sum: 231.0]
      [GC Worker End (ms): Min: 5883354.5, Avg: 5883354.6, Max: 5883354.6, Diff: 0.1]
   [Code Root Fixup: 0.0 ms]
   [Code Root Purge: 0.0 ms]
   [Clear CT: 12.8 ms]
   [Other: 13.5 ms]
      [Choose CSet: 0.0 ms]
      [Ref Proc: 8.9 ms]
      [Ref Enq: 0.0 ms]
      [Redirty Cards: 3.5 ms]
      [Humongous Register: 0.2 ms]
      [Humongous Reclaim: 0.1 ms]
      [Free CSet: 0.1 ms]
   [Eden: 47104.0K(47104.0K)->0.0B(46080.0K) Survivors: 5120.0K->6144.0K Heap: 261.8M(1024.0M)->216.8M(1024.0M)]
 [Times: user=0.16 sys=0.00, real=0.06 secs] 
2022-11-23T17:19:46.382+0100: 5900.347: [GC pause (G1 Evacuation Pause) (young), 0.0861829 secs]
   [Parallel Time: 66.2 ms, GC Workers: 8]
      [GC Worker Start (ms): Min: 5900348.2, Avg: 5900356.1, Max: 5900364.1, Diff: 15.9]
      [Ext Root Scanning (ms): Min: 0.0, Avg: 2.3, Max: 13.4, Diff: 13.3, Sum: 18.6]
      [Update RS (ms): Min: 0.0, Avg: 10.9, Max: 49.2, Diff: 49.2, Sum: 86.9]
         [Processed Buffers: Min: 0, Avg: 5.1, Max: 24, Diff: 24, Sum: 41]
      [Scan RS (ms): Min: 0.0, Avg: 1.3, Max: 4.0, Diff: 4.0, Sum: 10.1]
      [Code Root Scanning (ms): Min: 0.0, Avg: 0.0, Max: 0.0, Diff: 0.0, Sum: 0.0]
      [Object Copy (ms): Min: 0.1, Avg: 13.8, Max: 39.4, Diff: 39.3, Sum: 110.2]
      [Termination (ms): Min: 0.0, Avg: 21.2, Max: 32.8, Diff: 32.8, Sum: 169.6]
         [Termination Attempts: Min: 1, Avg: 18.2, Max: 65, Diff: 64, Sum: 146]
      [GC Worker Other (ms): Min: 0.0, Avg: 0.0, Max: 0.1, Diff: 0.0, Sum: 0.3]
      [GC Worker Total (ms): Min: 39.5, Avg: 49.5, Max: 63.5, Diff: 23.9, Sum: 395.6]
      [GC Worker End (ms): Min: 5900403.6, Avg: 5900405.6, Max: 5900411.7, Diff: 8.1]
   [Code Root Fixup: 0.0 ms]
   [Code Root Purge: 0.0 ms]
   [Clear CT: 10.1 ms]
   [Other: 9.9 ms]
      [Choose CSet: 0.0 ms]
      [Ref Proc: 5.3 ms]
      [Ref Enq: 0.0 ms]
      [Redirty Cards: 2.4 ms]
      [Humongous Register: 0.9 ms]
      [Humongous Reclaim: 0.1 ms]
      [Free CSet: 0.1 ms]
   [Eden: 46080.0K(46080.0K)->0.0B(47104.0K) Survivors: 6144.0K->5120.0K Heap: 261.8M(1024.0M)->216.6M(1024.0M)]
 [Times: user=0.24 sys=0.05, real=0.08 secs] 
2022-11-23T17:20:03.248+0100: 5917.213: [GC pause (G1 Evacuation Pause) (young), 0.0407782 secs]
   [Parallel Time: 31.8 ms, GC Workers: 8]
      [GC Worker Start (ms): Min: 5917215.6, Avg: 5917225.5, Max: 5917239.5, Diff: 23.9]
      [Ext Root Scanning (ms): Min: 0.0, Avg: 1.1, Max: 4.3, Diff: 4.3, Sum: 8.5]
      [Update RS (ms): Min: 0.0, Avg: 6.6, Max: 25.9, Diff: 25.9, Sum: 52.4]
         [Processed Buffers: Min: 0, Avg: 5.6, Max: 18, Diff: 18, Sum: 45]
      [Scan RS (ms): Min: 0.0, Avg: 1.8, Max: 4.3, Diff: 4.3, Sum: 14.5]
      [Code Root Scanning (ms): Min: 0.0, Avg: 0.0, Max: 0.0, Diff: 0.0, Sum: 0.0]
      [Object Copy (ms): Min: 0.0, Avg: 8.9, Max: 13.7, Diff: 13.6, Sum: 70.8]
      [Termination (ms): Min: 0.0, Avg: 0.6, Max: 1.3, Diff: 1.3, Sum: 5.0]
         [Termination Attempts: Min: 1, Avg: 1.1, Max: 2, Diff: 1, Sum: 9]
      [GC Worker Other (ms): Min: 0.0, Avg: 0.0, Max: 0.1, Diff: 0.0, Sum: 0.3]
      [GC Worker Total (ms): Min: 5.0, Avg: 19.0, Max: 28.9, Diff: 23.9, Sum: 151.7]
      [GC Worker End (ms): Min: 5917244.3, Avg: 5917244.4, Max: 5917244.8, Diff: 0.5]
   [Code Root Fixup: 0.0 ms]
   [Code Root Purge: 0.0 ms]
   [Clear CT: 1.5 ms]
   [Other: 7.4 ms]
      [Choose CSet: 0.0 ms]
      [Ref Proc: 4.4 ms]
      [Ref Enq: 0.0 ms]
      [Redirty Cards: 1.2 ms]
      [Humongous Register: 0.4 ms]
      [Humongous Reclaim: 0.3 ms]
      [Free CSet: 0.2 ms]
   [Eden: 47104.0K(47104.0K)->0.0B(45056.0K) Survivors: 5120.0K->7168.0K Heap: 262.6M(1024.0M)->219.0M(1024.0M)]
 [Times: user=0.10 sys=0.04, real=0.04 secs] 
2022-11-23T17:20:21.152+0100: 5935.117: [GC pause (G1 Evacuation Pause) (young), 0.1425228 secs]
   [Parallel Time: 61.9 ms, GC Workers: 8]
      [GC Worker Start (ms): Min: 5935117.7, Avg: 5935125.7, Max: 5935135.5, Diff: 17.9]
      [Ext Root Scanning (ms): Min: 0.0, Avg: 5.5, Max: 40.0, Diff: 40.0, Sum: 44.1]
      [Update RS (ms): Min: 0.0, Avg: 7.7, Max: 21.2, Diff: 21.2, Sum: 61.3]
         [Processed Buffers: Min: 0, Avg: 5.1, Max: 32, Diff: 32, Sum: 41]
      [Scan RS (ms): Min: 0.1, Avg: 8.7, Max: 24.3, Diff: 24.3, Sum: 69.4]
      [Code Root Scanning (ms): Min: 0.0, Avg: 0.0, Max: 0.0, Diff: 0.0, Sum: 0.0]
      [Object Copy (ms): Min: 0.0, Avg: 11.0, Max: 17.4, Diff: 17.4, Sum: 88.0]
      [Termination (ms): Min: 0.0, Avg: 6.2, Max: 18.1, Diff: 18.1, Sum: 49.4]
         [Termination Attempts: Min: 1, Avg: 3.1, Max: 11, Diff: 10, Sum: 25]
      [GC Worker Other (ms): Min: 0.0, Avg: 0.1, Max: 0.3, Diff: 0.3, Sum: 0.7]
      [GC Worker Total (ms): Min: 27.8, Avg: 39.1, Max: 45.6, Diff: 17.8, Sum: 312.8]
      [GC Worker End (ms): Min: 5935163.3, Avg: 5935164.8, Max: 5935175.4, Diff: 12.1]
   [Code Root Fixup: 0.0 ms]
   [Code Root Purge: 0.0 ms]
   [Clear CT: 3.9 ms]
   [Other: 76.7 ms]
      [Choose CSet: 0.0 ms]
      [Ref Proc: 61.3 ms]
      [Ref Enq: 0.0 ms]
      [Redirty Cards: 13.9 ms]
      [Humongous Register: 0.5 ms]
      [Humongous Reclaim: 0.1 ms]
      [Free CSet: 0.1 ms]
   [Eden: 45056.0K(45056.0K)->0.0B(46080.0K) Survivors: 7168.0K->6144.0K Heap: 263.0M(1024.0M)->218.0M(1024.0M)]
 [Times: user=0.26 sys=0.03, real=0.14 secs] 
2022-11-23T17:20:37.653+0100: 5951.618: [GC pause (G1 Evacuation Pause) (young), 0.0514756 secs]
   [Parallel Time: 37.2 ms, GC Workers: 8]
      [GC Worker Start (ms): Min: 5951618.6, Avg: 5951629.6, Max: 5951640.3, Diff: 21.6]
      [Ext Root Scanning (ms): Min: 0.0, Avg: 0.6, Max: 2.5, Diff: 2.5, Sum: 4.9]
      [Update RS (ms): Min: 0.0, Avg: 0.9, Max: 3.8, Diff: 3.8, Sum: 7.4]
         [Processed Buffers: Min: 0, Avg: 5.2, Max: 32, Diff: 32, Sum: 42]
      [Scan RS (ms): Min: 0.0, Avg: 3.1, Max: 10.5, Diff: 10.5, Sum: 24.8]
      [Code Root Scanning (ms): Min: 0.0, Avg: 0.0, Max: 0.0, Diff: 0.0, Sum: 0.0]
      [Object Copy (ms): Min: 0.0, Avg: 7.1, Max: 23.5, Diff: 23.5, Sum: 57.0]
      [Termination (ms): Min: 0.0, Avg: 11.9, Max: 15.3, Diff: 15.3, Sum: 95.4]
         [Termination Attempts: Min: 1, Avg: 1.0, Max: 1, Diff: 0, Sum: 8]
      [GC Worker Other (ms): Min: 0.0, Avg: 1.3, Max: 10.1, Diff: 10.0, Sum: 10.2]
      [GC Worker Total (ms): Min: 14.0, Avg: 25.0, Max: 35.6, Diff: 21.6, Sum: 199.7]
      [GC Worker End (ms): Min: 5951654.2, Avg: 5951654.5, Max: 5951655.4, Diff: 1.2]
   [Code Root Fixup: 0.0 ms]
   [Code Root Purge: 0.0 ms]
   [Clear CT: 1.6 ms]
   [Other: 12.7 ms]
      [Choose CSet: 0.0 ms]
      [Ref Proc: 10.8 ms]
      [Ref Enq: 0.0 ms]
      [Redirty Cards: 0.9 ms]
      [Humongous Register: 0.4 ms]
      [Humongous Reclaim: 0.1 ms]
      [Free CSet: 0.1 ms]
   [Eden: 46080.0K(46080.0K)->0.0B(46080.0K) Survivors: 6144.0K->6144.0K Heap: 263.0M(1024.0M)->218.2M(1024.0M)]
 [Times: user=0.13 sys=0.01, real=0.05 secs] 
2022-11-23T17:20:51.373+0100: 5965.337: [GC pause (G1 Evacuation Pause) (young), 0.1031970 secs]
   [Parallel Time: 51.6 ms, GC Workers: 8]
      [GC Worker Start (ms): Min: 5965337.6, Avg: 5965350.4, Max: 5965372.4, Diff: 34.8]
      [Ext Root Scanning (ms): Min: 0.0, Avg: 0.8, Max: 2.5, Diff: 2.5, Sum: 6.0]
      [Update RS (ms): Min: 0.0, Avg: 1.5, Max: 5.8, Diff: 5.8, Sum: 12.1]
         [Processed Buffers: Min: 0, Avg: 4.8, Max: 17, Diff: 17, Sum: 38]
      [Scan RS (ms): Min: 0.1, Avg: 8.1, Max: 31.1, Diff: 31.0, Sum: 65.0]
      [Code Root Scanning (ms): Min: 0.0, Avg: 0.0, Max: 0.0, Diff: 0.0, Sum: 0.0]
      [Object Copy (ms): Min: 0.0, Avg: 13.3, Max: 32.9, Diff: 32.9, Sum: 106.0]
      [Termination (ms): Min: 0.0, Avg: 11.2, Max: 14.7, Diff: 14.7, Sum: 89.5]
         [Termination Attempts: Min: 1, Avg: 5.9, Max: 20, Diff: 19, Sum: 47]
      [GC Worker Other (ms): Min: 0.0, Avg: 0.0, Max: 0.0, Diff: 0.0, Sum: 0.2]
      [GC Worker Total (ms): Min: 12.2, Avg: 34.9, Max: 49.3, Diff: 37.2, Sum: 278.8]
      [GC Worker End (ms): Min: 5965384.6, Avg: 5965385.2, Max: 5965387.0, Diff: 2.4]
   [Code Root Fixup: 0.0 ms]
   [Code Root Purge: 0.0 ms]
   [Clear CT: 3.8 ms]
   [Other: 47.8 ms]
      [Choose CSet: 0.0 ms]
      [Ref Proc: 33.4 ms]
      [Ref Enq: 0.0 ms]
      [Redirty Cards: 12.4 ms]
      [Humongous Register: 0.1 ms]
      [Humongous Reclaim: 1.2 ms]
      [Free CSet: 0.1 ms]
   [Eden: 46080.0K(46080.0K)->0.0B(45056.0K) Survivors: 6144.0K->7168.0K Heap: 263.2M(1024.0M)->219.5M(1024.0M)]
 [Times: user=0.21 sys=0.07, real=0.10 secs] 
2022-11-23T17:21:01.858+0100: 5975.823: [GC pause (G1 Evacuation Pause) (young), 0.0266964 secs]
   [Parallel Time: 21.5 ms, GC Workers: 8]
      [GC Worker Start (ms): Min: 5975822.9, Avg: 5975834.7, Max: 5975843.9, Diff: 21.0]
      [Ext Root Scanning (ms): Min: 0.0, Avg: 0.6, Max: 2.2, Diff: 2.2, Sum: 4.5]
      [Update RS (ms): Min: 0.0, Avg: 1.5, Max: 5.9, Diff: 5.9, Sum: 11.7]
         [Processed Buffers: Min: 0, Avg: 5.5, Max: 31, Diff: 31, Sum: 44]
      [Scan RS (ms): Min: 0.0, Avg: 1.1, Max: 4.7, Diff: 4.6, Sum: 8.8]
      [Code Root Scanning (ms): Min: 0.0, Avg: 0.0, Max: 0.0, Diff: 0.0, Sum: 0.0]
      [Object Copy (ms): Min: 0.0, Avg: 5.8, Max: 8.4, Diff: 8.4, Sum: 46.1]
      [Termination (ms): Min: 0.0, Avg: 0.4, Max: 0.7, Diff: 0.7, Sum: 3.4]
         [Termination Attempts: Min: 1, Avg: 2.0, Max: 5, Diff: 4, Sum: 16]
      [GC Worker Other (ms): Min: 0.0, Avg: 0.0, Max: 0.0, Diff: 0.0, Sum: 0.1]
      [GC Worker Total (ms): Min: 0.0, Avg: 9.3, Max: 21.2, Diff: 21.2, Sum: 74.6]
      [GC Worker End (ms): Min: 5975843.9, Avg: 5975844.0, Max: 5975844.1, Diff: 0.2]
   [Code Root Fixup: 0.0 ms]
   [Code Root Purge: 0.0 ms]
   [Clear CT: 1.6 ms]
   [Other: 3.6 ms]
      [Choose CSet: 0.0 ms]
      [Ref Proc: 2.2 ms]
      [Ref Enq: 0.0 ms]
      [Redirty Cards: 0.9 ms]
      [Humongous Register: 0.1 ms]
      [Humongous Reclaim: 0.0 ms]
      [Free CSet: 0.1 ms]
   [Eden: 45056.0K(45056.0K)->0.0B(48128.0K) Survivors: 7168.0K->4096.0K Heap: 263.5M(1024.0M)->216.9M(1024.0M)]
 [Times: user=0.08 sys=0.00, real=0.03 secs] 
2022-11-23T17:21:13.347+0100: 5987.312: [GC pause (G1 Evacuation Pause) (young), 0.0301983 secs]
   [Parallel Time: 21.6 ms, GC Workers: 8]
      [GC Worker Start (ms): Min: 5987312.5, Avg: 5987320.6, Max: 5987325.6, Diff: 13.1]
      [Ext Root Scanning (ms): Min: 0.0, Avg: 0.7, Max: 2.2, Diff: 2.2, Sum: 5.4]
      [Update RS (ms): Min: 0.0, Avg: 1.4, Max: 3.8, Diff: 3.8, Sum: 10.8]
         [Processed Buffers: Min: 0, Avg: 5.6, Max: 32, Diff: 32, Sum: 45]
      [Scan RS (ms): Min: 0.0, Avg: 0.8, Max: 2.3, Diff: 2.3, Sum: 6.6]
      [Code Root Scanning (ms): Min: 0.0, Avg: 0.0, Max: 0.0, Diff: 0.0, Sum: 0.0]
      [Object Copy (ms): Min: 6.0, Avg: 8.9, Max: 13.6, Diff: 7.5, Sum: 70.8]
      [Termination (ms): Min: 0.0, Avg: 1.2, Max: 2.0, Diff: 2.0, Sum: 9.8]
         [Termination Attempts: Min: 1, Avg: 1.4, Max: 2, Diff: 1, Sum: 11]
      [GC Worker Other (ms): Min: 0.0, Avg: 0.0, Max: 0.1, Diff: 0.0, Sum: 0.2]
      [GC Worker Total (ms): Min: 8.0, Avg: 13.0, Max: 21.1, Diff: 13.0, Sum: 103.7]
      [GC Worker End (ms): Min: 5987333.6, Avg: 5987333.6, Max: 5987333.6, Diff: 0.0]
   [Code Root Fixup: 0.0 ms]
   [Code Root Purge: 0.0 ms]
   [Clear CT: 0.4 ms]
   [Other: 8.2 ms]
      [Choose CSet: 0.0 ms]
      [Ref Proc: 6.5 ms]
      [Ref Enq: 0.0 ms]
      [Redirty Cards: 0.5 ms]
      [Humongous Register: 0.1 ms]
      [Humongous Reclaim: 0.2 ms]
      [Free CSet: 0.1 ms]
   [Eden: 48128.0K(48128.0K)->0.0B(45056.0K) Survivors: 4096.0K->7168.0K Heap: 263.9M(1024.0M)->220.3M(1024.0M)]
 [Times: user=0.07 sys=0.04, real=0.03 secs] 
2022-11-23T17:21:23.936+0100: 5997.900: [GC pause (G1 Evacuation Pause) (young), 0.0848037 secs]
   [Parallel Time: 45.0 ms, GC Workers: 8]
      [GC Worker Start (ms): Min: 5997901.6, Avg: 5997911.0, Max: 5997915.8, Diff: 14.3]
      [Ext Root Scanning (ms): Min: 0.0, Avg: 3.9, Max: 25.7, Diff: 25.7, Sum: 30.8]
      [Update RS (ms): Min: 0.0, Avg: 5.6, Max: 16.6, Diff: 16.6, Sum: 44.7]
         [Processed Buffers: Min: 0, Avg: 5.2, Max: 25, Diff: 25, Sum: 42]
      [Scan RS (ms): Min: 0.0, Avg: 1.3, Max: 2.3, Diff: 2.3, Sum: 10.4]
      [Code Root Scanning (ms): Min: 0.0, Avg: 0.0, Max: 0.0, Diff: 0.0, Sum: 0.0]
      [Object Copy (ms): Min: 0.0, Avg: 8.2, Max: 18.2, Diff: 18.2, Sum: 65.3]
      [Termination (ms): Min: 0.0, Avg: 7.6, Max: 16.8, Diff: 16.8, Sum: 60.4]
         [Termination Attempts: Min: 1, Avg: 6.6, Max: 17, Diff: 16, Sum: 53]
      [GC Worker Other (ms): Min: 0.0, Avg: 0.0, Max: 0.0, Diff: 0.0, Sum: 0.2]
      [GC Worker Total (ms): Min: 20.9, Avg: 26.5, Max: 37.4, Diff: 16.5, Sum: 211.8]
      [GC Worker End (ms): Min: 5997936.2, Avg: 5997937.5, Max: 5997945.4, Diff: 9.2]
   [Code Root Fixup: 0.1 ms]
   [Code Root Purge: 0.0 ms]
   [Clear CT: 0.8 ms]
   [Other: 39.0 ms]
      [Choose CSet: 0.0 ms]
      [Ref Proc: 37.8 ms]
      [Ref Enq: 0.0 ms]
      [Redirty Cards: 0.3 ms]
      [Humongous Register: 0.1 ms]
      [Humongous Reclaim: 0.1 ms]
      [Free CSet: 0.1 ms]
   [Eden: 45056.0K(45056.0K)->0.0B(45056.0K) Survivors: 7168.0K->7168.0K Heap: 264.3M(1024.0M)->220.3M(1024.0M)]
 [Times: user=0.25 sys=0.01, real=0.09 secs] 
2022-11-23T17:21:33.270+0100: 6007.235: [GC pause (G1 Evacuation Pause) (young), 0.0330963 secs]
   [Parallel Time: 27.6 ms, GC Workers: 8]
      [GC Worker Start (ms): Min: 6007236.4, Avg: 6007251.5, Max: 6007261.9, Diff: 25.5]
      [Ext Root Scanning (ms): Min: 0.0, Avg: 0.6, Max: 4.1, Diff: 4.1, Sum: 4.8]
      [Update RS (ms): Min: 0.0, Avg: 3.0, Max: 16.0, Diff: 16.0, Sum: 24.0]
         [Processed Buffers: Min: 0, Avg: 6.1, Max: 24, Diff: 24, Sum: 49]
      [Scan RS (ms): Min: 0.0, Avg: 1.3, Max: 5.1, Diff: 5.1, Sum: 10.2]
      [Code Root Scanning (ms): Min: 0.0, Avg: 0.0, Max: 0.0, Diff: 0.0, Sum: 0.0]
      [Object Copy (ms): Min: 0.0, Avg: 5.3, Max: 9.6, Diff: 9.6, Sum: 42.3]
      [Termination (ms): Min: 0.0, Avg: 0.3, Max: 0.8, Diff: 0.8, Sum: 2.5]
         [Termination Attempts: Min: 1, Avg: 3.4, Max: 6, Diff: 5, Sum: 27]
      [GC Worker Other (ms): Min: 0.0, Avg: 0.0, Max: 0.1, Diff: 0.0, Sum: 0.2]
      [GC Worker Total (ms): Min: 0.0, Avg: 10.5, Max: 26.0, Diff: 26.0, Sum: 83.9]
      [GC Worker End (ms): Min: 6007261.9, Avg: 6007262.0, Max: 6007262.4, Diff: 0.5]
   [Code Root Fixup: 0.0 ms]
   [Code Root Purge: 0.0 ms]
   [Clear CT: 0.8 ms]
   [Other: 4.6 ms]
      [Choose CSet: 0.0 ms]
      [Ref Proc: 2.8 ms]
      [Ref Enq: 0.0 ms]
      [Redirty Cards: 0.9 ms]
      [Humongous Register: 0.1 ms]
      [Humongous Reclaim: 0.1 ms]
      [Free CSet: 0.1 ms]
   [Eden: 45056.0K(45056.0K)->0.0B(47104.0K) Survivors: 7168.0K->5120.0K Heap: 264.3M(1024.0M)->218.0M(1024.0M)]
 [Times: user=0.06 sys=0.02, real=0.04 secs] 
2022-11-23T17:21:44.020+0100: 6017.984: [GC pause (G1 Evacuation Pause) (young), 0.0602691 secs]
   [Parallel Time: 51.2 ms, GC Workers: 8]
      [GC Worker Start (ms): Min: 6017986.8, Avg: 6017997.3, Max: 6018006.5, Diff: 19.7]
      [Ext Root Scanning (ms): Min: 0.0, Avg: 0.5, Max: 4.0, Diff: 4.0, Sum: 4.3]
      [Update RS (ms): Min: 0.0, Avg: 11.2, Max: 45.1, Diff: 45.1, Sum: 89.3]
         [Processed Buffers: Min: 0, Avg: 5.2, Max: 22, Diff: 22, Sum: 42]
      [Scan RS (ms): Min: 0.0, Avg: 0.7, Max: 1.7, Diff: 1.6, Sum: 6.0]
      [Code Root Scanning (ms): Min: 0.0, Avg: 0.0, Max: 0.0, Diff: 0.0, Sum: 0.0]
      [Object Copy (ms): Min: 0.0, Avg: 5.4, Max: 14.6, Diff: 14.6, Sum: 43.0]
      [Termination (ms): Min: 0.0, Avg: 22.6, Max: 31.5, Diff: 31.5, Sum: 181.0]
         [Termination Attempts: Min: 1, Avg: 20.6, Max: 43, Diff: 42, Sum: 165]
      [GC Worker Other (ms): Min: 0.0, Avg: 0.0, Max: 0.0, Diff: 0.0, Sum: 0.1]
      [GC Worker Total (ms): Min: 31.3, Avg: 40.5, Max: 51.0, Diff: 19.7, Sum: 323.7]
      [GC Worker End (ms): Min: 6018037.7, Avg: 6018037.7, Max: 6018037.8, Diff: 0.1]
   [Code Root Fixup: 0.0 ms]
   [Code Root Purge: 0.0 ms]
   [Clear CT: 0.9 ms]
   [Other: 8.2 ms]
      [Choose CSet: 0.0 ms]
      [Ref Proc: 4.6 ms]
      [Ref Enq: 0.0 ms]
      [Redirty Cards: 0.9 ms]
      [Humongous Register: 0.2 ms]
      [Humongous Reclaim: 0.0 ms]
      [Free CSet: 0.1 ms]
   [Eden: 47104.0K(47104.0K)->0.0B(45056.0K) Survivors: 5120.0K->7168.0K Heap: 264.0M(1024.0M)->221.1M(1024.0M)]
 [Times: user=0.27 sys=0.05, real=0.06 secs] 
2022-11-23T17:21:55.928+0100: 6029.893: [GC pause (G1 Evacuation Pause) (young), 0.0294337 secs]
   [Parallel Time: 24.1 ms, GC Workers: 8]
      [GC Worker Start (ms): Min: 6029892.9, Avg: 6029903.7, Max: 6029915.3, Diff: 22.5]
      [Ext Root Scanning (ms): Min: 0.0, Avg: 0.5, Max: 1.9, Diff: 1.9, Sum: 3.9]
      [Update RS (ms): Min: 0.0, Avg: 1.5, Max: 6.0, Diff: 6.0, Sum: 11.8]
         [Processed Buffers: Min: 0, Avg: 5.2, Max: 23, Diff: 23, Sum: 42]
      [Scan RS (ms): Min: 0.0, Avg: 4.0, Max: 14.3, Diff: 14.2, Sum: 31.6]
      [Code Root Scanning (ms): Min: 0.0, Avg: 0.0, Max: 0.0, Diff: 0.0, Sum: 0.0]
      [Object Copy (ms): Min: 0.0, Avg: 5.1, Max: 8.2, Diff: 8.2, Sum: 41.1]
      [Termination (ms): Min: 0.0, Avg: 0.8, Max: 1.4, Diff: 1.4, Sum: 6.4]
         [Termination Attempts: Min: 1, Avg: 5.1, Max: 11, Diff: 10, Sum: 41]
      [GC Worker Other (ms): Min: 0.0, Avg: 0.0, Max: 0.1, Diff: 0.1, Sum: 0.2]
      [GC Worker Total (ms): Min: 0.2, Avg: 11.9, Max: 22.7, Diff: 22.5, Sum: 95.1]
      [GC Worker End (ms): Min: 6029915.5, Avg: 6029915.6, Max: 6029916.1, Diff: 0.5]
   [Code Root Fixup: 0.0 ms]
   [Code Root Purge: 0.0 ms]
   [Clear CT: 1.7 ms]
   [Other: 3.6 ms]
      [Choose CSet: 0.0 ms]
      [Ref Proc: 1.6 ms]
      [Ref Enq: 0.0 ms]
      [Redirty Cards: 1.0 ms]
      [Humongous Register: 0.0 ms]
      [Humongous Reclaim: 0.1 ms]
      [Free CSet: 0.2 ms]
   [Eden: 45056.0K(45056.0K)->0.0B(45056.0K) Survivors: 7168.0K->7168.0K Heap: 265.1M(1024.0M)->221.1M(1024.0M)]
 [Times: user=0.09 sys=0.00, real=0.03 secs] 
2022-11-23T17:22:06.960+0100: 6040.924: [GC pause (G1 Evacuation Pause) (young), 0.0694994 secs]
   [Parallel Time: 37.3 ms, GC Workers: 8]
      [GC Worker Start (ms): Min: 6040925.3, Avg: 6040937.5, Max: 6040948.4, Diff: 23.1]
      [Ext Root Scanning (ms): Min: 0.0, Avg: 0.9, Max: 3.5, Diff: 3.5, Sum: 7.0]
      [Update RS (ms): Min: 0.0, Avg: 1.5, Max: 5.9, Diff: 5.9, Sum: 11.7]
         [Processed Buffers: Min: 0, Avg: 6.1, Max: 33, Diff: 33, Sum: 49]
      [Scan RS (ms): Min: 0.0, Avg: 2.2, Max: 7.2, Diff: 7.2, Sum: 17.5]
      [Code Root Scanning (ms): Min: 0.0, Avg: 0.0, Max: 0.0, Diff: 0.0, Sum: 0.0]
      [Object Copy (ms): Min: 0.0, Avg: 7.6, Max: 18.6, Diff: 18.6, Sum: 60.7]
      [Termination (ms): Min: 0.0, Avg: 8.5, Max: 11.2, Diff: 11.2, Sum: 67.8]
         [Termination Attempts: Min: 1, Avg: 1.9, Max: 4, Diff: 3, Sum: 15]
      [GC Worker Other (ms): Min: 0.0, Avg: 0.1, Max: 0.3, Diff: 0.3, Sum: 1.2]
      [GC Worker Total (ms): Min: 10.0, Avg: 20.7, Max: 32.8, Diff: 22.8, Sum: 165.9]
      [GC Worker End (ms): Min: 6040957.9, Avg: 6040958.3, Max: 6040959.7, Diff: 1.8]
   [Code Root Fixup: 0.0 ms]
   [Code Root Purge: 0.0 ms]
   [Clear CT: 15.6 ms]
   [Other: 16.5 ms]
      [Choose CSet: 0.0 ms]
      [Ref Proc: 13.9 ms]
      [Ref Enq: 0.0 ms]
      [Redirty Cards: 1.6 ms]
      [Humongous Register: 0.1 ms]
      [Humongous Reclaim: 0.1 ms]
      [Free CSet: 0.1 ms]
   [Eden: 45056.0K(45056.0K)->0.0B(48128.0K) Survivors: 7168.0K->4096.0K Heap: 265.1M(1024.0M)->218.5M(1024.0M)]
 [Times: user=0.16 sys=0.00, real=0.07 secs] 
2022-11-23T17:22:19.260+0100: 6053.225: [GC pause (G1 Evacuation Pause) (young), 0.0458716 secs]
   [Parallel Time: 30.2 ms, GC Workers: 8]
      [GC Worker Start (ms): Min: 6053225.3, Avg: 6053239.3, Max: 6053245.6, Diff: 20.2]
      [Ext Root Scanning (ms): Min: 0.0, Avg: 0.5, Max: 1.8, Diff: 1.8, Sum: 3.6]
      [Update RS (ms): Min: 0.0, Avg: 0.9, Max: 3.5, Diff: 3.5, Sum: 6.8]
         [Processed Buffers: Min: 0, Avg: 5.4, Max: 25, Diff: 25, Sum: 43]
      [Scan RS (ms): Min: 0.0, Avg: 1.1, Max: 4.4, Diff: 4.4, Sum: 8.7]
      [Code Root Scanning (ms): Min: 0.0, Avg: 0.0, Max: 0.0, Diff: 0.0, Sum: 0.0]
      [Object Copy (ms): Min: 2.0, Avg: 6.4, Max: 14.1, Diff: 12.1, Sum: 51.2]
      [Termination (ms): Min: 0.0, Avg: 3.0, Max: 7.5, Diff: 7.5, Sum: 23.8]
         [Termination Attempts: Min: 1, Avg: 4.8, Max: 13, Diff: 12, Sum: 38]
      [GC Worker Other (ms): Min: 0.0, Avg: 0.0, Max: 0.0, Diff: 0.0, Sum: 0.1]
      [GC Worker Total (ms): Min: 4.9, Avg: 11.8, Max: 25.1, Diff: 20.2, Sum: 94.2]
      [GC Worker End (ms): Min: 6053250.5, Avg: 6053251.1, Max: 6053255.1, Diff: 4.7]
   [Code Root Fixup: 0.0 ms]
   [Code Root Purge: 0.0 ms]
   [Clear CT: 1.0 ms]
   [Other: 14.7 ms]
      [Choose CSet: 0.0 ms]
      [Ref Proc: 12.9 ms]
      [Ref Enq: 0.0 ms]
      [Redirty Cards: 1.1 ms]
      [Humongous Register: 0.1 ms]
      [Humongous Reclaim: 0.1 ms]
      [Free CSet: 0.1 ms]
   [Eden: 48128.0K(48128.0K)->0.0B(45056.0K) Survivors: 4096.0K->7168.0K Heap: 265.5M(1024.0M)->222.0M(1024.0M)]
 [Times: user=0.11 sys=0.01, real=0.05 secs] 
2022-11-23T17:22:29.077+0100: 6063.042: [GC pause (G1 Evacuation Pause) (young), 0.0483524 secs]
   [Parallel Time: 26.9 ms, GC Workers: 8]
      [GC Worker Start (ms): Min: 6063042.5, Avg: 6063058.7, Max: 6063068.7, Diff: 26.3]
      [Ext Root Scanning (ms): Min: 0.0, Avg: 0.5, Max: 1.9, Diff: 1.9, Sum: 3.8]
      [Update RS (ms): Min: 0.0, Avg: 1.2, Max: 4.9, Diff: 4.9, Sum: 9.7]
         [Processed Buffers: Min: 0, Avg: 5.5, Max: 29, Diff: 29, Sum: 44]
      [Scan RS (ms): Min: 0.0, Avg: 1.0, Max: 4.1, Diff: 4.1, Sum: 8.1]
      [Code Root Scanning (ms): Min: 0.0, Avg: 0.0, Max: 0.0, Diff: 0.0, Sum: 0.0]
      [Object Copy (ms): Min: 0.0, Avg: 6.9, Max: 15.0, Diff: 15.0, Sum: 55.5]
      [Termination (ms): Min: 0.0, Avg: 0.5, Max: 0.7, Diff: 0.7, Sum: 3.7]
         [Termination Attempts: Min: 1, Avg: 4.6, Max: 17, Diff: 16, Sum: 37]
      [GC Worker Other (ms): Min: 0.0, Avg: 0.0, Max: 0.0, Diff: 0.0, Sum: 0.1]
      [GC Worker Total (ms): Min: 0.0, Avg: 10.1, Max: 26.3, Diff: 26.3, Sum: 81.0]
      [GC Worker End (ms): Min: 6063068.7, Avg: 6063068.8, Max: 6063069.1, Diff: 0.4]
   [Code Root Fixup: 0.0 ms]
   [Code Root Purge: 0.0 ms]
   [Clear CT: 1.7 ms]
   [Other: 19.8 ms]
      [Choose CSet: 0.0 ms]
      [Ref Proc: 17.9 ms]
      [Ref Enq: 0.0 ms]
      [Redirty Cards: 1.3 ms]
      [Humongous Register: 0.1 ms]
      [Humongous Reclaim: 0.0 ms]
      [Free CSet: 0.1 ms]
   [Eden: 45056.0K(45056.0K)->0.0B(46080.0K) Survivors: 7168.0K->6144.0K Heap: 266.0M(1024.0M)->220.6M(1024.0M)]
 [Times: user=0.14 sys=0.00, real=0.05 secs] 
2022-11-23T17:22:39.136+0100: 6073.100: [GC pause (G1 Evacuation Pause) (young), 0.0560202 secs]
   [Parallel Time: 46.1 ms, GC Workers: 8]
      [GC Worker Start (ms): Min: 6073100.9, Avg: 6073101.5, Max: 6073102.1, Diff: 1.2]
      [Ext Root Scanning (ms): Min: 0.5, Avg: 1.0, Max: 1.7, Diff: 1.3, Sum: 8.2]
      [Update RS (ms): Min: 2.5, Avg: 7.7, Max: 42.9, Diff: 40.4, Sum: 61.4]
         [Processed Buffers: Min: 1, Avg: 4.9, Max: 19, Diff: 18, Sum: 39]
      [Scan RS (ms): Min: 0.0, Avg: 1.4, Max: 1.9, Diff: 1.9, Sum: 11.5]
      [Code Root Scanning (ms): Min: 0.0, Avg: 0.0, Max: 0.0, Diff: 0.0, Sum: 0.0]
      [Object Copy (ms): Min: 0.1, Avg: 27.1, Max: 39.7, Diff: 39.5, Sum: 216.7]
      [Termination (ms): Min: 0.0, Avg: 7.6, Max: 28.9, Diff: 28.9, Sum: 61.0]
         [Termination Attempts: Min: 1, Avg: 1.4, Max: 3, Diff: 2, Sum: 11]
      [GC Worker Other (ms): Min: 0.0, Avg: 0.0, Max: 0.0, Diff: 0.0, Sum: 0.2]
      [GC Worker Total (ms): Min: 44.3, Avg: 44.9, Max: 45.6, Diff: 1.3, Sum: 359.1]
      [GC Worker End (ms): Min: 6073146.4, Avg: 6073146.4, Max: 6073146.5, Diff: 0.1]
   [Code Root Fixup: 0.0 ms]
   [Code Root Purge: 0.0 ms]
   [Clear CT: 3.1 ms]
   [Other: 6.9 ms]
      [Choose CSet: 0.0 ms]
      [Ref Proc: 2.8 ms]
      [Ref Enq: 0.0 ms]
      [Redirty Cards: 3.2 ms]
      [Humongous Register: 0.1 ms]
      [Humongous Reclaim: 0.0 ms]
      [Free CSet: 0.1 ms]
   [Eden: 46080.0K(46080.0K)->0.0B(45056.0K) Survivors: 6144.0K->7168.0K Heap: 265.6M(1024.0M)->222.5M(1024.0M)]
 [Times: user=0.23 sys=0.02, real=0.06 secs] 
2022-11-23T17:22:49.355+0100: 6083.320: [GC pause (G1 Evacuation Pause) (young), 0.0575299 secs]
   [Parallel Time: 36.3 ms, GC Workers: 8]
      [GC Worker Start (ms): Min: 6083321.5, Avg: 6083340.6, Max: 6083347.9, Diff: 26.4]
      [Ext Root Scanning (ms): Min: 0.0, Avg: 0.6, Max: 4.5, Diff: 4.5, Sum: 4.6]
      [Update RS (ms): Min: 0.0, Avg: 1.5, Max: 11.1, Diff: 11.1, Sum: 12.3]
         [Processed Buffers: Min: 0, Avg: 4.6, Max: 17, Diff: 17, Sum: 37]
      [Scan RS (ms): Min: 0.0, Avg: 0.9, Max: 2.7, Diff: 2.7, Sum: 6.9]
      [Code Root Scanning (ms): Min: 0.0, Avg: 0.0, Max: 0.0, Diff: 0.0, Sum: 0.0]
      [Object Copy (ms): Min: 0.0, Avg: 5.0, Max: 16.5, Diff: 16.5, Sum: 39.8]
      [Termination (ms): Min: 0.0, Avg: 7.0, Max: 8.2, Diff: 8.2, Sum: 56.3]
         [Termination Attempts: Min: 1, Avg: 1.6, Max: 3, Diff: 2, Sum: 13]
      [GC Worker Other (ms): Min: 0.0, Avg: 0.0, Max: 0.0, Diff: 0.0, Sum: 0.1]
      [GC Worker Total (ms): Min: 7.7, Avg: 15.0, Max: 34.2, Diff: 26.5, Sum: 120.1]
      [GC Worker End (ms): Min: 6083355.6, Avg: 6083355.6, Max: 6083355.6, Diff: 0.1]
   [Code Root Fixup: 0.0 ms]
   [Code Root Purge: 0.0 ms]
   [Clear CT: 1.3 ms]
   [Other: 20.0 ms]
      [Choose CSet: 0.0 ms]
      [Ref Proc: 12.9 ms]
      [Ref Enq: 0.0 ms]
      [Redirty Cards: 6.5 ms]
      [Humongous Register: 0.1 ms]
      [Humongous Reclaim: 0.0 ms]
      [Free CSet: 0.1 ms]
   [Eden: 45056.0K(45056.0K)->0.0B(47104.0K) Survivors: 7168.0K->5120.0K Heap: 266.5M(1024.0M)->220.1M(1024.0M)]
 [Times: user=0.14 sys=0.00, real=0.06 secs] 
2022-11-23T17:22:59.361+0100: 6093.326: [GC pause (G1 Evacuation Pause) (young), 0.0478895 secs]
   [Parallel Time: 41.4 ms, GC Workers: 8]
      [GC Worker Start (ms): Min: 6093326.2, Avg: 6093347.7, Max: 6093360.0, Diff: 33.8]
      [Ext Root Scanning (ms): Min: 0.0, Avg: 0.5, Max: 3.7, Diff: 3.7, Sum: 4.0]
      [Update RS (ms): Min: 0.0, Avg: 3.6, Max: 24.5, Diff: 24.5, Sum: 28.7]
         [Processed Buffers: Min: 0, Avg: 4.2, Max: 27, Diff: 27, Sum: 34]
      [Scan RS (ms): Min: 0.0, Avg: 1.0, Max: 7.9, Diff: 7.9, Sum: 7.9]
      [Code Root Scanning (ms): Min: 0.0, Avg: 0.0, Max: 0.0, Diff: 0.0, Sum: 0.0]
      [Object Copy (ms): Min: 0.0, Avg: 7.8, Max: 23.3, Diff: 23.3, Sum: 62.5]
      [Termination (ms): Min: 0.0, Avg: 5.1, Max: 7.6, Diff: 7.6, Sum: 41.2]
         [Termination Attempts: Min: 1, Avg: 8.1, Max: 16, Diff: 15, Sum: 65]
      [GC Worker Other (ms): Min: 0.0, Avg: 0.0, Max: 0.0, Diff: 0.0, Sum: 0.1]
      [GC Worker Total (ms): Min: 5.5, Avg: 18.1, Max: 39.3, Diff: 33.8, Sum: 144.4]
      [GC Worker End (ms): Min: 6093365.5, Avg: 6093365.7, Max: 6093367.3, Diff: 1.8]
   [Code Root Fixup: 0.0 ms]
   [Code Root Purge: 0.0 ms]
   [Clear CT: 1.0 ms]
   [Other: 5.5 ms]
      [Choose CSet: 0.0 ms]
      [Ref Proc: 3.0 ms]
      [Ref Enq: 0.0 ms]
      [Redirty Cards: 1.6 ms]
      [Humongous Register: 0.2 ms]
      [Humongous Reclaim: 0.1 ms]
      [Free CSet: 0.1 ms]
   [Eden: 47104.0K(47104.0K)->0.0B(48128.0K) Survivors: 5120.0K->4096.0K Heap: 266.1M(1024.0M)->220.2M(1024.0M)]
 [Times: user=0.13 sys=0.00, real=0.04 secs] 
2022-11-23T17:23:08.819+0100: 6102.784: [GC pause (G1 Evacuation Pause) (young), 0.0351556 secs]
   [Parallel Time: 24.9 ms, GC Workers: 8]
      [GC Worker Start (ms): Min: 6102784.1, Avg: 6102788.6, Max: 6102796.9, Diff: 12.8]
      [Ext Root Scanning (ms): Min: 0.0, Avg: 0.5, Max: 1.0, Diff: 1.0, Sum: 3.7]
      [Update RS (ms): Min: 0.0, Avg: 5.6, Max: 19.7, Diff: 19.7, Sum: 44.5]
         [Processed Buffers: Min: 0, Avg: 5.8, Max: 26, Diff: 26, Sum: 46]
      [Scan RS (ms): Min: 0.0, Avg: 1.1, Max: 3.0, Diff: 3.0, Sum: 8.6]
      [Code Root Scanning (ms): Min: 0.0, Avg: 0.0, Max: 0.0, Diff: 0.0, Sum: 0.0]
      [Object Copy (ms): Min: 0.0, Avg: 3.2, Max: 7.2, Diff: 7.2, Sum: 25.5]
      [Termination (ms): Min: 1.1, Avg: 7.4, Max: 11.2, Diff: 10.0, Sum: 59.1]
         [Termination Attempts: Min: 1, Avg: 12.0, Max: 30, Diff: 29, Sum: 96]
      [GC Worker Other (ms): Min: 0.0, Avg: 0.0, Max: 0.0, Diff: 0.0, Sum: 0.1]
      [GC Worker Total (ms): Min: 10.2, Avg: 17.7, Max: 21.9, Diff: 11.6, Sum: 141.5]
      [GC Worker End (ms): Min: 6102805.6, Avg: 6102806.3, Max: 6102807.8, Diff: 2.2]
   [Code Root Fixup: 0.0 ms]
   [Code Root Purge: 0.0 ms]
   [Clear CT: 1.0 ms]
   [Other: 9.2 ms]
      [Choose CSet: 0.0 ms]
      [Ref Proc: 7.8 ms]
      [Ref Enq: 0.0 ms]
      [Redirty Cards: 0.8 ms]
      [Humongous Register: 0.0 ms]
      [Humongous Reclaim: 0.1 ms]
      [Free CSet: 0.1 ms]
   [Eden: 48128.0K(48128.0K)->0.0B(45056.0K) Survivors: 4096.0K->7168.0K Heap: 267.2M(1024.0M)->223.2M(1024.0M)]
 [Times: user=0.15 sys=0.00, real=0.04 secs] 
2022-11-23T17:23:20.165+0100: 6114.129: [GC pause (G1 Evacuation Pause) (young), 0.1481980 secs]
   [Parallel Time: 116.2 ms, GC Workers: 8]
      [GC Worker Start (ms): Min: 6114140.7, Avg: 6114162.8, Max: 6114175.2, Diff: 34.5]
      [Ext Root Scanning (ms): Min: 0.0, Avg: 0.5, Max: 2.9, Diff: 2.9, Sum: 4.0]
      [Update RS (ms): Min: 0.0, Avg: 4.8, Max: 19.2, Diff: 19.2, Sum: 38.3]
         [Processed Buffers: Min: 0, Avg: 5.0, Max: 20, Diff: 20, Sum: 40]
      [Scan RS (ms): Min: 0.1, Avg: 14.8, Max: 40.1, Diff: 40.0, Sum: 118.5]
      [Code Root Scanning (ms): Min: 0.0, Avg: 0.0, Max: 0.0, Diff: 0.0, Sum: 0.0]
      [Object Copy (ms): Min: 0.1, Avg: 18.5, Max: 50.0, Diff: 49.9, Sum: 147.8]
      [Termination (ms): Min: 0.0, Avg: 22.3, Max: 30.4, Diff: 30.4, Sum: 178.6]
         [Termination Attempts: Min: 1, Avg: 2.8, Max: 6, Diff: 5, Sum: 22]
      [GC Worker Other (ms): Min: 0.0, Avg: 0.0, Max: 0.0, Diff: 0.0, Sum: 0.2]
      [GC Worker Total (ms): Min: 47.6, Avg: 60.9, Max: 84.1, Diff: 36.5, Sum: 487.4]
      [GC Worker End (ms): Min: 6114222.8, Avg: 6114223.7, Max: 6114225.9, Diff: 3.1]
   [Code Root Fixup: 0.0 ms]
   [Code Root Purge: 0.0 ms]
   [Clear CT: 1.0 ms]
   [Other: 31.0 ms]
      [Choose CSet: 0.0 ms]
      [Ref Proc: 29.3 ms]
      [Ref Enq: 0.0 ms]
      [Redirty Cards: 1.0 ms]
      [Humongous Register: 0.1 ms]
      [Humongous Reclaim: 0.1 ms]
      [Free CSet: 0.1 ms]
   [Eden: 45056.0K(45056.0K)->0.0B(47104.0K) Survivors: 7168.0K->5120.0K Heap: 267.2M(1024.0M)->221.3M(1024.0M)]
 [Times: user=0.38 sys=0.05, real=0.15 secs] 
2022-11-23T17:23:31.648+0100: 6125.613: [GC pause (G1 Evacuation Pause) (young), 0.0815380 secs]
   [Parallel Time: 65.1 ms, GC Workers: 8]
      [GC Worker Start (ms): Min: 6125613.0, Avg: 6125636.7, Max: 6125670.3, Diff: 57.2]
      [Ext Root Scanning (ms): Min: 0.0, Avg: 0.4, Max: 1.2, Diff: 1.2, Sum: 3.4]
      [Update RS (ms): Min: 0.0, Avg: 16.0, Max: 53.3, Diff: 53.3, Sum: 127.8]
         [Processed Buffers: Min: 0, Avg: 5.4, Max: 33, Diff: 33, Sum: 43]
      [Scan RS (ms): Min: 0.0, Avg: 6.4, Max: 37.3, Diff: 37.3, Sum: 51.6]
      [Code Root Scanning (ms): Min: 0.0, Avg: 0.0, Max: 0.0, Diff: 0.0, Sum: 0.0]
      [Object Copy (ms): Min: 3.4, Avg: 13.3, Max: 21.3, Diff: 18.0, Sum: 106.2]
      [Termination (ms): Min: 0.0, Avg: 3.5, Max: 5.6, Diff: 5.6, Sum: 28.2]
         [Termination Attempts: Min: 1, Avg: 3.1, Max: 6, Diff: 5, Sum: 25]
      [GC Worker Other (ms): Min: 0.0, Avg: 0.0, Max: 0.0, Diff: 0.0, Sum: 0.2]
      [GC Worker Total (ms): Min: 6.7, Avg: 39.7, Max: 64.6, Diff: 57.9, Sum: 317.3]
      [GC Worker End (ms): Min: 6125675.8, Avg: 6125676.4, Max: 6125677.7, Diff: 1.8]
   [Code Root Fixup: 0.0 ms]
   [Code Root Purge: 0.0 ms]
   [Clear CT: 5.6 ms]
   [Other: 10.8 ms]
      [Choose CSet: 0.0 ms]
      [Ref Proc: 6.7 ms]
      [Ref Enq: 0.0 ms]
      [Redirty Cards: 3.3 ms]
      [Humongous Register: 0.0 ms]
      [Humongous Reclaim: 0.1 ms]
      [Free CSet: 0.2 ms]
   [Eden: 47104.0K(47104.0K)->0.0B(47104.0K) Survivors: 5120.0K->5120.0K Heap: 267.3M(1024.0M)->221.8M(1024.0M)]
 [Times: user=0.25 sys=0.06, real=0.08 secs] 
2022-11-23T17:23:42.731+0100: 6136.696: [GC pause (G1 Evacuation Pause) (young), 0.0649986 secs]
   [Parallel Time: 50.6 ms, GC Workers: 8]
      [GC Worker Start (ms): Min: 6136696.3, Avg: 6136718.7, Max: 6136727.5, Diff: 31.3]
      [Ext Root Scanning (ms): Min: 0.0, Avg: 0.5, Max: 2.2, Diff: 2.2, Sum: 4.4]
      [Update RS (ms): Min: 0.0, Avg: 1.0, Max: 4.1, Diff: 4.1, Sum: 8.2]
         [Processed Buffers: Min: 0, Avg: 4.5, Max: 32, Diff: 32, Sum: 36]
      [Scan RS (ms): Min: 0.1, Avg: 6.2, Max: 43.3, Diff: 43.2, Sum: 49.5]
      [Code Root Scanning (ms): Min: 0.0, Avg: 0.0, Max: 0.0, Diff: 0.0, Sum: 0.0]
      [Object Copy (ms): Min: 0.0, Avg: 3.1, Max: 18.9, Diff: 18.9, Sum: 24.7]
      [Termination (ms): Min: 0.0, Avg: 16.5, Max: 19.2, Diff: 19.2, Sum: 132.1]
         [Termination Attempts: Min: 1, Avg: 9.8, Max: 19, Diff: 18, Sum: 78]
      [GC Worker Other (ms): Min: 0.0, Avg: 0.0, Max: 0.0, Diff: 0.0, Sum: 0.1]
      [GC Worker Total (ms): Min: 18.6, Avg: 27.4, Max: 49.8, Diff: 31.2, Sum: 219.0]
      [GC Worker End (ms): Min: 6136746.0, Avg: 6136746.1, Max: 6136746.2, Diff: 0.2]
   [Code Root Fixup: 0.0 ms]
   [Code Root Purge: 0.0 ms]
   [Clear CT: 2.6 ms]
   [Other: 11.7 ms]
      [Choose CSet: 0.0 ms]
      [Ref Proc: 9.9 ms]
      [Ref Enq: 0.0 ms]
      [Redirty Cards: 1.1 ms]
      [Humongous Register: 0.1 ms]
      [Humongous Reclaim: 0.1 ms]
      [Free CSet: 0.1 ms]
   [Eden: 47104.0K(47104.0K)->0.0B(47104.0K) Survivors: 5120.0K->5120.0K Heap: 267.8M(1024.0M)->222.1M(1024.0M)]
 [Times: user=0.15 sys=0.06, real=0.06 secs] 
2022-11-23T17:23:55.099+0100: 6149.064: [GC pause (G1 Evacuation Pause) (young), 0.0538572 secs]
   [Parallel Time: 22.0 ms, GC Workers: 8]
      [GC Worker Start (ms): Min: 6149064.4, Avg: 6149071.1, Max: 6149078.7, Diff: 14.3]
      [Ext Root Scanning (ms): Min: 0.0, Avg: 0.7, Max: 1.9, Diff: 1.9, Sum: 5.5]
      [Update RS (ms): Min: 0.0, Avg: 1.4, Max: 2.9, Diff: 2.9, Sum: 10.8]
         [Processed Buffers: Min: 0, Avg: 4.9, Max: 16, Diff: 16, Sum: 39]
      [Scan RS (ms): Min: 0.0, Avg: 1.0, Max: 2.5, Diff: 2.5, Sum: 8.2]
      [Code Root Scanning (ms): Min: 0.0, Avg: 0.0, Max: 0.0, Diff: 0.0, Sum: 0.0]
      [Object Copy (ms): Min: 0.0, Avg: 5.1, Max: 14.3, Diff: 14.3, Sum: 40.7]
      [Termination (ms): Min: 0.0, Avg: 6.2, Max: 7.4, Diff: 7.4, Sum: 49.7]
         [Termination Attempts: Min: 1, Avg: 1.9, Max: 5, Diff: 4, Sum: 15]
      [GC Worker Other (ms): Min: 0.0, Avg: 0.0, Max: 0.1, Diff: 0.1, Sum: 0.3]
      [GC Worker Total (ms): Min: 6.7, Avg: 14.4, Max: 21.2, Diff: 14.4, Sum: 115.1]
      [GC Worker End (ms): Min: 6149085.4, Avg: 6149085.5, Max: 6149085.6, Diff: 0.2]
   [Code Root Fixup: 0.0 ms]
   [Code Root Purge: 0.0 ms]
   [Clear CT: 16.1 ms]
   [Other: 15.7 ms]
      [Choose CSet: 0.0 ms]
      [Ref Proc: 9.3 ms]
      [Ref Enq: 0.0 ms]
      [Redirty Cards: 5.6 ms]
      [Humongous Register: 0.1 ms]
      [Humongous Reclaim: 0.1 ms]
      [Free CSet: 0.1 ms]
   [Eden: 47104.0K(47104.0K)->0.0B(48128.0K) Survivors: 5120.0K->4096.0K Heap: 268.1M(1024.0M)->221.1M(1024.0M)]
 [Times: user=0.11 sys=0.00, real=0.06 secs] 
2022-11-23T17:24:05.098+0100: 6159.063: [GC pause (G1 Evacuation Pause) (young), 0.0602003 secs]
   [Parallel Time: 45.9 ms, GC Workers: 8]
      [GC Worker Start (ms): Min: 6159063.3, Avg: 6159067.7, Max: 6159074.6, Diff: 11.2]
      [Ext Root Scanning (ms): Min: 0.0, Avg: 0.5, Max: 1.2, Diff: 1.2, Sum: 4.1]
      [Update RS (ms): Min: 0.0, Avg: 6.4, Max: 42.9, Diff: 42.9, Sum: 51.0]
         [Processed Buffers: Min: 0, Avg: 4.9, Max: 13, Diff: 13, Sum: 39]
      [Scan RS (ms): Min: 0.0, Avg: 5.8, Max: 42.0, Diff: 42.0, Sum: 46.8]
      [Code Root Scanning (ms): Min: 0.0, Avg: 0.0, Max: 0.0, Diff: 0.0, Sum: 0.0]
      [Object Copy (ms): Min: 0.0, Avg: 2.5, Max: 6.6, Diff: 6.6, Sum: 20.0]
      [Termination (ms): Min: 0.0, Avg: 25.6, Max: 34.1, Diff: 34.1, Sum: 204.9]
         [Termination Attempts: Min: 1, Avg: 18.0, Max: 34, Diff: 33, Sum: 144]
      [GC Worker Other (ms): Min: 0.0, Avg: 0.0, Max: 0.0, Diff: 0.0, Sum: 0.1]
      [GC Worker Total (ms): Min: 33.9, Avg: 40.9, Max: 45.2, Diff: 11.3, Sum: 326.8]
      [GC Worker End (ms): Min: 6159108.5, Avg: 6159108.5, Max: 6159108.6, Diff: 0.1]
   [Code Root Fixup: 0.0 ms]
   [Code Root Purge: 0.0 ms]
   [Clear CT: 1.3 ms]
   [Other: 13.0 ms]
      [Choose CSet: 0.0 ms]
      [Ref Proc: 11.6 ms]
      [Ref Enq: 0.0 ms]
      [Redirty Cards: 0.9 ms]
      [Humongous Register: 0.0 ms]
      [Humongous Reclaim: 0.0 ms]
      [Free CSet: 0.1 ms]
   [Eden: 48128.0K(48128.0K)->0.0B(47104.0K) Survivors: 4096.0K->5120.0K Heap: 268.1M(1024.0M)->222.9M(1024.0M)]
 [Times: user=0.34 sys=0.01, real=0.06 secs] 
2022-11-23T17:24:14.731+0100: 6168.696: [GC pause (G1 Evacuation Pause) (young), 0.0324441 secs]
   [Parallel Time: 15.3 ms, GC Workers: 8]
      [GC Worker Start (ms): Min: 6168696.2, Avg: 6168700.0, Max: 6168706.2, Diff: 10.1]
      [Ext Root Scanning (ms): Min: 0.0, Avg: 0.4, Max: 1.2, Diff: 1.2, Sum: 3.6]
      [Update RS (ms): Min: 0.0, Avg: 0.9, Max: 1.6, Diff: 1.6, Sum: 7.2]
         [Processed Buffers: Min: 0, Avg: 5.0, Max: 15, Diff: 15, Sum: 40]
      [Scan RS (ms): Min: 0.0, Avg: 1.2, Max: 2.3, Diff: 2.3, Sum: 9.3]
      [Code Root Scanning (ms): Min: 0.0, Avg: 0.0, Max: 0.0, Diff: 0.0, Sum: 0.0]
      [Object Copy (ms): Min: 0.0, Avg: 2.8, Max: 4.7, Diff: 4.7, Sum: 22.7]
      [Termination (ms): Min: 0.0, Avg: 1.0, Max: 1.2, Diff: 1.2, Sum: 7.6]
         [Termination Attempts: Min: 1, Avg: 2.2, Max: 5, Diff: 4, Sum: 18]
      [GC Worker Other (ms): Min: 0.0, Avg: 0.1, Max: 0.9, Diff: 0.9, Sum: 1.0]
      [GC Worker Total (ms): Min: 0.0, Avg: 6.4, Max: 10.9, Diff: 10.9, Sum: 51.4]
      [GC Worker End (ms): Min: 6168706.3, Avg: 6168706.4, Max: 6168707.3, Diff: 1.0]
   [Code Root Fixup: 0.0 ms]
   [Code Root Purge: 0.0 ms]
   [Clear CT: 0.9 ms]
   [Other: 16.3 ms]
      [Choose CSet: 0.0 ms]
      [Ref Proc: 14.7 ms]
      [Ref Enq: 0.0 ms]
      [Redirty Cards: 0.8 ms]
      [Humongous Register: 0.2 ms]
      [Humongous Reclaim: 0.1 ms]
      [Free CSet: 0.1 ms]
   [Eden: 47104.0K(47104.0K)->0.0B(48128.0K) Survivors: 5120.0K->4096.0K Heap: 268.9M(1024.0M)->221.5M(1024.0M)]
 [Times: user=0.11 sys=0.00, real=0.03 secs] 
2022-11-23T17:24:25.129+0100: 6179.093: [GC pause (G1 Evacuation Pause) (young), 0.0296456 secs]
   [Parallel Time: 21.0 ms, GC Workers: 8]
      [GC Worker Start (ms): Min: 6179093.6, Avg: 6179104.7, Max: 6179113.9, Diff: 20.3]
      [Ext Root Scanning (ms): Min: 0.0, Avg: 0.5, Max: 1.9, Diff: 1.9, Sum: 3.7]
      [Update RS (ms): Min: 0.0, Avg: 1.2, Max: 4.9, Diff: 4.9, Sum: 9.6]
         [Processed Buffers: Min: 0, Avg: 4.5, Max: 24, Diff: 24, Sum: 36]
      [Scan RS (ms): Min: 0.0, Avg: 0.8, Max: 3.3, Diff: 3.3, Sum: 6.4]
      [Code Root Scanning (ms): Min: 0.0, Avg: 0.0, Max: 0.0, Diff: 0.0, Sum: 0.0]
      [Object Copy (ms): Min: 0.0, Avg: 6.6, Max: 11.0, Diff: 11.0, Sum: 52.5]
      [Termination (ms): Min: 0.0, Avg: 0.7, Max: 0.9, Diff: 0.9, Sum: 5.4]
         [Termination Attempts: Min: 1, Avg: 2.4, Max: 6, Diff: 5, Sum: 19]
      [GC Worker Other (ms): Min: 0.0, Avg: 0.0, Max: 0.1, Diff: 0.1, Sum: 0.2]
      [GC Worker Total (ms): Min: 0.5, Avg: 9.7, Max: 20.8, Diff: 20.3, Sum: 77.8]
      [GC Worker End (ms): Min: 6179114.4, Avg: 6179114.5, Max: 6179114.5, Diff: 0.0]
   [Code Root Fixup: 0.0 ms]
   [Code Root Purge: 0.0 ms]
   [Clear CT: 1.7 ms]
   [Other: 6.9 ms]
      [Choose CSet: 0.0 ms]
      [Ref Proc: 4.9 ms]
      [Ref Enq: 0.0 ms]
      [Redirty Cards: 1.4 ms]
      [Humongous Register: 0.0 ms]
      [Humongous Reclaim: 0.1 ms]
      [Free CSet: 0.1 ms]
   [Eden: 48128.0K(48128.0K)->0.0B(47104.0K) Survivors: 4096.0K->5120.0K Heap: 268.5M(1024.0M)->222.8M(1024.0M)]
 [Times: user=0.09 sys=0.00, real=0.03 secs] 
2022-11-23T17:24:38.720+0100: 6192.685: [GC pause (G1 Evacuation Pause) (young), 0.0426664 secs]
   [Parallel Time: 32.8 ms, GC Workers: 8]
      [GC Worker Start (ms): Min: 6192685.0, Avg: 6192701.4, Max: 6192711.0, Diff: 26.0]
      [Ext Root Scanning (ms): Min: 0.0, Avg: 0.4, Max: 3.1, Diff: 3.0, Sum: 3.3]
      [Update RS (ms): Min: 0.0, Avg: 3.7, Max: 26.8, Diff: 26.8, Sum: 29.6]
         [Processed Buffers: Min: 0, Avg: 6.0, Max: 34, Diff: 34, Sum: 48]
      [Scan RS (ms): Min: 0.0, Avg: 2.0, Max: 11.0, Diff: 11.0, Sum: 15.7]
      [Code Root Scanning (ms): Min: 0.0, Avg: 0.0, Max: 0.0, Diff: 0.0, Sum: 0.0]
      [Object Copy (ms): Min: 0.0, Avg: 3.9, Max: 9.9, Diff: 9.9, Sum: 31.4]
      [Termination (ms): Min: 0.0, Avg: 3.6, Max: 4.3, Diff: 4.3, Sum: 29.0]
         [Termination Attempts: Min: 1, Avg: 4.0, Max: 7, Diff: 6, Sum: 32]
      [GC Worker Other (ms): Min: 0.0, Avg: 0.0, Max: 0.0, Diff: 0.0, Sum: 0.2]
      [GC Worker Total (ms): Min: 4.0, Avg: 13.6, Max: 30.0, Diff: 26.0, Sum: 109.2]
      [GC Worker End (ms): Min: 6192715.0, Avg: 6192715.0, Max: 6192715.0, Diff: 0.0]
   [Code Root Fixup: 0.0 ms]
   [Code Root Purge: 0.0 ms]
   [Clear CT: 1.6 ms]
   [Other: 8.2 ms]
      [Choose CSet: 0.0 ms]
      [Ref Proc: 6.4 ms]
      [Ref Enq: 0.0 ms]
      [Redirty Cards: 1.2 ms]
      [Humongous Register: 0.1 ms]
      [Humongous Reclaim: 0.1 ms]
      [Free CSet: 0.1 ms]
   [Eden: 47104.0K(47104.0K)->0.0B(48128.0K) Survivors: 5120.0K->4096.0K Heap: 268.8M(1024.0M)->222.6M(1024.0M)]
 [Times: user=0.06 sys=0.07, real=0.05 secs] 
2022-11-23T17:24:51.946+0100: 6205.911: [GC pause (G1 Evacuation Pause) (young), 0.0396063 secs]
   [Parallel Time: 33.7 ms, GC Workers: 8]
      [GC Worker Start (ms): Min: 6205910.9, Avg: 6205920.0, Max: 6205932.6, Diff: 21.7]
      [Ext Root Scanning (ms): Min: 0.0, Avg: 0.6, Max: 2.2, Diff: 2.2, Sum: 4.5]
      [Update RS (ms): Min: 0.0, Avg: 2.0, Max: 5.0, Diff: 5.0, Sum: 16.2]
         [Processed Buffers: Min: 0, Avg: 5.1, Max: 20, Diff: 20, Sum: 41]
      [Scan RS (ms): Min: 0.0, Avg: 4.2, Max: 9.5, Diff: 9.5, Sum: 33.5]
      [Code Root Scanning (ms): Min: 0.0, Avg: 0.0, Max: 0.0, Diff: 0.0, Sum: 0.0]
      [Object Copy (ms): Min: 0.0, Avg: 6.4, Max: 20.1, Diff: 20.1, Sum: 51.5]
      [Termination (ms): Min: 0.0, Avg: 10.7, Max: 13.1, Diff: 13.1, Sum: 85.3]
         [Termination Attempts: Min: 1, Avg: 1.5, Max: 3, Diff: 2, Sum: 12]
      [GC Worker Other (ms): Min: 0.0, Avg: 0.0, Max: 0.0, Diff: 0.0, Sum: 0.2]
      [GC Worker Total (ms): Min: 11.4, Avg: 23.9, Max: 33.0, Diff: 21.6, Sum: 191.2]
      [GC Worker End (ms): Min: 6205943.9, Avg: 6205943.9, Max: 6205944.0, Diff: 0.1]
   [Code Root Fixup: 0.0 ms]
   [Code Root Purge: 0.0 ms]
   [Clear CT: 1.4 ms]
   [Other: 4.5 ms]
      [Choose CSet: 0.0 ms]
      [Ref Proc: 2.7 ms]
      [Ref Enq: 0.0 ms]
      [Redirty Cards: 1.2 ms]
      [Humongous Register: 0.1 ms]
      [Humongous Reclaim: 0.0 ms]
      [Free CSet: 0.1 ms]
   [Eden: 48128.0K(48128.0K)->0.0B(48128.0K) Survivors: 4096.0K->4096.0K Heap: 269.6M(1024.0M)->222.8M(1024.0M)]
 [Times: user=0.15 sys=0.02, real=0.04 secs] 
2022-11-23T17:25:01.146+0100: 6215.111: [GC pause (G1 Evacuation Pause) (young), 0.0229959 secs]
   [Parallel Time: 11.2 ms, GC Workers: 8]
      [GC Worker Start (ms): Min: 6215111.0, Avg: 6215112.9, Max: 6215120.2, Diff: 9.1]
      [Ext Root Scanning (ms): Min: 0.0, Avg: 0.5, Max: 1.0, Diff: 1.0, Sum: 3.9]
      [Update RS (ms): Min: 0.0, Avg: 0.9, Max: 2.0, Diff: 2.0, Sum: 7.4]
         [Processed Buffers: Min: 0, Avg: 5.5, Max: 18, Diff: 18, Sum: 44]
      [Scan RS (ms): Min: 0.0, Avg: 1.0, Max: 1.6, Diff: 1.6, Sum: 8.1]
      [Code Root Scanning (ms): Min: 0.0, Avg: 0.0, Max: 0.0, Diff: 0.0, Sum: 0.0]
      [Object Copy (ms): Min: 0.0, Avg: 4.9, Max: 7.5, Diff: 7.5, Sum: 39.1]
      [Termination (ms): Min: 0.0, Avg: 1.6, Max: 1.9, Diff: 1.9, Sum: 12.7]
         [Termination Attempts: Min: 1, Avg: 3.6, Max: 6, Diff: 5, Sum: 29]
      [GC Worker Other (ms): Min: 0.0, Avg: 0.0, Max: 0.0, Diff: 0.0, Sum: 0.1]
      [GC Worker Total (ms): Min: 1.7, Avg: 8.9, Max: 10.8, Diff: 9.1, Sum: 71.2]
      [GC Worker End (ms): Min: 6215121.8, Avg: 6215121.8, Max: 6215121.9, Diff: 0.1]
   [Code Root Fixup: 0.0 ms]
   [Code Root Purge: 0.0 ms]
   [Clear CT: 0.6 ms]
   [Other: 11.2 ms]
      [Choose CSet: 0.0 ms]
      [Ref Proc: 9.5 ms]
      [Ref Enq: 0.0 ms]
      [Redirty Cards: 1.2 ms]
      [Humongous Register: 0.1 ms]
      [Humongous Reclaim: 0.1 ms]
      [Free CSet: 0.1 ms]
   [Eden: 48128.0K(48128.0K)->0.0B(47104.0K) Survivors: 4096.0K->5120.0K Heap: 269.8M(1024.0M)->223.5M(1024.0M)]
 [Times: user=0.09 sys=0.01, real=0.02 secs] 
2022-11-23T17:25:12.144+0100: 6226.109: [GC pause (G1 Evacuation Pause) (young), 0.0506538 secs]
   [Parallel Time: 39.3 ms, GC Workers: 8]
      [GC Worker Start (ms): Min: 6226109.0, Avg: 6226119.2, Max: 6226128.3, Diff: 19.3]
      [Ext Root Scanning (ms): Min: 0.0, Avg: 0.6, Max: 2.0, Diff: 2.0, Sum: 4.9]
      [Update RS (ms): Min: 0.0, Avg: 1.1, Max: 2.9, Diff: 2.9, Sum: 8.5]
         [Processed Buffers: Min: 0, Avg: 4.9, Max: 24, Diff: 24, Sum: 39]
      [Scan RS (ms): Min: 0.1, Avg: 4.0, Max: 24.6, Diff: 24.5, Sum: 31.9]
      [Code Root Scanning (ms): Min: 0.0, Avg: 0.0, Max: 0.0, Diff: 0.0, Sum: 0.0]
      [Object Copy (ms): Min: 0.0, Avg: 6.6, Max: 30.8, Diff: 30.8, Sum: 52.7]
      [Termination (ms): Min: 0.0, Avg: 16.0, Max: 20.5, Diff: 20.5, Sum: 128.0]
         [Termination Attempts: Min: 1, Avg: 2.1, Max: 4, Diff: 3, Sum: 17]
      [GC Worker Other (ms): Min: 0.0, Avg: 0.0, Max: 0.0, Diff: 0.0, Sum: 0.1]
      [GC Worker Total (ms): Min: 19.2, Avg: 28.3, Max: 38.5, Diff: 19.3, Sum: 226.1]
      [GC Worker End (ms): Min: 6226147.4, Avg: 6226147.5, Max: 6226147.6, Diff: 0.1]
   [Code Root Fixup: 0.0 ms]
   [Code Root Purge: 0.0 ms]
   [Clear CT: 2.2 ms]
   [Other: 9.2 ms]
      [Choose CSet: 0.0 ms]
      [Ref Proc: 7.0 ms]
      [Ref Enq: 0.0 ms]
      [Redirty Cards: 1.3 ms]
      [Humongous Register: 0.1 ms]
      [Humongous Reclaim: 0.1 ms]
      [Free CSet: 0.1 ms]
   [Eden: 47104.0K(47104.0K)->0.0B(47104.0K) Survivors: 5120.0K->5120.0K Heap: 269.5M(1024.0M)->224.0M(1024.0M)]
 [Times: user=0.17 sys=0.00, real=0.05 secs] 
2022-11-23T17:25:22.320+0100: 6236.285: [GC pause (G1 Evacuation Pause) (young), 0.0651215 secs]
   [Parallel Time: 49.0 ms, GC Workers: 8]
      [GC Worker Start (ms): Min: 6236285.2, Avg: 6236289.2, Max: 6236295.3, Diff: 10.1]
      [Ext Root Scanning (ms): Min: 0.0, Avg: 0.5, Max: 1.9, Diff: 1.9, Sum: 3.7]
      [Update RS (ms): Min: 0.0, Avg: 7.2, Max: 42.4, Diff: 42.4, Sum: 57.2]
         [Processed Buffers: Min: 0, Avg: 5.2, Max: 16, Diff: 16, Sum: 42]
      [Scan RS (ms): Min: 0.0, Avg: 6.0, Max: 42.5, Diff: 42.5, Sum: 47.9]
      [Code Root Scanning (ms): Min: 0.0, Avg: 0.0, Max: 0.0, Diff: 0.0, Sum: 0.0]
      [Object Copy (ms): Min: 0.0, Avg: 3.8, Max: 6.3, Diff: 6.3, Sum: 30.1]
      [Termination (ms): Min: 0.0, Avg: 26.2, Max: 35.0, Diff: 35.0, Sum: 209.9]
         [Termination Attempts: Min: 1, Avg: 10.0, Max: 18, Diff: 17, Sum: 80]
      [GC Worker Other (ms): Min: 0.0, Avg: 0.0, Max: 0.1, Diff: 0.1, Sum: 0.3]
      [GC Worker Total (ms): Min: 37.6, Avg: 43.6, Max: 47.6, Diff: 10.0, Sum: 349.0]
      [GC Worker End (ms): Min: 6236332.8, Avg: 6236332.9, Max: 6236332.9, Diff: 0.1]
   [Code Root Fixup: 0.0 ms]
   [Code Root Purge: 0.0 ms]
   [Clear CT: 1.1 ms]
   [Other: 14.9 ms]
      [Choose CSet: 0.0 ms]
      [Ref Proc: 12.5 ms]
      [Ref Enq: 0.0 ms]
      [Redirty Cards: 1.2 ms]
      [Humongous Register: 0.1 ms]
      [Humongous Reclaim: 0.3 ms]
      [Free CSet: 0.3 ms]
   [Eden: 47104.0K(47104.0K)->0.0B(48128.0K) Survivors: 5120.0K->4096.0K Heap: 270.0M(1024.0M)->223.2M(1024.0M)]
 [Times: user=0.26 sys=0.04, real=0.07 secs] 
2022-11-23T17:25:35.656+0100: 6249.621: [GC pause (G1 Evacuation Pause) (young), 0.0310637 secs]
   [Parallel Time: 25.8 ms, GC Workers: 8]
      [GC Worker Start (ms): Min: 6249621.2, Avg: 6249629.6, Max: 6249637.1, Diff: 15.9]
      [Ext Root Scanning (ms): Min: 0.0, Avg: 0.5, Max: 1.4, Diff: 1.4, Sum: 4.0]
      [Update RS (ms): Min: 0.0, Avg: 0.9, Max: 2.5, Diff: 2.5, Sum: 7.3]
         [Processed Buffers: Min: 0, Avg: 5.6, Max: 18, Diff: 18, Sum: 45]
      [Scan RS (ms): Min: 0.0, Avg: 1.9, Max: 4.2, Diff: 4.2, Sum: 15.0]
      [Code Root Scanning (ms): Min: 0.0, Avg: 0.0, Max: 0.0, Diff: 0.0, Sum: 0.0]
      [Object Copy (ms): Min: 0.0, Avg: 4.8, Max: 14.1, Diff: 14.1, Sum: 38.1]
      [Termination (ms): Min: 0.0, Avg: 6.2, Max: 9.1, Diff: 9.1, Sum: 49.3]
         [Termination Attempts: Min: 1, Avg: 2.0, Max: 4, Diff: 3, Sum: 16]
      [GC Worker Other (ms): Min: 0.0, Avg: 0.0, Max: 0.0, Diff: 0.0, Sum: 0.2]
      [GC Worker Total (ms): Min: 5.9, Avg: 14.2, Max: 22.4, Diff: 16.5, Sum: 113.9]
      [GC Worker End (ms): Min: 6249643.0, Avg: 6249643.8, Max: 6249645.9, Diff: 2.9]
   [Code Root Fixup: 0.0 ms]
   [Code Root Purge: 0.0 ms]
   [Clear CT: 1.6 ms]
   [Other: 3.6 ms]
      [Choose CSet: 0.0 ms]
      [Ref Proc: 2.1 ms]
      [Ref Enq: 0.0 ms]
      [Redirty Cards: 1.0 ms]
      [Humongous Register: 0.0 ms]
      [Humongous Reclaim: 0.1 ms]
      [Free CSet: 0.1 ms]
   [Eden: 48128.0K(48128.0K)->0.0B(47104.0K) Survivors: 4096.0K->5120.0K Heap: 270.2M(1024.0M)->224.4M(1024.0M)]
 [Times: user=0.09 sys=0.01, real=0.03 secs] 
2022-11-23T17:25:48.345+0100: 6262.310: [GC pause (G1 Evacuation Pause) (young), 0.0482282 secs]
   [Parallel Time: 37.1 ms, GC Workers: 8]
      [GC Worker Start (ms): Min: 6262310.3, Avg: 6262322.1, Max: 6262329.1, Diff: 18.8]
      [Ext Root Scanning (ms): Min: 0.0, Avg: 0.8, Max: 5.3, Diff: 5.2, Sum: 6.2]
      [Update RS (ms): Min: 0.0, Avg: 1.5, Max: 4.6, Diff: 4.6, Sum: 11.7]
         [Processed Buffers: Min: 0, Avg: 6.0, Max: 21, Diff: 21, Sum: 48]
      [Scan RS (ms): Min: 0.0, Avg: 0.6, Max: 2.0, Diff: 2.0, Sum: 4.8]
      [Code Root Scanning (ms): Min: 0.0, Avg: 0.0, Max: 0.0, Diff: 0.0, Sum: 0.0]
      [Object Copy (ms): Min: 0.0, Avg: 6.7, Max: 26.2, Diff: 26.2, Sum: 53.5]
      [Termination (ms): Min: 0.0, Avg: 15.6, Max: 18.6, Diff: 18.6, Sum: 125.2]
         [Termination Attempts: Min: 1, Avg: 1.1, Max: 2, Diff: 1, Sum: 9]
      [GC Worker Other (ms): Min: 0.0, Avg: 0.0, Max: 0.0, Diff: 0.0, Sum: 0.1]
      [GC Worker Total (ms): Min: 18.1, Avg: 25.2, Max: 37.0, Diff: 18.8, Sum: 201.5]
      [GC Worker End (ms): Min: 6262347.3, Avg: 6262347.3, Max: 6262347.3, Diff: 0.0]
   [Code Root Fixup: 0.0 ms]
   [Code Root Purge: 0.0 ms]
   [Clear CT: 2.2 ms]
   [Other: 8.9 ms]
      [Choose CSet: 0.0 ms]
      [Ref Proc: 7.5 ms]
      [Ref Enq: 0.0 ms]
      [Redirty Cards: 0.9 ms]
      [Humongous Register: 0.0 ms]
      [Humongous Reclaim: 0.1 ms]
      [Free CSet: 0.1 ms]
   [Eden: 47104.0K(47104.0K)->0.0B(47104.0K) Survivors: 5120.0K->5120.0K Heap: 270.4M(1024.0M)->224.4M(1024.0M)]
 [Times: user=0.17 sys=0.01, real=0.05 secs] 
2022-11-23T17:26:00.690+0100: 6274.655: [GC pause (G1 Evacuation Pause) (young), 0.0373383 secs]
   [Parallel Time: 19.3 ms, GC Workers: 8]
      [GC Worker Start (ms): Min: 6274655.2, Avg: 6274656.9, Max: 6274664.3, Diff: 9.1]
      [Ext Root Scanning (ms): Min: 0.1, Avg: 0.6, Max: 1.4, Diff: 1.4, Sum: 5.0]
      [Update RS (ms): Min: 0.0, Avg: 1.5, Max: 3.0, Diff: 3.0, Sum: 12.0]
         [Processed Buffers: Min: 0, Avg: 6.0, Max: 17, Diff: 17, Sum: 48]
      [Scan RS (ms): Min: 0.0, Avg: 1.5, Max: 2.7, Diff: 2.7, Sum: 12.1]
      [Code Root Scanning (ms): Min: 0.0, Avg: 0.0, Max: 0.0, Diff: 0.0, Sum: 0.0]
      [Object Copy (ms): Min: 0.0, Avg: 3.4, Max: 4.5, Diff: 4.5, Sum: 27.6]
      [Termination (ms): Min: 0.0, Avg: 3.0, Max: 10.1, Diff: 10.1, Sum: 23.8]
         [Termination Attempts: Min: 1, Avg: 1.2, Max: 3, Diff: 2, Sum: 10]
      [GC Worker Other (ms): Min: 0.0, Avg: 0.0, Max: 0.0, Diff: 0.0, Sum: 0.2]
      [GC Worker Total (ms): Min: 0.1, Avg: 10.1, Max: 17.9, Diff: 17.8, Sum: 80.7]
      [GC Worker End (ms): Min: 6274664.4, Avg: 6274667.0, Max: 6274674.2, Diff: 9.8]
   [Code Root Fixup: 0.0 ms]
   [Code Root Purge: 0.0 ms]
   [Clear CT: 2.5 ms]
   [Other: 15.4 ms]
      [Choose CSet: 0.0 ms]
      [Ref Proc: 13.2 ms]
      [Ref Enq: 0.0 ms]
      [Redirty Cards: 1.6 ms]
      [Humongous Register: 0.1 ms]
      [Humongous Reclaim: 0.1 ms]
      [Free CSet: 0.1 ms]
   [Eden: 47104.0K(47104.0K)->0.0B(48128.0K) Survivors: 5120.0K->4096.0K Heap: 270.4M(1024.0M)->224.2M(1024.0M)]
 [Times: user=0.06 sys=0.04, real=0.04 secs] 
2022-11-23T17:26:14.437+0100: 6288.401: [GC pause (G1 Evacuation Pause) (young), 0.0519063 secs]
   [Parallel Time: 20.1 ms, GC Workers: 8]
      [GC Worker Start (ms): Min: 6288401.6, Avg: 6288409.2, Max: 6288419.0, Diff: 17.4]
      [Ext Root Scanning (ms): Min: 0.0, Avg: 0.4, Max: 3.1, Diff: 3.1, Sum: 3.2]
      [Update RS (ms): Min: 0.0, Avg: 1.4, Max: 3.5, Diff: 3.5, Sum: 11.0]
         [Processed Buffers: Min: 0, Avg: 4.9, Max: 19, Diff: 19, Sum: 39]
      [Scan RS (ms): Min: 0.0, Avg: 1.8, Max: 4.5, Diff: 4.5, Sum: 14.6]
      [Code Root Scanning (ms): Min: 0.0, Avg: 0.0, Max: 0.0, Diff: 0.0, Sum: 0.0]
      [Object Copy (ms): Min: 0.0, Avg: 6.3, Max: 10.1, Diff: 10.1, Sum: 50.6]
      [Termination (ms): Min: 0.0, Avg: 2.0, Max: 2.5, Diff: 2.5, Sum: 15.9]
         [Termination Attempts: Min: 1, Avg: 1.2, Max: 3, Diff: 2, Sum: 10]
      [GC Worker Other (ms): Min: 0.0, Avg: 0.0, Max: 0.1, Diff: 0.1, Sum: 0.3]
      [GC Worker Total (ms): Min: 2.1, Avg: 12.0, Max: 19.8, Diff: 17.7, Sum: 95.6]
      [GC Worker End (ms): Min: 6288421.1, Avg: 6288421.2, Max: 6288421.4, Diff: 0.3]
   [Code Root Fixup: 0.0 ms]
   [Code Root Purge: 0.0 ms]
   [Clear CT: 1.4 ms]
   [Other: 30.3 ms]
      [Choose CSet: 0.0 ms]
      [Ref Proc: 28.7 ms]
      [Ref Enq: 0.0 ms]
      [Redirty Cards: 1.0 ms]
      [Humongous Register: 0.1 ms]
      [Humongous Reclaim: 0.1 ms]
      [Free CSet: 0.1 ms]
   [Eden: 48128.0K(48128.0K)->0.0B(47104.0K) Survivors: 4096.0K->5120.0K Heap: 271.2M(1024.0M)->224.8M(1024.0M)]
 [Times: user=0.18 sys=0.00, real=0.05 secs] 
2022-11-23T17:26:24.271+0100: 6298.236: [GC pause (G1 Evacuation Pause) (young), 0.0615328 secs]
   [Parallel Time: 48.0 ms, GC Workers: 8]
      [GC Worker Start (ms): Min: 6298236.2, Avg: 6298237.5, Max: 6298245.3, Diff: 9.2]
      [Ext Root Scanning (ms): Min: 0.0, Avg: 0.5, Max: 1.2, Diff: 1.2, Sum: 3.9]
      [Update RS (ms): Min: 0.0, Avg: 1.6, Max: 3.7, Diff: 3.7, Sum: 12.8]
         [Processed Buffers: Min: 0, Avg: 5.1, Max: 17, Diff: 17, Sum: 41]
      [Scan RS (ms): Min: 0.0, Avg: 6.4, Max: 44.0, Diff: 44.0, Sum: 51.0]
      [Code Root Scanning (ms): Min: 0.0, Avg: 0.0, Max: 0.0, Diff: 0.0, Sum: 0.0]
      [Object Copy (ms): Min: 0.1, Avg: 5.7, Max: 11.2, Diff: 11.1, Sum: 45.8]
      [Termination (ms): Min: 0.0, Avg: 31.4, Max: 37.5, Diff: 37.5, Sum: 251.4]
         [Termination Attempts: Min: 1, Avg: 4.2, Max: 8, Diff: 7, Sum: 34]
      [GC Worker Other (ms): Min: 0.0, Avg: 0.0, Max: 0.0, Diff: 0.0, Sum: 0.1]
      [GC Worker Total (ms): Min: 37.8, Avg: 45.6, Max: 47.0, Diff: 9.2, Sum: 365.0]
      [GC Worker End (ms): Min: 6298283.1, Avg: 6298283.2, Max: 6298283.4, Diff: 0.2]
   [Code Root Fixup: 0.0 ms]
   [Code Root Purge: 0.0 ms]
   [Clear CT: 1.9 ms]
   [Other: 11.6 ms]
      [Choose CSet: 0.0 ms]
      [Ref Proc: 8.0 ms]
      [Ref Enq: 0.0 ms]
      [Redirty Cards: 2.9 ms]
      [Humongous Register: 0.1 ms]
      [Humongous Reclaim: 0.1 ms]
      [Free CSet: 0.1 ms]
   [Eden: 47104.0K(47104.0K)->0.0B(47104.0K) Survivors: 5120.0K->5120.0K Heap: 270.8M(1024.0M)->225.7M(1024.0M)]
 [Times: user=0.24 sys=0.03, real=0.06 secs] 
2022-11-23T17:26:35.694+0100: 6309.658: [GC pause (G1 Evacuation Pause) (young), 0.0535028 secs]
   [Parallel Time: 45.4 ms, GC Workers: 8]
      [GC Worker Start (ms): Min: 6309659.0, Avg: 6309663.1, Max: 6309671.6, Diff: 12.6]
      [Ext Root Scanning (ms): Min: 0.0, Avg: 0.8, Max: 1.8, Diff: 1.7, Sum: 6.1]
      [Update RS (ms): Min: 0.0, Avg: 6.8, Max: 42.3, Diff: 42.3, Sum: 54.2]
         [Processed Buffers: Min: 0, Avg: 5.6, Max: 16, Diff: 16, Sum: 45]
      [Scan RS (ms): Min: 0.0, Avg: 5.3, Max: 38.7, Diff: 38.7, Sum: 42.5]
      [Code Root Scanning (ms): Min: 0.0, Avg: 0.0, Max: 0.0, Diff: 0.0, Sum: 0.0]
      [Object Copy (ms): Min: 0.0, Avg: 3.2, Max: 6.6, Diff: 6.6, Sum: 25.5]
      [Termination (ms): Min: 0.0, Avg: 23.6, Max: 31.6, Diff: 31.6, Sum: 189.1]
         [Termination Attempts: Min: 1, Avg: 4.1, Max: 7, Diff: 6, Sum: 33]
      [GC Worker Other (ms): Min: 0.0, Avg: 0.0, Max: 0.0, Diff: 0.0, Sum: 0.2]
      [GC Worker Total (ms): Min: 31.3, Avg: 39.7, Max: 43.8, Diff: 12.5, Sum: 317.5]
      [GC Worker End (ms): Min: 6309702.8, Avg: 6309702.8, Max: 6309702.9, Diff: 0.1]
   [Code Root Fixup: 0.0 ms]
   [Code Root Purge: 0.0 ms]
   [Clear CT: 1.4 ms]
   [Other: 6.7 ms]
      [Choose CSet: 0.0 ms]
      [Ref Proc: 4.6 ms]
      [Ref Enq: 0.1 ms]
      [Redirty Cards: 1.2 ms]
      [Humongous Register: 0.1 ms]
      [Humongous Reclaim: 0.1 ms]
      [Free CSet: 0.1 ms]
   [Eden: 47104.0K(47104.0K)->0.0B(48128.0K) Survivors: 5120.0K->4096.0K Heap: 271.7M(1024.0M)->224.9M(1024.0M)]
 [Times: user=0.28 sys=0.02, real=0.05 secs] 
2022-11-23T17:26:47.088+0100: 6321.053: [GC pause (G1 Evacuation Pause) (young), 0.0611313 secs]
   [Parallel Time: 43.2 ms, GC Workers: 8]
      [GC Worker Start (ms): Min: 6321053.1, Avg: 6321068.6, Max: 6321081.8, Diff: 28.7]
      [Ext Root Scanning (ms): Min: 0.0, Avg: 0.7, Max: 5.3, Diff: 5.3, Sum: 5.5]
      [Update RS (ms): Min: 0.0, Avg: 3.3, Max: 21.9, Diff: 21.9, Sum: 26.3]
         [Processed Buffers: Min: 0, Avg: 5.6, Max: 22, Diff: 22, Sum: 45]
      [Scan RS (ms): Min: 0.0, Avg: 3.6, Max: 11.3, Diff: 11.3, Sum: 28.9]
      [Code Root Scanning (ms): Min: 0.0, Avg: 0.0, Max: 0.0, Diff: 0.0, Sum: 0.0]
      [Object Copy (ms): Min: 1.0, Avg: 6.6, Max: 13.7, Diff: 12.7, Sum: 52.8]
      [Termination (ms): Min: 0.0, Avg: 7.2, Max: 13.1, Diff: 13.1, Sum: 57.4]
         [Termination Attempts: Min: 1, Avg: 1.5, Max: 2, Diff: 1, Sum: 12]
      [GC Worker Other (ms): Min: 0.0, Avg: 0.1, Max: 0.3, Diff: 0.3, Sum: 0.8]
      [GC Worker Total (ms): Min: 13.6, Avg: 21.5, Max: 33.5, Diff: 19.9, Sum: 171.6]
      [GC Worker End (ms): Min: 6321086.6, Avg: 6321090.1, Max: 6321095.5, Diff: 8.8]
   [Code Root Fixup: 0.0 ms]
   [Code Root Purge: 0.0 ms]
   [Clear CT: 2.5 ms]
   [Other: 15.4 ms]
      [Choose CSet: 0.0 ms]
      [Ref Proc: 12.1 ms]
      [Ref Enq: 0.0 ms]
      [Redirty Cards: 2.5 ms]
      [Humongous Register: 0.1 ms]
      [Humongous Reclaim: 0.1 ms]
      [Free CSet: 0.1 ms]
   [Eden: 48128.0K(48128.0K)->0.0B(47104.0K) Survivors: 4096.0K->5120.0K Heap: 271.9M(1024.0M)->225.7M(1024.0M)]
 [Times: user=0.16 sys=0.00, real=0.06 secs] 
2022-11-23T17:26:57.660+0100: 6331.625: [GC pause (G1 Evacuation Pause) (young), 0.0470403 secs]
   [Parallel Time: 22.7 ms, GC Workers: 8]
      [GC Worker Start (ms): Min: 6331625.0, Avg: 6331635.1, Max: 6331644.0, Diff: 19.0]
      [Ext Root Scanning (ms): Min: 0.0, Avg: 0.5, Max: 1.6, Diff: 1.6, Sum: 4.4]
      [Update RS (ms): Min: 0.0, Avg: 2.7, Max: 9.9, Diff: 9.9, Sum: 21.6]
         [Processed Buffers: Min: 0, Avg: 4.6, Max: 23, Diff: 23, Sum: 37]
      [Scan RS (ms): Min: 0.0, Avg: 1.6, Max: 5.0, Diff: 5.0, Sum: 12.6]
      [Code Root Scanning (ms): Min: 0.0, Avg: 0.0, Max: 0.0, Diff: 0.0, Sum: 0.0]
      [Object Copy (ms): Min: 0.0, Avg: 3.7, Max: 6.3, Diff: 6.3, Sum: 29.7]
      [Termination (ms): Min: 0.0, Avg: 0.8, Max: 3.0, Diff: 3.0, Sum: 6.1]
         [Termination Attempts: Min: 1, Avg: 1.1, Max: 2, Diff: 1, Sum: 9]
      [GC Worker Other (ms): Min: 0.0, Avg: 0.0, Max: 0.0, Diff: 0.0, Sum: 0.1]
      [GC Worker Total (ms): Min: 0.0, Avg: 9.3, Max: 19.1, Diff: 19.1, Sum: 74.4]
      [GC Worker End (ms): Min: 6331644.1, Avg: 6331644.4, Max: 6331646.5, Diff: 2.4]
   [Code Root Fixup: 0.0 ms]
   [Code Root Purge: 0.0 ms]
   [Clear CT: 9.7 ms]
   [Other: 14.6 ms]
      [Choose CSet: 0.0 ms]
      [Ref Proc: 12.9 ms]
      [Ref Enq: 0.0 ms]
      [Redirty Cards: 1.0 ms]
      [Humongous Register: 0.1 ms]
      [Humongous Reclaim: 0.1 ms]
      [Free CSet: 0.1 ms]
   [Eden: 47104.0K(47104.0K)->0.0B(48128.0K) Survivors: 5120.0K->4096.0K Heap: 271.7M(1024.0M)->225.3M(1024.0M)]
 [Times: user=0.11 sys=0.00, real=0.05 secs] 
2022-11-23T17:27:07.744+0100: 6341.709: [GC pause (G1 Evacuation Pause) (young), 0.0225374 secs]
   [Parallel Time: 13.8 ms, GC Workers: 8]
      [GC Worker Start (ms): Min: 6341709.2, Avg: 6341717.6, Max: 6341722.8, Diff: 13.6]
      [Ext Root Scanning (ms): Min: 0.0, Avg: 0.4, Max: 2.0, Diff: 2.0, Sum: 3.5]
      [Update RS (ms): Min: 0.0, Avg: 0.8, Max: 3.0, Diff: 3.0, Sum: 6.1]
         [Processed Buffers: Min: 0, Avg: 6.0, Max: 42, Diff: 42, Sum: 48]
      [Scan RS (ms): Min: 0.0, Avg: 1.1, Max: 2.6, Diff: 2.6, Sum: 8.5]
      [Code Root Scanning (ms): Min: 0.0, Avg: 0.0, Max: 0.0, Diff: 0.0, Sum: 0.0]
      [Object Copy (ms): Min: 0.0, Avg: 2.7, Max: 5.5, Diff: 5.5, Sum: 21.4]
      [Termination (ms): Min: 0.0, Avg: 0.3, Max: 0.5, Diff: 0.5, Sum: 2.2]
         [Termination Attempts: Min: 1, Avg: 2.4, Max: 9, Diff: 8, Sum: 19]
      [GC Worker Other (ms): Min: 0.0, Avg: 0.0, Max: 0.0, Diff: 0.0, Sum: 0.1]
      [GC Worker Total (ms): Min: 0.0, Avg: 5.2, Max: 13.6, Diff: 13.6, Sum: 41.8]
      [GC Worker End (ms): Min: 6341722.8, Avg: 6341722.8, Max: 6341722.8, Diff: 0.1]
   [Code Root Fixup: 0.0 ms]
   [Code Root Purge: 0.0 ms]
   [Clear CT: 1.1 ms]
   [Other: 7.6 ms]
      [Choose CSet: 0.0 ms]
      [Ref Proc: 6.2 ms]
      [Ref Enq: 0.0 ms]
      [Redirty Cards: 0.7 ms]
      [Humongous Register: 0.1 ms]
      [Humongous Reclaim: 0.1 ms]
      [Free CSet: 0.1 ms]
   [Eden: 48128.0K(48128.0K)->0.0B(48128.0K) Survivors: 4096.0K->4096.0K Heap: 272.3M(1024.0M)->225.2M(1024.0M)]
 [Times: user=0.06 sys=0.01, real=0.02 secs] 
2022-11-23T17:27:17.338+0100: 6351.303: [GC pause (G1 Evacuation Pause) (young), 0.0314974 secs]
   [Parallel Time: 22.3 ms, GC Workers: 8]
      [GC Worker Start (ms): Min: 6351303.3, Avg: 6351319.2, Max: 6351324.7, Diff: 21.4]
      [Ext Root Scanning (ms): Min: 0.0, Avg: 0.4, Max: 1.8, Diff: 1.8, Sum: 3.5]
      [Update RS (ms): Min: 0.0, Avg: 1.4, Max: 5.6, Diff: 5.6, Sum: 11.2]
         [Processed Buffers: Min: 0, Avg: 5.2, Max: 33, Diff: 33, Sum: 42]
      [Scan RS (ms): Min: 0.0, Avg: 0.7, Max: 2.8, Diff: 2.8, Sum: 5.5]
      [Code Root Scanning (ms): Min: 0.0, Avg: 0.0, Max: 0.0, Diff: 0.0, Sum: 0.0]
      [Object Copy (ms): Min: 0.0, Avg: 2.6, Max: 10.6, Diff: 10.6, Sum: 21.1]
      [Termination (ms): Min: 0.0, Avg: 0.4, Max: 0.9, Diff: 0.9, Sum: 3.4]
         [Termination Attempts: Min: 1, Avg: 1.5, Max: 5, Diff: 4, Sum: 12]
      [GC Worker Other (ms): Min: 0.0, Avg: 0.0, Max: 0.0, Diff: 0.0, Sum: 0.1]
      [GC Worker Total (ms): Min: 0.0, Avg: 5.6, Max: 21.5, Diff: 21.5, Sum: 44.8]
      [GC Worker End (ms): Min: 6351324.7, Avg: 6351324.8, Max: 6351324.9, Diff: 0.1]
   [Code Root Fixup: 0.0 ms]
   [Code Root Purge: 0.0 ms]
   [Clear CT: 1.4 ms]
   [Other: 7.8 ms]
      [Choose CSet: 0.0 ms]
      [Ref Proc: 5.5 ms]
      [Ref Enq: 0.0 ms]
      [Redirty Cards: 1.6 ms]
      [Humongous Register: 0.2 ms]
      [Humongous Reclaim: 0.0 ms]
      [Free CSet: 0.1 ms]
   [Eden: 48128.0K(48128.0K)->0.0B(48128.0K) Survivors: 4096.0K->4096.0K Heap: 272.2M(1024.0M)->225.1M(1024.0M)]
 [Times: user=0.04 sys=0.01, real=0.03 secs] 
2022-11-23T17:27:27.135+0100: 6361.100: [GC pause (G1 Evacuation Pause) (young), 0.0478360 secs]
   [Parallel Time: 22.2 ms, GC Workers: 8]
      [GC Worker Start (ms): Min: 6361100.2, Avg: 6361113.2, Max: 6361121.1, Diff: 20.9]
      [Ext Root Scanning (ms): Min: 0.0, Avg: 0.4, Max: 1.8, Diff: 1.7, Sum: 3.5]
      [Update RS (ms): Min: 0.0, Avg: 2.7, Max: 13.3, Diff: 13.3, Sum: 21.5]
         [Processed Buffers: Min: 0, Avg: 4.1, Max: 19, Diff: 19, Sum: 33]
      [Scan RS (ms): Min: 0.0, Avg: 0.7, Max: 2.7, Diff: 2.7, Sum: 5.2]
      [Code Root Scanning (ms): Min: 0.0, Avg: 0.0, Max: 0.0, Diff: 0.0, Sum: 0.0]
      [Object Copy (ms): Min: 0.0, Avg: 3.9, Max: 10.4, Diff: 10.4, Sum: 31.1]
      [Termination (ms): Min: 0.0, Avg: 0.5, Max: 1.2, Diff: 1.2, Sum: 3.8]
         [Termination Attempts: Min: 1, Avg: 2.5, Max: 6, Diff: 5, Sum: 20]
      [GC Worker Other (ms): Min: 0.0, Avg: 0.0, Max: 0.0, Diff: 0.0, Sum: 0.1]
      [GC Worker Total (ms): Min: 0.0, Avg: 8.2, Max: 21.0, Diff: 20.9, Sum: 65.3]
      [GC Worker End (ms): Min: 6361121.2, Avg: 6361121.3, Max: 6361122.1, Diff: 0.9]
   [Code Root Fixup: 0.0 ms]
   [Code Root Purge: 0.0 ms]
   [Clear CT: 1.0 ms]
   [Other: 24.6 ms]
      [Choose CSet: 0.0 ms]
      [Ref Proc: 23.1 ms]
      [Ref Enq: 0.0 ms]
      [Redirty Cards: 1.0 ms]
      [Humongous Register: 0.1 ms]
      [Humongous Reclaim: 0.1 ms]
      [Free CSet: 0.1 ms]
   [Eden: 48128.0K(48128.0K)->0.0B(48128.0K) Survivors: 4096.0K->4096.0K Heap: 272.1M(1024.0M)->225.9M(1024.0M)]
 [Times: user=0.12 sys=0.01, real=0.05 secs] 
2022-11-23T17:27:36.711+0100: 6370.676: [GC pause (G1 Evacuation Pause) (young), 0.0389497 secs]
   [Parallel Time: 29.1 ms, GC Workers: 8]
      [GC Worker Start (ms): Min: 6370676.0, Avg: 6370681.7, Max: 6370690.5, Diff: 14.5]
      [Ext Root Scanning (ms): Min: 0.0, Avg: 0.6, Max: 1.6, Diff: 1.5, Sum: 4.5]
      [Update RS (ms): Min: 0.0, Avg: 1.4, Max: 4.3, Diff: 4.3, Sum: 11.4]
         [Processed Buffers: Min: 0, Avg: 5.8, Max: 24, Diff: 24, Sum: 46]
      [Scan RS (ms): Min: 0.0, Avg: 0.7, Max: 2.0, Diff: 2.0, Sum: 5.2]
      [Code Root Scanning (ms): Min: 0.0, Avg: 0.0, Max: 0.0, Diff: 0.0, Sum: 0.0]
      [Object Copy (ms): Min: 0.0, Avg: 6.9, Max: 12.6, Diff: 12.6, Sum: 55.0]
      [Termination (ms): Min: 0.0, Avg: 5.7, Max: 13.9, Diff: 13.9, Sum: 45.9]
         [Termination Attempts: Min: 1, Avg: 1.1, Max: 2, Diff: 1, Sum: 9]
      [GC Worker Other (ms): Min: 0.0, Avg: 0.0, Max: 0.0, Diff: 0.0, Sum: 0.1]
      [GC Worker Total (ms): Min: 6.7, Avg: 15.3, Max: 20.6, Diff: 13.9, Sum: 122.2]
      [GC Worker End (ms): Min: 6370695.7, Avg: 6370697.0, Max: 6370704.3, Diff: 8.6]
   [Code Root Fixup: 0.0 ms]
   [Code Root Purge: 0.0 ms]
   [Clear CT: 2.7 ms]
   [Other: 7.1 ms]
      [Choose CSet: 0.0 ms]
      [Ref Proc: 5.5 ms]
      [Ref Enq: 0.0 ms]
      [Redirty Cards: 0.9 ms]
      [Humongous Register: 0.0 ms]
      [Humongous Reclaim: 0.1 ms]
      [Free CSet: 0.1 ms]
   [Eden: 48128.0K(48128.0K)->0.0B(47104.0K) Survivors: 4096.0K->5120.0K Heap: 272.9M(1024.0M)->226.8M(1024.0M)]
 [Times: user=0.10 sys=0.00, real=0.03 secs] 
2022-11-23T17:27:46.055+0100: 6380.019: [GC pause (G1 Evacuation Pause) (young), 0.0533890 secs]
   [Parallel Time: 46.6 ms, GC Workers: 8]
      [GC Worker Start (ms): Min: 6380019.9, Avg: 6380024.4, Max: 6380035.5, Diff: 15.6]
      [Ext Root Scanning (ms): Min: 0.0, Avg: 0.5, Max: 1.3, Diff: 1.3, Sum: 3.8]
      [Update RS (ms): Min: 0.0, Avg: 21.8, Max: 44.0, Diff: 44.0, Sum: 174.1]
         [Processed Buffers: Min: 0, Avg: 5.8, Max: 36, Diff: 36, Sum: 46]
      [Scan RS (ms): Min: 0.0, Avg: 5.1, Max: 38.4, Diff: 38.4, Sum: 40.7]
      [Code Root Scanning (ms): Min: 0.0, Avg: 0.0, Max: 0.0, Diff: 0.0, Sum: 0.0]
      [Object Copy (ms): Min: 0.0, Avg: 5.6, Max: 23.6, Diff: 23.6, Sum: 44.4]
      [Termination (ms): Min: 0.1, Avg: 8.1, Max: 19.8, Diff: 19.7, Sum: 64.9]
         [Termination Attempts: Min: 1, Avg: 24.1, Max: 59, Diff: 58, Sum: 193]
      [GC Worker Other (ms): Min: 0.0, Avg: 0.0, Max: 0.0, Diff: 0.0, Sum: 0.1]
      [GC Worker Total (ms): Min: 29.9, Avg: 41.0, Max: 45.6, Diff: 15.6, Sum: 328.0]
      [GC Worker End (ms): Min: 6380065.3, Avg: 6380065.4, Max: 6380065.5, Diff: 0.1]
   [Code Root Fixup: 0.0 ms]
   [Code Root Purge: 0.0 ms]
   [Clear CT: 0.9 ms]
   [Other: 5.9 ms]
      [Choose CSet: 0.0 ms]
      [Ref Proc: 3.8 ms]
      [Ref Enq: 0.0 ms]
      [Redirty Cards: 1.3 ms]
      [Humongous Register: 0.1 ms]
      [Humongous Reclaim: 0.1 ms]
      [Free CSet: 0.1 ms]
   [Eden: 47104.0K(47104.0K)->0.0B(48128.0K) Survivors: 5120.0K->4096.0K Heap: 272.8M(1024.0M)->226.0M(1024.0M)]
 [Times: user=0.25 sys=0.06, real=0.05 secs] 
2022-11-23T17:27:55.654+0100: 6389.618: [GC pause (G1 Evacuation Pause) (young), 0.0151737 secs]
   [Parallel Time: 10.7 ms, GC Workers: 8]
      [GC Worker Start (ms): Min: 6389618.7, Avg: 6389619.0, Max: 6389619.7, Diff: 1.0]
      [Ext Root Scanning (ms): Min: 0.0, Avg: 0.5, Max: 1.2, Diff: 1.2, Sum: 4.3]
      [Update RS (ms): Min: 0.0, Avg: 1.4, Max: 2.3, Diff: 2.3, Sum: 11.6]
         [Processed Buffers: Min: 0, Avg: 5.9, Max: 27, Diff: 27, Sum: 47]
      [Scan RS (ms): Min: 0.0, Avg: 1.1, Max: 1.6, Diff: 1.6, Sum: 8.6]
      [Code Root Scanning (ms): Min: 0.0, Avg: 0.0, Max: 0.0, Diff: 0.0, Sum: 0.0]
      [Object Copy (ms): Min: 5.5, Avg: 6.4, Max: 8.9, Diff: 3.4, Sum: 51.0]
      [Termination (ms): Min: 0.0, Avg: 0.2, Max: 0.2, Diff: 0.2, Sum: 1.4]
         [Termination Attempts: Min: 1, Avg: 1.0, Max: 1, Diff: 0, Sum: 8]
      [GC Worker Other (ms): Min: 0.0, Avg: 0.0, Max: 0.0, Diff: 0.0, Sum: 0.1]
      [GC Worker Total (ms): Min: 9.0, Avg: 9.6, Max: 10.0, Diff: 1.0, Sum: 76.9]
      [GC Worker End (ms): Min: 6389628.7, Avg: 6389628.7, Max: 6389628.7, Diff: 0.0]
   [Code Root Fixup: 0.0 ms]
   [Code Root Purge: 0.0 ms]
   [Clear CT: 1.3 ms]
   [Other: 3.2 ms]
      [Choose CSet: 0.0 ms]
      [Ref Proc: 1.5 ms]
      [Ref Enq: 0.0 ms]
      [Redirty Cards: 1.0 ms]
      [Humongous Register: 0.0 ms]
      [Humongous Reclaim: 0.1 ms]
      [Free CSet: 0.1 ms]
   [Eden: 48128.0K(48128.0K)->0.0B(47104.0K) Survivors: 4096.0K->5120.0K Heap: 273.0M(1024.0M)->227.5M(1024.0M)]
 [Times: user=0.07 sys=0.00, real=0.01 secs] 
2022-11-23T17:28:05.816+0100: 6399.780: [GC pause (G1 Evacuation Pause) (young), 0.0653487 secs]
   [Parallel Time: 44.5 ms, GC Workers: 8]
      [GC Worker Start (ms): Min: 6399780.4, Avg: 6399790.0, Max: 6399802.8, Diff: 22.4]
      [Ext Root Scanning (ms): Min: 0.0, Avg: 0.5, Max: 4.2, Diff: 4.2, Sum: 4.4]
      [Update RS (ms): Min: 0.0, Avg: 6.0, Max: 36.4, Diff: 36.4, Sum: 48.0]
         [Processed Buffers: Min: 0, Avg: 6.2, Max: 20, Diff: 20, Sum: 50]
      [Scan RS (ms): Min: 0.1, Avg: 9.6, Max: 33.1, Diff: 33.0, Sum: 77.1]
      [Code Root Scanning (ms): Min: 0.0, Avg: 0.0, Max: 0.0, Diff: 0.0, Sum: 0.0]
      [Object Copy (ms): Min: 0.0, Avg: 3.7, Max: 9.7, Diff: 9.7, Sum: 29.8]
      [Termination (ms): Min: 0.0, Avg: 12.5, Max: 20.2, Diff: 20.2, Sum: 100.3]
         [Termination Attempts: Min: 1, Avg: 9.2, Max: 19, Diff: 18, Sum: 74]
      [GC Worker Other (ms): Min: 0.0, Avg: 0.0, Max: 0.0, Diff: 0.0, Sum: 0.2]
      [GC Worker Total (ms): Min: 19.5, Avg: 32.5, Max: 41.9, Diff: 22.3, Sum: 259.8]
      [GC Worker End (ms): Min: 6399822.3, Avg: 6399822.5, Max: 6399823.4, Diff: 1.1]
   [Code Root Fixup: 0.0 ms]
   [Code Root Purge: 0.0 ms]
   [Clear CT: 6.5 ms]
   [Other: 14.4 ms]
      [Choose CSet: 0.0 ms]
      [Ref Proc: 12.1 ms]
      [Ref Enq: 0.0 ms]
      [Redirty Cards: 1.1 ms]
      [Humongous Register: 0.1 ms]
      [Humongous Reclaim: 0.1 ms]
      [Free CSet: 0.1 ms]
   [Eden: 47104.0K(47104.0K)->0.0B(48128.0K) Survivors: 5120.0K->4096.0K Heap: 273.5M(1024.0M)->226.8M(1024.0M)]
 [Times: user=0.24 sys=0.01, real=0.07 secs] 
2022-11-23T17:28:17.530+0100: 6411.495: [GC pause (G1 Evacuation Pause) (young), 0.0352975 secs]
   [Parallel Time: 16.2 ms, GC Workers: 8]
      [GC Worker Start (ms): Min: 6411495.3, Avg: 6411495.7, Max: 6411496.5, Diff: 1.1]
      [Ext Root Scanning (ms): Min: 0.0, Avg: 0.7, Max: 1.2, Diff: 1.2, Sum: 5.3]
      [Update RS (ms): Min: 0.0, Avg: 1.8, Max: 2.7, Diff: 2.7, Sum: 14.6]
         [Processed Buffers: Min: 0, Avg: 5.2, Max: 18, Diff: 18, Sum: 42]
      [Scan RS (ms): Min: 0.0, Avg: 1.2, Max: 1.8, Diff: 1.8, Sum: 9.2]
      [Code Root Scanning (ms): Min: 0.0, Avg: 0.0, Max: 0.0, Diff: 0.0, Sum: 0.0]
      [Object Copy (ms): Min: 5.9, Avg: 7.3, Max: 11.2, Diff: 5.3, Sum: 58.2]
      [Termination (ms): Min: 0.0, Avg: 4.2, Max: 4.8, Diff: 4.8, Sum: 33.4]
         [Termination Attempts: Min: 1, Avg: 4.4, Max: 7, Diff: 6, Sum: 35]
      [GC Worker Other (ms): Min: 0.0, Avg: 0.0, Max: 0.1, Diff: 0.1, Sum: 0.2]
      [GC Worker Total (ms): Min: 14.4, Avg: 15.1, Max: 15.6, Diff: 1.2, Sum: 121.0]
      [GC Worker End (ms): Min: 6411510.8, Avg: 6411510.9, Max: 6411510.9, Diff: 0.0]
   [Code Root Fixup: 0.0 ms]
   [Code Root Purge: 0.0 ms]
   [Clear CT: 0.8 ms]
   [Other: 18.3 ms]
      [Choose CSet: 0.0 ms]
      [Ref Proc: 16.6 ms]
      [Ref Enq: 0.0 ms]
      [Redirty Cards: 1.2 ms]
      [Humongous Register: 0.1 ms]
      [Humongous Reclaim: 0.1 ms]
      [Free CSet: 0.1 ms]
   [Eden: 48128.0K(48128.0K)->0.0B(47104.0K) Survivors: 4096.0K->5120.0K Heap: 273.8M(1024.0M)->228.0M(1024.0M)]
 [Times: user=0.12 sys=0.02, real=0.04 secs] 
2022-11-23T17:28:27.102+0100: 6421.067: [GC pause (G1 Evacuation Pause) (young), 0.0327800 secs]
   [Parallel Time: 15.3 ms, GC Workers: 8]
      [GC Worker Start (ms): Min: 6421067.3, Avg: 6421071.0, Max: 6421075.4, Diff: 8.2]
      [Ext Root Scanning (ms): Min: 0.0, Avg: 0.6, Max: 2.1, Diff: 2.1, Sum: 4.8]
      [Update RS (ms): Min: 0.0, Avg: 1.2, Max: 3.2, Diff: 3.2, Sum: 9.8]
         [Processed Buffers: Min: 0, Avg: 5.1, Max: 17, Diff: 17, Sum: 41]
      [Scan RS (ms): Min: 0.0, Avg: 1.4, Max: 3.3, Diff: 3.3, Sum: 11.0]
      [Code Root Scanning (ms): Min: 0.0, Avg: 0.0, Max: 0.0, Diff: 0.0, Sum: 0.0]
      [Object Copy (ms): Min: 5.5, Avg: 6.8, Max: 11.6, Diff: 6.1, Sum: 54.3]
      [Termination (ms): Min: 0.0, Avg: 0.4, Max: 1.1, Diff: 1.1, Sum: 3.4]
         [Termination Attempts: Min: 1, Avg: 1.9, Max: 5, Diff: 4, Sum: 15]
      [GC Worker Other (ms): Min: 0.0, Avg: 0.0, Max: 0.0, Diff: 0.0, Sum: 0.1]
      [GC Worker Total (ms): Min: 6.0, Avg: 10.4, Max: 14.1, Diff: 8.1, Sum: 83.4]
      [GC Worker End (ms): Min: 6421081.3, Avg: 6421081.5, Max: 6421082.1, Diff: 0.7]
   [Code Root Fixup: 0.0 ms]
   [Code Root Purge: 0.0 ms]
   [Clear CT: 1.6 ms]
   [Other: 15.9 ms]
      [Choose CSet: 0.0 ms]
      [Ref Proc: 14.4 ms]
      [Ref Enq: 0.0 ms]
      [Redirty Cards: 0.8 ms]
      [Humongous Register: 0.1 ms]
      [Humongous Reclaim: 0.1 ms]
      [Free CSet: 0.1 ms]
   [Eden: 47104.0K(47104.0K)->0.0B(48128.0K) Survivors: 5120.0K->4096.0K Heap: 274.0M(1024.0M)->226.8M(1024.0M)]
 [Times: user=0.08 sys=0.02, real=0.03 secs] 
2022-11-23T17:28:37.511+0100: 6431.476: [GC pause (G1 Evacuation Pause) (young), 0.0634279 secs]
   [Parallel Time: 50.1 ms, GC Workers: 8]
      [GC Worker Start (ms): Min: 6431476.1, Avg: 6431494.2, Max: 6431504.8, Diff: 28.7]
      [Ext Root Scanning (ms): Min: 0.0, Avg: 0.7, Max: 5.3, Diff: 5.3, Sum: 5.5]
      [Update RS (ms): Min: 0.0, Avg: 4.2, Max: 21.4, Diff: 21.4, Sum: 33.7]
         [Processed Buffers: Min: 0, Avg: 5.8, Max: 33, Diff: 33, Sum: 46]
      [Scan RS (ms): Min: 0.0, Avg: 1.2, Max: 2.4, Diff: 2.4, Sum: 9.3]
      [Code Root Scanning (ms): Min: 0.0, Avg: 0.0, Max: 0.0, Diff: 0.0, Sum: 0.0]
      [Object Copy (ms): Min: 0.3, Avg: 6.7, Max: 13.3, Diff: 13.1, Sum: 53.9]
      [Termination (ms): Min: 0.0, Avg: 4.5, Max: 10.2, Diff: 10.2, Sum: 36.3]
         [Termination Attempts: Min: 1, Avg: 4.9, Max: 8, Diff: 7, Sum: 39]
      [GC Worker Other (ms): Min: 0.0, Avg: 0.0, Max: 0.0, Diff: 0.0, Sum: 0.2]
      [GC Worker Total (ms): Min: 6.1, Avg: 17.4, Max: 34.7, Diff: 28.6, Sum: 138.9]
      [GC Worker End (ms): Min: 6431510.8, Avg: 6431511.6, Max: 6431516.2, Diff: 5.4]
   [Code Root Fixup: 0.0 ms]
   [Code Root Purge: 0.0 ms]
   [Clear CT: 1.0 ms]
   [Other: 12.3 ms]
      [Choose CSet: 0.0 ms]
      [Ref Proc: 10.5 ms]
      [Ref Enq: 0.0 ms]
      [Redirty Cards: 1.1 ms]
      [Humongous Register: 0.1 ms]
      [Humongous Reclaim: 0.1 ms]
      [Free CSet: 0.1 ms]
   [Eden: 48128.0K(48128.0K)->0.0B(47104.0K) Survivors: 4096.0K->5120.0K Heap: 273.8M(1024.0M)->228.5M(1024.0M)]
 [Times: user=0.11 sys=0.04, real=0.06 secs] 
2022-11-23T17:28:48.255+0100: 6442.219: [GC pause (G1 Evacuation Pause) (young), 0.0572979 secs]
   [Parallel Time: 27.8 ms, GC Workers: 8]
      [GC Worker Start (ms): Min: 6442219.8, Avg: 6442235.6, Max: 6442243.8, Diff: 24.1]
      [Ext Root Scanning (ms): Min: 0.0, Avg: 0.6, Max: 2.2, Diff: 2.2, Sum: 4.5]
      [Update RS (ms): Min: 0.0, Avg: 1.4, Max: 5.6, Diff: 5.6, Sum: 11.1]
         [Processed Buffers: Min: 0, Avg: 5.4, Max: 35, Diff: 35, Sum: 43]
      [Scan RS (ms): Min: 0.0, Avg: 0.9, Max: 3.6, Diff: 3.6, Sum: 7.1]
      [Code Root Scanning (ms): Min: 0.0, Avg: 0.0, Max: 0.0, Diff: 0.0, Sum: 0.0]
      [Object Copy (ms): Min: 0.0, Avg: 5.4, Max: 16.2, Diff: 16.2, Sum: 43.2]
      [Termination (ms): Min: 0.0, Avg: 3.5, Max: 4.3, Diff: 4.3, Sum: 27.7]
         [Termination Attempts: Min: 1, Avg: 5.1, Max: 19, Diff: 18, Sum: 41]
      [GC Worker Other (ms): Min: 0.0, Avg: 0.0, Max: 0.0, Diff: 0.0, Sum: 0.1]
      [GC Worker Total (ms): Min: 3.5, Avg: 11.7, Max: 27.6, Diff: 24.1, Sum: 93.7]
      [GC Worker End (ms): Min: 6442247.3, Avg: 6442247.3, Max: 6442247.4, Diff: 0.1]
   [Code Root Fixup: 0.0 ms]
   [Code Root Purge: 0.0 ms]
   [Clear CT: 2.2 ms]
   [Other: 27.3 ms]
      [Choose CSet: 0.0 ms]
      [Ref Proc: 24.9 ms]
      [Ref Enq: 0.0 ms]
      [Redirty Cards: 1.6 ms]
      [Humongous Register: 0.1 ms]
      [Humongous Reclaim: 0.0 ms]
      [Free CSet: 0.1 ms]
   [Eden: 47104.0K(47104.0K)->0.0B(48128.0K) Survivors: 5120.0K->4096.0K Heap: 274.5M(1024.0M)->227.1M(1024.0M)]
 [Times: user=0.16 sys=0.00, real=0.06 secs] 
2022-11-23T17:28:56.250+0100: 6450.215: [GC pause (G1 Evacuation Pause) (young), 0.0139179 secs]
   [Parallel Time: 10.2 ms, GC Workers: 8]
      [GC Worker Start (ms): Min: 6450215.0, Avg: 6450217.6, Max: 6450224.9, Diff: 9.9]
      [Ext Root Scanning (ms): Min: 0.0, Avg: 0.7, Max: 1.3, Diff: 1.3, Sum: 5.4]
      [Update RS (ms): Min: 0.0, Avg: 1.2, Max: 2.1, Diff: 2.1, Sum: 9.7]
         [Processed Buffers: Min: 0, Avg: 5.0, Max: 17, Diff: 17, Sum: 40]
      [Scan RS (ms): Min: 0.0, Avg: 1.2, Max: 1.8, Diff: 1.8, Sum: 9.3]
      [Code Root Scanning (ms): Min: 0.0, Avg: 0.0, Max: 0.0, Diff: 0.0, Sum: 0.0]
      [Object Copy (ms): Min: 0.0, Avg: 2.8, Max: 4.2, Diff: 4.2, Sum: 22.7]
      [Termination (ms): Min: 0.0, Avg: 1.4, Max: 1.9, Diff: 1.9, Sum: 11.3]
         [Termination Attempts: Min: 1, Avg: 1.2, Max: 2, Diff: 1, Sum: 10]
      [GC Worker Other (ms): Min: 0.0, Avg: 0.0, Max: 0.1, Diff: 0.1, Sum: 0.2]
      [GC Worker Total (ms): Min: 0.0, Avg: 7.3, Max: 9.9, Diff: 9.9, Sum: 58.7]
      [GC Worker End (ms): Min: 6450224.9, Avg: 6450224.9, Max: 6450224.9, Diff: 0.0]
   [Code Root Fixup: 0.0 ms]
   [Code Root Purge: 0.0 ms]
   [Clear CT: 0.9 ms]
   [Other: 2.9 ms]
      [Choose CSet: 0.0 ms]
      [Ref Proc: 1.5 ms]
      [Ref Enq: 0.0 ms]
      [Redirty Cards: 0.9 ms]
      [Humongous Register: 0.1 ms]
      [Humongous Reclaim: 0.0 ms]
      [Free CSet: 0.1 ms]
   [Eden: 48128.0K(48128.0K)->0.0B(47104.0K) Survivors: 4096.0K->5120.0K Heap: 274.1M(1024.0M)->228.4M(1024.0M)]
 [Times: user=0.06 sys=0.00, real=0.02 secs] 
2022-11-23T17:29:05.727+0100: 6459.692: [GC pause (G1 Evacuation Pause) (young), 0.0221640 secs]
   [Parallel Time: 12.3 ms, GC Workers: 8]
      [GC Worker Start (ms): Min: 6459692.2, Avg: 6459697.5, Max: 6459703.5, Diff: 11.3]
      [Ext Root Scanning (ms): Min: 0.0, Avg: 0.5, Max: 1.9, Diff: 1.9, Sum: 3.8]
      [Update RS (ms): Min: 0.0, Avg: 1.8, Max: 3.4, Diff: 3.4, Sum: 14.5]
         [Processed Buffers: Min: 0, Avg: 5.1, Max: 17, Diff: 17, Sum: 41]
      [Scan RS (ms): Min: 0.0, Avg: 0.8, Max: 1.7, Diff: 1.7, Sum: 6.7]
      [Code Root Scanning (ms): Min: 0.0, Avg: 0.0, Max: 0.0, Diff: 0.0, Sum: 0.0]
      [Object Copy (ms): Min: 0.0, Avg: 2.7, Max: 4.6, Diff: 4.6, Sum: 21.4]
      [Termination (ms): Min: 0.0, Avg: 0.3, Max: 1.0, Diff: 1.0, Sum: 2.7]
         [Termination Attempts: Min: 1, Avg: 1.6, Max: 3, Diff: 2, Sum: 13]
      [GC Worker Other (ms): Min: 0.0, Avg: 0.0, Max: 0.0, Diff: 0.0, Sum: 0.1]
      [GC Worker Total (ms): Min: 0.0, Avg: 6.2, Max: 11.5, Diff: 11.5, Sum: 49.2]
      [GC Worker End (ms): Min: 6459703.6, Avg: 6459703.7, Max: 6459704.2, Diff: 0.7]
   [Code Root Fixup: 0.0 ms]
   [Code Root Purge: 0.0 ms]
   [Clear CT: 1.0 ms]
   [Other: 8.9 ms]
      [Choose CSet: 0.0 ms]
      [Ref Proc: 5.0 ms]
      [Ref Enq: 0.0 ms]
      [Redirty Cards: 3.3 ms]
      [Humongous Register: 0.1 ms]
      [Humongous Reclaim: 0.1 ms]
      [Free CSet: 0.1 ms]
   [Eden: 47104.0K(47104.0K)->0.0B(48128.0K) Survivors: 5120.0K->4096.0K Heap: 274.4M(1024.0M)->227.9M(1024.0M)]
 [Times: user=0.07 sys=0.00, real=0.02 secs] 
2022-11-23T17:29:16.018+0100: 6469.982: [GC pause (G1 Evacuation Pause) (young), 0.0171441 secs]
   [Parallel Time: 11.9 ms, GC Workers: 8]
      [GC Worker Start (ms): Min: 6469982.4, Avg: 6469985.3, Max: 6469993.1, Diff: 10.7]
      [Ext Root Scanning (ms): Min: 0.0, Avg: 0.9, Max: 3.6, Diff: 3.5, Sum: 7.3]
      [Update RS (ms): Min: 0.0, Avg: 1.3, Max: 3.3, Diff: 3.3, Sum: 10.4]
         [Processed Buffers: Min: 0, Avg: 5.9, Max: 18, Diff: 18, Sum: 47]
      [Scan RS (ms): Min: 0.0, Avg: 0.6, Max: 1.3, Diff: 1.3, Sum: 5.0]
      [Code Root Scanning (ms): Min: 0.0, Avg: 0.0, Max: 0.0, Diff: 0.0, Sum: 0.0]
      [Object Copy (ms): Min: 0.0, Avg: 4.8, Max: 10.1, Diff: 10.1, Sum: 38.5]
      [Termination (ms): Min: 0.1, Avg: 0.7, Max: 1.1, Diff: 1.0, Sum: 5.9]
         [Termination Attempts: Min: 1, Avg: 1.4, Max: 2, Diff: 1, Sum: 11]
      [GC Worker Other (ms): Min: 0.0, Avg: 0.0, Max: 0.0, Diff: 0.0, Sum: 0.1]
      [GC Worker Total (ms): Min: 0.5, Avg: 8.4, Max: 11.3, Diff: 10.7, Sum: 67.3]
      [GC Worker End (ms): Min: 6469993.7, Avg: 6469993.7, Max: 6469993.8, Diff: 0.1]
   [Code Root Fixup: 0.0 ms]
   [Code Root Purge: 0.0 ms]
   [Clear CT: 0.5 ms]
   [Other: 4.7 ms]
      [Choose CSet: 0.0 ms]
      [Ref Proc: 3.6 ms]
      [Ref Enq: 0.0 ms]
      [Redirty Cards: 0.5 ms]
      [Humongous Register: 0.0 ms]
      [Humongous Reclaim: 0.1 ms]
      [Free CSet: 0.1 ms]
   [Eden: 48128.0K(48128.0K)->0.0B(47104.0K) Survivors: 4096.0K->5120.0K Heap: 274.9M(1024.0M)->229.1M(1024.0M)]
 [Times: user=0.06 sys=0.00, real=0.02 secs] 
2022-11-23T17:29:25.613+0100: 6479.577: [GC pause (G1 Evacuation Pause) (young), 0.0569694 secs]
   [Parallel Time: 53.2 ms, GC Workers: 8]
      [GC Worker Start (ms): Min: 6479577.7, Avg: 6479590.6, Max: 6479600.5, Diff: 22.8]
      [Ext Root Scanning (ms): Min: 0.0, Avg: 0.5, Max: 3.6, Diff: 3.6, Sum: 3.7]
      [Update RS (ms): Min: 0.0, Avg: 14.8, Max: 44.2, Diff: 44.2, Sum: 118.1]
         [Processed Buffers: Min: 0, Avg: 4.8, Max: 26, Diff: 26, Sum: 38]
      [Scan RS (ms): Min: 0.0, Avg: 0.2, Max: 1.9, Diff: 1.9, Sum: 1.9]
      [Code Root Scanning (ms): Min: 0.0, Avg: 0.0, Max: 0.0, Diff: 0.0, Sum: 0.0]
      [Object Copy (ms): Min: 0.0, Avg: 3.0, Max: 9.2, Diff: 9.2, Sum: 24.2]
      [Termination (ms): Min: 0.0, Avg: 21.4, Max: 30.0, Diff: 30.0, Sum: 171.2]
         [Termination Attempts: Min: 1, Avg: 30.2, Max: 96, Diff: 95, Sum: 242]
      [GC Worker Other (ms): Min: 0.0, Avg: 0.0, Max: 0.0, Diff: 0.0, Sum: 0.1]
      [GC Worker Total (ms): Min: 30.0, Avg: 39.9, Max: 52.8, Diff: 22.8, Sum: 319.2]
      [GC Worker End (ms): Min: 6479630.4, Avg: 6479630.5, Max: 6479630.5, Diff: 0.1]
   [Code Root Fixup: 0.0 ms]
   [Code Root Purge: 0.0 ms]
   [Clear CT: 1.3 ms]
   [Other: 2.5 ms]
      [Choose CSet: 0.0 ms]
      [Ref Proc: 1.0 ms]
      [Ref Enq: 0.0 ms]
      [Redirty Cards: 1.0 ms]
      [Humongous Register: 0.1 ms]
      [Humongous Reclaim: 0.0 ms]
      [Free CSet: 0.0 ms]
   [Eden: 47104.0K(47104.0K)->0.0B(48128.0K) Survivors: 5120.0K->4096.0K Heap: 275.1M(1024.0M)->228.5M(1024.0M)]
 [Times: user=0.23 sys=0.02, real=0.05 secs] 
2022-11-23T17:29:38.136+0100: 6492.101: [GC pause (G1 Evacuation Pause) (young), 0.1441483 secs]
   [Parallel Time: 115.6 ms, GC Workers: 8]
      [GC Worker Start (ms): Min: 6492101.2, Avg: 6492117.3, Max: 6492143.8, Diff: 42.5]
      [Ext Root Scanning (ms): Min: 0.0, Avg: 0.5, Max: 1.4, Diff: 1.4, Sum: 4.0]
      [Update RS (ms): Min: 0.0, Avg: 21.9, Max: 83.5, Diff: 83.5, Sum: 175.2]
         [Processed Buffers: Min: 0, Avg: 5.4, Max: 34, Diff: 34, Sum: 43]
      [Scan RS (ms): Min: 0.0, Avg: 5.9, Max: 43.8, Diff: 43.8, Sum: 47.0]
      [Code Root Scanning (ms): Min: 0.0, Avg: 0.0, Max: 0.0, Diff: 0.0, Sum: 0.0]
      [Object Copy (ms): Min: 0.1, Avg: 7.1, Max: 44.8, Diff: 44.7, Sum: 57.2]
      [Termination (ms): Min: 0.0, Avg: 35.0, Max: 47.6, Diff: 47.6, Sum: 280.1]
         [Termination Attempts: Min: 1, Avg: 4.0, Max: 13, Diff: 12, Sum: 32]
      [GC Worker Other (ms): Min: 0.0, Avg: 0.0, Max: 0.0, Diff: 0.0, Sum: 0.1]
      [GC Worker Total (ms): Min: 42.2, Avg: 70.5, Max: 90.5, Diff: 48.3, Sum: 563.6]
      [GC Worker End (ms): Min: 6492185.9, Avg: 6492187.8, Max: 6492194.8, Diff: 8.9]
   [Code Root Fixup: 0.0 ms]
   [Code Root Purge: 0.0 ms]
   [Clear CT: 1.8 ms]
   [Other: 26.7 ms]
      [Choose CSet: 0.0 ms]
      [Ref Proc: 25.1 ms]
      [Ref Enq: 0.0 ms]
      [Redirty Cards: 0.9 ms]
      [Humongous Register: 0.1 ms]
      [Humongous Reclaim: 0.1 ms]
      [Free CSet: 0.1 ms]
   [Eden: 48128.0K(48128.0K)->0.0B(48128.0K) Survivors: 4096.0K->4096.0K Heap: 275.5M(1024.0M)->229.0M(1024.0M)]
 [Times: user=0.38 sys=0.11, real=0.15 secs] 
2022-11-23T17:29:49.086+0100: 6503.051: [GC pause (G1 Evacuation Pause) (young), 0.0816073 secs]
   [Parallel Time: 74.8 ms, GC Workers: 8]
      [GC Worker Start (ms): Min: 6503051.2, Avg: 6503067.9, Max: 6503076.5, Diff: 25.3]
      [Ext Root Scanning (ms): Min: 0.0, Avg: 0.6, Max: 4.3, Diff: 4.3, Sum: 4.6]
      [Update RS (ms): Min: 0.0, Avg: 9.6, Max: 69.2, Diff: 69.2, Sum: 76.5]
         [Processed Buffers: Min: 0, Avg: 5.4, Max: 42, Diff: 42, Sum: 43]
      [Scan RS (ms): Min: 0.0, Avg: 8.1, Max: 39.4, Diff: 39.4, Sum: 65.1]
      [Code Root Scanning (ms): Min: 0.0, Avg: 0.0, Max: 0.0, Diff: 0.0, Sum: 0.0]
      [Object Copy (ms): Min: 0.5, Avg: 21.8, Max: 31.8, Diff: 31.3, Sum: 174.7]
      [Termination (ms): Min: 0.0, Avg: 17.3, Max: 20.3, Diff: 20.3, Sum: 138.2]
         [Termination Attempts: Min: 1, Avg: 9.2, Max: 18, Diff: 17, Sum: 74]
      [GC Worker Other (ms): Min: 0.0, Avg: 0.0, Max: 0.1, Diff: 0.1, Sum: 0.2]
      [GC Worker Total (ms): Min: 48.7, Avg: 57.4, Max: 74.0, Diff: 25.3, Sum: 459.2]
      [GC Worker End (ms): Min: 6503125.2, Avg: 6503125.3, Max: 6503125.5, Diff: 0.3]
   [Code Root Fixup: 0.0 ms]
   [Code Root Purge: 0.0 ms]
   [Clear CT: 1.0 ms]
   [Other: 5.8 ms]
      [Choose CSet: 0.0 ms]
      [Ref Proc: 2.8 ms]
      [Ref Enq: 0.0 ms]
      [Redirty Cards: 2.2 ms]
      [Humongous Register: 0.2 ms]
      [Humongous Reclaim: 0.1 ms]
      [Free CSet: 0.1 ms]
   [Eden: 48128.0K(48128.0K)->0.0B(48128.0K) Survivors: 4096.0K->4096.0K Heap: 276.0M(1024.0M)->228.8M(1024.0M)]
 [Times: user=0.21 sys=0.06, real=0.08 secs] 
2022-11-23T17:30:00.259+0100: 6514.223: [GC pause (G1 Evacuation Pause) (young), 0.0765646 secs]
   [Parallel Time: 71.9 ms, GC Workers: 8]
      [GC Worker Start (ms): Min: 6514223.6, Avg: 6514238.7, Max: 6514266.9, Diff: 43.4]
      [Ext Root Scanning (ms): Min: 0.0, Avg: 0.7, Max: 2.5, Diff: 2.5, Sum: 5.3]
      [Update RS (ms): Min: 0.0, Avg: 11.4, Max: 42.6, Diff: 42.6, Sum: 91.5]
         [Processed Buffers: Min: 0, Avg: 5.8, Max: 23, Diff: 23, Sum: 46]
      [Scan RS (ms): Min: 0.0, Avg: 1.0, Max: 4.2, Diff: 4.2, Sum: 8.4]
      [Code Root Scanning (ms): Min: 0.0, Avg: 0.0, Max: 0.0, Diff: 0.0, Sum: 0.0]
      [Object Copy (ms): Min: 0.0, Avg: 10.9, Max: 59.9, Diff: 59.9, Sum: 87.1]
      [Termination (ms): Min: 0.0, Avg: 32.6, Max: 50.5, Diff: 50.5, Sum: 260.6]
         [Termination Attempts: Min: 1, Avg: 15.2, Max: 26, Diff: 25, Sum: 122]
      [GC Worker Other (ms): Min: 0.0, Avg: 0.0, Max: 0.1, Diff: 0.1, Sum: 0.2]
      [GC Worker Total (ms): Min: 28.4, Avg: 56.6, Max: 71.7, Diff: 43.3, Sum: 453.0]
      [GC Worker End (ms): Min: 6514295.3, Avg: 6514295.3, Max: 6514295.3, Diff: 0.1]
   [Code Root Fixup: 0.0 ms]
   [Code Root Purge: 0.0 ms]
   [Clear CT: 0.7 ms]
   [Other: 3.9 ms]
      [Choose CSet: 0.0 ms]
      [Ref Proc: 1.7 ms]
      [Ref Enq: 0.0 ms]
      [Redirty Cards: 1.6 ms]
      [Humongous Register: 0.1 ms]
      [Humongous Reclaim: 0.1 ms]
      [Free CSet: 0.1 ms]
   [Eden: 48128.0K(48128.0K)->0.0B(48128.0K) Survivors: 4096.0K->4096.0K Heap: 275.8M(1024.0M)->229.3M(1024.0M)]
 [Times: user=0.32 sys=0.06, real=0.08 secs] 
2022-11-23T17:30:10.419+0100: 6524.383: [GC pause (G1 Evacuation Pause) (young), 0.0268772 secs]
   [Parallel Time: 20.0 ms, GC Workers: 8]
      [GC Worker Start (ms): Min: 6524383.9, Avg: 6524389.1, Max: 6524395.8, Diff: 11.8]
      [Ext Root Scanning (ms): Min: 0.0, Avg: 0.7, Max: 2.9, Diff: 2.9, Sum: 5.8]
      [Update RS (ms): Min: 0.0, Avg: 1.1, Max: 2.3, Diff: 2.3, Sum: 8.9]
         [Processed Buffers: Min: 0, Avg: 5.5, Max: 22, Diff: 22, Sum: 44]
      [Scan RS (ms): Min: 0.0, Avg: 1.6, Max: 2.9, Diff: 2.9, Sum: 13.1]
      [Code Root Scanning (ms): Min: 0.0, Avg: 0.0, Max: 0.0, Diff: 0.0, Sum: 0.0]
      [Object Copy (ms): Min: 1.3, Avg: 6.0, Max: 13.2, Diff: 11.9, Sum: 47.9]
      [Termination (ms): Min: 0.0, Avg: 5.1, Max: 6.6, Diff: 6.6, Sum: 40.7]
         [Termination Attempts: Min: 1, Avg: 2.4, Max: 6, Diff: 5, Sum: 19]
      [GC Worker Other (ms): Min: 0.0, Avg: 0.0, Max: 0.0, Diff: 0.0, Sum: 0.1]
      [GC Worker Total (ms): Min: 7.9, Avg: 14.6, Max: 19.7, Diff: 11.8, Sum: 116.5]
      [GC Worker End (ms): Min: 6524403.6, Avg: 6524403.7, Max: 6524403.7, Diff: 0.0]
   [Code Root Fixup: 0.0 ms]
   [Code Root Purge: 0.0 ms]
   [Clear CT: 1.1 ms]
   [Other: 5.8 ms]
      [Choose CSet: 0.0 ms]
      [Ref Proc: 4.0 ms]
      [Ref Enq: 0.0 ms]
      [Redirty Cards: 1.1 ms]
      [Humongous Register: 0.1 ms]
      [Humongous Reclaim: 0.1 ms]
      [Free CSet: 0.1 ms]
   [Eden: 48128.0K(48128.0K)->0.0B(48128.0K) Survivors: 4096.0K->4096.0K Heap: 276.3M(1024.0M)->229.1M(1024.0M)]
 [Times: user=0.09 sys=0.02, real=0.03 secs] 
2022-11-23T17:30:23.211+0100: 6537.176: [GC pause (G1 Evacuation Pause) (young), 0.0543795 secs]
   [Parallel Time: 30.4 ms, GC Workers: 8]
      [GC Worker Start (ms): Min: 6537176.5, Avg: 6537191.8, Max: 6537199.4, Diff: 23.0]
      [Ext Root Scanning (ms): Min: 0.0, Avg: 0.8, Max: 5.9, Diff: 5.9, Sum: 6.2]
      [Update RS (ms): Min: 0.0, Avg: 2.4, Max: 9.8, Diff: 9.8, Sum: 19.0]
         [Processed Buffers: Min: 0, Avg: 4.6, Max: 22, Diff: 22, Sum: 37]
      [Scan RS (ms): Min: 0.0, Avg: 4.3, Max: 14.9, Diff: 14.9, Sum: 34.6]
      [Code Root Scanning (ms): Min: 0.0, Avg: 0.0, Max: 0.0, Diff: 0.0, Sum: 0.0]
      [Object Copy (ms): Min: 0.0, Avg: 4.3, Max: 9.3, Diff: 9.3, Sum: 34.0]
      [Termination (ms): Min: 0.0, Avg: 1.9, Max: 2.7, Diff: 2.7, Sum: 15.3]
         [Termination Attempts: Min: 1, Avg: 8.9, Max: 19, Diff: 18, Sum: 71]
      [GC Worker Other (ms): Min: 0.0, Avg: 0.9, Max: 6.6, Diff: 6.6, Sum: 7.0]
      [GC Worker Total (ms): Min: 6.7, Avg: 14.5, Max: 29.8, Diff: 23.0, Sum: 116.0]
      [GC Worker End (ms): Min: 6537206.2, Avg: 6537206.3, Max: 6537206.5, Diff: 0.3]
   [Code Root Fixup: 0.0 ms]
   [Code Root Purge: 0.0 ms]
   [Clear CT: 2.0 ms]
   [Other: 21.9 ms]
      [Choose CSet: 0.0 ms]
      [Ref Proc: 19.2 ms]
      [Ref Enq: 0.0 ms]
      [Redirty Cards: 2.0 ms]
      [Humongous Register: 0.1 ms]
      [Humongous Reclaim: 0.1 ms]
      [Free CSet: 0.2 ms]
   [Eden: 48128.0K(48128.0K)->0.0B(48128.0K) Survivors: 4096.0K->4096.0K Heap: 276.1M(1024.0M)->229.1M(1024.0M)]
 [Times: user=0.10 sys=0.01, real=0.05 secs] 
2022-11-23T17:30:32.448+0100: 6546.412: [GC pause (G1 Evacuation Pause) (young), 0.0407311 secs]
   [Parallel Time: 21.8 ms, GC Workers: 8]
      [GC Worker Start (ms): Min: 6546412.8, Avg: 6546422.1, Max: 6546427.6, Diff: 14.9]
      [Ext Root Scanning (ms): Min: 0.0, Avg: 0.4, Max: 1.7, Diff: 1.7, Sum: 3.4]
      [Update RS (ms): Min: 0.0, Avg: 2.3, Max: 8.0, Diff: 8.0, Sum: 18.5]
         [Processed Buffers: Min: 0, Avg: 5.8, Max: 23, Diff: 23, Sum: 46]
      [Scan RS (ms): Min: 0.0, Avg: 0.9, Max: 2.5, Diff: 2.5, Sum: 7.3]
      [Code Root Scanning (ms): Min: 0.0, Avg: 0.0, Max: 0.0, Diff: 0.0, Sum: 0.0]
      [Object Copy (ms): Min: 3.2, Avg: 5.4, Max: 9.2, Diff: 6.0, Sum: 43.4]
      [Termination (ms): Min: 0.0, Avg: 2.9, Max: 3.5, Diff: 3.5, Sum: 23.4]
         [Termination Attempts: Min: 1, Avg: 1.8, Max: 3, Diff: 2, Sum: 14]
      [GC Worker Other (ms): Min: 0.0, Avg: 0.0, Max: 0.1, Diff: 0.0, Sum: 0.3]
      [GC Worker Total (ms): Min: 6.5, Avg: 12.0, Max: 21.6, Diff: 15.0, Sum: 96.4]
      [GC Worker End (ms): Min: 6546434.1, Avg: 6546434.2, Max: 6546434.3, Diff: 0.2]
   [Code Root Fixup: 0.1 ms]
   [Code Root Purge: 0.0 ms]
   [Clear CT: 1.9 ms]
   [Other: 17.0 ms]
      [Choose CSet: 0.0 ms]
      [Ref Proc: 12.0 ms]
      [Ref Enq: 0.0 ms]
      [Redirty Cards: 4.2 ms]
      [Humongous Register: 0.2 ms]
      [Humongous Reclaim: 0.1 ms]
      [Free CSet: 0.1 ms]
   [Eden: 48128.0K(48128.0K)->0.0B(47104.0K) Survivors: 4096.0K->5120.0K Heap: 276.1M(1024.0M)->230.6M(1024.0M)]
 [Times: user=0.12 sys=0.00, real=0.04 secs] 
2022-11-23T17:30:42.174+0100: 6556.139: [GC pause (G1 Evacuation Pause) (young), 0.0399851 secs]
   [Parallel Time: 23.8 ms, GC Workers: 8]
      [GC Worker Start (ms): Min: 6556139.4, Avg: 6556155.0, Max: 6556161.3, Diff: 21.9]
      [Ext Root Scanning (ms): Min: 0.0, Avg: 0.4, Max: 3.2, Diff: 3.2, Sum: 3.4]
      [Update RS (ms): Min: 0.0, Avg: 1.0, Max: 5.3, Diff: 5.3, Sum: 7.9]
         [Processed Buffers: Min: 0, Avg: 4.4, Max: 25, Diff: 25, Sum: 35]
      [Scan RS (ms): Min: 0.0, Avg: 1.0, Max: 4.0, Diff: 4.0, Sum: 8.0]
      [Code Root Scanning (ms): Min: 0.0, Avg: 0.0, Max: 0.0, Diff: 0.0, Sum: 0.0]
      [Object Copy (ms): Min: 0.0, Avg: 3.4, Max: 8.8, Diff: 8.8, Sum: 27.5]
      [Termination (ms): Min: 0.0, Avg: 0.7, Max: 2.2, Diff: 2.2, Sum: 5.5]
         [Termination Attempts: Min: 1, Avg: 2.4, Max: 7, Diff: 6, Sum: 19]
      [GC Worker Other (ms): Min: 0.0, Avg: 0.0, Max: 0.0, Diff: 0.0, Sum: 0.1]
      [GC Worker Total (ms): Min: 0.0, Avg: 6.6, Max: 23.4, Diff: 23.4, Sum: 52.5]
      [GC Worker End (ms): Min: 6556161.3, Avg: 6556161.6, Max: 6556162.9, Diff: 1.5]
   [Code Root Fixup: 0.0 ms]
   [Code Root Purge: 0.0 ms]
   [Clear CT: 0.6 ms]
   [Other: 15.6 ms]
      [Choose CSet: 0.0 ms]
      [Ref Proc: 14.2 ms]
      [Ref Enq: 0.0 ms]
      [Redirty Cards: 0.7 ms]
      [Humongous Register: 0.1 ms]
      [Humongous Reclaim: 0.0 ms]
      [Free CSet: 0.1 ms]
   [Eden: 47104.0K(47104.0K)->0.0B(49152.0K) Survivors: 5120.0K->3072.0K Heap: 276.6M(1024.0M)->228.8M(1024.0M)]
 [Times: user=0.08 sys=0.00, real=0.04 secs] 
2022-11-23T17:30:56.344+0100: 6570.308: [GC pause (G1 Evacuation Pause) (young), 0.0341655 secs]
   [Parallel Time: 27.5 ms, GC Workers: 8]
      [GC Worker Start (ms): Min: 6570308.5, Avg: 6570315.0, Max: 6570323.4, Diff: 14.9]
      [Ext Root Scanning (ms): Min: 0.0, Avg: 0.7, Max: 1.9, Diff: 1.9, Sum: 5.3]
      [Update RS (ms): Min: 0.0, Avg: 1.3, Max: 3.6, Diff: 3.6, Sum: 10.2]
         [Processed Buffers: Min: 0, Avg: 5.0, Max: 17, Diff: 17, Sum: 40]
      [Scan RS (ms): Min: 0.0, Avg: 1.3, Max: 3.4, Diff: 3.4, Sum: 10.1]
      [Code Root Scanning (ms): Min: 0.0, Avg: 0.0, Max: 0.0, Diff: 0.0, Sum: 0.0]
      [Object Copy (ms): Min: 3.0, Avg: 9.3, Max: 15.0, Diff: 12.0, Sum: 74.4]
      [Termination (ms): Min: 0.0, Avg: 3.9, Max: 5.6, Diff: 5.6, Sum: 31.2]
         [Termination Attempts: Min: 1, Avg: 4.5, Max: 10, Diff: 9, Sum: 36]
      [GC Worker Other (ms): Min: 0.0, Avg: 0.0, Max: 0.1, Diff: 0.1, Sum: 0.2]
      [GC Worker Total (ms): Min: 7.9, Avg: 16.4, Max: 22.9, Diff: 15.0, Sum: 131.3]
      [GC Worker End (ms): Min: 6570331.3, Avg: 6570331.4, Max: 6570332.0, Diff: 0.8]
   [Code Root Fixup: 0.1 ms]
   [Code Root Purge: 0.0 ms]
   [Clear CT: 1.2 ms]
   [Other: 5.4 ms]
      [Choose CSet: 0.0 ms]
      [Ref Proc: 3.7 ms]
      [Ref Enq: 0.0 ms]
      [Redirty Cards: 1.0 ms]
      [Humongous Register: 0.1 ms]
      [Humongous Reclaim: 0.1 ms]
      [Free CSet: 0.1 ms]
   [Eden: 49152.0K(49152.0K)->0.0B(48128.0K) Survivors: 3072.0K->4096.0K Heap: 276.8M(1024.0M)->230.0M(1024.0M)]
 [Times: user=0.11 sys=0.02, real=0.03 secs] 
2022-11-23T17:31:07.144+0100: 6581.108: [GC pause (G1 Evacuation Pause) (young), 0.0951051 secs]
   [Parallel Time: 58.3 ms, GC Workers: 8]
      [GC Worker Start (ms): Min: 6581108.9, Avg: 6581123.2, Max: 6581149.7, Diff: 40.7]
      [Ext Root Scanning (ms): Min: 0.0, Avg: 4.5, Max: 27.0, Diff: 27.0, Sum: 36.3]
      [Update RS (ms): Min: 0.0, Avg: 4.6, Max: 15.9, Diff: 15.9, Sum: 36.6]
         [Processed Buffers: Min: 0, Avg: 5.5, Max: 34, Diff: 34, Sum: 44]
      [Scan RS (ms): Min: 0.0, Avg: 3.0, Max: 9.5, Diff: 9.5, Sum: 23.6]
      [Code Root Scanning (ms): Min: 0.0, Avg: 0.0, Max: 0.0, Diff: 0.0, Sum: 0.0]
      [Object Copy (ms): Min: 0.0, Avg: 6.2, Max: 25.2, Diff: 25.2, Sum: 49.7]
      [Termination (ms): Min: 0.0, Avg: 18.4, Max: 29.5, Diff: 29.5, Sum: 146.9]
         [Termination Attempts: Min: 1, Avg: 2.5, Max: 7, Diff: 6, Sum: 20]
      [GC Worker Other (ms): Min: 0.0, Avg: 0.0, Max: 0.1, Diff: 0.1, Sum: 0.3]
      [GC Worker Total (ms): Min: 7.8, Avg: 36.7, Max: 56.2, Diff: 48.4, Sum: 293.4]
      [GC Worker End (ms): Min: 6581155.4, Avg: 6581159.9, Max: 6581166.9, Diff: 11.5]
   [Code Root Fixup: 0.0 ms]
   [Code Root Purge: 0.0 ms]
   [Clear CT: 9.7 ms]
   [Other: 27.1 ms]
      [Choose CSet: 0.0 ms]
      [Ref Proc: 25.3 ms]
      [Ref Enq: 0.0 ms]
      [Redirty Cards: 1.0 ms]
      [Humongous Register: 0.1 ms]
      [Humongous Reclaim: 0.1 ms]
      [Free CSet: 0.1 ms]
   [Eden: 48128.0K(48128.0K)->0.0B(48128.0K) Survivors: 4096.0K->4096.0K Heap: 277.0M(1024.0M)->230.2M(1024.0M)]
 [Times: user=0.25 sys=0.07, real=0.09 secs] 
2022-11-23T17:31:19.422+0100: 6593.386: [GC pause (G1 Evacuation Pause) (young), 0.0531905 secs]
   [Parallel Time: 34.2 ms, GC Workers: 8]
      [GC Worker Start (ms): Min: 6593386.8, Avg: 6593401.2, Max: 6593413.2, Diff: 26.4]
      [Ext Root Scanning (ms): Min: 0.0, Avg: 0.5, Max: 1.5, Diff: 1.4, Sum: 4.1]
      [Update RS (ms): Min: 0.0, Avg: 1.0, Max: 2.8, Diff: 2.8, Sum: 8.2]
         [Processed Buffers: Min: 0, Avg: 5.8, Max: 26, Diff: 26, Sum: 46]
      [Scan RS (ms): Min: 0.0, Avg: 2.2, Max: 11.4, Diff: 11.4, Sum: 17.8]
      [Code Root Scanning (ms): Min: 0.0, Avg: 0.0, Max: 0.0, Diff: 0.0, Sum: 0.0]
      [Object Copy (ms): Min: 0.0, Avg: 8.3, Max: 26.1, Diff: 26.1, Sum: 66.8]
      [Termination (ms): Min: 0.0, Avg: 6.9, Max: 8.4, Diff: 8.4, Sum: 55.5]
         [Termination Attempts: Min: 1, Avg: 6.1, Max: 15, Diff: 14, Sum: 49]
      [GC Worker Other (ms): Min: 0.0, Avg: 0.0, Max: 0.0, Diff: 0.0, Sum: 0.1]
      [GC Worker Total (ms): Min: 7.1, Avg: 19.1, Max: 33.4, Diff: 26.4, Sum: 152.4]
      [GC Worker End (ms): Min: 6593420.2, Avg: 6593420.2, Max: 6593420.3, Diff: 0.1]
   [Code Root Fixup: 0.0 ms]
   [Code Root Purge: 0.0 ms]
   [Clear CT: 1.0 ms]
   [Other: 18.0 ms]
      [Choose CSet: 0.0 ms]
      [Ref Proc: 15.8 ms]
      [Ref Enq: 0.0 ms]
      [Redirty Cards: 1.4 ms]
      [Humongous Register: 0.3 ms]
      [Humongous Reclaim: 0.1 ms]
      [Free CSet: 0.1 ms]
   [Eden: 48128.0K(48128.0K)->0.0B(47104.0K) Survivors: 4096.0K->5120.0K Heap: 277.2M(1024.0M)->231.1M(1024.0M)]
 [Times: user=0.18 sys=0.00, real=0.05 secs] 
2022-11-23T17:31:27.757+0100: 6601.721: [GC pause (G1 Evacuation Pause) (young), 0.0316986 secs]
   [Parallel Time: 19.8 ms, GC Workers: 8]
      [GC Worker Start (ms): Min: 6601721.5, Avg: 6601732.1, Max: 6601740.5, Diff: 19.1]
      [Ext Root Scanning (ms): Min: 0.0, Avg: 0.5, Max: 1.3, Diff: 1.3, Sum: 3.7]
      [Update RS (ms): Min: 0.0, Avg: 2.5, Max: 14.2, Diff: 14.2, Sum: 20.1]
         [Processed Buffers: Min: 0, Avg: 5.2, Max: 29, Diff: 29, Sum: 42]
      [Scan RS (ms): Min: 0.0, Avg: 1.0, Max: 3.9, Diff: 3.9, Sum: 7.8]
      [Code Root Scanning (ms): Min: 0.0, Avg: 0.0, Max: 0.0, Diff: 0.0, Sum: 0.0]
      [Object Copy (ms): Min: 0.0, Avg: 3.1, Max: 8.9, Diff: 8.9, Sum: 25.0]
      [Termination (ms): Min: 0.0, Avg: 1.4, Max: 2.3, Diff: 2.3, Sum: 11.5]
         [Termination Attempts: Min: 1, Avg: 1.0, Max: 1, Diff: 0, Sum: 8]
      [GC Worker Other (ms): Min: 0.0, Avg: 0.0, Max: 0.0, Diff: 0.0, Sum: 0.1]
      [GC Worker Total (ms): Min: 0.0, Avg: 8.5, Max: 19.2, Diff: 19.2, Sum: 68.3]
      [GC Worker End (ms): Min: 6601740.5, Avg: 6601740.6, Max: 6601740.7, Diff: 0.1]
   [Code Root Fixup: 0.0 ms]
   [Code Root Purge: 0.0 ms]
   [Clear CT: 1.0 ms]
   [Other: 10.8 ms]
      [Choose CSet: 0.0 ms]
      [Ref Proc: 9.3 ms]
      [Ref Enq: 0.0 ms]
      [Redirty Cards: 1.0 ms]
      [Humongous Register: 0.1 ms]
      [Humongous Reclaim: 0.1 ms]
      [Free CSet: 0.1 ms]
   [Eden: 47104.0K(47104.0K)->0.0B(48128.0K) Survivors: 5120.0K->4096.0K Heap: 277.1M(1024.0M)->230.8M(1024.0M)]
 [Times: user=0.09 sys=0.00, real=0.03 secs] 
2022-11-23T17:31:35.998+0100: 6609.963: [GC pause (G1 Evacuation Pause) (young), 0.0347792 secs]
   [Parallel Time: 21.7 ms, GC Workers: 8]
      [GC Worker Start (ms): Min: 6609963.3, Avg: 6609972.3, Max: 6609980.6, Diff: 17.3]
      [Ext Root Scanning (ms): Min: 0.0, Avg: 0.5, Max: 1.5, Diff: 1.5, Sum: 3.8]
      [Update RS (ms): Min: 0.0, Avg: 1.3, Max: 3.6, Diff: 3.6, Sum: 10.6]
         [Processed Buffers: Min: 0, Avg: 6.5, Max: 32, Diff: 32, Sum: 52]
      [Scan RS (ms): Min: 0.0, Avg: 0.8, Max: 2.2, Diff: 2.2, Sum: 6.3]
      [Code Root Scanning (ms): Min: 0.0, Avg: 0.0, Max: 0.0, Diff: 0.0, Sum: 0.0]
      [Object Copy (ms): Min: 0.0, Avg: 6.0, Max: 13.7, Diff: 13.7, Sum: 47.8]
      [Termination (ms): Min: 0.0, Avg: 3.3, Max: 3.9, Diff: 3.9, Sum: 26.8]
         [Termination Attempts: Min: 1, Avg: 4.2, Max: 8, Diff: 7, Sum: 34]
      [GC Worker Other (ms): Min: 0.0, Avg: 0.0, Max: 0.1, Diff: 0.1, Sum: 0.2]
      [GC Worker Total (ms): Min: 3.7, Avg: 11.9, Max: 20.9, Diff: 17.2, Sum: 95.5]
      [GC Worker End (ms): Min: 6609984.2, Avg: 6609984.2, Max: 6609984.3, Diff: 0.2]
   [Code Root Fixup: 0.0 ms]
   [Code Root Purge: 0.0 ms]
   [Clear CT: 3.7 ms]
   [Other: 9.3 ms]
      [Choose CSet: 0.0 ms]
      [Ref Proc: 7.7 ms]
      [Ref Enq: 0.0 ms]
      [Redirty Cards: 1.0 ms]
      [Humongous Register: 0.1 ms]
      [Humongous Reclaim: 0.1 ms]
      [Free CSet: 0.1 ms]
   [Eden: 48128.0K(48128.0K)->0.0B(47104.0K) Survivors: 4096.0K->5120.0K Heap: 277.8M(1024.0M)->231.5M(1024.0M)]
 [Times: user=0.10 sys=0.02, real=0.04 secs] 
2022-11-23T17:31:45.190+0100: 6619.155: [GC pause (G1 Evacuation Pause) (young), 0.0372120 secs]
   [Parallel Time: 25.9 ms, GC Workers: 8]
      [GC Worker Start (ms): Min: 6619155.8, Avg: 6619170.7, Max: 6619180.9, Diff: 25.1]
      [Ext Root Scanning (ms): Min: 0.0, Avg: 0.8, Max: 3.2, Diff: 3.2, Sum: 6.4]
      [Update RS (ms): Min: 0.0, Avg: 2.5, Max: 7.5, Diff: 7.5, Sum: 19.6]
         [Processed Buffers: Min: 0, Avg: 5.2, Max: 21, Diff: 21, Sum: 42]
      [Scan RS (ms): Min: 0.0, Avg: 1.1, Max: 3.8, Diff: 3.8, Sum: 9.0]
      [Code Root Scanning (ms): Min: 0.0, Avg: 0.0, Max: 0.0, Diff: 0.0, Sum: 0.0]
      [Object Copy (ms): Min: 0.0, Avg: 5.4, Max: 11.1, Diff: 11.1, Sum: 42.8]
      [Termination (ms): Min: 0.0, Avg: 0.6, Max: 0.9, Diff: 0.9, Sum: 4.8]
         [Termination Attempts: Min: 1, Avg: 1.5, Max: 3, Diff: 2, Sum: 12]
      [GC Worker Other (ms): Min: 0.0, Avg: 0.0, Max: 0.0, Diff: 0.0, Sum: 0.1]
      [GC Worker Total (ms): Min: 0.0, Avg: 10.3, Max: 25.2, Diff: 25.2, Sum: 82.8]
      [GC Worker End (ms): Min: 6619181.0, Avg: 6619181.0, Max: 6619181.0, Diff: 0.1]
   [Code Root Fixup: 0.0 ms]
   [Code Root Purge: 0.0 ms]
   [Clear CT: 2.2 ms]
   [Other: 9.1 ms]
      [Choose CSet: 0.0 ms]
      [Ref Proc: 6.6 ms]
      [Ref Enq: 0.0 ms]
      [Redirty Cards: 1.5 ms]
      [Humongous Register: 0.5 ms]
      [Humongous Reclaim: 0.0 ms]
      [Free CSet: 0.1 ms]
   [Eden: 47104.0K(47104.0K)->0.0B(48128.0K) Survivors: 5120.0K->4096.0K Heap: 277.5M(1024.0M)->230.9M(1024.0M)]
 [Times: user=0.10 sys=0.00, real=0.04 secs] 
2022-11-23T17:31:54.385+0100: 6628.350: [GC pause (G1 Evacuation Pause) (young), 0.0483139 secs]
   [Parallel Time: 32.4 ms, GC Workers: 8]
      [GC Worker Start (ms): Min: 6628350.2, Avg: 6628358.2, Max: 6628366.5, Diff: 16.3]
      [Ext Root Scanning (ms): Min: 0.0, Avg: 0.5, Max: 2.1, Diff: 2.1, Sum: 4.2]
      [Update RS (ms): Min: 0.0, Avg: 2.5, Max: 10.9, Diff: 10.9, Sum: 19.9]
         [Processed Buffers: Min: 0, Avg: 5.1, Max: 22, Diff: 22, Sum: 41]
      [Scan RS (ms): Min: 0.0, Avg: 1.4, Max: 3.7, Diff: 3.7, Sum: 10.9]
      [Code Root Scanning (ms): Min: 0.0, Avg: 0.0, Max: 0.0, Diff: 0.0, Sum: 0.0]
      [Object Copy (ms): Min: 0.0, Avg: 4.9, Max: 15.6, Diff: 15.6, Sum: 39.1]
      [Termination (ms): Min: 0.0, Avg: 10.1, Max: 15.9, Diff: 15.9, Sum: 81.2]
         [Termination Attempts: Min: 1, Avg: 2.0, Max: 6, Diff: 5, Sum: 16]
      [GC Worker Other (ms): Min: 0.0, Avg: 0.0, Max: 0.0, Diff: 0.0, Sum: 0.2]
      [GC Worker Total (ms): Min: 11.5, Avg: 19.4, Max: 29.5, Diff: 18.0, Sum: 155.4]
      [GC Worker End (ms): Min: 6628375.4, Avg: 6628377.7, Max: 6628382.3, Diff: 6.8]
   [Code Root Fixup: 0.0 ms]
   [Code Root Purge: 0.0 ms]
   [Clear CT: 0.7 ms]
   [Other: 15.2 ms]
      [Choose CSet: 0.0 ms]
      [Ref Proc: 13.6 ms]
      [Ref Enq: 0.0 ms]
      [Redirty Cards: 0.9 ms]
      [Humongous Register: 0.0 ms]
      [Humongous Reclaim: 0.1 ms]
      [Free CSet: 0.1 ms]
   [Eden: 48128.0K(48128.0K)->0.0B(47104.0K) Survivors: 4096.0K->5120.0K Heap: 277.9M(1024.0M)->231.9M(1024.0M)]
 [Times: user=0.15 sys=0.00, real=0.05 secs] 
2022-11-23T17:32:03.792+0100: 6637.757: [GC pause (G1 Evacuation Pause) (young), 0.0769212 secs]
   [Parallel Time: 72.7 ms, GC Workers: 8]
      [GC Worker Start (ms): Min: 6637756.9, Avg: 6637774.3, Max: 6637802.9, Diff: 46.0]
      [Ext Root Scanning (ms): Min: 0.0, Avg: 0.5, Max: 1.3, Diff: 1.3, Sum: 3.8]
      [Update RS (ms): Min: 0.0, Avg: 1.0, Max: 2.2, Diff: 2.2, Sum: 8.2]
         [Processed Buffers: Min: 0, Avg: 5.9, Max: 21, Diff: 21, Sum: 47]
      [Scan RS (ms): Min: 0.1, Avg: 14.3, Max: 68.6, Diff: 68.5, Sum: 114.2]
      [Code Root Scanning (ms): Min: 0.0, Avg: 0.0, Max: 0.0, Diff: 0.0, Sum: 0.0]
      [Object Copy (ms): Min: 0.0, Avg: 7.9, Max: 45.0, Diff: 45.0, Sum: 63.5]
      [Termination (ms): Min: 0.0, Avg: 30.8, Max: 58.2, Diff: 58.2, Sum: 246.4]
         [Termination Attempts: Min: 1, Avg: 4.9, Max: 11, Diff: 10, Sum: 39]
      [GC Worker Other (ms): Min: 0.0, Avg: 0.1, Max: 0.4, Diff: 0.4, Sum: 0.5]
      [GC Worker Total (ms): Min: 26.0, Avg: 54.6, Max: 72.0, Diff: 46.0, Sum: 436.6]
      [GC Worker End (ms): Min: 6637828.9, Avg: 6637828.9, Max: 6637828.9, Diff: 0.0]
   [Code Root Fixup: 0.0 ms]
   [Code Root Purge: 0.0 ms]
   [Clear CT: 1.0 ms]
   [Other: 3.3 ms]
      [Choose CSet: 0.0 ms]
      [Ref Proc: 1.5 ms]
      [Ref Enq: 0.0 ms]
      [Redirty Cards: 1.0 ms]
      [Humongous Register: 0.1 ms]
      [Humongous Reclaim: 0.1 ms]
      [Free CSet: 0.1 ms]
   [Eden: 47104.0K(47104.0K)->0.0B(47104.0K) Survivors: 5120.0K->5120.0K Heap: 277.9M(1024.0M)->232.4M(1024.0M)]
 [Times: user=0.28 sys=0.02, real=0.07 secs] 
2022-11-23T17:32:13.026+0100: 6646.990: [GC pause (G1 Evacuation Pause) (young), 0.0241322 secs]
   [Parallel Time: 20.4 ms, GC Workers: 8]
      [GC Worker Start (ms): Min: 6646990.5, Avg: 6646997.7, Max: 6647005.3, Diff: 14.8]
      [Ext Root Scanning (ms): Min: 0.0, Avg: 0.5, Max: 2.1, Diff: 2.1, Sum: 4.2]
      [Update RS (ms): Min: 0.0, Avg: 0.9, Max: 3.7, Diff: 3.7, Sum: 7.3]
         [Processed Buffers: Min: 0, Avg: 5.1, Max: 21, Diff: 21, Sum: 41]
      [Scan RS (ms): Min: 0.2, Avg: 4.6, Max: 14.2, Diff: 14.0, Sum: 36.9]
      [Code Root Scanning (ms): Min: 0.0, Avg: 0.0, Max: 0.0, Diff: 0.0, Sum: 0.0]
      [Object Copy (ms): Min: 0.1, Avg: 4.8, Max: 7.8, Diff: 7.7, Sum: 38.1]
      [Termination (ms): Min: 0.0, Avg: 2.1, Max: 2.6, Diff: 2.6, Sum: 16.8]
         [Termination Attempts: Min: 1, Avg: 9.5, Max: 25, Diff: 24, Sum: 76]
      [GC Worker Other (ms): Min: 0.0, Avg: 0.0, Max: 0.0, Diff: 0.0, Sum: 0.1]
      [GC Worker Total (ms): Min: 5.3, Avg: 12.9, Max: 20.1, Diff: 14.8, Sum: 103.5]
      [GC Worker End (ms): Min: 6647010.6, Avg: 6647010.6, Max: 6647010.7, Diff: 0.1]
   [Code Root Fixup: 0.0 ms]
   [Code Root Purge: 0.0 ms]
   [Clear CT: 0.9 ms]
   [Other: 2.8 ms]
      [Choose CSet: 0.0 ms]
      [Ref Proc: 1.5 ms]
      [Ref Enq: 0.0 ms]
      [Redirty Cards: 0.9 ms]
      [Humongous Register: 0.0 ms]
      [Humongous Reclaim: 0.0 ms]
      [Free CSet: 0.0 ms]
   [Eden: 47104.0K(47104.0K)->0.0B(48128.0K) Survivors: 5120.0K->4096.0K Heap: 278.4M(1024.0M)->231.5M(1024.0M)]
 [Times: user=0.08 sys=0.00, real=0.02 secs] 
2022-11-23T17:32:22.939+0100: 6656.904: [GC pause (G1 Evacuation Pause) (young), 0.0299028 secs]
   [Parallel Time: 10.6 ms, GC Workers: 8]
      [GC Worker Start (ms): Min: 6656904.1, Avg: 6656906.4, Max: 6656912.6, Diff: 8.4]
      [Ext Root Scanning (ms): Min: 0.0, Avg: 0.5, Max: 1.2, Diff: 1.2, Sum: 4.1]
      [Update RS (ms): Min: 0.0, Avg: 1.0, Max: 1.8, Diff: 1.8, Sum: 8.3]
         [Processed Buffers: Min: 0, Avg: 5.2, Max: 15, Diff: 15, Sum: 42]
      [Scan RS (ms): Min: 0.0, Avg: 1.1, Max: 1.8, Diff: 1.8, Sum: 8.9]
      [Code Root Scanning (ms): Min: 0.0, Avg: 0.0, Max: 0.0, Diff: 0.0, Sum: 0.0]
      [Object Copy (ms): Min: 0.0, Avg: 3.3, Max: 7.5, Diff: 7.5, Sum: 26.2]
      [Termination (ms): Min: 0.0, Avg: 0.5, Max: 2.0, Diff: 2.0, Sum: 4.1]
         [Termination Attempts: Min: 1, Avg: 1.0, Max: 1, Diff: 0, Sum: 8]
      [GC Worker Other (ms): Min: 0.0, Avg: 0.0, Max: 0.0, Diff: 0.0, Sum: 0.1]
      [GC Worker Total (ms): Min: 0.0, Avg: 6.5, Max: 9.7, Diff: 9.7, Sum: 51.7]
      [GC Worker End (ms): Min: 6656912.6, Avg: 6656912.8, Max: 6656914.2, Diff: 1.6]
   [Code Root Fixup: 0.0 ms]
   [Code Root Purge: 0.0 ms]
   [Clear CT: 1.0 ms]
   [Other: 18.3 ms]
      [Choose CSet: 0.0 ms]
      [Ref Proc: 16.8 ms]
      [Ref Enq: 0.0 ms]
      [Redirty Cards: 0.9 ms]
      [Humongous Register: 0.1 ms]
      [Humongous Reclaim: 0.0 ms]
      [Free CSet: 0.1 ms]
   [Eden: 48128.0K(48128.0K)->0.0B(48128.0K) Survivors: 4096.0K->4096.0K Heap: 278.5M(1024.0M)->231.4M(1024.0M)]
 [Times: user=0.09 sys=0.00, real=0.03 secs] 
2022-11-23T17:32:33.055+0100: 6667.020: [GC pause (G1 Evacuation Pause) (young), 0.0490941 secs]
   [Parallel Time: 20.9 ms, GC Workers: 8]
      [GC Worker Start (ms): Min: 6667019.9, Avg: 6667032.7, Max: 6667039.8, Diff: 19.9]
      [Ext Root Scanning (ms): Min: 0.0, Avg: 0.5, Max: 1.9, Diff: 1.9, Sum: 3.8]
      [Update RS (ms): Min: 0.0, Avg: 1.9, Max: 7.6, Diff: 7.6, Sum: 15.2]
         [Processed Buffers: Min: 0, Avg: 4.9, Max: 28, Diff: 28, Sum: 39]
      [Scan RS (ms): Min: 0.0, Avg: 0.4, Max: 1.5, Diff: 1.5, Sum: 2.8]
      [Code Root Scanning (ms): Min: 0.0, Avg: 0.0, Max: 0.0, Diff: 0.0, Sum: 0.0]
      [Object Copy (ms): Min: 0.0, Avg: 3.8, Max: 8.2, Diff: 8.2, Sum: 30.0]
      [Termination (ms): Min: 0.0, Avg: 0.7, Max: 1.3, Diff: 1.3, Sum: 5.4]
         [Termination Attempts: Min: 1, Avg: 2.6, Max: 4, Diff: 3, Sum: 21]
      [GC Worker Other (ms): Min: 0.0, Avg: 0.0, Max: 0.0, Diff: 0.0, Sum: 0.1]
      [GC Worker Total (ms): Min: 0.0, Avg: 7.2, Max: 20.3, Diff: 20.3, Sum: 57.5]
      [GC Worker End (ms): Min: 6667039.8, Avg: 6667039.9, Max: 6667040.3, Diff: 0.5]
   [Code Root Fixup: 0.0 ms]
   [Code Root Purge: 0.0 ms]
   [Clear CT: 1.4 ms]
   [Other: 26.8 ms]
      [Choose CSet: 0.0 ms]
      [Ref Proc: 25.0 ms]
      [Ref Enq: 0.0 ms]
      [Redirty Cards: 1.0 ms]
      [Humongous Register: 0.1 ms]
      [Humongous Reclaim: 0.1 ms]
      [Free CSet: 0.1 ms]
   [Eden: 48128.0K(48128.0K)->0.0B(48128.0K) Survivors: 4096.0K->4096.0K Heap: 278.4M(1024.0M)->232.2M(1024.0M)]
 [Times: user=0.15 sys=0.00, real=0.05 secs] 
2022-11-23T17:32:43.657+0100: 6677.622: [GC pause (G1 Evacuation Pause) (young), 0.0492360 secs]
   [Parallel Time: 26.8 ms, GC Workers: 8]
      [GC Worker Start (ms): Min: 6677622.1, Avg: 6677629.6, Max: 6677637.4, Diff: 15.3]
      [Ext Root Scanning (ms): Min: 0.0, Avg: 0.5, Max: 1.5, Diff: 1.4, Sum: 4.0]
      [Update RS (ms): Min: 0.0, Avg: 2.0, Max: 5.1, Diff: 5.1, Sum: 15.9]
         [Processed Buffers: Min: 0, Avg: 5.1, Max: 18, Diff: 18, Sum: 41]
      [Scan RS (ms): Min: 0.0, Avg: 1.0, Max: 2.8, Diff: 2.8, Sum: 8.2]
      [Code Root Scanning (ms): Min: 0.0, Avg: 0.0, Max: 0.0, Diff: 0.0, Sum: 0.0]
      [Object Copy (ms): Min: 0.0, Avg: 4.4, Max: 16.8, Diff: 16.8, Sum: 35.4]
      [Termination (ms): Min: 0.0, Avg: 9.3, Max: 12.5, Diff: 12.5, Sum: 74.5]
         [Termination Attempts: Min: 1, Avg: 3.5, Max: 8, Diff: 7, Sum: 28]
      [GC Worker Other (ms): Min: 0.0, Avg: 0.0, Max: 0.0, Diff: 0.0, Sum: 0.2]
      [GC Worker Total (ms): Min: 9.1, Avg: 17.3, Max: 26.4, Diff: 17.2, Sum: 138.3]
      [GC Worker End (ms): Min: 6677646.5, Avg: 6677646.9, Max: 6677648.5, Diff: 1.9]
   [Code Root Fixup: 0.0 ms]
   [Code Root Purge: 0.0 ms]
   [Clear CT: 2.1 ms]
   [Other: 20.3 ms]
      [Choose CSet: 0.0 ms]
      [Ref Proc: 18.5 ms]
      [Ref Enq: 0.0 ms]
      [Redirty Cards: 0.8 ms]
      [Humongous Register: 0.3 ms]
      [Humongous Reclaim: 0.1 ms]
      [Free CSet: 0.1 ms]
   [Eden: 48128.0K(48128.0K)->0.0B(48128.0K) Survivors: 4096.0K->4096.0K Heap: 279.2M(1024.0M)->232.4M(1024.0M)]
 [Times: user=0.20 sys=0.00, real=0.05 secs] 
2022-11-23T17:32:55.314+0100: 6689.279: [GC pause (G1 Evacuation Pause) (young), 0.0351882 secs]
   [Parallel Time: 22.4 ms, GC Workers: 8]
      [GC Worker Start (ms): Min: 6689281.1, Avg: 6689288.6, Max: 6689300.1, Diff: 19.0]
      [Ext Root Scanning (ms): Min: 0.0, Avg: 0.8, Max: 2.0, Diff: 2.0, Sum: 6.2]
      [Update RS (ms): Min: 0.0, Avg: 3.3, Max: 16.7, Diff: 16.7, Sum: 26.5]
         [Processed Buffers: Min: 0, Avg: 5.5, Max: 28, Diff: 28, Sum: 44]
      [Scan RS (ms): Min: 0.1, Avg: 4.2, Max: 14.7, Diff: 14.7, Sum: 33.9]
      [Code Root Scanning (ms): Min: 0.0, Avg: 0.0, Max: 0.0, Diff: 0.0, Sum: 0.0]
      [Object Copy (ms): Min: 0.0, Avg: 2.6, Max: 10.4, Diff: 10.4, Sum: 21.2]
      [Termination (ms): Min: 0.0, Avg: 0.9, Max: 2.4, Diff: 2.4, Sum: 7.1]
         [Termination Attempts: Min: 1, Avg: 2.6, Max: 7, Diff: 6, Sum: 21]
      [GC Worker Other (ms): Min: 0.0, Avg: 0.0, Max: 0.0, Diff: 0.0, Sum: 0.2]
      [GC Worker Total (ms): Min: 0.3, Avg: 11.9, Max: 19.3, Diff: 19.0, Sum: 95.1]
      [GC Worker End (ms): Min: 6689300.4, Avg: 6689300.5, Max: 6689301.2, Diff: 0.9]
   [Code Root Fixup: 0.0 ms]
   [Code Root Purge: 0.0 ms]
   [Clear CT: 1.2 ms]
   [Other: 11.5 ms]
      [Choose CSet: 0.0 ms]
      [Ref Proc: 9.3 ms]
      [Ref Enq: 0.0 ms]
      [Redirty Cards: 1.3 ms]
      [Humongous Register: 0.2 ms]
      [Humongous Reclaim: 0.1 ms]
      [Free CSet: 0.1 ms]
   [Eden: 48128.0K(48128.0K)->0.0B(47104.0K) Survivors: 4096.0K->5120.0K Heap: 279.4M(1024.0M)->233.6M(1024.0M)]
 [Times: user=0.14 sys=0.01, real=0.03 secs] 
2022-11-23T17:33:03.456+0100: 6697.421: [GC pause (G1 Evacuation Pause) (young), 0.0311538 secs]
   [Parallel Time: 26.1 ms, GC Workers: 8]
      [GC Worker Start (ms): Min: 6697420.9, Avg: 6697435.0, Max: 6697442.0, Diff: 21.1]
      [Ext Root Scanning (ms): Min: 0.0, Avg: 0.4, Max: 1.7, Diff: 1.7, Sum: 3.4]
      [Update RS (ms): Min: 0.0, Avg: 1.4, Max: 5.8, Diff: 5.8, Sum: 11.5]
         [Processed Buffers: Min: 0, Avg: 5.2, Max: 25, Diff: 25, Sum: 42]
      [Scan RS (ms): Min: 0.0, Avg: 0.7, Max: 2.7, Diff: 2.7, Sum: 5.3]
      [Code Root Scanning (ms): Min: 0.0, Avg: 0.0, Max: 0.0, Diff: 0.0, Sum: 0.0]
      [Object Copy (ms): Min: 0.0, Avg: 4.7, Max: 15.0, Diff: 15.0, Sum: 37.2]
      [Termination (ms): Min: 0.0, Avg: 3.8, Max: 4.7, Diff: 4.7, Sum: 30.3]
         [Termination Attempts: Min: 1, Avg: 3.2, Max: 8, Diff: 7, Sum: 26]
      [GC Worker Other (ms): Min: 0.0, Avg: 0.0, Max: 0.0, Diff: 0.0, Sum: 0.1]
      [GC Worker Total (ms): Min: 4.0, Avg: 11.0, Max: 25.1, Diff: 21.1, Sum: 87.9]
      [GC Worker End (ms): Min: 6697446.0, Avg: 6697446.0, Max: 6697446.0, Diff: 0.0]
   [Code Root Fixup: 0.0 ms]
   [Code Root Purge: 0.0 ms]
   [Clear CT: 0.6 ms]
   [Other: 4.4 ms]
      [Choose CSet: 0.0 ms]
      [Ref Proc: 3.1 ms]
      [Ref Enq: 0.0 ms]
      [Redirty Cards: 0.7 ms]
      [Humongous Register: 0.1 ms]
      [Humongous Reclaim: 0.1 ms]
      [Free CSet: 0.1 ms]
   [Eden: 47104.0K(47104.0K)->0.0B(48128.0K) Survivors: 5120.0K->4096.0K Heap: 279.6M(1024.0M)->232.1M(1024.0M)]
 [Times: user=0.09 sys=0.00, real=0.03 secs] 
2022-11-23T17:33:13.539+0100: 6707.503: [GC pause (G1 Evacuation Pause) (young), 0.0651533 secs]
   [Parallel Time: 45.4 ms, GC Workers: 8]
      [GC Worker Start (ms): Min: 6707503.8, Avg: 6707509.1, Max: 6707524.5, Diff: 20.7]
      [Ext Root Scanning (ms): Min: 0.0, Avg: 0.5, Max: 1.1, Diff: 1.1, Sum: 4.2]
      [Update RS (ms): Min: 0.0, Avg: 16.8, Max: 43.3, Diff: 43.3, Sum: 134.3]
         [Processed Buffers: Min: 0, Avg: 5.4, Max: 20, Diff: 20, Sum: 43]
      [Scan RS (ms): Min: 0.0, Avg: 0.5, Max: 1.5, Diff: 1.5, Sum: 4.3]
      [Code Root Scanning (ms): Min: 0.0, Avg: 0.0, Max: 0.0, Diff: 0.0, Sum: 0.0]
      [Object Copy (ms): Min: 0.1, Avg: 6.7, Max: 39.1, Diff: 39.1, Sum: 53.2]
      [Termination (ms): Min: 0.1, Avg: 14.4, Max: 33.3, Diff: 33.2, Sum: 115.6]
         [Termination Attempts: Min: 1, Avg: 41.6, Max: 70, Diff: 69, Sum: 333]
      [GC Worker Other (ms): Min: 0.0, Avg: 0.0, Max: 0.0, Diff: 0.0, Sum: 0.2]
      [GC Worker Total (ms): Min: 23.5, Avg: 39.0, Max: 44.3, Diff: 20.8, Sum: 311.7]
      [GC Worker End (ms): Min: 6707548.0, Avg: 6707548.1, Max: 6707548.1, Diff: 0.0]
   [Code Root Fixup: 0.0 ms]
   [Code Root Purge: 0.0 ms]
   [Clear CT: 1.3 ms]
   [Other: 18.5 ms]
      [Choose CSet: 0.0 ms]
      [Ref Proc: 16.9 ms]
      [Ref Enq: 0.0 ms]
      [Redirty Cards: 1.0 ms]
      [Humongous Register: 0.1 ms]
      [Humongous Reclaim: 0.1 ms]
      [Free CSet: 0.1 ms]
   [Eden: 48128.0K(48128.0K)->0.0B(48128.0K) Survivors: 4096.0K->4096.0K Heap: 279.1M(1024.0M)->233.1M(1024.0M)]
 [Times: user=0.28 sys=0.04, real=0.07 secs] 
2022-11-23T17:33:23.326+0100: 6717.290: [GC pause (G1 Evacuation Pause) (young), 0.0321530 secs]
   [Parallel Time: 22.0 ms, GC Workers: 8]
      [GC Worker Start (ms): Min: 6717290.7, Avg: 6717298.3, Max: 6717306.4, Diff: 15.7]
      [Ext Root Scanning (ms): Min: 0.0, Avg: 0.5, Max: 2.1, Diff: 2.1, Sum: 3.9]
      [Update RS (ms): Min: 0.0, Avg: 3.1, Max: 17.5, Diff: 17.5, Sum: 25.0]
         [Processed Buffers: Min: 0, Avg: 5.6, Max: 26, Diff: 26, Sum: 45]
      [Scan RS (ms): Min: 0.0, Avg: 1.3, Max: 3.2, Diff: 3.2, Sum: 10.1]
      [Code Root Scanning (ms): Min: 0.0, Avg: 0.0, Max: 0.0, Diff: 0.0, Sum: 0.0]
      [Object Copy (ms): Min: 0.0, Avg: 2.8, Max: 5.8, Diff: 5.8, Sum: 22.4]
      [Termination (ms): Min: 0.0, Avg: 4.5, Max: 6.2, Diff: 6.2, Sum: 35.9]
         [Termination Attempts: Min: 1, Avg: 3.2, Max: 6, Diff: 5, Sum: 26]
      [GC Worker Other (ms): Min: 0.0, Avg: 0.0, Max: 0.0, Diff: 0.0, Sum: 0.2]
      [GC Worker Total (ms): Min: 4.1, Avg: 12.2, Max: 19.9, Diff: 15.8, Sum: 97.6]
      [GC Worker End (ms): Min: 6717310.5, Avg: 6717310.5, Max: 6717310.7, Diff: 0.2]
   [Code Root Fixup: 0.0 ms]
   [Code Root Purge: 0.0 ms]
   [Clear CT: 1.2 ms]
   [Other: 8.9 ms]
      [Choose CSet: 0.0 ms]
      [Ref Proc: 7.5 ms]
      [Ref Enq: 0.0 ms]
      [Redirty Cards: 0.9 ms]
      [Humongous Register: 0.1 ms]
      [Humongous Reclaim: 0.0 ms]
      [Free CSet: 0.1 ms]
   [Eden: 48128.0K(48128.0K)->0.0B(48128.0K) Survivors: 4096.0K->4096.0K Heap: 280.1M(1024.0M)->232.6M(1024.0M)]
 [Times: user=0.08 sys=0.01, real=0.03 secs] 
2022-11-23T17:33:31.976+0100: 6725.941: [GC pause (G1 Evacuation Pause) (young), 0.0528673 secs]
   [Parallel Time: 46.3 ms, GC Workers: 8]
      [GC Worker Start (ms): Min: 6725941.4, Avg: 6725944.5, Max: 6725952.7, Diff: 11.3]
      [Ext Root Scanning (ms): Min: 0.0, Avg: 0.6, Max: 1.2, Diff: 1.2, Sum: 4.4]
      [Update RS (ms): Min: 0.0, Avg: 1.1, Max: 2.1, Diff: 2.1, Sum: 9.0]
         [Processed Buffers: Min: 0, Avg: 5.5, Max: 20, Diff: 20, Sum: 44]
      [Scan RS (ms): Min: 0.2, Avg: 11.6, Max: 42.4, Diff: 42.3, Sum: 93.0]
      [Code Root Scanning (ms): Min: 0.0, Avg: 0.0, Max: 0.0, Diff: 0.0, Sum: 0.0]
      [Object Copy (ms): Min: 0.0, Avg: 3.9, Max: 13.1, Diff: 13.1, Sum: 31.0]
      [Termination (ms): Min: 0.0, Avg: 24.8, Max: 34.5, Diff: 34.5, Sum: 198.4]
         [Termination Attempts: Min: 1, Avg: 3.1, Max: 6, Diff: 5, Sum: 25]
      [GC Worker Other (ms): Min: 0.0, Avg: 0.0, Max: 0.1, Diff: 0.1, Sum: 0.4]
      [GC Worker Total (ms): Min: 33.7, Avg: 42.0, Max: 45.1, Diff: 11.4, Sum: 336.3]
      [GC Worker End (ms): Min: 6725986.4, Avg: 6725986.6, Max: 6725987.0, Diff: 0.5]
   [Code Root Fixup: 0.0 ms]
   [Code Root Purge: 0.0 ms]
   [Clear CT: 0.9 ms]
   [Other: 5.6 ms]
      [Choose CSet: 0.0 ms]
      [Ref Proc: 3.5 ms]
      [Ref Enq: 0.0 ms]
      [Redirty Cards: 1.5 ms]
      [Humongous Register: 0.1 ms]
      [Humongous Reclaim: 0.0 ms]
      [Free CSet: 0.1 ms]
   [Eden: 48128.0K(48128.0K)->0.0B(48128.0K) Survivors: 4096.0K->4096.0K Heap: 279.6M(1024.0M)->233.6M(1024.0M)]
 [Times: user=0.24 sys=0.03, real=0.05 secs] 
2022-11-23T17:33:40.849+0100: 6734.814: [GC pause (G1 Evacuation Pause) (young), 0.0277285 secs]
   [Parallel Time: 14.2 ms, GC Workers: 8]
      [GC Worker Start (ms): Min: 6734813.9, Avg: 6734820.8, Max: 6734827.1, Diff: 13.2]
      [Ext Root Scanning (ms): Min: 0.0, Avg: 0.5, Max: 2.0, Diff: 2.0, Sum: 4.1]
      [Update RS (ms): Min: 0.0, Avg: 1.3, Max: 5.2, Diff: 5.2, Sum: 10.1]
         [Processed Buffers: Min: 0, Avg: 4.9, Max: 31, Diff: 31, Sum: 39]
      [Scan RS (ms): Min: 0.0, Avg: 0.8, Max: 1.3, Diff: 1.2, Sum: 6.2]
      [Code Root Scanning (ms): Min: 0.0, Avg: 0.0, Max: 0.0, Diff: 0.0, Sum: 0.0]
      [Object Copy (ms): Min: 0.0, Avg: 3.5, Max: 4.8, Diff: 4.8, Sum: 28.2]
      [Termination (ms): Min: 0.0, Avg: 0.3, Max: 0.7, Diff: 0.7, Sum: 2.6]
         [Termination Attempts: Min: 1, Avg: 1.1, Max: 2, Diff: 1, Sum: 9]
      [GC Worker Other (ms): Min: 0.0, Avg: 0.0, Max: 0.0, Diff: 0.0, Sum: 0.1]
      [GC Worker Total (ms): Min: 0.0, Avg: 6.4, Max: 13.5, Diff: 13.5, Sum: 51.3]
      [GC Worker End (ms): Min: 6734827.1, Avg: 6734827.2, Max: 6734827.5, Diff: 0.4]
   [Code Root Fixup: 0.0 ms]
   [Code Root Purge: 0.0 ms]
   [Clear CT: 1.7 ms]
   [Other: 11.8 ms]
      [Choose CSet: 0.0 ms]
      [Ref Proc: 9.8 ms]
      [Ref Enq: 0.0 ms]
      [Redirty Cards: 1.4 ms]
      [Humongous Register: 0.1 ms]
      [Humongous Reclaim: 0.1 ms]
      [Free CSet: 0.1 ms]
   [Eden: 48128.0K(48128.0K)->0.0B(49152.0K) Survivors: 4096.0K->3072.0K Heap: 280.6M(1024.0M)->232.5M(1024.0M)]
 [Times: user=0.10 sys=0.00, real=0.03 secs] 
2022-11-23T17:33:51.293+0100: 6745.258: [GC pause (G1 Evacuation Pause) (young), 0.0792392 secs]
   [Parallel Time: 61.9 ms, GC Workers: 8]
      [GC Worker Start (ms): Min: 6745258.4, Avg: 6745278.5, Max: 6745289.7, Diff: 31.3]
      [Ext Root Scanning (ms): Min: 0.0, Avg: 0.4, Max: 3.2, Diff: 3.2, Sum: 3.4]
      [Update RS (ms): Min: 0.0, Avg: 7.4, Max: 57.9, Diff: 57.9, Sum: 59.2]
         [Processed Buffers: Min: 0, Avg: 5.0, Max: 20, Diff: 20, Sum: 40]
      [Scan RS (ms): Min: 0.0, Avg: 5.5, Max: 39.4, Diff: 39.4, Sum: 43.8]
      [Code Root Scanning (ms): Min: 0.0, Avg: 0.0, Max: 0.0, Diff: 0.0, Sum: 0.0]
      [Object Copy (ms): Min: 0.0, Avg: 10.1, Max: 38.3, Diff: 38.3, Sum: 80.6]
      [Termination (ms): Min: 0.0, Avg: 18.1, Max: 30.4, Diff: 30.4, Sum: 144.6]
         [Termination Attempts: Min: 1, Avg: 11.8, Max: 27, Diff: 26, Sum: 94]
      [GC Worker Other (ms): Min: 0.0, Avg: 0.0, Max: 0.0, Diff: 0.0, Sum: 0.1]
      [GC Worker Total (ms): Min: 30.2, Avg: 41.5, Max: 61.5, Diff: 31.3, Sum: 331.7]
      [GC Worker End (ms): Min: 6745319.9, Avg: 6745319.9, Max: 6745320.0, Diff: 0.1]
   [Code Root Fixup: 0.0 ms]
   [Code Root Purge: 0.0 ms]
   [Clear CT: 2.1 ms]
   [Other: 15.3 ms]
      [Choose CSet: 0.0 ms]
      [Ref Proc: 10.8 ms]
      [Ref Enq: 0.0 ms]
      [Redirty Cards: 3.7 ms]
      [Humongous Register: 0.2 ms]
      [Humongous Reclaim: 0.1 ms]
      [Free CSet: 0.1 ms]
   [Eden: 49152.0K(49152.0K)->0.0B(48128.0K) Survivors: 3072.0K->4096.0K Heap: 280.5M(1024.0M)->234.0M(1024.0M)]
 [Times: user=0.29 sys=0.03, real=0.08 secs] 
2022-11-23T17:34:00.892+0100: 6754.857: [GC pause (G1 Evacuation Pause) (young), 0.0637335 secs]
   [Parallel Time: 47.3 ms, GC Workers: 8]
      [GC Worker Start (ms): Min: 6754857.4, Avg: 6754870.7, Max: 6754885.5, Diff: 28.1]
      [Ext Root Scanning (ms): Min: 0.0, Avg: 0.5, Max: 1.4, Diff: 1.4, Sum: 3.8]
      [Update RS (ms): Min: 0.0, Avg: 7.8, Max: 45.0, Diff: 45.0, Sum: 62.6]
         [Processed Buffers: Min: 0, Avg: 5.0, Max: 34, Diff: 34, Sum: 40]
      [Scan RS (ms): Min: 0.0, Avg: 0.7, Max: 5.7, Diff: 5.7, Sum: 5.7]
      [Code Root Scanning (ms): Min: 0.0, Avg: 0.0, Max: 0.0, Diff: 0.0, Sum: 0.0]
      [Object Copy (ms): Min: 0.0, Avg: 4.1, Max: 10.4, Diff: 10.4, Sum: 32.7]
      [Termination (ms): Min: 0.0, Avg: 20.2, Max: 25.0, Diff: 25.0, Sum: 161.4]
         [Termination Attempts: Min: 1, Avg: 24.0, Max: 50, Diff: 49, Sum: 192]
      [GC Worker Other (ms): Min: 0.0, Avg: 0.0, Max: 0.0, Diff: 0.0, Sum: 0.1]
      [GC Worker Total (ms): Min: 18.5, Avg: 33.3, Max: 46.6, Diff: 28.0, Sum: 266.4]
      [GC Worker End (ms): Min: 6754904.0, Avg: 6754904.0, Max: 6754904.0, Diff: 0.1]
   [Code Root Fixup: 0.0 ms]
   [Code Root Purge: 0.0 ms]
   [Clear CT: 1.9 ms]
   [Other: 14.6 ms]
      [Choose CSet: 0.0 ms]
      [Ref Proc: 2.8 ms]
      [Ref Enq: 0.0 ms]
      [Redirty Cards: 11.2 ms]
      [Humongous Register: 0.1 ms]
      [Humongous Reclaim: 0.0 ms]
      [Free CSet: 0.1 ms]
   [Eden: 48128.0K(48128.0K)->0.0B(49152.0K) Survivors: 4096.0K->3072.0K Heap: 281.0M(1024.0M)->233.2M(1024.0M)]
 [Times: user=0.24 sys=0.01, real=0.06 secs] 
2022-11-23T17:34:10.245+0100: 6764.209: [GC pause (G1 Evacuation Pause) (young), 0.0613317 secs]
   [Parallel Time: 53.9 ms, GC Workers: 8]
      [GC Worker Start (ms): Min: 6764209.7, Avg: 6764227.6, Max: 6764257.2, Diff: 47.5]
      [Ext Root Scanning (ms): Min: 0.0, Avg: 0.5, Max: 3.6, Diff: 3.6, Sum: 3.8]
      [Update RS (ms): Min: 0.0, Avg: 7.4, Max: 47.7, Diff: 47.7, Sum: 58.8]
         [Processed Buffers: Min: 0, Avg: 5.9, Max: 9, Diff: 9, Sum: 47]
      [Scan RS (ms): Min: 0.1, Avg: 12.3, Max: 42.1, Diff: 42.0, Sum: 98.7]
      [Code Root Scanning (ms): Min: 0.0, Avg: 0.0, Max: 0.0, Diff: 0.0, Sum: 0.0]
      [Object Copy (ms): Min: 0.0, Avg: 3.2, Max: 9.1, Diff: 9.1, Sum: 25.8]
      [Termination (ms): Min: 0.0, Avg: 11.7, Max: 27.1, Diff: 27.1, Sum: 93.7]
         [Termination Attempts: Min: 1, Avg: 7.6, Max: 26, Diff: 25, Sum: 61]
      [GC Worker Other (ms): Min: 0.0, Avg: 0.0, Max: 0.0, Diff: 0.0, Sum: 0.1]
      [GC Worker Total (ms): Min: 5.6, Avg: 35.1, Max: 53.0, Diff: 47.4, Sum: 281.0]
      [GC Worker End (ms): Min: 6764262.6, Avg: 6764262.7, Max: 6764263.1, Diff: 0.5]
   [Code Root Fixup: 0.0 ms]
   [Code Root Purge: 0.0 ms]
   [Clear CT: 1.5 ms]
   [Other: 6.0 ms]
      [Choose CSet: 0.0 ms]
      [Ref Proc: 4.0 ms]
      [Ref Enq: 0.0 ms]
      [Redirty Cards: 1.1 ms]
      [Humongous Register: 0.1 ms]
      [Humongous Reclaim: 0.1 ms]
      [Free CSet: 0.1 ms]
   [Eden: 49152.0K(49152.0K)->0.0B(48128.0K) Survivors: 3072.0K->4096.0K Heap: 281.2M(1024.0M)->233.9M(1024.0M)]
 [Times: user=0.22 sys=0.05, real=0.06 secs] 
2022-11-23T17:34:23.267+0100: 6777.231: [GC pause (G1 Evacuation Pause) (young), 0.0480180 secs]
   [Parallel Time: 31.2 ms, GC Workers: 8]
      [GC Worker Start (ms): Min: 6777231.8, Avg: 6777238.6, Max: 6777246.3, Diff: 14.5]
      [Ext Root Scanning (ms): Min: 0.0, Avg: 0.7, Max: 2.9, Diff: 2.9, Sum: 5.7]
      [Update RS (ms): Min: 0.0, Avg: 3.9, Max: 23.8, Diff: 23.8, Sum: 31.5]
         [Processed Buffers: Min: 0, Avg: 5.9, Max: 33, Diff: 33, Sum: 47]
      [Scan RS (ms): Min: 0.0, Avg: 1.4, Max: 3.1, Diff: 3.1, Sum: 11.5]
      [Code Root Scanning (ms): Min: 0.0, Avg: 0.0, Max: 0.0, Diff: 0.0, Sum: 0.0]
      [Object Copy (ms): Min: 0.1, Avg: 8.6, Max: 18.2, Diff: 18.2, Sum: 68.7]
      [Termination (ms): Min: 3.4, Avg: 8.9, Max: 14.7, Diff: 11.3, Sum: 71.3]
         [Termination Attempts: Min: 1, Avg: 37.8, Max: 102, Diff: 101, Sum: 302]
      [GC Worker Other (ms): Min: 0.0, Avg: 0.0, Max: 0.0, Diff: 0.0, Sum: 0.2]
      [GC Worker Total (ms): Min: 16.3, Avg: 23.6, Max: 30.4, Diff: 14.1, Sum: 188.8]
      [GC Worker End (ms): Min: 6777262.1, Avg: 6777262.2, Max: 6777262.6, Diff: 0.6]
   [Code Root Fixup: 0.0 ms]
   [Code Root Purge: 0.0 ms]
   [Clear CT: 1.0 ms]
   [Other: 15.8 ms]
      [Choose CSet: 0.0 ms]
      [Ref Proc: 13.2 ms]
      [Ref Enq: 0.0 ms]
      [Redirty Cards: 1.5 ms]
      [Humongous Register: 0.4 ms]
      [Humongous Reclaim: 0.1 ms]
      [Free CSet: 0.1 ms]
   [Eden: 48128.0K(48128.0K)->0.0B(47104.0K) Survivors: 4096.0K->5120.0K Heap: 280.9M(1024.0M)->235.1M(1024.0M)]
 [Times: user=0.15 sys=0.02, real=0.05 secs] 
2022-11-23T17:34:33.656+0100: 6787.620: [GC pause (G1 Evacuation Pause) (young), 0.0727997 secs]
   [Parallel Time: 63.9 ms, GC Workers: 8]
      [GC Worker Start (ms): Min: 6787620.6, Avg: 6787646.4, Max: 6787656.4, Diff: 35.8]
      [Ext Root Scanning (ms): Min: 0.0, Avg: 0.4, Max: 3.3, Diff: 3.3, Sum: 3.4]
      [Update RS (ms): Min: 0.0, Avg: 1.0, Max: 8.3, Diff: 8.3, Sum: 8.3]
         [Processed Buffers: Min: 0, Avg: 5.6, Max: 45, Diff: 45, Sum: 45]
      [Scan RS (ms): Min: 0.0, Avg: 7.8, Max: 46.9, Diff: 46.9, Sum: 62.6]
      [Code Root Scanning (ms): Min: 0.0, Avg: 0.0, Max: 0.0, Diff: 0.0, Sum: 0.0]
      [Object Copy (ms): Min: 0.0, Avg: 2.6, Max: 13.8, Diff: 13.8, Sum: 20.6]
      [Termination (ms): Min: 0.0, Avg: 24.3, Max: 32.2, Diff: 32.2, Sum: 194.6]
         [Termination Attempts: Min: 1, Avg: 5.1, Max: 9, Diff: 8, Sum: 41]
      [GC Worker Other (ms): Min: 0.0, Avg: 0.0, Max: 0.0, Diff: 0.0, Sum: 0.1]
      [GC Worker Total (ms): Min: 25.9, Avg: 36.2, Max: 63.4, Diff: 37.5, Sum: 289.6]
      [GC Worker End (ms): Min: 6787682.3, Avg: 6787682.6, Max: 6787684.1, Diff: 1.7]
   [Code Root Fixup: 0.0 ms]
   [Code Root Purge: 0.0 ms]
   [Clear CT: 1.8 ms]
   [Other: 7.1 ms]
      [Choose CSet: 0.0 ms]
      [Ref Proc: 5.3 ms]
      [Ref Enq: 0.0 ms]
      [Redirty Cards: 1.0 ms]
      [Humongous Register: 0.1 ms]
      [Humongous Reclaim: 0.1 ms]
      [Free CSet: 0.1 ms]
   [Eden: 47104.0K(47104.0K)->0.0B(49152.0K) Survivors: 5120.0K->3072.0K Heap: 281.1M(1024.0M)->233.6M(1024.0M)]
 [Times: user=0.24 sys=0.02, real=0.07 secs] 
2022-11-23T17:34:44.551+0100: 6798.515: [GC pause (G1 Evacuation Pause) (young), 0.0247051 secs]
   [Parallel Time: 11.0 ms, GC Workers: 8]
      [GC Worker Start (ms): Min: 6798515.9, Avg: 6798518.4, Max: 6798525.0, Diff: 9.2]
      [Ext Root Scanning (ms): Min: 0.0, Avg: 0.7, Max: 1.5, Diff: 1.5, Sum: 5.9]
      [Update RS (ms): Min: 0.0, Avg: 1.0, Max: 2.0, Diff: 2.0, Sum: 8.3]
         [Processed Buffers: Min: 0, Avg: 5.8, Max: 17, Diff: 17, Sum: 46]
      [Scan RS (ms): Min: 0.0, Avg: 1.4, Max: 2.4, Diff: 2.3, Sum: 10.9]
      [Code Root Scanning (ms): Min: 0.0, Avg: 0.0, Max: 0.0, Diff: 0.0, Sum: 0.0]
      [Object Copy (ms): Min: 0.0, Avg: 3.0, Max: 4.3, Diff: 4.3, Sum: 23.9]
      [Termination (ms): Min: 0.0, Avg: 0.7, Max: 1.1, Diff: 1.1, Sum: 5.6]
         [Termination Attempts: Min: 1, Avg: 1.1, Max: 2, Diff: 1, Sum: 9]
      [GC Worker Other (ms): Min: 0.0, Avg: 0.0, Max: 0.0, Diff: 0.0, Sum: 0.1]
      [GC Worker Total (ms): Min: 0.0, Avg: 6.8, Max: 9.6, Diff: 9.5, Sum: 54.8]
      [GC Worker End (ms): Min: 6798525.1, Avg: 6798525.3, Max: 6798525.8, Diff: 0.7]
   [Code Root Fixup: 0.0 ms]
   [Code Root Purge: 0.0 ms]
   [Clear CT: 0.9 ms]
   [Other: 12.8 ms]
      [Choose CSet: 0.0 ms]
      [Ref Proc: 10.9 ms]
      [Ref Enq: 0.0 ms]
      [Redirty Cards: 1.3 ms]
      [Humongous Register: 0.1 ms]
      [Humongous Reclaim: 0.0 ms]
      [Free CSet: 0.1 ms]
   [Eden: 49152.0K(49152.0K)->0.0B(48128.0K) Survivors: 3072.0K->4096.0K Heap: 281.6M(1024.0M)->234.2M(1024.0M)]
 [Times: user=0.08 sys=0.02, real=0.03 secs] 
2022-11-23T17:34:51.881+0100: 6805.845: [GC pause (G1 Evacuation Pause) (young), 0.0450091 secs]
   [Parallel Time: 40.2 ms, GC Workers: 8]
      [GC Worker Start (ms): Min: 6805846.0, Avg: 6805869.5, Max: 6805879.8, Diff: 33.8]
      [Ext Root Scanning (ms): Min: 0.0, Avg: 0.5, Max: 3.5, Diff: 3.5, Sum: 3.6]
      [Update RS (ms): Min: 0.0, Avg: 1.9, Max: 11.9, Diff: 11.9, Sum: 15.4]
         [Processed Buffers: Min: 0, Avg: 5.2, Max: 34, Diff: 34, Sum: 42]
      [Scan RS (ms): Min: 0.0, Avg: 1.1, Max: 5.7, Diff: 5.7, Sum: 8.5]
      [Code Root Scanning (ms): Min: 0.0, Avg: 0.0, Max: 0.0, Diff: 0.0, Sum: 0.0]
      [Object Copy (ms): Min: 0.0, Avg: 6.1, Max: 14.7, Diff: 14.7, Sum: 48.6]
      [Termination (ms): Min: 0.0, Avg: 0.9, Max: 2.2, Diff: 2.2, Sum: 7.3]
         [Termination Attempts: Min: 1, Avg: 3.6, Max: 9, Diff: 8, Sum: 29]
      [GC Worker Other (ms): Min: 0.0, Avg: 0.0, Max: 0.0, Diff: 0.0, Sum: 0.1]
      [GC Worker Total (ms): Min: 0.0, Avg: 10.4, Max: 33.8, Diff: 33.8, Sum: 83.6]
      [GC Worker End (ms): Min: 6805879.8, Avg: 6805880.0, Max: 6805880.9, Diff: 1.1]
   [Code Root Fixup: 0.0 ms]
   [Code Root Purge: 0.0 ms]
   [Clear CT: 0.7 ms]
   [Other: 4.1 ms]
      [Choose CSet: 0.0 ms]
      [Ref Proc: 1.7 ms]
      [Ref Enq: 0.0 ms]
      [Redirty Cards: 1.7 ms]
      [Humongous Register: 0.1 ms]
      [Humongous Reclaim: 0.1 ms]
      [Free CSet: 0.1 ms]
   [Eden: 48128.0K(48128.0K)->0.0B(48128.0K) Survivors: 4096.0K->4096.0K Heap: 281.2M(1024.0M)->235.0M(1024.0M)]
 [Times: user=0.06 sys=0.01, real=0.05 secs] 
2022-11-23T17:35:01.379+0100: 6815.344: [GC pause (G1 Evacuation Pause) (young), 0.0572868 secs]
   [Parallel Time: 48.6 ms, GC Workers: 8]
      [GC Worker Start (ms): Min: 6815344.3, Avg: 6815353.5, Max: 6815361.9, Diff: 17.6]
      [Ext Root Scanning (ms): Min: 0.0, Avg: 0.5, Max: 1.9, Diff: 1.9, Sum: 3.9]
      [Update RS (ms): Min: 0.0, Avg: 6.3, Max: 45.9, Diff: 45.9, Sum: 50.5]
         [Processed Buffers: Min: 0, Avg: 5.6, Max: 38, Diff: 38, Sum: 45]
      [Scan RS (ms): Min: 0.0, Avg: 0.7, Max: 4.9, Diff: 4.8, Sum: 5.8]
      [Code Root Scanning (ms): Min: 0.0, Avg: 0.0, Max: 0.0, Diff: 0.0, Sum: 0.0]
      [Object Copy (ms): Min: 0.0, Avg: 4.5, Max: 6.0, Diff: 6.0, Sum: 35.8]
      [Termination (ms): Min: 0.0, Avg: 26.7, Max: 30.6, Diff: 30.6, Sum: 213.8]
         [Termination Attempts: Min: 1, Avg: 10.5, Max: 22, Diff: 21, Sum: 84]
      [GC Worker Other (ms): Min: 0.0, Avg: 0.0, Max: 0.0, Diff: 0.0, Sum: 0.1]
      [GC Worker Total (ms): Min: 30.4, Avg: 38.7, Max: 48.0, Diff: 17.6, Sum: 309.9]
      [GC Worker End (ms): Min: 6815392.3, Avg: 6815392.3, Max: 6815392.3, Diff: 0.0]
   [Code Root Fixup: 0.0 ms]
   [Code Root Purge: 0.0 ms]
   [Clear CT: 1.7 ms]
   [Other: 7.0 ms]
      [Choose CSet: 0.0 ms]
      [Ref Proc: 4.9 ms]
      [Ref Enq: 0.0 ms]
      [Redirty Cards: 1.3 ms]
      [Humongous Register: 0.3 ms]
      [Humongous Reclaim: 0.0 ms]
      [Free CSet: 0.1 ms]
   [Eden: 48128.0K(48128.0K)->0.0B(47104.0K) Survivors: 4096.0K->5120.0K Heap: 282.0M(1024.0M)->236.2M(1024.0M)]
 [Times: user=0.29 sys=0.00, real=0.06 secs] 
2022-11-23T17:35:10.923+0100: 6824.888: [GC pause (G1 Evacuation Pause) (young), 0.1080638 secs]
   [Parallel Time: 64.1 ms, GC Workers: 8]
      [GC Worker Start (ms): Min: 6824888.3, Avg: 6824902.3, Max: 6824912.3, Diff: 24.0]
      [Ext Root Scanning (ms): Min: 0.0, Avg: 0.5, Max: 2.7, Diff: 2.7, Sum: 4.2]
      [Update RS (ms): Min: 0.0, Avg: 8.4, Max: 58.9, Diff: 58.9, Sum: 66.9]
         [Processed Buffers: Min: 0, Avg: 5.8, Max: 22, Diff: 22, Sum: 46]
      [Scan RS (ms): Min: 0.1, Avg: 8.0, Max: 55.6, Diff: 55.5, Sum: 64.1]
      [Code Root Scanning (ms): Min: 0.0, Avg: 0.0, Max: 0.0, Diff: 0.0, Sum: 0.1]
      [Object Copy (ms): Min: 0.0, Avg: 2.7, Max: 10.6, Diff: 10.6, Sum: 21.3]
      [Termination (ms): Min: 0.0, Avg: 30.0, Max: 40.1, Diff: 40.1, Sum: 240.4]
         [Termination Attempts: Min: 1, Avg: 6.5, Max: 20, Diff: 19, Sum: 52]
      [GC Worker Other (ms): Min: 0.0, Avg: 0.0, Max: 0.0, Diff: 0.0, Sum: 0.1]
      [GC Worker Total (ms): Min: 39.7, Avg: 49.6, Max: 63.6, Diff: 24.0, Sum: 397.0]
      [GC Worker End (ms): Min: 6824951.9, Avg: 6824952.0, Max: 6824952.3, Diff: 0.5]
   [Code Root Fixup: 0.0 ms]
   [Code Root Purge: 0.0 ms]
   [Clear CT: 13.9 ms]
   [Other: 30.0 ms]
      [Choose CSet: 0.0 ms]
      [Ref Proc: 20.0 ms]
      [Ref Enq: 0.0 ms]
      [Redirty Cards: 9.4 ms]
      [Humongous Register: 0.1 ms]
      [Humongous Reclaim: 0.1 ms]
      [Free CSet: 0.1 ms]
   [Eden: 47104.0K(47104.0K)->0.0B(49152.0K) Survivors: 5120.0K->3072.0K Heap: 282.2M(1024.0M)->234.6M(1024.0M)]
 [Times: user=0.29 sys=0.09, real=0.11 secs] 
2022-11-23T17:35:20.788+0100: 6834.753: [GC pause (G1 Evacuation Pause) (young), 0.0326396 secs]
   [Parallel Time: 28.2 ms, GC Workers: 8]
      [GC Worker Start (ms): Min: 6834754.8, Avg: 6834762.5, Max: 6834771.7, Diff: 16.8]
      [Ext Root Scanning (ms): Min: 0.0, Avg: 0.8, Max: 2.6, Diff: 2.6, Sum: 6.6]
      [Update RS (ms): Min: 0.0, Avg: 1.0, Max: 3.1, Diff: 3.1, Sum: 8.3]
         [Processed Buffers: Min: 0, Avg: 4.6, Max: 22, Diff: 22, Sum: 37]
      [Scan RS (ms): Min: 0.0, Avg: 2.2, Max: 6.3, Diff: 6.3, Sum: 17.4]
      [Code Root Scanning (ms): Min: 0.0, Avg: 0.0, Max: 0.0, Diff: 0.0, Sum: 0.0]
      [Object Copy (ms): Min: 0.0, Avg: 4.9, Max: 7.3, Diff: 7.3, Sum: 39.2]
      [Termination (ms): Min: 0.0, Avg: 1.4, Max: 9.6, Diff: 9.6, Sum: 11.5]
         [Termination Attempts: Min: 1, Avg: 1.5, Max: 3, Diff: 2, Sum: 12]
      [GC Worker Other (ms): Min: 0.0, Avg: 0.0, Max: 0.0, Diff: 0.0, Sum: 0.1]
      [GC Worker Total (ms): Min: 0.0, Avg: 10.4, Max: 17.6, Diff: 17.6, Sum: 83.2]
      [GC Worker End (ms): Min: 6834771.7, Avg: 6834772.9, Max: 6834781.0, Diff: 9.3]
   [Code Root Fixup: 0.0 ms]
   [Code Root Purge: 0.0 ms]
   [Clear CT: 1.1 ms]
   [Other: 3.4 ms]
      [Choose CSet: 0.0 ms]
      [Ref Proc: 1.2 ms]
      [Ref Enq: 0.0 ms]
      [Redirty Cards: 1.0 ms]
      [Humongous Register: 0.4 ms]
      [Humongous Reclaim: 0.1 ms]
      [Free CSet: 0.1 ms]
   [Eden: 49152.0K(49152.0K)->0.0B(48128.0K) Survivors: 3072.0K->4096.0K Heap: 282.6M(1024.0M)->235.0M(1024.0M)]
 [Times: user=0.08 sys=0.00, real=0.04 secs] 
2022-11-23T17:35:30.177+0100: 6844.141: [GC pause (G1 Evacuation Pause) (young), 0.0687564 secs]
   [Parallel Time: 53.9 ms, GC Workers: 8]
      [GC Worker Start (ms): Min: 6844141.9, Avg: 6844151.2, Max: 6844165.4, Diff: 23.5]
      [Ext Root Scanning (ms): Min: 0.0, Avg: 0.8, Max: 2.5, Diff: 2.5, Sum: 6.5]
      [Update RS (ms): Min: 0.0, Avg: 10.6, Max: 41.5, Diff: 41.5, Sum: 85.0]
         [Processed Buffers: Min: 0, Avg: 5.9, Max: 26, Diff: 26, Sum: 47]
      [Scan RS (ms): Min: 0.0, Avg: 1.0, Max: 4.2, Diff: 4.2, Sum: 8.4]
      [Code Root Scanning (ms): Min: 0.0, Avg: 0.0, Max: 0.0, Diff: 0.0, Sum: 0.0]
      [Object Copy (ms): Min: 0.2, Avg: 20.3, Max: 42.8, Diff: 42.6, Sum: 162.1]
      [Termination (ms): Min: 0.0, Avg: 10.5, Max: 13.2, Diff: 13.2, Sum: 84.4]
         [Termination Attempts: Min: 1, Avg: 24.6, Max: 54, Diff: 53, Sum: 197]
      [GC Worker Other (ms): Min: 0.0, Avg: 0.0, Max: 0.0, Diff: 0.0, Sum: 0.2]
      [GC Worker Total (ms): Min: 29.1, Avg: 43.3, Max: 52.5, Diff: 23.4, Sum: 346.5]
      [GC Worker End (ms): Min: 6844194.3, Avg: 6844194.5, Max: 6844195.2, Diff: 0.9]
   [Code Root Fixup: 0.0 ms]
   [Code Root Purge: 0.0 ms]
   [Clear CT: 2.1 ms]
   [Other: 12.7 ms]
      [Choose CSet: 0.0 ms]
      [Ref Proc: 10.6 ms]
      [Ref Enq: 0.0 ms]
      [Redirty Cards: 1.3 ms]
      [Humongous Register: 0.1 ms]
      [Humongous Reclaim: 0.0 ms]
      [Free CSet: 0.1 ms]
   [Eden: 48128.0K(48128.0K)->0.0B(48128.0K) Survivors: 4096.0K->4096.0K Heap: 282.0M(1024.0M)->235.7M(1024.0M)]
 [Times: user=0.25 sys=0.04, real=0.07 secs] 
2022-11-23T17:35:39.398+0100: 6853.363: [GC pause (G1 Evacuation Pause) (young), 0.1129669 secs]
   [Parallel Time: 103.8 ms, GC Workers: 8]
      [GC Worker Start (ms): Min: 6853362.9, Avg: 6853364.3, Max: 6853373.3, Diff: 10.5]
      [Ext Root Scanning (ms): Min: 0.0, Avg: 0.5, Max: 1.2, Diff: 1.2, Sum: 4.4]
      [Update RS (ms): Min: 0.0, Avg: 13.7, Max: 102.2, Diff: 102.2, Sum: 109.5]
         [Processed Buffers: Min: 0, Avg: 5.2, Max: 23, Diff: 23, Sum: 42]
      [Scan RS (ms): Min: 0.0, Avg: 6.1, Max: 42.5, Diff: 42.5, Sum: 48.9]
      [Code Root Scanning (ms): Min: 0.0, Avg: 0.0, Max: 0.0, Diff: 0.0, Sum: 0.0]
      [Object Copy (ms): Min: 0.1, Avg: 13.6, Max: 45.9, Diff: 45.8, Sum: 108.6]
      [Termination (ms): Min: 0.2, Avg: 67.8, Max: 92.5, Diff: 92.3, Sum: 542.3]
         [Termination Attempts: Min: 1, Avg: 15.2, Max: 40, Diff: 39, Sum: 122]
      [GC Worker Other (ms): Min: 0.0, Avg: 0.0, Max: 0.0, Diff: 0.0, Sum: 0.1]
      [GC Worker Total (ms): Min: 92.7, Avg: 101.7, Max: 103.2, Diff: 10.5, Sum: 813.7]
      [GC Worker End (ms): Min: 6853466.0, Avg: 6853466.1, Max: 6853466.1, Diff: 0.0]
   [Code Root Fixup: 0.0 ms]
   [Code Root Purge: 0.0 ms]
   [Clear CT: 1.2 ms]
   [Other: 7.9 ms]
      [Choose CSet: 0.0 ms]
      [Ref Proc: 5.9 ms]
      [Ref Enq: 0.0 ms]
      [Redirty Cards: 1.4 ms]
      [Humongous Register: 0.0 ms]
      [Humongous Reclaim: 0.1 ms]
      [Free CSet: 0.1 ms]
   [Eden: 48128.0K(48128.0K)->0.0B(48128.0K) Survivors: 4096.0K->4096.0K Heap: 282.7M(1024.0M)->235.5M(1024.0M)]
 [Times: user=0.64 sys=0.00, real=0.12 secs] 
2022-11-23T17:35:49.143+0100: 6863.107: [GC pause (G1 Evacuation Pause) (young), 0.0340155 secs]
   [Parallel Time: 18.4 ms, GC Workers: 8]
      [GC Worker Start (ms): Min: 6863107.5, Avg: 6863113.4, Max: 6863121.7, Diff: 14.2]
      [Ext Root Scanning (ms): Min: 0.0, Avg: 0.5, Max: 1.5, Diff: 1.5, Sum: 3.9]
      [Update RS (ms): Min: 0.0, Avg: 1.0, Max: 3.2, Diff: 3.2, Sum: 7.7]
         [Processed Buffers: Min: 0, Avg: 5.2, Max: 31, Diff: 31, Sum: 42]
      [Scan RS (ms): Min: 0.0, Avg: 1.1, Max: 3.3, Diff: 3.3, Sum: 9.0]
      [Code Root Scanning (ms): Min: 0.0, Avg: 0.0, Max: 0.0, Diff: 0.0, Sum: 0.0]
      [Object Copy (ms): Min: 0.0, Avg: 6.0, Max: 10.7, Diff: 10.7, Sum: 48.3]
      [Termination (ms): Min: 0.0, Avg: 3.3, Max: 3.9, Diff: 3.9, Sum: 26.7]
         [Termination Attempts: Min: 1, Avg: 1.2, Max: 2, Diff: 1, Sum: 10]
      [GC Worker Other (ms): Min: 0.0, Avg: 0.0, Max: 0.0, Diff: 0.0, Sum: 0.1]
      [GC Worker Total (ms): Min: 3.6, Avg: 12.0, Max: 17.9, Diff: 14.2, Sum: 95.7]
      [GC Worker End (ms): Min: 6863125.3, Avg: 6863125.3, Max: 6863125.4, Diff: 0.1]
   [Code Root Fixup: 0.0 ms]
   [Code Root Purge: 0.0 ms]
   [Clear CT: 1.0 ms]
   [Other: 14.6 ms]
      [Choose CSet: 0.0 ms]
      [Ref Proc: 13.0 ms]
      [Ref Enq: 0.0 ms]
      [Redirty Cards: 0.9 ms]
      [Humongous Register: 0.1 ms]
      [Humongous Reclaim: 0.1 ms]
      [Free CSet: 0.2 ms]
   [Eden: 48128.0K(48128.0K)->0.0B(48128.0K) Survivors: 4096.0K->4096.0K Heap: 282.5M(1024.0M)->235.8M(1024.0M)]
 [Times: user=0.11 sys=0.00, real=0.03 secs] 
2022-11-23T17:35:56.913+0100: 6870.878: [GC pause (G1 Evacuation Pause) (young), 0.0616601 secs]
   [Parallel Time: 56.0 ms, GC Workers: 8]
      [GC Worker Start (ms): Min: 6870878.4, Avg: 6870900.0, Max: 6870913.4, Diff: 35.0]
      [Ext Root Scanning (ms): Min: 0.0, Avg: 0.5, Max: 3.5, Diff: 3.5, Sum: 3.7]
      [Update RS (ms): Min: 0.0, Avg: 6.9, Max: 51.5, Diff: 51.5, Sum: 55.4]
         [Processed Buffers: Min: 0, Avg: 5.0, Max: 34, Diff: 34, Sum: 40]
      [Scan RS (ms): Min: 0.0, Avg: 7.7, Max: 34.7, Diff: 34.7, Sum: 61.6]
      [Code Root Scanning (ms): Min: 0.0, Avg: 0.0, Max: 0.0, Diff: 0.0, Sum: 0.0]
      [Object Copy (ms): Min: 0.0, Avg: 2.9, Max: 14.6, Diff: 14.5, Sum: 22.9]
      [Termination (ms): Min: 0.0, Avg: 15.7, Max: 20.7, Diff: 20.7, Sum: 125.9]
         [Termination Attempts: Min: 1, Avg: 8.1, Max: 15, Diff: 14, Sum: 65]
      [GC Worker Other (ms): Min: 0.0, Avg: 0.0, Max: 0.0, Diff: 0.0, Sum: 0.1]
      [GC Worker Total (ms): Min: 20.3, Avg: 33.7, Max: 55.3, Diff: 35.0, Sum: 269.6]
      [GC Worker End (ms): Min: 6870933.7, Avg: 6870933.7, Max: 6870933.8, Diff: 0.1]
   [Code Root Fixup: 0.0 ms]
   [Code Root Purge: 0.0 ms]
   [Clear CT: 1.1 ms]
   [Other: 4.6 ms]
      [Choose CSet: 0.0 ms]
      [Ref Proc: 2.9 ms]
      [Ref Enq: 0.0 ms]
      [Redirty Cards: 1.1 ms]
      [Humongous Register: 0.1 ms]
      [Humongous Reclaim: 0.0 ms]
      [Free CSet: 0.1 ms]
   [Eden: 48128.0K(48128.0K)->0.0B(48128.0K) Survivors: 4096.0K->4096.0K Heap: 282.8M(1024.0M)->236.6M(1024.0M)]
 [Times: user=0.16 sys=0.05, real=0.06 secs] 
2022-11-23T17:36:06.234+0100: 6880.199: [GC pause (G1 Evacuation Pause) (young), 0.0922531 secs]
   [Parallel Time: 68.2 ms, GC Workers: 8]
      [GC Worker Start (ms): Min: 6880199.1, Avg: 6880200.9, Max: 6880205.5, Diff: 6.3]
      [Ext Root Scanning (ms): Min: 0.0, Avg: 2.5, Max: 16.1, Diff: 16.1, Sum: 19.9]
      [Update RS (ms): Min: 0.0, Avg: 13.9, Max: 65.3, Diff: 65.3, Sum: 111.6]
         [Processed Buffers: Min: 0, Avg: 5.6, Max: 19, Diff: 19, Sum: 45]
      [Scan RS (ms): Min: 0.0, Avg: 3.3, Max: 14.2, Diff: 14.2, Sum: 26.2]
      [Code Root Scanning (ms): Min: 0.0, Avg: 0.0, Max: 0.0, Diff: 0.0, Sum: 0.0]
      [Object Copy (ms): Min: 0.0, Avg: 13.4, Max: 35.4, Diff: 35.4, Sum: 107.2]
      [Termination (ms): Min: 0.0, Avg: 32.2, Max: 50.1, Diff: 50.1, Sum: 257.9]
         [Termination Attempts: Min: 1, Avg: 4.2, Max: 10, Diff: 9, Sum: 34]
      [GC Worker Other (ms): Min: 0.0, Avg: 0.0, Max: 0.0, Diff: 0.0, Sum: 0.2]
      [GC Worker Total (ms): Min: 60.3, Avg: 65.4, Max: 67.9, Diff: 7.6, Sum: 523.0]
      [GC Worker End (ms): Min: 6880265.5, Avg: 6880266.2, Max: 6880267.0, Diff: 1.5]
   [Code Root Fixup: 0.0 ms]
   [Code Root Purge: 0.0 ms]
   [Clear CT: 1.1 ms]
   [Other: 22.9 ms]
      [Choose CSet: 0.0 ms]
      [Ref Proc: 21.5 ms]
      [Ref Enq: 0.0 ms]
      [Redirty Cards: 0.8 ms]
      [Humongous Register: 0.1 ms]
      [Humongous Reclaim: 0.0 ms]
      [Free CSet: 0.1 ms]
   [Eden: 48128.0K(48128.0K)->0.0B(48128.0K) Survivors: 4096.0K->4096.0K Heap: 283.6M(1024.0M)->235.9M(1024.0M)]
 [Times: user=0.33 sys=0.02, real=0.09 secs] 
2022-11-23T17:36:16.345+0100: 6890.309: [GC pause (G1 Evacuation Pause) (young), 0.0167791 secs]
   [Parallel Time: 11.8 ms, GC Workers: 8]
      [GC Worker Start (ms): Min: 6890309.8, Avg: 6890315.7, Max: 6890320.9, Diff: 11.1]
      [Ext Root Scanning (ms): Min: 0.0, Avg: 0.5, Max: 1.7, Diff: 1.7, Sum: 3.8]
      [Update RS (ms): Min: 0.0, Avg: 1.0, Max: 2.5, Diff: 2.5, Sum: 7.9]
         [Processed Buffers: Min: 0, Avg: 5.6, Max: 24, Diff: 24, Sum: 45]
      [Scan RS (ms): Min: 0.0, Avg: 1.3, Max: 2.8, Diff: 2.8, Sum: 10.5]
      [Code Root Scanning (ms): Min: 0.0, Avg: 0.0, Max: 0.0, Diff: 0.0, Sum: 0.0]
      [Object Copy (ms): Min: 0.0, Avg: 2.2, Max: 4.6, Diff: 4.6, Sum: 17.6]
      [Termination (ms): Min: 0.0, Avg: 0.3, Max: 0.5, Diff: 0.5, Sum: 2.1]
         [Termination Attempts: Min: 1, Avg: 2.8, Max: 6, Diff: 5, Sum: 22]
      [GC Worker Other (ms): Min: 0.0, Avg: 0.0, Max: 0.0, Diff: 0.0, Sum: 0.1]
      [GC Worker Total (ms): Min: 0.0, Avg: 5.2, Max: 11.2, Diff: 11.2, Sum: 42.0]
      [GC Worker End (ms): Min: 6890320.9, Avg: 6890321.0, Max: 6890321.0, Diff: 0.1]
   [Code Root Fixup: 0.0 ms]
   [Code Root Purge: 0.0 ms]
   [Clear CT: 0.9 ms]
   [Other: 4.1 ms]
      [Choose CSet: 0.0 ms]
      [Ref Proc: 2.2 ms]
      [Ref Enq: 0.0 ms]
      [Redirty Cards: 1.3 ms]
      [Humongous Register: 0.1 ms]
      [Humongous Reclaim: 0.0 ms]
      [Free CSet: 0.1 ms]
   [Eden: 48128.0K(48128.0K)->0.0B(49152.0K) Survivors: 4096.0K->3072.0K Heap: 282.9M(1024.0M)->235.9M(1024.0M)]
 [Times: user=0.04 sys=0.01, real=0.02 secs] 
2022-11-23T17:36:25.049+0100: 6899.014: [GC pause (G1 Evacuation Pause) (young), 0.0429445 secs]
   [Parallel Time: 21.1 ms, GC Workers: 8]
      [GC Worker Start (ms): Min: 6899014.1, Avg: 6899025.5, Max: 6899034.3, Diff: 20.2]
      [Ext Root Scanning (ms): Min: 0.0, Avg: 0.6, Max: 1.7, Diff: 1.7, Sum: 5.0]
      [Update RS (ms): Min: 0.0, Avg: 1.0, Max: 2.9, Diff: 2.9, Sum: 8.3]
         [Processed Buffers: Min: 0, Avg: 4.6, Max: 28, Diff: 28, Sum: 37]
      [Scan RS (ms): Min: 0.0, Avg: 1.8, Max: 4.8, Diff: 4.8, Sum: 14.4]
      [Code Root Scanning (ms): Min: 0.0, Avg: 0.0, Max: 0.0, Diff: 0.0, Sum: 0.0]
      [Object Copy (ms): Min: 0.0, Avg: 4.8, Max: 10.4, Diff: 10.3, Sum: 38.7]
      [Termination (ms): Min: 0.0, Avg: 0.5, Max: 0.8, Diff: 0.8, Sum: 4.0]
         [Termination Attempts: Min: 1, Avg: 2.8, Max: 7, Diff: 6, Sum: 22]
      [GC Worker Other (ms): Min: 0.0, Avg: 0.0, Max: 0.0, Diff: 0.0, Sum: 0.1]
      [GC Worker Total (ms): Min: 0.0, Avg: 8.8, Max: 20.2, Diff: 20.2, Sum: 70.4]
      [GC Worker End (ms): Min: 6899034.3, Avg: 6899034.3, Max: 6899034.4, Diff: 0.1]
   [Code Root Fixup: 0.0 ms]
   [Code Root Purge: 0.0 ms]
   [Clear CT: 1.1 ms]
   [Other: 20.7 ms]
      [Choose CSet: 0.0 ms]
      [Ref Proc: 12.8 ms]
      [Ref Enq: 0.0 ms]
      [Redirty Cards: 6.9 ms]
      [Humongous Register: 0.1 ms]
      [Humongous Reclaim: 0.1 ms]
      [Free CSet: 0.2 ms]
   [Eden: 49152.0K(49152.0K)->0.0B(49152.0K) Survivors: 3072.0K->3072.0K Heap: 283.9M(1024.0M)->235.8M(1024.0M)]
 [Times: user=0.11 sys=0.00, real=0.05 secs] 
2022-11-23T17:36:34.858+0100: 6908.823: [GC pause (G1 Evacuation Pause) (young), 0.0260480 secs]
   [Parallel Time: 12.8 ms, GC Workers: 8]
      [GC Worker Start (ms): Min: 6908823.3, Avg: 6908828.2, Max: 6908834.1, Diff: 10.8]
      [Ext Root Scanning (ms): Min: 0.0, Avg: 0.4, Max: 1.6, Diff: 1.6, Sum: 3.2]
      [Update RS (ms): Min: 0.0, Avg: 1.3, Max: 2.5, Diff: 2.5, Sum: 10.4]
         [Processed Buffers: Min: 0, Avg: 5.6, Max: 24, Diff: 24, Sum: 45]
      [Scan RS (ms): Min: 0.0, Avg: 1.5, Max: 3.1, Diff: 3.1, Sum: 12.0]
      [Code Root Scanning (ms): Min: 0.0, Avg: 0.0, Max: 0.0, Diff: 0.0, Sum: 0.0]
      [Object Copy (ms): Min: 0.0, Avg: 2.4, Max: 4.1, Diff: 4.1, Sum: 19.2]
      [Termination (ms): Min: 0.0, Avg: 0.5, Max: 2.1, Diff: 2.1, Sum: 4.0]
         [Termination Attempts: Min: 1, Avg: 1.1, Max: 2, Diff: 1, Sum: 9]
      [GC Worker Other (ms): Min: 0.0, Avg: 0.0, Max: 0.0, Diff: 0.0, Sum: 0.1]
      [GC Worker Total (ms): Min: 0.0, Avg: 6.1, Max: 10.8, Diff: 10.8, Sum: 49.0]
      [GC Worker End (ms): Min: 6908834.1, Avg: 6908834.3, Max: 6908835.8, Diff: 1.7]
   [Code Root Fixup: 0.0 ms]
   [Code Root Purge: 0.0 ms]
   [Clear CT: 1.2 ms]
   [Other: 12.0 ms]
      [Choose CSet: 0.0 ms]
      [Ref Proc: 10.8 ms]
      [Ref Enq: 0.0 ms]
      [Redirty Cards: 0.4 ms]
      [Humongous Register: 0.2 ms]
      [Humongous Reclaim: 0.1 ms]
      [Free CSet: 0.1 ms]
   [Eden: 49152.0K(49152.0K)->0.0B(49152.0K) Survivors: 3072.0K->3072.0K Heap: 283.8M(1024.0M)->236.3M(1024.0M)]
 [Times: user=0.08 sys=0.00, real=0.03 secs] 
2022-11-23T17:36:44.195+0100: 6918.159: [GC pause (G1 Evacuation Pause) (young), 0.0915414 secs]
   [Parallel Time: 54.2 ms, GC Workers: 8]
      [GC Worker Start (ms): Min: 6918159.8, Avg: 6918160.0, Max: 6918160.2, Diff: 0.5]
      [Ext Root Scanning (ms): Min: 2.8, Avg: 16.7, Max: 29.7, Diff: 27.0, Sum: 133.9]
      [Update RS (ms): Min: 0.0, Avg: 1.2, Max: 3.4, Diff: 3.4, Sum: 10.0]
         [Processed Buffers: Min: 0, Avg: 6.2, Max: 36, Diff: 36, Sum: 50]
      [Scan RS (ms): Min: 0.0, Avg: 3.7, Max: 11.1, Diff: 11.1, Sum: 29.3]
      [Code Root Scanning (ms): Min: 0.0, Avg: 0.0, Max: 0.0, Diff: 0.0, Sum: 0.0]
      [Object Copy (ms): Min: 0.0, Avg: 10.8, Max: 31.7, Diff: 31.7, Sum: 86.2]
      [Termination (ms): Min: 0.0, Avg: 14.9, Max: 24.4, Diff: 24.4, Sum: 119.3]
         [Termination Attempts: Min: 1, Avg: 4.4, Max: 13, Diff: 12, Sum: 35]
      [GC Worker Other (ms): Min: 0.0, Avg: 0.0, Max: 0.0, Diff: 0.0, Sum: 0.2]
      [GC Worker Total (ms): Min: 46.3, Avg: 47.4, Max: 52.5, Diff: 6.2, Sum: 378.8]
      [GC Worker End (ms): Min: 6918206.5, Avg: 6918207.4, Max: 6918212.5, Diff: 6.0]
   [Code Root Fixup: 0.0 ms]
   [Code Root Purge: 0.0 ms]
   [Clear CT: 3.1 ms]
   [Other: 34.2 ms]
      [Choose CSet: 0.0 ms]
      [Ref Proc: 30.2 ms]
      [Ref Enq: 0.0 ms]
      [Redirty Cards: 2.4 ms]
      [Humongous Register: 0.1 ms]
      [Humongous Reclaim: 0.1 ms]
      [Free CSet: 0.3 ms]
   [Eden: 49152.0K(49152.0K)->0.0B(48128.0K) Survivors: 3072.0K->4096.0K Heap: 284.3M(1024.0M)->236.7M(1024.0M)]
 [Times: user=0.26 sys=0.00, real=0.09 secs] 
2022-11-23T17:36:52.792+0100: 6926.757: [GC pause (G1 Evacuation Pause) (young), 0.0187213 secs]
   [Parallel Time: 14.4 ms, GC Workers: 8]
      [GC Worker Start (ms): Min: 6926757.4, Avg: 6926763.5, Max: 6926765.7, Diff: 8.3]
      [Ext Root Scanning (ms): Min: 0.0, Avg: 0.5, Max: 1.8, Diff: 1.8, Sum: 3.7]
      [Update RS (ms): Min: 0.0, Avg: 0.9, Max: 3.7, Diff: 3.7, Sum: 7.3]
         [Processed Buffers: Min: 0, Avg: 5.6, Max: 37, Diff: 37, Sum: 45]
      [Scan RS (ms): Min: 0.3, Avg: 1.7, Max: 7.5, Diff: 7.2, Sum: 13.4]
      [Code Root Scanning (ms): Min: 0.0, Avg: 0.0, Max: 0.0, Diff: 0.0, Sum: 0.0]
      [Object Copy (ms): Min: 1.1, Avg: 4.8, Max: 5.4, Diff: 4.3, Sum: 38.1]
      [Termination (ms): Min: 0.0, Avg: 0.2, Max: 0.2, Diff: 0.2, Sum: 1.5]
         [Termination Attempts: Min: 1, Avg: 1.5, Max: 2, Diff: 1, Sum: 12]
      [GC Worker Other (ms): Min: 0.0, Avg: 0.0, Max: 0.1, Diff: 0.1, Sum: 0.2]
      [GC Worker Total (ms): Min: 5.8, Avg: 8.0, Max: 14.1, Diff: 8.3, Sum: 64.2]
      [GC Worker End (ms): Min: 6926771.5, Avg: 6926771.5, Max: 6926771.6, Diff: 0.1]
   [Code Root Fixup: 0.0 ms]
   [Code Root Purge: 0.0 ms]
   [Clear CT: 1.0 ms]
   [Other: 3.3 ms]
      [Choose CSet: 0.0 ms]
      [Ref Proc: 1.6 ms]
      [Ref Enq: 0.0 ms]
      [Redirty Cards: 0.8 ms]
      [Humongous Register: 0.2 ms]
      [Humongous Reclaim: 0.1 ms]
      [Free CSet: 0.1 ms]
   [Eden: 48128.0K(48128.0K)->0.0B(48128.0K) Survivors: 4096.0K->4096.0K Heap: 283.7M(1024.0M)->237.7M(1024.0M)]
 [Times: user=0.05 sys=0.01, real=0.02 secs] 
2022-11-23T17:37:02.290+0100: 6936.255: [GC pause (G1 Evacuation Pause) (young), 0.0410369 secs]
   [Parallel Time: 22.8 ms, GC Workers: 8]
      [GC Worker Start (ms): Min: 6936255.4, Avg: 6936266.3, Max: 6936273.4, Diff: 18.0]
      [Ext Root Scanning (ms): Min: 0.0, Avg: 0.3, Max: 2.6, Diff: 2.6, Sum: 2.7]
      [Update RS (ms): Min: 0.0, Avg: 3.3, Max: 19.4, Diff: 19.4, Sum: 26.2]
         [Processed Buffers: Min: 0, Avg: 4.9, Max: 17, Diff: 17, Sum: 39]
      [Scan RS (ms): Min: 0.0, Avg: 1.2, Max: 2.6, Diff: 2.6, Sum: 9.2]
      [Code Root Scanning (ms): Min: 0.0, Avg: 0.0, Max: 0.0, Diff: 0.0, Sum: 0.0]
      [Object Copy (ms): Min: 0.0, Avg: 2.8, Max: 5.6, Diff: 5.6, Sum: 22.2]
      [Termination (ms): Min: 0.0, Avg: 3.8, Max: 4.7, Diff: 4.7, Sum: 30.4]
         [Termination Attempts: Min: 1, Avg: 15.1, Max: 36, Diff: 35, Sum: 121]
      [GC Worker Other (ms): Min: 0.0, Avg: 0.0, Max: 0.0, Diff: 0.0, Sum: 0.1]
      [GC Worker Total (ms): Min: 4.2, Avg: 11.4, Max: 22.2, Diff: 18.0, Sum: 90.8]
      [GC Worker End (ms): Min: 6936277.6, Avg: 6936277.6, Max: 6936277.7, Diff: 0.1]
   [Code Root Fixup: 0.0 ms]
   [Code Root Purge: 0.0 ms]
   [Clear CT: 1.1 ms]
   [Other: 17.1 ms]
      [Choose CSet: 0.0 ms]
      [Ref Proc: 15.7 ms]
      [Ref Enq: 0.0 ms]
      [Redirty Cards: 0.9 ms]
      [Humongous Register: 0.0 ms]
      [Humongous Reclaim: 0.0 ms]
      [Free CSet: 0.1 ms]
   [Eden: 48128.0K(48128.0K)->0.0B(49152.0K) Survivors: 4096.0K->3072.0K Heap: 284.7M(1024.0M)->236.8M(1024.0M)]
 [Times: user=0.11 sys=0.00, real=0.05 secs] 
2022-11-23T17:37:11.394+0100: 6945.359: [GC pause (G1 Evacuation Pause) (young), 0.0965322 secs]
   [Parallel Time: 78.1 ms, GC Workers: 8]
      [GC Worker Start (ms): Min: 6945359.3, Avg: 6945364.3, Max: 6945372.3, Diff: 13.0]
      [Ext Root Scanning (ms): Min: 0.0, Avg: 0.5, Max: 1.2, Diff: 1.2, Sum: 3.7]
      [Update RS (ms): Min: 0.0, Avg: 1.6, Max: 4.3, Diff: 4.3, Sum: 13.1]
         [Processed Buffers: Min: 0, Avg: 4.4, Max: 15, Diff: 15, Sum: 35]
      [Scan RS (ms): Min: 0.1, Avg: 10.2, Max: 73.8, Diff: 73.7, Sum: 81.7]
      [Code Root Scanning (ms): Min: 0.0, Avg: 0.0, Max: 0.0, Diff: 0.0, Sum: 0.0]
      [Object Copy (ms): Min: 0.0, Avg: 4.0, Max: 10.7, Diff: 10.7, Sum: 32.3]
      [Termination (ms): Min: 0.0, Avg: 55.7, Max: 65.0, Diff: 65.0, Sum: 446.0]
         [Termination Attempts: Min: 1, Avg: 4.6, Max: 9, Diff: 8, Sum: 37]
      [GC Worker Other (ms): Min: 0.0, Avg: 0.0, Max: 0.0, Diff: 0.0, Sum: 0.1]
      [GC Worker Total (ms): Min: 63.9, Avg: 72.1, Max: 77.5, Diff: 13.6, Sum: 576.9]
      [GC Worker End (ms): Min: 6945436.2, Avg: 6945436.4, Max: 6945436.9, Diff: 0.7]
   [Code Root Fixup: 0.0 ms]
   [Code Root Purge: 0.0 ms]
   [Clear CT: 4.1 ms]
   [Other: 14.4 ms]
      [Choose CSet: 0.0 ms]
      [Ref Proc: 12.6 ms]
      [Ref Enq: 0.0 ms]
      [Redirty Cards: 1.1 ms]
      [Humongous Register: 0.1 ms]
      [Humongous Reclaim: 0.1 ms]
      [Free CSet: 0.1 ms]
   [Eden: 49152.0K(49152.0K)->0.0B(48128.0K) Survivors: 3072.0K->4096.0K Heap: 284.8M(1024.0M)->237.7M(1024.0M)]
 [Times: user=0.49 sys=0.00, real=0.10 secs] 
2022-11-23T17:37:19.721+0100: 6953.686: [GC pause (G1 Evacuation Pause) (young), 0.0244589 secs]
   [Parallel Time: 15.8 ms, GC Workers: 8]
      [GC Worker Start (ms): Min: 6953686.3, Avg: 6953692.1, Max: 6953695.6, Diff: 9.3]
      [Ext Root Scanning (ms): Min: 0.0, Avg: 0.5, Max: 1.4, Diff: 1.4, Sum: 4.0]
      [Update RS (ms): Min: 0.0, Avg: 1.5, Max: 4.0, Diff: 4.0, Sum: 11.9]
         [Processed Buffers: Min: 0, Avg: 5.4, Max: 21, Diff: 21, Sum: 43]
      [Scan RS (ms): Min: 0.0, Avg: 0.7, Max: 2.0, Diff: 2.0, Sum: 5.6]
      [Code Root Scanning (ms): Min: 0.0, Avg: 0.0, Max: 0.0, Diff: 0.0, Sum: 0.0]
      [Object Copy (ms): Min: 3.9, Avg: 5.1, Max: 7.6, Diff: 3.7, Sum: 41.0]
      [Termination (ms): Min: 0.0, Avg: 1.3, Max: 1.9, Diff: 1.9, Sum: 10.2]
         [Termination Attempts: Min: 1, Avg: 1.0, Max: 1, Diff: 0, Sum: 8]
      [GC Worker Other (ms): Min: 0.0, Avg: 0.0, Max: 0.0, Diff: 0.0, Sum: 0.1]
      [GC Worker Total (ms): Min: 5.5, Avg: 9.1, Max: 14.8, Diff: 9.3, Sum: 72.8]
      [GC Worker End (ms): Min: 6953701.1, Avg: 6953701.2, Max: 6953701.4, Diff: 0.3]
   [Code Root Fixup: 0.0 ms]
   [Code Root Purge: 0.0 ms]
   [Clear CT: 3.9 ms]
   [Other: 4.7 ms]
      [Choose CSet: 0.0 ms]
      [Ref Proc: 3.2 ms]
      [Ref Enq: 0.0 ms]
      [Redirty Cards: 0.9 ms]
      [Humongous Register: 0.1 ms]
      [Humongous Reclaim: 0.0 ms]
      [Free CSet: 0.1 ms]
   [Eden: 48128.0K(48128.0K)->0.0B(48128.0K) Survivors: 4096.0K->4096.0K Heap: 284.7M(1024.0M)->237.5M(1024.0M)]
 [Times: user=0.05 sys=0.03, real=0.02 secs] 
2022-11-23T17:37:28.851+0100: 6962.816: [GC pause (G1 Evacuation Pause) (young), 0.0334468 secs]
   [Parallel Time: 17.2 ms, GC Workers: 8]
      [GC Worker Start (ms): Min: 6962815.8, Avg: 6962824.5, Max: 6962832.7, Diff: 16.8]
      [Ext Root Scanning (ms): Min: 0.0, Avg: 0.5, Max: 1.5, Diff: 1.5, Sum: 4.3]
      [Update RS (ms): Min: 0.0, Avg: 1.7, Max: 5.4, Diff: 5.4, Sum: 13.8]
         [Processed Buffers: Min: 0, Avg: 5.5, Max: 21, Diff: 21, Sum: 44]
      [Scan RS (ms): Min: 0.0, Avg: 1.1, Max: 3.4, Diff: 3.4, Sum: 8.8]
      [Code Root Scanning (ms): Min: 0.0, Avg: 0.0, Max: 0.0, Diff: 0.0, Sum: 0.0]
      [Object Copy (ms): Min: 0.0, Avg: 4.6, Max: 7.7, Diff: 7.7, Sum: 36.4]
      [Termination (ms): Min: 0.0, Avg: 0.3, Max: 0.4, Diff: 0.4, Sum: 2.1]
         [Termination Attempts: Min: 1, Avg: 6.0, Max: 14, Diff: 13, Sum: 48]
      [GC Worker Other (ms): Min: 0.0, Avg: 0.0, Max: 0.0, Diff: 0.0, Sum: 0.1]
      [GC Worker Total (ms): Min: 0.0, Avg: 8.2, Max: 16.9, Diff: 16.9, Sum: 65.5]
      [GC Worker End (ms): Min: 6962832.7, Avg: 6962832.7, Max: 6962832.7, Diff: 0.0]
   [Code Root Fixup: 0.0 ms]
   [Code Root Purge: 0.0 ms]
   [Clear CT: 0.8 ms]
   [Other: 15.5 ms]
      [Choose CSet: 0.0 ms]
      [Ref Proc: 13.5 ms]
      [Ref Enq: 0.1 ms]
      [Redirty Cards: 1.3 ms]
      [Humongous Register: 0.0 ms]
      [Humongous Reclaim: 0.1 ms]
      [Free CSet: 0.1 ms]
   [Eden: 48128.0K(48128.0K)->0.0B(49152.0K) Survivors: 4096.0K->3072.0K Heap: 284.5M(1024.0M)->237.3M(1024.0M)]
 [Times: user=0.12 sys=0.00, real=0.03 secs] 
2022-11-23T17:37:38.840+0100: 6972.804: [GC pause (G1 Evacuation Pause) (young), 0.0560524 secs]
   [Parallel Time: 51.2 ms, GC Workers: 8]
      [GC Worker Start (ms): Min: 6972804.7, Avg: 6972830.1, Max: 6972841.6, Diff: 36.9]
      [Ext Root Scanning (ms): Min: 0.0, Avg: 0.5, Max: 3.5, Diff: 3.5, Sum: 3.7]
      [Update RS (ms): Min: 0.0, Avg: 4.9, Max: 32.8, Diff: 32.8, Sum: 39.2]
         [Processed Buffers: Min: 0, Avg: 6.1, Max: 45, Diff: 45, Sum: 49]
      [Scan RS (ms): Min: 0.0, Avg: 2.3, Max: 14.0, Diff: 14.0, Sum: 18.1]
      [Code Root Scanning (ms): Min: 0.0, Avg: 0.0, Max: 0.0, Diff: 0.0, Sum: 0.0]
      [Object Copy (ms): Min: 0.0, Avg: 5.3, Max: 25.7, Diff: 25.7, Sum: 42.5]
      [Termination (ms): Min: 0.0, Avg: 12.4, Max: 14.5, Diff: 14.5, Sum: 99.1]
         [Termination Attempts: Min: 1, Avg: 2.0, Max: 5, Diff: 4, Sum: 16]
      [GC Worker Other (ms): Min: 0.0, Avg: 0.0, Max: 0.1, Diff: 0.1, Sum: 0.2]
      [GC Worker Total (ms): Min: 13.8, Avg: 25.3, Max: 50.7, Diff: 36.9, Sum: 202.8]
      [GC Worker End (ms): Min: 6972855.4, Avg: 6972855.5, Max: 6972855.6, Diff: 0.3]
   [Code Root Fixup: 0.0 ms]
   [Code Root Purge: 0.0 ms]
   [Clear CT: 1.2 ms]
   [Other: 3.6 ms]
      [Choose CSet: 0.0 ms]
      [Ref Proc: 1.9 ms]
      [Ref Enq: 0.0 ms]
      [Redirty Cards: 1.1 ms]
      [Humongous Register: 0.1 ms]
      [Humongous Reclaim: 0.1 ms]
      [Free CSet: 0.1 ms]
   [Eden: 49152.0K(49152.0K)->0.0B(48128.0K) Survivors: 3072.0K->4096.0K Heap: 285.3M(1024.0M)->237.8M(1024.0M)]
 [Times: user=0.10 sys=0.00, real=0.06 secs] 
2022-11-23T17:37:48.245+0100: 6982.209: [GC pause (G1 Evacuation Pause) (young), 0.0306499 secs]
   [Parallel Time: 22.6 ms, GC Workers: 8]
      [GC Worker Start (ms): Min: 6982209.9, Avg: 6982210.4, Max: 6982211.0, Diff: 1.1]
      [Ext Root Scanning (ms): Min: 0.7, Avg: 1.6, Max: 4.4, Diff: 3.7, Sum: 12.5]
      [Update RS (ms): Min: 0.6, Avg: 4.5, Max: 10.5, Diff: 9.9, Sum: 35.9]
         [Processed Buffers: Min: 1, Avg: 5.6, Max: 19, Diff: 18, Sum: 45]
      [Scan RS (ms): Min: 0.0, Avg: 1.8, Max: 2.7, Diff: 2.7, Sum: 14.0]
      [Code Root Scanning (ms): Min: 0.0, Avg: 0.0, Max: 0.0, Diff: 0.0, Sum: 0.0]
      [Object Copy (ms): Min: 2.4, Avg: 7.4, Max: 12.9, Diff: 10.5, Sum: 59.1]
      [Termination (ms): Min: 0.0, Avg: 5.0, Max: 6.2, Diff: 6.2, Sum: 40.1]
         [Termination Attempts: Min: 1, Avg: 1.8, Max: 3, Diff: 2, Sum: 14]
      [GC Worker Other (ms): Min: 0.0, Avg: 0.1, Max: 0.1, Diff: 0.1, Sum: 0.4]
      [GC Worker Total (ms): Min: 19.8, Avg: 20.3, Max: 20.9, Diff: 1.1, Sum: 162.1]
      [GC Worker End (ms): Min: 6982230.6, Avg: 6982230.7, Max: 6982230.8, Diff: 0.2]
   [Code Root Fixup: 0.0 ms]
   [Code Root Purge: 0.0 ms]
   [Clear CT: 2.0 ms]
   [Other: 6.0 ms]
      [Choose CSet: 0.0 ms]
      [Ref Proc: 3.5 ms]
      [Ref Enq: 0.0 ms]
      [Redirty Cards: 1.8 ms]
      [Humongous Register: 0.1 ms]
      [Humongous Reclaim: 0.0 ms]
      [Free CSet: 0.1 ms]
   [Eden: 48128.0K(48128.0K)->0.0B(48128.0K) Survivors: 4096.0K->4096.0K Heap: 284.8M(1024.0M)->238.3M(1024.0M)]
 [Times: user=0.17 sys=0.01, real=0.03 secs] 
2022-11-23T17:38:03.049+0100: 6997.014: [GC pause (G1 Evacuation Pause) (young), 0.1090130 secs]
   [Parallel Time: 82.2 ms, GC Workers: 8]
      [GC Worker Start (ms): Min: 6997014.4, Avg: 6997029.3, Max: 6997043.3, Diff: 28.9]
      [Ext Root Scanning (ms): Min: 0.0, Avg: 6.7, Max: 19.3, Diff: 19.3, Sum: 53.6]
      [Update RS (ms): Min: 0.0, Avg: 3.4, Max: 9.4, Diff: 9.4, Sum: 26.9]
         [Processed Buffers: Min: 0, Avg: 5.4, Max: 19, Diff: 19, Sum: 43]
      [Scan RS (ms): Min: 0.2, Avg: 12.4, Max: 26.8, Diff: 26.6, Sum: 99.2]
      [Code Root Scanning (ms): Min: 0.0, Avg: 0.0, Max: 0.0, Diff: 0.0, Sum: 0.0]
      [Object Copy (ms): Min: 0.1, Avg: 18.3, Max: 34.2, Diff: 34.1, Sum: 146.5]
      [Termination (ms): Min: 0.0, Avg: 13.4, Max: 16.6, Diff: 16.6, Sum: 107.6]
         [Termination Attempts: Min: 1, Avg: 1.0, Max: 1, Diff: 0, Sum: 8]
      [GC Worker Other (ms): Min: 0.0, Avg: 0.0, Max: 0.1, Diff: 0.1, Sum: 0.4]
      [GC Worker Total (ms): Min: 37.4, Avg: 54.3, Max: 66.3, Diff: 28.9, Sum: 434.2]
      [GC Worker End (ms): Min: 6997080.7, Avg: 6997083.6, Max: 6997089.3, Diff: 8.6]
   [Code Root Fixup: 0.0 ms]
   [Code Root Purge: 0.0 ms]
   [Clear CT: 5.1 ms]
   [Other: 21.7 ms]
      [Choose CSet: 0.0 ms]
      [Ref Proc: 19.4 ms]
      [Ref Enq: 0.0 ms]
      [Redirty Cards: 1.4 ms]
      [Humongous Register: 0.1 ms]
      [Humongous Reclaim: 0.1 ms]
      [Free CSet: 0.1 ms]
   [Eden: 48128.0K(48128.0K)->0.0B(49152.0K) Survivors: 4096.0K->3072.0K Heap: 285.3M(1024.0M)->237.7M(1024.0M)]
 [Times: user=0.24 sys=0.06, real=0.11 secs] 
2022-11-23T17:38:12.921+0100: 7006.885: [GC pause (G1 Evacuation Pause) (young), 0.0452191 secs]
   [Parallel Time: 21.0 ms, GC Workers: 8]
      [GC Worker Start (ms): Min: 7006885.6, Avg: 7006891.3, Max: 7006905.1, Diff: 19.5]
      [Ext Root Scanning (ms): Min: 0.0, Avg: 3.7, Max: 17.9, Diff: 17.9, Sum: 29.9]
      [Update RS (ms): Min: 0.0, Avg: 1.5, Max: 4.3, Diff: 4.3, Sum: 11.7]
         [Processed Buffers: Min: 0, Avg: 5.9, Max: 39, Diff: 39, Sum: 47]
      [Scan RS (ms): Min: 0.2, Avg: 4.0, Max: 13.9, Diff: 13.7, Sum: 32.1]
      [Code Root Scanning (ms): Min: 0.0, Avg: 0.0, Max: 0.0, Diff: 0.0, Sum: 0.0]
      [Object Copy (ms): Min: 0.0, Avg: 4.6, Max: 8.4, Diff: 8.3, Sum: 36.7]
      [Termination (ms): Min: 0.0, Avg: 0.8, Max: 1.6, Diff: 1.6, Sum: 6.3]
         [Termination Attempts: Min: 1, Avg: 6.6, Max: 13, Diff: 12, Sum: 53]
      [GC Worker Other (ms): Min: 0.0, Avg: 0.0, Max: 0.0, Diff: 0.0, Sum: 0.1]
      [GC Worker Total (ms): Min: 0.7, Avg: 14.6, Max: 20.2, Diff: 19.5, Sum: 116.8]
      [GC Worker End (ms): Min: 7006905.8, Avg: 7006905.9, Max: 7006906.4, Diff: 0.6]
   [Code Root Fixup: 0.0 ms]
   [Code Root Purge: 0.0 ms]
   [Clear CT: 2.4 ms]
   [Other: 21.8 ms]
      [Choose CSet: 0.0 ms]
      [Ref Proc: 18.0 ms]
      [Ref Enq: 0.0 ms]
      [Redirty Cards: 2.5 ms]
      [Humongous Register: 0.2 ms]
      [Humongous Reclaim: 0.1 ms]
      [Free CSet: 0.3 ms]
   [Eden: 49152.0K(49152.0K)->0.0B(48128.0K) Survivors: 3072.0K->4096.0K Heap: 285.7M(1024.0M)->238.6M(1024.0M)]
 [Times: user=0.13 sys=0.02, real=0.05 secs] 
2022-11-23T17:38:25.404+0100: 7019.369: [GC pause (G1 Evacuation Pause) (young), 0.0404261 secs]
   [Parallel Time: 36.3 ms, GC Workers: 8]
      [GC Worker Start (ms): Min: 7019375.5, Avg: 7019391.0, Max: 7019399.8, Diff: 24.3]
      [Ext Root Scanning (ms): Min: 0.0, Avg: 0.4, Max: 1.8, Diff: 1.8, Sum: 3.6]
      [Update RS (ms): Min: 0.0, Avg: 1.2, Max: 5.0, Diff: 5.0, Sum: 9.6]
         [Processed Buffers: Min: 0, Avg: 5.5, Max: 36, Diff: 36, Sum: 44]
      [Scan RS (ms): Min: 0.1, Avg: 3.2, Max: 21.4, Diff: 21.3, Sum: 25.8]
      [Code Root Scanning (ms): Min: 0.0, Avg: 0.0, Max: 0.0, Diff: 0.0, Sum: 0.0]
      [Object Copy (ms): Min: 0.0, Avg: 5.5, Max: 19.6, Diff: 19.6, Sum: 43.8]
      [Termination (ms): Min: 0.0, Avg: 4.1, Max: 5.9, Diff: 5.9, Sum: 32.5]
         [Termination Attempts: Min: 1, Avg: 6.9, Max: 15, Diff: 14, Sum: 55]
      [GC Worker Other (ms): Min: 0.0, Avg: 0.0, Max: 0.2, Diff: 0.2, Sum: 0.3]
      [GC Worker Total (ms): Min: 5.6, Avg: 14.4, Max: 30.0, Diff: 24.3, Sum: 115.5]
      [GC Worker End (ms): Min: 7019405.4, Avg: 7019405.4, Max: 7019405.5, Diff: 0.1]
   [Code Root Fixup: 0.0 ms]
   [Code Root Purge: 0.0 ms]
   [Clear CT: 1.0 ms]
   [Other: 3.1 ms]
      [Choose CSet: 0.0 ms]
      [Ref Proc: 1.5 ms]
      [Ref Enq: 0.0 ms]
      [Redirty Cards: 1.0 ms]
      [Humongous Register: 0.1 ms]
      [Humongous Reclaim: 0.0 ms]
      [Free CSet: 0.1 ms]
   [Eden: 48128.0K(48128.0K)->0.0B(48128.0K) Survivors: 4096.0K->4096.0K Heap: 285.6M(1024.0M)->239.1M(1024.0M)]
 [Times: user=0.07 sys=0.00, real=0.04 secs] 
2022-11-23T17:38:37.077+0100: 7031.041: [GC pause (G1 Evacuation Pause) (young), 0.0483092 secs]
   [Parallel Time: 23.9 ms, GC Workers: 8]
      [GC Worker Start (ms): Min: 7031041.8, Avg: 7031053.5, Max: 7031063.8, Diff: 22.0]
      [Ext Root Scanning (ms): Min: 0.0, Avg: 1.7, Max: 11.5, Diff: 11.5, Sum: 13.7]
      [Update RS (ms): Min: 0.0, Avg: 3.7, Max: 12.7, Diff: 12.7, Sum: 29.3]
         [Processed Buffers: Min: 0, Avg: 6.0, Max: 25, Diff: 25, Sum: 48]
      [Scan RS (ms): Min: 0.0, Avg: 1.6, Max: 2.8, Diff: 2.8, Sum: 12.5]
      [Code Root Scanning (ms): Min: 0.0, Avg: 0.0, Max: 0.0, Diff: 0.0, Sum: 0.0]
      [Object Copy (ms): Min: 0.2, Avg: 3.5, Max: 6.2, Diff: 6.1, Sum: 28.0]
      [Termination (ms): Min: 0.0, Avg: 0.6, Max: 1.1, Diff: 1.1, Sum: 4.7]
         [Termination Attempts: Min: 1, Avg: 25.5, Max: 74, Diff: 73, Sum: 204]
      [GC Worker Other (ms): Min: 0.0, Avg: 0.0, Max: 0.0, Diff: 0.0, Sum: 0.2]
      [GC Worker Total (ms): Min: 0.8, Avg: 11.0, Max: 22.8, Diff: 22.0, Sum: 88.4]
      [GC Worker End (ms): Min: 7031064.5, Avg: 7031064.5, Max: 7031064.6, Diff: 0.1]
   [Code Root Fixup: 0.0 ms]
   [Code Root Purge: 0.0 ms]
   [Clear CT: 2.3 ms]
   [Other: 22.1 ms]
      [Choose CSet: 0.0 ms]
      [Ref Proc: 20.3 ms]
      [Ref Enq: 0.0 ms]
      [Redirty Cards: 1.1 ms]
      [Humongous Register: 0.2 ms]
      [Humongous Reclaim: 0.1 ms]
      [Free CSet: 0.1 ms]
   [Eden: 48128.0K(48128.0K)->0.0B(48128.0K) Survivors: 4096.0K->4096.0K Heap: 286.1M(1024.0M)->238.7M(1024.0M)]
 [Times: user=0.09 sys=0.01, real=0.05 secs] 
2022-11-23T17:38:47.488+0100: 7041.453: [GC pause (G1 Evacuation Pause) (young), 0.0274522 secs]
   [Parallel Time: 22.2 ms, GC Workers: 8]
      [GC Worker Start (ms): Min: 7041453.0, Avg: 7041460.2, Max: 7041466.1, Diff: 13.1]
      [Ext Root Scanning (ms): Min: 0.0, Avg: 0.6, Max: 2.9, Diff: 2.9, Sum: 4.4]
      [Update RS (ms): Min: 0.0, Avg: 1.0, Max: 2.0, Diff: 2.0, Sum: 7.8]
         [Processed Buffers: Min: 0, Avg: 6.2, Max: 22, Diff: 22, Sum: 50]
      [Scan RS (ms): Min: 0.0, Avg: 1.1, Max: 2.4, Diff: 2.4, Sum: 9.2]
      [Code Root Scanning (ms): Min: 0.0, Avg: 0.0, Max: 0.0, Diff: 0.0, Sum: 0.0]
      [Object Copy (ms): Min: 0.0, Avg: 2.1, Max: 4.4, Diff: 4.4, Sum: 17.1]
      [Termination (ms): Min: 0.0, Avg: 2.1, Max: 10.0, Diff: 10.0, Sum: 17.0]
         [Termination Attempts: Min: 1, Avg: 1.4, Max: 3, Diff: 2, Sum: 11]
      [GC Worker Other (ms): Min: 0.0, Avg: 0.0, Max: 0.0, Diff: 0.0, Sum: 0.1]
      [GC Worker Total (ms): Min: 0.0, Avg: 7.0, Max: 19.0, Diff: 19.0, Sum: 55.7]
      [GC Worker End (ms): Min: 7041466.1, Avg: 7041467.2, Max: 7041474.5, Diff: 8.4]
   [Code Root Fixup: 0.0 ms]
   [Code Root Purge: 0.0 ms]
   [Clear CT: 0.9 ms]
   [Other: 4.3 ms]
      [Choose CSet: 0.0 ms]
      [Ref Proc: 2.5 ms]
      [Ref Enq: 0.0 ms]
      [Redirty Cards: 1.1 ms]
      [Humongous Register: 0.1 ms]
      [Humongous Reclaim: 0.1 ms]
      [Free CSet: 0.1 ms]
   [Eden: 48128.0K(48128.0K)->0.0B(49152.0K) Survivors: 4096.0K->3072.0K Heap: 285.7M(1024.0M)->238.4M(1024.0M)]
 [Times: user=0.04 sys=0.02, real=0.03 secs] 
2022-11-23T17:38:56.812+0100: 7050.777: [GC pause (G1 Evacuation Pause) (young), 0.0336063 secs]
   [Parallel Time: 17.2 ms, GC Workers: 8]
      [GC Worker Start (ms): Min: 7050777.2, Avg: 7050784.0, Max: 7050793.2, Diff: 16.0]
      [Ext Root Scanning (ms): Min: 0.0, Avg: 3.2, Max: 13.6, Diff: 13.6, Sum: 25.5]
      [Update RS (ms): Min: 0.0, Avg: 1.6, Max: 6.8, Diff: 6.8, Sum: 12.6]
         [Processed Buffers: Min: 0, Avg: 4.4, Max: 17, Diff: 17, Sum: 35]
      [Scan RS (ms): Min: 0.0, Avg: 1.1, Max: 2.1, Diff: 2.1, Sum: 9.0]
      [Code Root Scanning (ms): Min: 0.0, Avg: 0.0, Max: 0.0, Diff: 0.0, Sum: 0.0]
      [Object Copy (ms): Min: 0.0, Avg: 2.9, Max: 4.9, Diff: 4.9, Sum: 23.1]
      [Termination (ms): Min: 0.0, Avg: 0.7, Max: 1.6, Diff: 1.6, Sum: 5.5]
         [Termination Attempts: Min: 1, Avg: 1.5, Max: 3, Diff: 2, Sum: 12]
      [GC Worker Other (ms): Min: 0.0, Avg: 0.0, Max: 0.0, Diff: 0.0, Sum: 0.1]
      [GC Worker Total (ms): Min: 0.0, Avg: 9.5, Max: 16.0, Diff: 16.0, Sum: 75.8]
      [GC Worker End (ms): Min: 7050793.2, Avg: 7050793.5, Max: 7050794.2, Diff: 1.0]
   [Code Root Fixup: 0.0 ms]
   [Code Root Purge: 0.0 ms]
   [Clear CT: 1.4 ms]
   [Other: 15.0 ms]
      [Choose CSet: 0.0 ms]
      [Ref Proc: 13.4 ms]
      [Ref Enq: 0.0 ms]
      [Redirty Cards: 1.0 ms]
      [Humongous Register: 0.1 ms]
      [Humongous Reclaim: 0.1 ms]
      [Free CSet: 0.1 ms]
   [Eden: 49152.0K(49152.0K)->0.0B(49152.0K) Survivors: 3072.0K->3072.0K Heap: 286.4M(1024.0M)->238.8M(1024.0M)]
 [Times: user=0.13 sys=0.00, real=0.03 secs] 
2022-11-23T17:39:06.075+0100: 7060.039: [GC pause (G1 Evacuation Pause) (young), 0.0507826 secs]
   [Parallel Time: 26.8 ms, GC Workers: 8]
      [GC Worker Start (ms): Min: 7060039.6, Avg: 7060045.0, Max: 7060052.7, Diff: 13.1]
      [Ext Root Scanning (ms): Min: 0.0, Avg: 0.4, Max: 1.6, Diff: 1.6, Sum: 3.6]
      [Update RS (ms): Min: 0.0, Avg: 1.5, Max: 4.5, Diff: 4.5, Sum: 11.7]
         [Processed Buffers: Min: 0, Avg: 5.1, Max: 25, Diff: 25, Sum: 41]
      [Scan RS (ms): Min: 0.1, Avg: 3.6, Max: 19.5, Diff: 19.4, Sum: 28.8]
      [Code Root Scanning (ms): Min: 0.0, Avg: 0.0, Max: 0.0, Diff: 0.0, Sum: 0.0]
      [Object Copy (ms): Min: 0.0, Avg: 3.1, Max: 5.0, Diff: 5.0, Sum: 24.9]
      [Termination (ms): Min: 0.0, Avg: 10.4, Max: 12.2, Diff: 12.2, Sum: 83.3]
         [Termination Attempts: Min: 1, Avg: 10.1, Max: 20, Diff: 19, Sum: 81]
      [GC Worker Other (ms): Min: 0.0, Avg: 0.0, Max: 0.0, Diff: 0.0, Sum: 0.1]
      [GC Worker Total (ms): Min: 11.5, Avg: 19.1, Max: 24.4, Diff: 13.0, Sum: 152.4]
      [GC Worker End (ms): Min: 7060064.0, Avg: 7060064.1, Max: 7060064.3, Diff: 0.3]
   [Code Root Fixup: 0.0 ms]
   [Code Root Purge: 0.0 ms]
   [Clear CT: 1.0 ms]
   [Other: 22.9 ms]
      [Choose CSet: 0.0 ms]
      [Ref Proc: 20.0 ms]
      [Ref Enq: 0.0 ms]
      [Redirty Cards: 2.2 ms]
      [Humongous Register: 0.1 ms]
      [Humongous Reclaim: 0.1 ms]
      [Free CSet: 0.1 ms]
   [Eden: 49152.0K(49152.0K)->0.0B(49152.0K) Survivors: 3072.0K->3072.0K Heap: 286.8M(1024.0M)->239.0M(1024.0M)]
 [Times: user=0.13 sys=0.01, real=0.05 secs] 
2022-11-23T17:39:16.847+0100: 7070.811: [GC pause (G1 Evacuation Pause) (young), 0.0493722 secs]
   [Parallel Time: 32.4 ms, GC Workers: 8]
      [GC Worker Start (ms): Min: 7070811.8, Avg: 7070824.1, Max: 7070834.7, Diff: 22.9]
      [Ext Root Scanning (ms): Min: 0.0, Avg: 0.5, Max: 1.2, Diff: 1.2, Sum: 3.7]
      [Update RS (ms): Min: 0.0, Avg: 3.1, Max: 9.1, Diff: 9.1, Sum: 24.4]
         [Processed Buffers: Min: 0, Avg: 5.2, Max: 28, Diff: 28, Sum: 42]
      [Scan RS (ms): Min: 0.0, Avg: 1.0, Max: 3.1, Diff: 3.1, Sum: 7.9]
      [Code Root Scanning (ms): Min: 0.0, Avg: 0.0, Max: 0.0, Diff: 0.0, Sum: 0.0]
      [Object Copy (ms): Min: 0.0, Avg: 7.2, Max: 20.3, Diff: 20.3, Sum: 57.6]
      [Termination (ms): Min: 0.0, Avg: 8.2, Max: 9.8, Diff: 9.8, Sum: 65.2]
         [Termination Attempts: Min: 1, Avg: 2.4, Max: 7, Diff: 6, Sum: 19]
      [GC Worker Other (ms): Min: 0.0, Avg: 0.0, Max: 0.0, Diff: 0.0, Sum: 0.1]
      [GC Worker Total (ms): Min: 9.3, Avg: 19.9, Max: 32.2, Diff: 22.9, Sum: 159.0]
      [GC Worker End (ms): Min: 7070843.9, Avg: 7070843.9, Max: 7070844.0, Diff: 0.1]
   [Code Root Fixup: 0.0 ms]
   [Code Root Purge: 0.0 ms]
   [Clear CT: 2.5 ms]
   [Other: 14.5 ms]
      [Choose CSet: 0.0 ms]
      [Ref Proc: 12.1 ms]
      [Ref Enq: 0.0 ms]
      [Redirty Cards: 1.7 ms]
      [Humongous Register: 0.1 ms]
      [Humongous Reclaim: 0.1 ms]
      [Free CSet: 0.1 ms]
   [Eden: 49152.0K(49152.0K)->0.0B(49152.0K) Survivors: 3072.0K->3072.0K Heap: 287.0M(1024.0M)->239.2M(1024.0M)]
 [Times: user=0.17 sys=0.00, real=0.05 secs] 
2022-11-23T17:39:26.472+0100: 7080.436: [GC pause (G1 Evacuation Pause) (young), 0.0351416 secs]
   [Parallel Time: 18.6 ms, GC Workers: 8]
      [GC Worker Start (ms): Min: 7080436.9, Avg: 7080441.6, Max: 7080447.9, Diff: 11.0]
      [Ext Root Scanning (ms): Min: 0.0, Avg: 0.5, Max: 1.3, Diff: 1.3, Sum: 4.2]
      [Update RS (ms): Min: 0.0, Avg: 1.3, Max: 3.2, Diff: 3.2, Sum: 10.7]
         [Processed Buffers: Min: 0, Avg: 5.8, Max: 20, Diff: 20, Sum: 46]
      [Scan RS (ms): Min: 0.0, Avg: 1.2, Max: 2.6, Diff: 2.6, Sum: 9.2]
      [Code Root Scanning (ms): Min: 0.0, Avg: 0.0, Max: 0.0, Diff: 0.0, Sum: 0.0]
      [Object Copy (ms): Min: 3.0, Avg: 7.0, Max: 11.4, Diff: 8.3, Sum: 56.3]
      [Termination (ms): Min: 0.0, Avg: 2.9, Max: 3.6, Diff: 3.6, Sum: 23.1]
         [Termination Attempts: Min: 1, Avg: 2.0, Max: 5, Diff: 4, Sum: 16]
      [GC Worker Other (ms): Min: 0.0, Avg: 0.0, Max: 0.0, Diff: 0.0, Sum: 0.2]
      [GC Worker Total (ms): Min: 6.7, Avg: 13.0, Max: 17.5, Diff: 10.9, Sum: 103.7]
      [GC Worker End (ms): Min: 7080454.4, Avg: 7080454.5, Max: 7080455.2, Diff: 0.8]
   [Code Root Fixup: 0.0 ms]
   [Code Root Purge: 0.0 ms]
   [Clear CT: 2.6 ms]
   [Other: 13.9 ms]
      [Choose CSet: 0.0 ms]
      [Ref Proc: 12.4 ms]
      [Ref Enq: 0.0 ms]
      [Redirty Cards: 0.5 ms]
      [Humongous Register: 0.1 ms]
      [Humongous Reclaim: 0.1 ms]
      [Free CSet: 0.2 ms]
   [Eden: 49152.0K(49152.0K)->0.0B(47104.0K) Survivors: 3072.0K->5120.0K Heap: 287.2M(1024.0M)->240.7M(1024.0M)]
 [Times: user=0.10 sys=0.03, real=0.03 secs] 
2022-11-23T17:39:35.322+0100: 7089.286: [GC pause (G1 Evacuation Pause) (young), 0.0419855 secs]
   [Parallel Time: 29.9 ms, GC Workers: 8]
      [GC Worker Start (ms): Min: 7089286.7, Avg: 7089293.9, Max: 7089302.0, Diff: 15.3]
      [Ext Root Scanning (ms): Min: 0.0, Avg: 0.9, Max: 4.5, Diff: 4.5, Sum: 7.6]
      [Update RS (ms): Min: 0.0, Avg: 1.8, Max: 7.8, Diff: 7.8, Sum: 14.5]
         [Processed Buffers: Min: 0, Avg: 5.6, Max: 31, Diff: 31, Sum: 45]
      [Scan RS (ms): Min: 0.0, Avg: 1.0, Max: 2.7, Diff: 2.7, Sum: 7.9]
      [Code Root Scanning (ms): Min: 0.0, Avg: 0.0, Max: 0.0, Diff: 0.0, Sum: 0.0]
      [Object Copy (ms): Min: 0.0, Avg: 6.0, Max: 21.8, Diff: 21.8, Sum: 47.7]
      [Termination (ms): Min: 0.0, Avg: 12.3, Max: 14.2, Diff: 14.2, Sum: 98.5]
         [Termination Attempts: Min: 1, Avg: 2.1, Max: 6, Diff: 5, Sum: 17]
      [GC Worker Other (ms): Min: 0.0, Avg: 0.0, Max: 0.0, Diff: 0.0, Sum: 0.1]
      [GC Worker Total (ms): Min: 13.8, Avg: 22.0, Max: 29.1, Diff: 15.3, Sum: 176.3]
      [GC Worker End (ms): Min: 7089315.9, Avg: 7089315.9, Max: 7089315.9, Diff: 0.0]
   [Code Root Fixup: 0.0 ms]
   [Code Root Purge: 0.0 ms]
   [Clear CT: 1.2 ms]
   [Other: 10.8 ms]
      [Choose CSet: 0.0 ms]
      [Ref Proc: 8.6 ms]
      [Ref Enq: 0.0 ms]
      [Redirty Cards: 1.6 ms]
      [Humongous Register: 0.0 ms]
      [Humongous Reclaim: 0.1 ms]
      [Free CSet: 0.1 ms]
   [Eden: 47104.0K(47104.0K)->0.0B(48128.0K) Survivors: 5120.0K->4096.0K Heap: 286.7M(1024.0M)->240.1M(1024.0M)]
 [Times: user=0.16 sys=0.00, real=0.08 secs] 
2022-11-23T17:39:43.486+0100: 7097.450: [GC pause (G1 Evacuation Pause) (young), 0.0426785 secs]
   [Parallel Time: 20.2 ms, GC Workers: 8]
      [GC Worker Start (ms): Min: 7097450.8, Avg: 7097458.9, Max: 7097470.0, Diff: 19.3]
      [Ext Root Scanning (ms): Min: 0.0, Avg: 0.5, Max: 1.8, Diff: 1.8, Sum: 3.7]
      [Update RS (ms): Min: 0.0, Avg: 1.7, Max: 4.4, Diff: 4.4, Sum: 13.8]
         [Processed Buffers: Min: 0, Avg: 5.6, Max: 21, Diff: 21, Sum: 45]
      [Scan RS (ms): Min: 0.0, Avg: 1.7, Max: 3.5, Diff: 3.5, Sum: 13.9]
      [Code Root Scanning (ms): Min: 0.0, Avg: 0.0, Max: 0.0, Diff: 0.0, Sum: 0.0]
      [Object Copy (ms): Min: 0.0, Avg: 3.2, Max: 5.9, Diff: 5.9, Sum: 25.4]
      [Termination (ms): Min: 0.0, Avg: 4.1, Max: 5.3, Diff: 5.3, Sum: 33.1]
         [Termination Attempts: Min: 1, Avg: 1.2, Max: 3, Diff: 2, Sum: 10]
      [GC Worker Other (ms): Min: 0.0, Avg: 0.0, Max: 0.0, Diff: 0.0, Sum: 0.1]
      [GC Worker Total (ms): Min: 0.1, Avg: 11.3, Max: 19.4, Diff: 19.3, Sum: 90.1]
      [GC Worker End (ms): Min: 7097470.1, Avg: 7097470.1, Max: 7097470.2, Diff: 0.1]
   [Code Root Fixup: 0.0 ms]
   [Code Root Purge: 0.0 ms]
   [Clear CT: 1.5 ms]
   [Other: 21.0 ms]
      [Choose CSet: 0.0 ms]
      [Ref Proc: 19.3 ms]
      [Ref Enq: 0.0 ms]
      [Redirty Cards: 1.1 ms]
      [Humongous Register: 0.1 ms]
      [Humongous Reclaim: 0.0 ms]
      [Free CSet: 0.1 ms]
   [Eden: 48128.0K(48128.0K)->0.0B(48128.0K) Survivors: 4096.0K->4096.0K Heap: 287.1M(1024.0M)->240.5M(1024.0M)]
 [Times: user=0.17 sys=0.01, real=0.04 secs] 
2022-11-23T17:39:52.761+0100: 7106.726: [GC pause (G1 Evacuation Pause) (young), 0.0268157 secs]
   [Parallel Time: 15.2 ms, GC Workers: 8]
      [GC Worker Start (ms): Min: 7106726.3, Avg: 7106731.6, Max: 7106740.3, Diff: 14.0]
      [Ext Root Scanning (ms): Min: 0.0, Avg: 0.5, Max: 1.2, Diff: 1.2, Sum: 3.7]
      [Update RS (ms): Min: 0.0, Avg: 2.3, Max: 5.1, Diff: 5.1, Sum: 18.2]
         [Processed Buffers: Min: 0, Avg: 5.4, Max: 26, Diff: 26, Sum: 43]
      [Scan RS (ms): Min: 0.0, Avg: 1.2, Max: 3.0, Diff: 3.0, Sum: 9.9]
      [Code Root Scanning (ms): Min: 0.0, Avg: 0.0, Max: 0.0, Diff: 0.0, Sum: 0.0]
      [Object Copy (ms): Min: 0.0, Avg: 4.5, Max: 5.8, Diff: 5.8, Sum: 35.8]
      [Termination (ms): Min: 0.0, Avg: 0.6, Max: 1.4, Diff: 1.4, Sum: 4.6]
         [Termination Attempts: Min: 1, Avg: 5.1, Max: 9, Diff: 8, Sum: 41]
      [GC Worker Other (ms): Min: 0.0, Avg: 0.0, Max: 0.0, Diff: 0.0, Sum: 0.1]
      [GC Worker Total (ms): Min: 0.0, Avg: 9.0, Max: 15.1, Diff: 15.0, Sum: 72.3]
      [GC Worker End (ms): Min: 7106740.3, Avg: 7106740.6, Max: 7106741.4, Diff: 1.1]
   [Code Root Fixup: 0.0 ms]
   [Code Root Purge: 0.0 ms]
   [Clear CT: 0.6 ms]
   [Other: 11.0 ms]
      [Choose CSet: 0.0 ms]
      [Ref Proc: 9.4 ms]
      [Ref Enq: 0.0 ms]
      [Redirty Cards: 0.9 ms]
      [Humongous Register: 0.1 ms]
      [Humongous Reclaim: 0.1 ms]
      [Free CSet: 0.1 ms]
   [Eden: 48128.0K(48128.0K)->0.0B(47104.0K) Survivors: 4096.0K->5120.0K Heap: 287.5M(1024.0M)->241.2M(1024.0M)]
 [Times: user=0.09 sys=0.02, real=0.02 secs] 
2022-11-23T17:40:01.407+0100: 7115.372: [GC pause (G1 Evacuation Pause) (young), 0.0374872 secs]
   [Parallel Time: 22.7 ms, GC Workers: 8]
      [GC Worker Start (ms): Min: 7115372.1, Avg: 7115383.0, Max: 7115392.0, Diff: 19.9]
      [Ext Root Scanning (ms): Min: 0.0, Avg: 0.5, Max: 2.0, Diff: 2.0, Sum: 4.0]
      [Update RS (ms): Min: 0.0, Avg: 1.6, Max: 6.6, Diff: 6.6, Sum: 12.8]
         [Processed Buffers: Min: 0, Avg: 5.4, Max: 34, Diff: 34, Sum: 43]
      [Scan RS (ms): Min: 0.0, Avg: 0.9, Max: 3.9, Diff: 3.9, Sum: 7.4]
      [Code Root Scanning (ms): Min: 0.0, Avg: 0.0, Max: 0.0, Diff: 0.0, Sum: 0.0]
      [Object Copy (ms): Min: 0.0, Avg: 6.2, Max: 10.4, Diff: 10.4, Sum: 49.4]
      [Termination (ms): Min: 0.0, Avg: 2.4, Max: 2.9, Diff: 2.9, Sum: 19.6]
         [Termination Attempts: Min: 1, Avg: 5.1, Max: 10, Diff: 9, Sum: 41]
      [GC Worker Other (ms): Min: 0.0, Avg: 0.0, Max: 0.0, Diff: 0.0, Sum: 0.1]
      [GC Worker Total (ms): Min: 2.6, Avg: 11.6, Max: 22.5, Diff: 19.9, Sum: 93.2]
      [GC Worker End (ms): Min: 7115394.6, Avg: 7115394.6, Max: 7115394.6, Diff: 0.1]
   [Code Root Fixup: 0.0 ms]
   [Code Root Purge: 0.0 ms]
   [Clear CT: 1.2 ms]
   [Other: 13.5 ms]
      [Choose CSet: 0.0 ms]
      [Ref Proc: 12.0 ms]
      [Ref Enq: 0.0 ms]
      [Redirty Cards: 0.7 ms]
      [Humongous Register: 0.0 ms]
      [Humongous Reclaim: 0.1 ms]
      [Free CSet: 0.1 ms]
   [Eden: 47104.0K(47104.0K)->0.0B(47104.0K) Survivors: 5120.0K->5120.0K Heap: 287.2M(1024.0M)->241.4M(1024.0M)]
 [Times: user=0.09 sys=0.01, real=0.04 secs] 
2022-11-23T17:40:10.105+0100: 7124.070: [GC pause (G1 Evacuation Pause) (young), 0.0801365 secs]
   [Parallel Time: 56.5 ms, GC Workers: 8]
      [GC Worker Start (ms): Min: 7124070.3, Avg: 7124079.0, Max: 7124081.5, Diff: 11.1]
      [Ext Root Scanning (ms): Min: 0.0, Avg: 0.4, Max: 3.4, Diff: 3.4, Sum: 3.5]
      [Update RS (ms): Min: 0.2, Avg: 7.1, Max: 21.4, Diff: 21.2, Sum: 56.4]
         [Processed Buffers: Min: 1, Avg: 5.9, Max: 18, Diff: 17, Sum: 47]
      [Scan RS (ms): Min: 0.0, Avg: 6.6, Max: 43.5, Diff: 43.5, Sum: 52.5]
      [Code Root Scanning (ms): Min: 0.0, Avg: 0.0, Max: 0.0, Diff: 0.0, Sum: 0.0]
      [Object Copy (ms): Min: 0.0, Avg: 3.6, Max: 7.3, Diff: 7.3, Sum: 29.0]
      [Termination (ms): Min: 0.0, Avg: 29.1, Max: 35.2, Diff: 35.2, Sum: 233.1]
         [Termination Attempts: Min: 1, Avg: 11.8, Max: 34, Diff: 33, Sum: 94]
      [GC Worker Other (ms): Min: 0.0, Avg: 0.0, Max: 0.0, Diff: 0.0, Sum: 0.1]
      [GC Worker Total (ms): Min: 44.2, Avg: 46.8, Max: 55.4, Diff: 11.2, Sum: 374.7]
      [GC Worker End (ms): Min: 7124125.7, Avg: 7124125.9, Max: 7124126.5, Diff: 0.8]
   [Code Root Fixup: 0.0 ms]
   [Code Root Purge: 0.0 ms]
   [Clear CT: 4.4 ms]
   [Other: 19.2 ms]
      [Choose CSet: 0.0 ms]
      [Ref Proc: 17.7 ms]
      [Ref Enq: 0.0 ms]
      [Redirty Cards: 0.9 ms]
      [Humongous Register: 0.2 ms]
      [Humongous Reclaim: 0.0 ms]
      [Free CSet: 0.1 ms]
   [Eden: 47104.0K(47104.0K)->0.0B(47104.0K) Survivors: 5120.0K->5120.0K Heap: 287.4M(1024.0M)->242.1M(1024.0M)]
 [Times: user=0.28 sys=0.01, real=0.08 secs] 
2022-11-23T17:40:19.082+0100: 7133.047: [GC pause (G1 Evacuation Pause) (young), 0.0339687 secs]
   [Parallel Time: 20.1 ms, GC Workers: 8]
      [GC Worker Start (ms): Min: 7133047.3, Avg: 7133055.3, Max: 7133063.3, Diff: 16.0]
      [Ext Root Scanning (ms): Min: 0.0, Avg: 0.4, Max: 1.3, Diff: 1.3, Sum: 3.5]
      [Update RS (ms): Min: 0.0, Avg: 1.6, Max: 5.1, Diff: 5.1, Sum: 12.9]
         [Processed Buffers: Min: 0, Avg: 5.9, Max: 32, Diff: 32, Sum: 47]
      [Scan RS (ms): Min: 0.1, Avg: 2.5, Max: 13.0, Diff: 13.0, Sum: 20.3]
      [Code Root Scanning (ms): Min: 0.0, Avg: 0.0, Max: 0.0, Diff: 0.0, Sum: 0.0]
      [Object Copy (ms): Min: 0.0, Avg: 3.6, Max: 7.5, Diff: 7.5, Sum: 28.7]
      [Termination (ms): Min: 0.0, Avg: 2.2, Max: 3.9, Diff: 3.9, Sum: 17.8]
         [Termination Attempts: Min: 1, Avg: 13.0, Max: 25, Diff: 24, Sum: 104]
      [GC Worker Other (ms): Min: 0.0, Avg: 0.0, Max: 0.0, Diff: 0.0, Sum: 0.1]
      [GC Worker Total (ms): Min: 2.3, Avg: 10.4, Max: 18.2, Diff: 15.9, Sum: 83.3]
      [GC Worker End (ms): Min: 7133065.5, Avg: 7133065.7, Max: 7133066.9, Diff: 1.4]
   [Code Root Fixup: 0.0 ms]
   [Code Root Purge: 0.0 ms]
   [Clear CT: 0.7 ms]
   [Other: 13.2 ms]
      [Choose CSet: 0.0 ms]
      [Ref Proc: 11.4 ms]
      [Ref Enq: 0.0 ms]
      [Redirty Cards: 1.2 ms]
      [Humongous Register: 0.1 ms]
      [Humongous Reclaim: 0.0 ms]
      [Free CSet: 0.1 ms]
   [Eden: 47104.0K(47104.0K)->0.0B(49152.0K) Survivors: 5120.0K->3072.0K Heap: 288.1M(1024.0M)->240.5M(1024.0M)]
 [Times: user=0.09 sys=0.01, real=0.03 secs] 
2022-11-23T17:40:27.655+0100: 7141.619: [GC pause (G1 Evacuation Pause) (young), 0.0261762 secs]
   [Parallel Time: 20.6 ms, GC Workers: 8]
      [GC Worker Start (ms): Min: 7141619.8, Avg: 7141631.9, Max: 7141638.4, Diff: 18.6]
      [Ext Root Scanning (ms): Min: 0.0, Avg: 0.4, Max: 1.8, Diff: 1.8, Sum: 3.5]
      [Update RS (ms): Min: 0.0, Avg: 1.8, Max: 6.4, Diff: 6.4, Sum: 14.7]
         [Processed Buffers: Min: 0, Avg: 5.4, Max: 31, Diff: 31, Sum: 43]
      [Scan RS (ms): Min: 0.0, Avg: 1.0, Max: 2.8, Diff: 2.8, Sum: 7.9]
      [Code Root Scanning (ms): Min: 0.0, Avg: 0.0, Max: 0.0, Diff: 0.0, Sum: 0.0]
      [Object Copy (ms): Min: 0.0, Avg: 2.4, Max: 6.5, Diff: 6.5, Sum: 19.4]
      [Termination (ms): Min: 0.0, Avg: 1.0, Max: 2.5, Diff: 2.5, Sum: 7.8]
         [Termination Attempts: Min: 1, Avg: 1.8, Max: 4, Diff: 3, Sum: 14]
      [GC Worker Other (ms): Min: 0.0, Avg: 0.0, Max: 0.0, Diff: 0.0, Sum: 0.1]
      [GC Worker Total (ms): Min: 0.0, Avg: 6.7, Max: 19.8, Diff: 19.8, Sum: 53.4]
      [GC Worker End (ms): Min: 7141638.4, Avg: 7141638.6, Max: 7141639.7, Diff: 1.3]
   [Code Root Fixup: 0.0 ms]
   [Code Root Purge: 0.0 ms]
   [Clear CT: 1.1 ms]
   [Other: 4.5 ms]
      [Choose CSet: 0.0 ms]
      [Ref Proc: 2.5 ms]
      [Ref Enq: 0.0 ms]
      [Redirty Cards: 1.1 ms]
      [Humongous Register: 0.1 ms]
      [Humongous Reclaim: 0.1 ms]
      [Free CSet: 0.1 ms]
   [Eden: 49152.0K(49152.0K)->0.0B(49152.0K) Survivors: 3072.0K->3072.0K Heap: 288.5M(1024.0M)->240.6M(1024.0M)]
 [Times: user=0.06 sys=0.00, real=0.03 secs] 
2022-11-23T17:40:35.365+0100: 7149.330: [GC pause (G1 Evacuation Pause) (young), 0.0300379 secs]
   [Parallel Time: 12.7 ms, GC Workers: 8]
      [GC Worker Start (ms): Min: 7149329.9, Avg: 7149336.0, Max: 7149341.9, Diff: 12.0]
      [Ext Root Scanning (ms): Min: 0.0, Avg: 0.4, Max: 1.3, Diff: 1.3, Sum: 3.6]
      [Update RS (ms): Min: 0.0, Avg: 1.7, Max: 4.2, Diff: 4.2, Sum: 13.8]
         [Processed Buffers: Min: 0, Avg: 5.9, Max: 22, Diff: 22, Sum: 47]
      [Scan RS (ms): Min: 0.0, Avg: 0.8, Max: 2.2, Diff: 2.2, Sum: 6.2]
      [Code Root Scanning (ms): Min: 0.0, Avg: 0.0, Max: 0.0, Diff: 0.0, Sum: 0.0]
      [Object Copy (ms): Min: 0.0, Avg: 2.6, Max: 5.5, Diff: 5.5, Sum: 20.7]
      [Termination (ms): Min: 0.0, Avg: 0.4, Max: 0.6, Diff: 0.6, Sum: 3.3]
         [Termination Attempts: Min: 1, Avg: 1.4, Max: 3, Diff: 2, Sum: 11]
      [GC Worker Other (ms): Min: 0.0, Avg: 0.0, Max: 0.0, Diff: 0.0, Sum: 0.1]
      [GC Worker Total (ms): Min: 0.0, Avg: 6.0, Max: 12.0, Diff: 12.0, Sum: 47.7]
      [GC Worker End (ms): Min: 7149341.9, Avg: 7149342.0, Max: 7149342.0, Diff: 0.1]
   [Code Root Fixup: 0.0 ms]
   [Code Root Purge: 0.0 ms]
   [Clear CT: 3.1 ms]
   [Other: 14.2 ms]
      [Choose CSet: 0.0 ms]
      [Ref Proc: 13.2 ms]
      [Ref Enq: 0.0 ms]
      [Redirty Cards: 0.4 ms]
      [Humongous Register: 0.1 ms]
      [Humongous Reclaim: 0.1 ms]
      [Free CSet: 0.1 ms]
   [Eden: 49152.0K(49152.0K)->0.0B(48128.0K) Survivors: 3072.0K->4096.0K Heap: 288.6M(1024.0M)->241.1M(1024.0M)]
 [Times: user=0.09 sys=0.00, real=0.03 secs] 
2022-11-23T17:40:44.637+0100: 7158.602: [GC pause (G1 Evacuation Pause) (young), 0.0261207 secs]
   [Parallel Time: 10.3 ms, GC Workers: 8]
      [GC Worker Start (ms): Min: 7158602.1, Avg: 7158602.5, Max: 7158603.2, Diff: 1.0]
      [Ext Root Scanning (ms): Min: 0.0, Avg: 0.6, Max: 1.2, Diff: 1.2, Sum: 4.5]
      [Update RS (ms): Min: 0.0, Avg: 1.8, Max: 3.7, Diff: 3.7, Sum: 14.4]
         [Processed Buffers: Min: 0, Avg: 6.4, Max: 20, Diff: 20, Sum: 51]
      [Scan RS (ms): Min: 0.0, Avg: 0.9, Max: 1.7, Diff: 1.7, Sum: 7.0]
      [Code Root Scanning (ms): Min: 0.0, Avg: 0.0, Max: 0.0, Diff: 0.0, Sum: 0.0]
      [Object Copy (ms): Min: 3.3, Avg: 4.4, Max: 7.2, Diff: 3.8, Sum: 35.3]
      [Termination (ms): Min: 0.0, Avg: 0.1, Max: 0.2, Diff: 0.2, Sum: 1.0]
         [Termination Attempts: Min: 1, Avg: 2.4, Max: 4, Diff: 3, Sum: 19]
      [GC Worker Other (ms): Min: 0.0, Avg: 0.0, Max: 0.1, Diff: 0.1, Sum: 0.2]
      [GC Worker Total (ms): Min: 7.2, Avg: 7.8, Max: 8.2, Diff: 1.1, Sum: 62.4]
      [GC Worker End (ms): Min: 7158610.3, Avg: 7158610.3, Max: 7158610.4, Diff: 0.0]
   [Code Root Fixup: 0.0 ms]
   [Code Root Purge: 0.0 ms]
   [Clear CT: 0.9 ms]
   [Other: 14.9 ms]
      [Choose CSet: 0.0 ms]
      [Ref Proc: 13.2 ms]
      [Ref Enq: 0.0 ms]
      [Redirty Cards: 1.1 ms]
      [Humongous Register: 0.1 ms]
      [Humongous Reclaim: 0.1 ms]
      [Free CSet: 0.1 ms]
   [Eden: 48128.0K(48128.0K)->0.0B(47104.0K) Survivors: 4096.0K->5120.0K Heap: 288.1M(1024.0M)->242.8M(1024.0M)]
 [Times: user=0.12 sys=0.00, real=0.03 secs] 
2022-11-23T17:40:51.474+0100: 7165.438: [GC pause (G1 Evacuation Pause) (young), 0.0255533 secs]
   [Parallel Time: 15.9 ms, GC Workers: 8]
      [GC Worker Start (ms): Min: 7165438.5, Avg: 7165447.7, Max: 7165454.1, Diff: 15.5]
      [Ext Root Scanning (ms): Min: 0.0, Avg: 0.5, Max: 2.0, Diff: 2.0, Sum: 4.0]
      [Update RS (ms): Min: 0.0, Avg: 1.7, Max: 5.3, Diff: 5.3, Sum: 13.9]
         [Processed Buffers: Min: 0, Avg: 4.5, Max: 21, Diff: 21, Sum: 36]
      [Scan RS (ms): Min: 0.0, Avg: 0.8, Max: 1.6, Diff: 1.6, Sum: 6.4]
      [Code Root Scanning (ms): Min: 0.0, Avg: 0.0, Max: 0.0, Diff: 0.0, Sum: 0.0]
      [Object Copy (ms): Min: 0.0, Avg: 2.9, Max: 5.9, Diff: 5.9, Sum: 23.2]
      [Termination (ms): Min: 0.0, Avg: 0.5, Max: 0.9, Diff: 0.9, Sum: 4.1]
         [Termination Attempts: Min: 1, Avg: 1.0, Max: 1, Diff: 0, Sum: 8]
      [GC Worker Other (ms): Min: 0.0, Avg: 0.0, Max: 0.0, Diff: 0.0, Sum: 0.1]
      [GC Worker Total (ms): Min: 0.0, Avg: 6.5, Max: 15.6, Diff: 15.6, Sum: 51.7]
      [GC Worker End (ms): Min: 7165454.1, Avg: 7165454.1, Max: 7165454.2, Diff: 0.1]
   [Code Root Fixup: 0.0 ms]
   [Code Root Purge: 0.0 ms]
   [Clear CT: 0.9 ms]
   [Other: 8.8 ms]
      [Choose CSet: 0.0 ms]
      [Ref Proc: 7.5 ms]
      [Ref Enq: 0.0 ms]
      [Redirty Cards: 0.8 ms]
      [Humongous Register: 0.1 ms]
      [Humongous Reclaim: 0.0 ms]
      [Free CSet: 0.0 ms]
   [Eden: 47104.0K(47104.0K)->0.0B(49152.0K) Survivors: 5120.0K->3072.0K Heap: 288.8M(1024.0M)->240.9M(1024.0M)]
 [Times: user=0.07 sys=0.00, real=0.02 secs] 
2022-11-23T17:41:00.157+0100: 7174.121: [GC pause (G1 Evacuation Pause) (young), 0.0299420 secs]
   [Parallel Time: 16.8 ms, GC Workers: 8]
      [GC Worker Start (ms): Min: 7174121.7, Avg: 7174126.6, Max: 7174131.5, Diff: 9.8]
      [Ext Root Scanning (ms): Min: 0.0, Avg: 4.2, Max: 15.4, Diff: 15.4, Sum: 34.0]
      [Update RS (ms): Min: 0.0, Avg: 2.5, Max: 8.4, Diff: 8.4, Sum: 19.9]
         [Processed Buffers: Min: 0, Avg: 6.2, Max: 21, Diff: 21, Sum: 50]
      [Scan RS (ms): Min: 0.0, Avg: 0.2, Max: 0.3, Diff: 0.3, Sum: 1.3]
      [Code Root Scanning (ms): Min: 0.0, Avg: 0.0, Max: 0.0, Diff: 0.0, Sum: 0.0]
      [Object Copy (ms): Min: 0.0, Avg: 3.4, Max: 4.7, Diff: 4.7, Sum: 27.0]
      [Termination (ms): Min: 0.0, Avg: 0.4, Max: 1.2, Diff: 1.2, Sum: 3.3]
         [Termination Attempts: Min: 1, Avg: 1.5, Max: 4, Diff: 3, Sum: 12]
      [GC Worker Other (ms): Min: 0.0, Avg: 0.0, Max: 0.0, Diff: 0.0, Sum: 0.1]
      [GC Worker Total (ms): Min: 5.8, Avg: 10.7, Max: 15.5, Diff: 9.7, Sum: 85.7]
      [GC Worker End (ms): Min: 7174137.2, Avg: 7174137.4, Max: 7174138.0, Diff: 0.8]
   [Code Root Fixup: 0.0 ms]
   [Code Root Purge: 0.0 ms]
   [Clear CT: 0.9 ms]
   [Other: 12.2 ms]
      [Choose CSet: 0.0 ms]
      [Ref Proc: 11.1 ms]
      [Ref Enq: 0.0 ms]
      [Redirty Cards: 0.6 ms]
      [Humongous Register: 0.1 ms]
      [Humongous Reclaim: 0.1 ms]
      [Free CSet: 0.1 ms]
   [Eden: 49152.0K(49152.0K)->0.0B(48128.0K) Survivors: 3072.0K->4096.0K Heap: 288.9M(1024.0M)->241.7M(1024.0M)]
 [Times: user=0.10 sys=0.00, real=0.03 secs] 
2022-11-23T17:41:08.821+0100: 7182.786: [GC pause (G1 Evacuation Pause) (young), 0.0855480 secs]
   [Parallel Time: 70.9 ms, GC Workers: 8]
      [GC Worker Start (ms): Min: 7182785.9, Avg: 7182814.5, Max: 7182827.3, Diff: 41.5]
      [Ext Root Scanning (ms): Min: 0.0, Avg: 9.2, Max: 70.1, Diff: 70.1, Sum: 73.4]
      [Update RS (ms): Min: 0.0, Avg: 2.1, Max: 16.6, Diff: 16.6, Sum: 16.6]
         [Processed Buffers: Min: 0, Avg: 6.0, Max: 48, Diff: 48, Sum: 48]
      [Scan RS (ms): Min: 0.0, Avg: 0.6, Max: 4.5, Diff: 4.5, Sum: 4.6]
      [Code Root Scanning (ms): Min: 0.0, Avg: 0.0, Max: 0.0, Diff: 0.0, Sum: 0.0]
      [Object Copy (ms): Min: 0.0, Avg: 3.3, Max: 14.2, Diff: 14.2, Sum: 26.7]
      [Termination (ms): Min: 0.0, Avg: 26.5, Max: 31.9, Diff: 31.9, Sum: 212.1]
         [Termination Attempts: Min: 1, Avg: 3.9, Max: 15, Diff: 14, Sum: 31]
      [GC Worker Other (ms): Min: 0.0, Avg: 0.0, Max: 0.0, Diff: 0.0, Sum: 0.1]
      [GC Worker Total (ms): Min: 28.9, Avg: 41.7, Max: 70.2, Diff: 41.3, Sum: 333.6]
      [GC Worker End (ms): Min: 7182856.1, Avg: 7182856.2, Max: 7182856.3, Diff: 0.2]
   [Code Root Fixup: 0.0 ms]
   [Code Root Purge: 0.0 ms]
   [Clear CT: 1.2 ms]
   [Other: 13.4 ms]
      [Choose CSet: 0.0 ms]
      [Ref Proc: 11.6 ms]
      [Ref Enq: 0.0 ms]
      [Redirty Cards: 1.2 ms]
      [Humongous Register: 0.1 ms]
      [Humongous Reclaim: 0.0 ms]
      [Free CSet: 0.1 ms]
   [Eden: 48128.0K(48128.0K)->0.0B(49152.0K) Survivors: 4096.0K->3072.0K Heap: 288.7M(1024.0M)->241.6M(1024.0M)]
 [Times: user=0.24 sys=0.03, real=0.08 secs] 
2022-11-23T17:41:17.434+0100: 7191.398: [GC pause (G1 Evacuation Pause) (young), 0.0251799 secs]
   [Parallel Time: 19.7 ms, GC Workers: 8]
      [GC Worker Start (ms): Min: 7191398.6, Avg: 7191407.4, Max: 7191414.9, Diff: 16.3]
      [Ext Root Scanning (ms): Min: 0.0, Avg: 0.4, Max: 3.4, Diff: 3.4, Sum: 3.5]
      [Update RS (ms): Min: 0.0, Avg: 2.1, Max: 7.0, Diff: 7.0, Sum: 16.5]
         [Processed Buffers: Min: 0, Avg: 5.2, Max: 14, Diff: 14, Sum: 42]
      [Scan RS (ms): Min: 0.1, Avg: 1.7, Max: 8.4, Diff: 8.4, Sum: 13.2]
      [Code Root Scanning (ms): Min: 0.0, Avg: 0.0, Max: 0.0, Diff: 0.0, Sum: 0.0]
      [Object Copy (ms): Min: 0.0, Avg: 3.3, Max: 4.8, Diff: 4.8, Sum: 26.2]
      [Termination (ms): Min: 0.0, Avg: 1.3, Max: 3.4, Diff: 3.4, Sum: 10.8]
         [Termination Attempts: Min: 1, Avg: 4.2, Max: 8, Diff: 7, Sum: 34]
      [GC Worker Other (ms): Min: 0.0, Avg: 0.0, Max: 0.0, Diff: 0.0, Sum: 0.1]
      [GC Worker Total (ms): Min: 0.9, Avg: 8.8, Max: 17.2, Diff: 16.3, Sum: 70.3]
      [GC Worker End (ms): Min: 7191415.8, Avg: 7191416.2, Max: 7191418.0, Diff: 2.3]
   [Code Root Fixup: 0.0 ms]
   [Code Root Purge: 0.0 ms]
   [Clear CT: 1.8 ms]
   [Other: 3.7 ms]
      [Choose CSet: 0.0 ms]
      [Ref Proc: 1.7 ms]
      [Ref Enq: 0.0 ms]
      [Redirty Cards: 1.4 ms]
      [Humongous Register: 0.1 ms]
      [Humongous Reclaim: 0.0 ms]
      [Free CSet: 0.1 ms]
   [Eden: 49152.0K(49152.0K)->0.0B(48128.0K) Survivors: 3072.0K->4096.0K Heap: 289.6M(1024.0M)->242.1M(1024.0M)]
 [Times: user=0.06 sys=0.01, real=0.02 secs] 
2022-11-23T17:41:26.439+0100: 7200.404: [GC pause (G1 Evacuation Pause) (young), 0.0409342 secs]
   [Parallel Time: 19.7 ms, GC Workers: 8]
      [GC Worker Start (ms): Min: 7200404.0, Avg: 7200412.7, Max: 7200414.1, Diff: 10.1]
      [Ext Root Scanning (ms): Min: 0.0, Avg: 0.5, Max: 3.6, Diff: 3.6, Sum: 3.7]
      [Update RS (ms): Min: 0.2, Avg: 1.6, Max: 6.4, Diff: 6.2, Sum: 12.4]
         [Processed Buffers: Min: 1, Avg: 5.2, Max: 13, Diff: 12, Sum: 42]
      [Scan RS (ms): Min: 0.0, Avg: 1.5, Max: 2.8, Diff: 2.8, Sum: 12.4]
      [Code Root Scanning (ms): Min: 0.0, Avg: 0.0, Max: 0.0, Diff: 0.0, Sum: 0.0]
      [Object Copy (ms): Min: 3.0, Avg: 4.4, Max: 6.4, Diff: 3.5, Sum: 35.6]
      [Termination (ms): Min: 0.0, Avg: 1.5, Max: 2.7, Diff: 2.7, Sum: 12.2]
         [Termination Attempts: Min: 1, Avg: 2.4, Max: 5, Diff: 4, Sum: 19]
      [GC Worker Other (ms): Min: 0.0, Avg: 0.0, Max: 0.1, Diff: 0.0, Sum: 0.2]
      [GC Worker Total (ms): Min: 7.9, Avg: 9.6, Max: 18.1, Diff: 10.1, Sum: 76.6]
      [GC Worker End (ms): Min: 7200422.0, Avg: 7200422.2, Max: 7200423.2, Diff: 1.2]
   [Code Root Fixup: 0.0 ms]
   [Code Root Purge: 0.0 ms]
   [Clear CT: 4.1 ms]
   [Other: 17.1 ms]
      [Choose CSet: 0.0 ms]
      [Ref Proc: 15.5 ms]
      [Ref Enq: 0.0 ms]
      [Redirty Cards: 1.0 ms]
      [Humongous Register: 0.1 ms]
      [Humongous Reclaim: 0.1 ms]
      [Free CSet: 0.1 ms]
   [Eden: 48128.0K(48128.0K)->0.0B(48128.0K) Survivors: 4096.0K->4096.0K Heap: 289.1M(1024.0M)->242.3M(1024.0M)]
 [Times: user=0.14 sys=0.00, real=0.04 secs] 
2022-11-23T17:41:33.701+0100: 7207.666: [GC pause (G1 Evacuation Pause) (young), 0.0276935 secs]
   [Parallel Time: 22.5 ms, GC Workers: 8]
      [GC Worker Start (ms): Min: 7207665.9, Avg: 7207670.3, Max: 7207675.4, Diff: 9.5]
      [Ext Root Scanning (ms): Min: 0.0, Avg: 0.6, Max: 2.0, Diff: 2.0, Sum: 4.5]
      [Update RS (ms): Min: 0.0, Avg: 2.8, Max: 5.3, Diff: 5.3, Sum: 22.7]
         [Processed Buffers: Min: 0, Avg: 7.0, Max: 20, Diff: 20, Sum: 56]
      [Scan RS (ms): Min: 2.2, Avg: 7.2, Max: 14.2, Diff: 12.0, Sum: 57.8]
      [Code Root Scanning (ms): Min: 0.0, Avg: 0.1, Max: 0.4, Diff: 0.4, Sum: 0.4]
      [Object Copy (ms): Min: 0.8, Avg: 6.7, Max: 10.2, Diff: 9.4, Sum: 53.6]
      [Termination (ms): Min: 0.0, Avg: 0.2, Max: 0.3, Diff: 0.3, Sum: 1.2]
         [Termination Attempts: Min: 1, Avg: 1.2, Max: 2, Diff: 1, Sum: 10]
      [GC Worker Other (ms): Min: 0.0, Avg: 0.0, Max: 0.0, Diff: 0.0, Sum: 0.2]
      [GC Worker Total (ms): Min: 12.4, Avg: 17.6, Max: 21.9, Diff: 9.5, Sum: 140.4]
      [GC Worker End (ms): Min: 7207687.9, Avg: 7207687.9, Max: 7207687.9, Diff: 0.1]
   [Code Root Fixup: 0.0 ms]
   [Code Root Purge: 0.0 ms]
   [Clear CT: 0.8 ms]
   [Other: 4.4 ms]
      [Choose CSet: 0.0 ms]
      [Ref Proc: 1.6 ms]
      [Ref Enq: 0.0 ms]
      [Redirty Cards: 2.0 ms]
      [Humongous Register: 0.1 ms]
      [Humongous Reclaim: 0.1 ms]
      [Free CSet: 0.2 ms]
   [Eden: 48128.0K(48128.0K)->0.0B(47104.0K) Survivors: 4096.0K->5120.0K Heap: 289.3M(1024.0M)->244.3M(1024.0M)]
 [Times: user=0.11 sys=0.00, real=0.02 secs] 
2022-11-23T17:41:41.427+0100: 7215.392: [GC pause (G1 Evacuation Pause) (young), 0.0521384 secs]
   [Parallel Time: 42.0 ms, GC Workers: 8]
      [GC Worker Start (ms): Min: 7215392.5, Avg: 7215407.7, Max: 7215415.4, Diff: 22.9]
      [Ext Root Scanning (ms): Min: 0.0, Avg: 0.4, Max: 2.9, Diff: 2.9, Sum: 3.1]
      [Update RS (ms): Min: 0.0, Avg: 1.8, Max: 10.9, Diff: 10.9, Sum: 14.4]
         [Processed Buffers: Min: 0, Avg: 6.0, Max: 20, Diff: 20, Sum: 48]
      [Scan RS (ms): Min: 3.5, Avg: 9.9, Max: 19.0, Diff: 15.5, Sum: 79.2]
      [Code Root Scanning (ms): Min: 0.0, Avg: 0.0, Max: 0.0, Diff: 0.0, Sum: 0.1]
      [Object Copy (ms): Min: 7.5, Avg: 13.5, Max: 14.6, Diff: 7.1, Sum: 108.1]
      [Termination (ms): Min: 0.0, Avg: 0.2, Max: 0.8, Diff: 0.8, Sum: 1.9]
         [Termination Attempts: Min: 1, Avg: 1.5, Max: 4, Diff: 3, Sum: 12]
      [GC Worker Other (ms): Min: 0.0, Avg: 0.0, Max: 0.0, Diff: 0.0, Sum: 0.2]
      [GC Worker Total (ms): Min: 18.0, Avg: 25.9, Max: 41.0, Diff: 22.9, Sum: 206.8]
      [GC Worker End (ms): Min: 7215433.5, Avg: 7215433.6, Max: 7215434.1, Diff: 0.7]
   [Code Root Fixup: 0.0 ms]
   [Code Root Purge: 0.0 ms]
   [Clear CT: 2.6 ms]
   [Other: 7.6 ms]
      [Choose CSet: 0.0 ms]
      [Ref Proc: 5.6 ms]
      [Ref Enq: 0.0 ms]
      [Redirty Cards: 1.3 ms]
      [Humongous Register: 0.2 ms]
      [Humongous Reclaim: 0.1 ms]
      [Free CSet: 0.1 ms]
   [Eden: 47104.0K(47104.0K)->0.0B(45056.0K) Survivors: 5120.0K->7168.0K Heap: 290.3M(1024.0M)->247.4M(1024.0M)]
 [Times: user=0.17 sys=0.01, real=0.05 secs] 
2022-11-23T17:41:49.386+0100: 7223.351: [GC pause (G1 Evacuation Pause) (young), 0.0431579 secs]
   [Parallel Time: 27.7 ms, GC Workers: 8]
      [GC Worker Start (ms): Min: 7223351.2, Avg: 7223355.4, Max: 7223365.4, Diff: 14.2]
      [Ext Root Scanning (ms): Min: 0.0, Avg: 0.5, Max: 1.4, Diff: 1.4, Sum: 3.9]
      [Update RS (ms): Min: 0.0, Avg: 2.8, Max: 17.2, Diff: 17.2, Sum: 22.3]
         [Processed Buffers: Min: 0, Avg: 5.8, Max: 23, Diff: 23, Sum: 46]
      [Scan RS (ms): Min: 0.0, Avg: 6.9, Max: 10.4, Diff: 10.4, Sum: 55.5]
      [Code Root Scanning (ms): Min: 0.0, Avg: 0.0, Max: 0.1, Diff: 0.1, Sum: 0.1]
      [Object Copy (ms): Min: 5.6, Avg: 10.6, Max: 12.4, Diff: 6.8, Sum: 84.7]
      [Termination (ms): Min: 0.0, Avg: 1.9, Max: 2.8, Diff: 2.8, Sum: 15.4]
         [Termination Attempts: Min: 1, Avg: 4.2, Max: 6, Diff: 5, Sum: 34]
      [GC Worker Other (ms): Min: 0.0, Avg: 0.0, Max: 0.0, Diff: 0.0, Sum: 0.1]
      [GC Worker Total (ms): Min: 13.1, Avg: 22.7, Max: 27.0, Diff: 13.9, Sum: 181.9]
      [GC Worker End (ms): Min: 7223378.0, Avg: 7223378.1, Max: 7223378.5, Diff: 0.5]
   [Code Root Fixup: 0.0 ms]
   [Code Root Purge: 0.0 ms]
   [Clear CT: 1.0 ms]
   [Other: 14.4 ms]
      [Choose CSet: 0.0 ms]
      [Ref Proc: 12.7 ms]
      [Ref Enq: 0.0 ms]
      [Redirty Cards: 1.0 ms]
      [Humongous Register: 0.1 ms]
      [Humongous Reclaim: 0.1 ms]
      [Free CSet: 0.2 ms]
   [Eden: 45056.0K(45056.0K)->0.0B(45056.0K) Survivors: 7168.0K->7168.0K Heap: 291.4M(1024.0M)->248.5M(1024.0M)]
 [Times: user=0.19 sys=0.00, real=0.04 secs] 
2022-11-23T17:41:58.078+0100: 7232.042: [GC pause (G1 Evacuation Pause) (young), 0.0564174 secs]
   [Parallel Time: 28.7 ms, GC Workers: 8]
      [GC Worker Start (ms): Min: 7232042.8, Avg: 7232050.6, Max: 7232054.8, Diff: 12.1]
      [Ext Root Scanning (ms): Min: 0.0, Avg: 0.5, Max: 2.1, Diff: 2.1, Sum: 3.7]
      [Update RS (ms): Min: 0.0, Avg: 1.3, Max: 3.9, Diff: 3.9, Sum: 10.7]
         [Processed Buffers: Min: 0, Avg: 6.1, Max: 19, Diff: 19, Sum: 49]
      [Scan RS (ms): Min: 6.4, Avg: 11.5, Max: 21.4, Diff: 15.1, Sum: 92.4]
      [Code Root Scanning (ms): Min: 0.0, Avg: 0.0, Max: 0.1, Diff: 0.1, Sum: 0.1]
      [Object Copy (ms): Min: 0.6, Avg: 6.7, Max: 9.7, Diff: 9.1, Sum: 53.7]
      [Termination (ms): Min: 0.0, Avg: 0.1, Max: 0.3, Diff: 0.3, Sum: 1.1]
         [Termination Attempts: Min: 1, Avg: 1.4, Max: 3, Diff: 2, Sum: 11]
      [GC Worker Other (ms): Min: 0.0, Avg: 0.0, Max: 0.0, Diff: 0.0, Sum: 0.1]
      [GC Worker Total (ms): Min: 16.0, Avg: 20.2, Max: 28.0, Diff: 12.1, Sum: 161.7]
      [GC Worker End (ms): Min: 7232070.8, Avg: 7232070.8, Max: 7232070.9, Diff: 0.1]
   [Code Root Fixup: 0.0 ms]
   [Code Root Purge: 0.0 ms]
   [Clear CT: 1.0 ms]
   [Other: 26.6 ms]
      [Choose CSet: 0.0 ms]
      [Ref Proc: 21.5 ms]
      [Ref Enq: 0.0 ms]
      [Redirty Cards: 4.3 ms]
      [Humongous Register: 0.1 ms]
      [Humongous Reclaim: 0.1 ms]
      [Free CSet: 0.1 ms]
   [Eden: 45056.0K(45056.0K)->0.0B(46080.0K) Survivors: 7168.0K->6144.0K Heap: 292.5M(1024.0M)->247.8M(1024.0M)]
 [Times: user=0.13 sys=0.00, real=0.06 secs] 
2022-11-23T17:42:06.475+0100: 7240.440: [GC pause (G1 Evacuation Pause) (young), 0.0355089 secs]
   [Parallel Time: 31.2 ms, GC Workers: 8]
      [GC Worker Start (ms): Min: 7240440.8, Avg: 7240448.5, Max: 7240455.5, Diff: 14.7]
      [Ext Root Scanning (ms): Min: 0.0, Avg: 0.6, Max: 1.9, Diff: 1.9, Sum: 4.4]
      [Update RS (ms): Min: 0.0, Avg: 1.7, Max: 3.7, Diff: 3.7, Sum: 13.4]
         [Processed Buffers: Min: 0, Avg: 6.9, Max: 20, Diff: 20, Sum: 55]
      [Scan RS (ms): Min: 1.5, Avg: 7.8, Max: 22.6, Diff: 21.1, Sum: 62.6]
      [Code Root Scanning (ms): Min: 0.0, Avg: 0.0, Max: 0.1, Diff: 0.1, Sum: 0.1]
      [Object Copy (ms): Min: 0.1, Avg: 7.4, Max: 9.0, Diff: 8.9, Sum: 59.6]
      [Termination (ms): Min: 0.0, Avg: 3.5, Max: 5.1, Diff: 5.1, Sum: 28.3]
         [Termination Attempts: Min: 1, Avg: 12.5, Max: 20, Diff: 19, Sum: 100]
      [GC Worker Other (ms): Min: 0.0, Avg: 0.0, Max: 0.0, Diff: 0.0, Sum: 0.2]
      [GC Worker Total (ms): Min: 13.9, Avg: 21.1, Max: 30.0, Diff: 16.1, Sum: 168.6]
      [GC Worker End (ms): Min: 7240469.1, Avg: 7240469.6, Max: 7240470.8, Diff: 1.7]
   [Code Root Fixup: 0.0 ms]
   [Code Root Purge: 0.0 ms]
   [Clear CT: 1.0 ms]
   [Other: 3.3 ms]
      [Choose CSet: 0.0 ms]
      [Ref Proc: 1.5 ms]
      [Ref Enq: 0.0 ms]
      [Redirty Cards: 0.9 ms]
      [Humongous Register: 0.2 ms]
      [Humongous Reclaim: 0.0 ms]
      [Free CSet: 0.1 ms]
   [Eden: 46080.0K(46080.0K)->0.0B(45056.0K) Survivors: 6144.0K->7168.0K Heap: 292.8M(1024.0M)->249.0M(1024.0M)]
 [Times: user=0.15 sys=0.00, real=0.04 secs] 
2022-11-23T17:42:15.894+0100: 7249.858: [GC pause (G1 Evacuation Pause) (young), 0.0921759 secs]
   [Parallel Time: 81.7 ms, GC Workers: 8]
      [GC Worker Start (ms): Min: 7249858.6, Avg: 7249878.7, Max: 7249895.4, Diff: 36.8]
      [Ext Root Scanning (ms): Min: 0.0, Avg: 0.6, Max: 2.2, Diff: 2.2, Sum: 4.5]
      [Update RS (ms): Min: 0.0, Avg: 1.4, Max: 5.5, Diff: 5.5, Sum: 10.9]
         [Processed Buffers: Min: 0, Avg: 6.4, Max: 33, Diff: 33, Sum: 51]
      [Scan RS (ms): Min: 0.7, Avg: 21.1, Max: 57.8, Diff: 57.1, Sum: 169.0]
      [Code Root Scanning (ms): Min: 0.0, Avg: 0.0, Max: 0.1, Diff: 0.1, Sum: 0.1]
      [Object Copy (ms): Min: 0.0, Avg: 6.9, Max: 21.0, Diff: 21.0, Sum: 55.0]
      [Termination (ms): Min: 0.0, Avg: 25.7, Max: 38.2, Diff: 38.2, Sum: 206.0]
         [Termination Attempts: Min: 1, Avg: 10.2, Max: 25, Diff: 24, Sum: 82]
      [GC Worker Other (ms): Min: 0.0, Avg: 0.0, Max: 0.0, Diff: 0.0, Sum: 0.1]
      [GC Worker Total (ms): Min: 37.9, Avg: 55.7, Max: 76.7, Diff: 38.8, Sum: 445.4]
      [GC Worker End (ms): Min: 7249933.3, Avg: 7249934.4, Max: 7249939.7, Diff: 6.3]
   [Code Root Fixup: 0.0 ms]
   [Code Root Purge: 0.0 ms]
   [Clear CT: 2.2 ms]
   [Other: 8.2 ms]
      [Choose CSet: 0.0 ms]
      [Ref Proc: 6.3 ms]
      [Ref Enq: 0.0 ms]
      [Redirty Cards: 1.1 ms]
      [Humongous Register: 0.1 ms]
      [Humongous Reclaim: 0.0 ms]
      [Free CSet: 0.2 ms]
   [Eden: 45056.0K(45056.0K)->0.0B(45056.0K) Survivors: 7168.0K->7168.0K Heap: 293.0M(1024.0M)->248.5M(1024.0M)]
 [Times: user=0.31 sys=0.03, real=0.09 secs] 
2022-11-23T17:42:23.924+0100: 7257.888: [GC pause (G1 Evacuation Pause) (young), 0.0796268 secs]
   [Parallel Time: 69.4 ms, GC Workers: 8]
      [GC Worker Start (ms): Min: 7257888.7, Avg: 7257895.2, Max: 7257898.1, Diff: 9.4]
      [Ext Root Scanning (ms): Min: 0.0, Avg: 0.5, Max: 2.0, Diff: 1.9, Sum: 3.8]
      [Update RS (ms): Min: 0.0, Avg: 1.2, Max: 5.1, Diff: 5.1, Sum: 9.6]
         [Processed Buffers: Min: 0, Avg: 6.1, Max: 30, Diff: 30, Sum: 49]
      [Scan RS (ms): Min: 6.1, Avg: 16.5, Max: 44.4, Diff: 38.3, Sum: 132.1]
      [Code Root Scanning (ms): Min: 0.0, Avg: 0.0, Max: 0.1, Diff: 0.1, Sum: 0.1]
      [Object Copy (ms): Min: 0.0, Avg: 4.4, Max: 6.0, Diff: 6.0, Sum: 35.2]
      [Termination (ms): Min: 0.4, Avg: 25.8, Max: 47.7, Diff: 47.3, Sum: 206.2]
         [Termination Attempts: Min: 1, Avg: 12.4, Max: 42, Diff: 41, Sum: 99]
      [GC Worker Other (ms): Min: 0.0, Avg: 0.0, Max: 0.1, Diff: 0.0, Sum: 0.2]
      [GC Worker Total (ms): Min: 43.4, Avg: 48.4, Max: 59.7, Diff: 16.3, Sum: 387.1]
      [GC Worker End (ms): Min: 7257941.5, Avg: 7257943.6, Max: 7257957.8, Diff: 16.3]
   [Code Root Fixup: 0.0 ms]
   [Code Root Purge: 0.0 ms]
   [Clear CT: 6.4 ms]
   [Other: 3.8 ms]
      [Choose CSet: 0.0 ms]
      [Ref Proc: 1.3 ms]
      [Ref Enq: 0.0 ms]
      [Redirty Cards: 2.0 ms]
      [Humongous Register: 0.1 ms]
      [Humongous Reclaim: 0.1 ms]
      [Free CSet: 0.1 ms]
   [Eden: 45056.0K(45056.0K)->0.0B(45056.0K) Survivors: 7168.0K->7168.0K Heap: 292.5M(1024.0M)->248.9M(1024.0M)]
 [Times: user=0.28 sys=0.06, real=0.08 secs] 
2022-11-23T17:42:32.556+0100: 7266.521: [GC pause (G1 Evacuation Pause) (young), 0.0630593 secs]
   [Parallel Time: 58.8 ms, GC Workers: 8]
      [GC Worker Start (ms): Min: 7266521.4, Avg: 7266530.7, Max: 7266545.7, Diff: 24.3]
      [Ext Root Scanning (ms): Min: 0.0, Avg: 0.5, Max: 1.9, Diff: 1.9, Sum: 3.9]
      [Update RS (ms): Min: 0.0, Avg: 7.8, Max: 43.8, Diff: 43.8, Sum: 62.4]
         [Processed Buffers: Min: 0, Avg: 6.6, Max: 27, Diff: 27, Sum: 53]
      [Scan RS (ms): Min: 0.0, Avg: 9.8, Max: 33.2, Diff: 33.2, Sum: 78.4]
      [Code Root Scanning (ms): Min: 0.0, Avg: 0.0, Max: 0.1, Diff: 0.1, Sum: 0.1]
      [Object Copy (ms): Min: 0.0, Avg: 5.1, Max: 10.5, Diff: 10.5, Sum: 41.1]
      [Termination (ms): Min: 0.0, Avg: 16.8, Max: 25.7, Diff: 25.7, Sum: 134.4]
         [Termination Attempts: Min: 1, Avg: 45.8, Max: 112, Diff: 111, Sum: 366]
      [GC Worker Other (ms): Min: 0.0, Avg: 0.0, Max: 0.0, Diff: 0.0, Sum: 0.1]
      [GC Worker Total (ms): Min: 28.1, Avg: 40.1, Max: 47.9, Diff: 19.7, Sum: 320.4]
      [GC Worker End (ms): Min: 7266569.2, Avg: 7266570.8, Max: 7266576.8, Diff: 7.6]
   [Code Root Fixup: 0.0 ms]
   [Code Root Purge: 0.0 ms]
   [Clear CT: 1.2 ms]
   [Other: 3.1 ms]
      [Choose CSet: 0.0 ms]
      [Ref Proc: 1.6 ms]
      [Ref Enq: 0.0 ms]
      [Redirty Cards: 0.9 ms]
      [Humongous Register: 0.1 ms]
      [Humongous Reclaim: 0.0 ms]
      [Free CSet: 0.1 ms]
   [Eden: 45056.0K(45056.0K)->0.0B(46080.0K) Survivors: 7168.0K->6144.0K Heap: 292.9M(1024.0M)->247.8M(1024.0M)]
 [Times: user=0.24 sys=0.03, real=0.06 secs] 
2022-11-23T17:42:39.944+0100: 7273.909: [GC pause (G1 Evacuation Pause) (young), 0.1027137 secs]
   [Parallel Time: 94.6 ms, GC Workers: 8]
      [GC Worker Start (ms): Min: 7273909.4, Avg: 7273934.9, Max: 7273958.9, Diff: 49.5]
      [Ext Root Scanning (ms): Min: 0.0, Avg: 0.5, Max: 1.5, Diff: 1.5, Sum: 3.9]
      [Update RS (ms): Min: 0.0, Avg: 1.0, Max: 2.7, Diff: 2.7, Sum: 7.8]
         [Processed Buffers: Min: 0, Avg: 5.6, Max: 17, Diff: 17, Sum: 45]
      [Scan RS (ms): Min: 0.4, Avg: 17.9, Max: 85.2, Diff: 84.7, Sum: 142.8]
      [Code Root Scanning (ms): Min: 0.0, Avg: 0.0, Max: 0.1, Diff: 0.1, Sum: 0.1]
      [Object Copy (ms): Min: 0.0, Avg: 6.6, Max: 16.9, Diff: 16.9, Sum: 52.9]
      [Termination (ms): Min: 1.3, Avg: 41.3, Max: 54.2, Diff: 52.9, Sum: 330.8]
         [Termination Attempts: Min: 1, Avg: 3.5, Max: 9, Diff: 8, Sum: 28]
      [GC Worker Other (ms): Min: 0.0, Avg: 0.0, Max: 0.0, Diff: 0.0, Sum: 0.2]
      [GC Worker Total (ms): Min: 43.2, Avg: 67.3, Max: 92.9, Diff: 49.6, Sum: 538.5]
      [GC Worker End (ms): Min: 7274002.1, Avg: 7274002.2, Max: 7274002.4, Diff: 0.3]
   [Code Root Fixup: 0.0 ms]
   [Code Root Purge: 0.0 ms]
   [Clear CT: 1.4 ms]
   [Other: 6.7 ms]
      [Choose CSet: 0.0 ms]
      [Ref Proc: 4.9 ms]
      [Ref Enq: 0.0 ms]
      [Redirty Cards: 1.1 ms]
      [Humongous Register: 0.2 ms]
      [Humongous Reclaim: 0.1 ms]
      [Free CSet: 0.1 ms]
   [Eden: 46080.0K(46080.0K)->0.0B(45056.0K) Survivors: 6144.0K->7168.0K Heap: 292.8M(1024.0M)->248.9M(1024.0M)]
 [Times: user=0.38 sys=0.01, real=0.10 secs] 
2022-11-23T17:42:47.911+0100: 7281.876: [GC pause (G1 Evacuation Pause) (young), 0.0325461 secs]
   [Parallel Time: 26.3 ms, GC Workers: 8]
      [GC Worker Start (ms): Min: 7281876.8, Avg: 7281878.6, Max: 7281881.1, Diff: 4.3]
      [Ext Root Scanning (ms): Min: 0.0, Avg: 0.5, Max: 1.3, Diff: 1.3, Sum: 3.9]
      [Update RS (ms): Min: 0.2, Avg: 2.8, Max: 8.3, Diff: 8.1, Sum: 22.4]
         [Processed Buffers: Min: 1, Avg: 6.8, Max: 14, Diff: 13, Sum: 54]
      [Scan RS (ms): Min: 3.7, Avg: 8.5, Max: 10.5, Diff: 6.8, Sum: 68.3]
      [Code Root Scanning (ms): Min: 0.0, Avg: 0.0, Max: 0.1, Diff: 0.1, Sum: 0.1]
      [Object Copy (ms): Min: 5.8, Avg: 8.0, Max: 11.9, Diff: 6.2, Sum: 64.1]
      [Termination (ms): Min: 0.0, Avg: 3.7, Max: 4.7, Diff: 4.7, Sum: 29.7]
         [Termination Attempts: Min: 1, Avg: 3.6, Max: 8, Diff: 7, Sum: 29]
      [GC Worker Other (ms): Min: 0.0, Avg: 0.0, Max: 0.0, Diff: 0.0, Sum: 0.2]
      [GC Worker Total (ms): Min: 21.1, Avg: 23.6, Max: 25.4, Diff: 4.4, Sum: 188.6]
      [GC Worker End (ms): Min: 7281902.2, Avg: 7281902.2, Max: 7281902.3, Diff: 0.1]
   [Code Root Fixup: 0.0 ms]
   [Code Root Purge: 0.0 ms]
   [Clear CT: 1.4 ms]
   [Other: 4.8 ms]
      [Choose CSet: 0.0 ms]
      [Ref Proc: 2.4 ms]
      [Ref Enq: 0.0 ms]
      [Redirty Cards: 1.6 ms]
      [Humongous Register: 0.1 ms]
      [Humongous Reclaim: 0.1 ms]
      [Free CSet: 0.2 ms]
   [Eden: 45056.0K(45056.0K)->0.0B(46080.0K) Survivors: 7168.0K->6144.0K Heap: 292.9M(1024.0M)->248.0M(1024.0M)]
 [Times: user=0.18 sys=0.00, real=0.03 secs] 
2022-11-23T17:42:55.189+0100: 7289.153: [GC pause (G1 Evacuation Pause) (young), 0.0450085 secs]
   [Parallel Time: 28.9 ms, GC Workers: 8]
      [GC Worker Start (ms): Min: 7289153.5, Avg: 7289165.0, Max: 7289172.2, Diff: 18.7]
      [Ext Root Scanning (ms): Min: 0.0, Avg: 0.5, Max: 1.9, Diff: 1.9, Sum: 3.8]
      [Update RS (ms): Min: 0.0, Avg: 1.0, Max: 4.2, Diff: 4.2, Sum: 8.3]
         [Processed Buffers: Min: 0, Avg: 5.8, Max: 27, Diff: 27, Sum: 46]
      [Scan RS (ms): Min: 0.0, Avg: 5.2, Max: 11.9, Diff: 11.9, Sum: 41.8]
      [Code Root Scanning (ms): Min: 0.0, Avg: 0.0, Max: 0.1, Diff: 0.1, Sum: 0.1]
      [Object Copy (ms): Min: 6.0, Avg: 6.8, Max: 9.1, Diff: 3.1, Sum: 54.1]
      [Termination (ms): Min: 0.0, Avg: 2.0, Max: 2.9, Diff: 2.9, Sum: 16.3]
         [Termination Attempts: Min: 1, Avg: 6.5, Max: 11, Diff: 10, Sum: 52]
      [GC Worker Other (ms): Min: 0.0, Avg: 0.0, Max: 0.0, Diff: 0.0, Sum: 0.1]
      [GC Worker Total (ms): Min: 8.3, Avg: 15.6, Max: 27.6, Diff: 19.3, Sum: 124.4]
      [GC Worker End (ms): Min: 7289180.4, Avg: 7289180.5, Max: 7289181.1, Diff: 0.7]
   [Code Root Fixup: 0.1 ms]
   [Code Root Purge: 0.0 ms]
   [Clear CT: 1.5 ms]
   [Other: 14.5 ms]
      [Choose CSet: 0.0 ms]
      [Ref Proc: 10.7 ms]
      [Ref Enq: 0.0 ms]
      [Redirty Cards: 3.2 ms]
      [Humongous Register: 0.1 ms]
      [Humongous Reclaim: 0.1 ms]
      [Free CSet: 0.1 ms]
   [Eden: 46080.0K(46080.0K)->0.0B(45056.0K) Survivors: 6144.0K->7168.0K Heap: 293.0M(1024.0M)->248.6M(1024.0M)]
 [Times: user=0.18 sys=0.00, real=0.05 secs] 
2022-11-23T17:43:03.874+0100: 7297.838: [GC pause (G1 Evacuation Pause) (young), 0.1037782 secs]
   [Parallel Time: 97.2 ms, GC Workers: 8]
      [GC Worker Start (ms): Min: 7297838.6, Avg: 7297848.9, Max: 7297856.5, Diff: 17.9]
      [Ext Root Scanning (ms): Min: 0.0, Avg: 0.5, Max: 4.0, Diff: 4.0, Sum: 4.2]
      [Update RS (ms): Min: 0.0, Avg: 8.3, Max: 53.9, Diff: 53.9, Sum: 66.2]
         [Processed Buffers: Min: 0, Avg: 6.6, Max: 22, Diff: 22, Sum: 53]
      [Scan RS (ms): Min: 0.3, Avg: 17.2, Max: 85.2, Diff: 85.0, Sum: 137.3]
      [Code Root Scanning (ms): Min: 0.0, Avg: 0.0, Max: 0.1, Diff: 0.1, Sum: 0.1]
      [Object Copy (ms): Min: 0.0, Avg: 6.4, Max: 9.2, Diff: 9.2, Sum: 51.4]
      [Termination (ms): Min: 0.0, Avg: 53.3, Max: 65.0, Diff: 65.0, Sum: 426.6]
         [Termination Attempts: Min: 1, Avg: 8.8, Max: 21, Diff: 20, Sum: 70]
      [GC Worker Other (ms): Min: 0.0, Avg: 0.0, Max: 0.0, Diff: 0.0, Sum: 0.2]
      [GC Worker Total (ms): Min: 78.1, Avg: 85.7, Max: 96.0, Diff: 17.9, Sum: 685.9]
      [GC Worker End (ms): Min: 7297934.6, Avg: 7297934.6, Max: 7297934.7, Diff: 0.1]
   [Code Root Fixup: 0.0 ms]
   [Code Root Purge: 0.0 ms]
   [Clear CT: 1.4 ms]
   [Other: 5.1 ms]
      [Choose CSet: 0.0 ms]
      [Ref Proc: 3.3 ms]
      [Ref Enq: 0.0 ms]
      [Redirty Cards: 1.2 ms]
      [Humongous Register: 0.1 ms]
      [Humongous Reclaim: 0.1 ms]
      [Free CSet: 0.1 ms]
   [Eden: 45056.0K(45056.0K)->0.0B(46080.0K) Survivors: 7168.0K->6144.0K Heap: 292.6M(1024.0M)->248.0M(1024.0M)]
 [Times: user=0.53 sys=0.02, real=0.10 secs] 
2022-11-23T17:43:11.458+0100: 7305.422: [GC pause (G1 Evacuation Pause) (young), 0.0515650 secs]
   [Parallel Time: 27.1 ms, GC Workers: 8]
      [GC Worker Start (ms): Min: 7305422.7, Avg: 7305426.1, Max: 7305433.3, Diff: 10.6]
      [Ext Root Scanning (ms): Min: 0.0, Avg: 2.1, Max: 12.5, Diff: 12.5, Sum: 17.0]
      [Update RS (ms): Min: 0.0, Avg: 1.1, Max: 2.3, Diff: 2.3, Sum: 8.7]
         [Processed Buffers: Min: 0, Avg: 5.5, Max: 13, Diff: 13, Sum: 44]
      [Scan RS (ms): Min: 3.1, Avg: 11.1, Max: 20.9, Diff: 17.7, Sum: 88.5]
      [Code Root Scanning (ms): Min: 0.0, Avg: 0.0, Max: 0.1, Diff: 0.1, Sum: 0.1]
      [Object Copy (ms): Min: 0.1, Avg: 7.0, Max: 10.4, Diff: 10.3, Sum: 56.3]
      [Termination (ms): Min: 0.0, Avg: 1.4, Max: 1.7, Diff: 1.7, Sum: 11.1]
         [Termination Attempts: Min: 1, Avg: 4.1, Max: 9, Diff: 8, Sum: 33]
      [GC Worker Other (ms): Min: 0.0, Avg: 0.0, Max: 0.0, Diff: 0.0, Sum: 0.2]
      [GC Worker Total (ms): Min: 15.5, Avg: 22.7, Max: 26.0, Diff: 10.6, Sum: 181.9]
      [GC Worker End (ms): Min: 7305448.7, Avg: 7305448.8, Max: 7305449.0, Diff: 0.3]
   [Code Root Fixup: 0.1 ms]
   [Code Root Purge: 0.0 ms]
   [Clear CT: 1.6 ms]
   [Other: 22.8 ms]
      [Choose CSet: 0.0 ms]
      [Ref Proc: 21.5 ms]
      [Ref Enq: 0.0 ms]
      [Redirty Cards: 0.5 ms]
      [Humongous Register: 0.2 ms]
      [Humongous Reclaim: 0.0 ms]
      [Free CSet: 0.1 ms]
   [Eden: 46080.0K(46080.0K)->0.0B(45056.0K) Survivors: 6144.0K->7168.0K Heap: 293.0M(1024.0M)->248.7M(1024.0M)]
 [Times: user=0.23 sys=0.00, real=0.05 secs] 
2022-11-23T17:43:20.076+0100: 7314.041: [GC pause (G1 Evacuation Pause) (young), 0.0449718 secs]
   [Parallel Time: 37.8 ms, GC Workers: 8]
      [GC Worker Start (ms): Min: 7314047.7, Avg: 7314064.3, Max: 7314078.2, Diff: 30.5]
      [Ext Root Scanning (ms): Min: 0.0, Avg: 0.5, Max: 2.1, Diff: 2.1, Sum: 4.2]
      [Update RS (ms): Min: 0.0, Avg: 2.5, Max: 11.6, Diff: 11.6, Sum: 20.0]
         [Processed Buffers: Min: 0, Avg: 6.1, Max: 20, Diff: 20, Sum: 49]
      [Scan RS (ms): Min: 0.0, Avg: 5.7, Max: 13.2, Diff: 13.2, Sum: 45.6]
      [Code Root Scanning (ms): Min: 0.0, Avg: 0.0, Max: 0.1, Diff: 0.1, Sum: 0.1]
      [Object Copy (ms): Min: 0.0, Avg: 5.0, Max: 9.5, Diff: 9.5, Sum: 39.8]
      [Termination (ms): Min: 0.0, Avg: 0.7, Max: 0.9, Diff: 0.9, Sum: 5.6]
         [Termination Attempts: Min: 1, Avg: 2.5, Max: 4, Diff: 3, Sum: 20]
      [GC Worker Other (ms): Min: 0.0, Avg: 0.1, Max: 0.4, Diff: 0.4, Sum: 0.5]
      [GC Worker Total (ms): Min: 0.6, Avg: 14.5, Max: 31.1, Diff: 30.5, Sum: 115.8]
      [GC Worker End (ms): Min: 7314078.7, Avg: 7314078.8, Max: 7314078.8, Diff: 0.1]
   [Code Root Fixup: 0.0 ms]
   [Code Root Purge: 0.0 ms]
   [Clear CT: 1.1 ms]
   [Other: 6.0 ms]
      [Choose CSet: 0.0 ms]
      [Ref Proc: 3.8 ms]
      [Ref Enq: 0.0 ms]
      [Redirty Cards: 0.9 ms]
      [Humongous Register: 0.6 ms]
      [Humongous Reclaim: 0.0 ms]
      [Free CSet: 0.2 ms]
   [Eden: 45056.0K(45056.0K)->0.0B(46080.0K) Survivors: 7168.0K->6144.0K Heap: 292.7M(1024.0M)->248.3M(1024.0M)]
 [Times: user=0.11 sys=0.00, real=0.05 secs] 
2022-11-23T17:43:28.089+0100: 7322.053: [GC pause (G1 Evacuation Pause) (young), 0.0438125 secs]
   [Parallel Time: 34.1 ms, GC Workers: 8]
      [GC Worker Start (ms): Min: 7322053.8, Avg: 7322063.0, Max: 7322075.5, Diff: 21.6]
      [Ext Root Scanning (ms): Min: 0.0, Avg: 0.8, Max: 4.5, Diff: 4.4, Sum: 6.6]
      [Update RS (ms): Min: 0.0, Avg: 2.0, Max: 9.9, Diff: 9.9, Sum: 15.8]
         [Processed Buffers: Min: 0, Avg: 5.5, Max: 17, Diff: 17, Sum: 44]
      [Scan RS (ms): Min: 0.0, Avg: 6.2, Max: 9.9, Diff: 9.9, Sum: 49.3]
      [Code Root Scanning (ms): Min: 0.0, Avg: 0.0, Max: 0.0, Diff: 0.0, Sum: 0.0]
      [Object Copy (ms): Min: 4.6, Avg: 9.4, Max: 15.8, Diff: 11.2, Sum: 75.2]
      [Termination (ms): Min: 0.0, Avg: 5.9, Max: 7.2, Diff: 7.2, Sum: 47.4]
         [Termination Attempts: Min: 1, Avg: 1.1, Max: 2, Diff: 1, Sum: 9]
      [GC Worker Other (ms): Min: 0.0, Avg: 0.0, Max: 0.1, Diff: 0.0, Sum: 0.2]
      [GC Worker Total (ms): Min: 11.8, Avg: 24.3, Max: 33.4, Diff: 21.6, Sum: 194.4]
      [GC Worker End (ms): Min: 7322087.3, Avg: 7322087.3, Max: 7322087.4, Diff: 0.1]
   [Code Root Fixup: 0.0 ms]
   [Code Root Purge: 0.0 ms]
   [Clear CT: 1.1 ms]
   [Other: 8.6 ms]
      [Choose CSet: 0.0 ms]
      [Ref Proc: 6.7 ms]
      [Ref Enq: 0.0 ms]
      [Redirty Cards: 1.1 ms]
      [Humongous Register: 0.1 ms]
      [Humongous Reclaim: 0.1 ms]
      [Free CSet: 0.1 ms]
   [Eden: 46080.0K(46080.0K)->0.0B(45056.0K) Survivors: 6144.0K->7168.0K Heap: 293.3M(1024.0M)->249.0M(1024.0M)]
 [Times: user=0.18 sys=0.00, real=0.05 secs] 
2022-11-23T17:43:36.217+0100: 7330.181: [GC pause (G1 Evacuation Pause) (young), 0.0567372 secs]
   [Parallel Time: 40.9 ms, GC Workers: 8]
      [GC Worker Start (ms): Min: 7330181.7, Avg: 7330189.0, Max: 7330195.5, Diff: 13.9]
      [Ext Root Scanning (ms): Min: 0.0, Avg: 0.5, Max: 1.3, Diff: 1.3, Sum: 3.9]
      [Update RS (ms): Min: 0.0, Avg: 1.1, Max: 2.7, Diff: 2.7, Sum: 8.4]
         [Processed Buffers: Min: 0, Avg: 5.9, Max: 17, Diff: 17, Sum: 47]
      [Scan RS (ms): Min: 0.6, Avg: 10.8, Max: 35.0, Diff: 34.4, Sum: 86.2]
      [Code Root Scanning (ms): Min: 0.0, Avg: 0.0, Max: 0.0, Diff: 0.0, Sum: 0.0]
      [Object Copy (ms): Min: 0.0, Avg: 8.1, Max: 11.6, Diff: 11.6, Sum: 64.5]
      [Termination (ms): Min: 0.0, Avg: 11.4, Max: 13.2, Diff: 13.2, Sum: 90.8]
         [Termination Attempts: Min: 1, Avg: 27.9, Max: 56, Diff: 55, Sum: 223]
      [GC Worker Other (ms): Min: 0.0, Avg: 0.0, Max: 0.0, Diff: 0.0, Sum: 0.2]
      [GC Worker Total (ms): Min: 25.3, Avg: 31.7, Max: 39.2, Diff: 13.9, Sum: 254.0]
      [GC Worker End (ms): Min: 7330220.7, Avg: 7330220.8, Max: 7330220.9, Diff: 0.2]
   [Code Root Fixup: 0.0 ms]
   [Code Root Purge: 0.0 ms]
   [Clear CT: 0.9 ms]
   [Other: 14.9 ms]
      [Choose CSet: 0.0 ms]
      [Ref Proc: 10.6 ms]
      [Ref Enq: 0.0 ms]
      [Redirty Cards: 3.4 ms]
      [Humongous Register: 0.1 ms]
      [Humongous Reclaim: 0.1 ms]
      [Free CSet: 0.1 ms]
   [Eden: 45056.0K(45056.0K)->0.0B(47104.0K) Survivors: 7168.0K->5120.0K Heap: 293.0M(1024.0M)->248.1M(1024.0M)]
 [Times: user=0.27 sys=0.01, real=0.06 secs] 
2022-11-23T17:43:45.149+0100: 7339.113: [GC pause (G1 Evacuation Pause) (young), 0.0386150 secs]
   [Parallel Time: 22.9 ms, GC Workers: 8]
      [GC Worker Start (ms): Min: 7339113.8, Avg: 7339121.8, Max: 7339135.1, Diff: 21.3]
      [Ext Root Scanning (ms): Min: 0.0, Avg: 0.6, Max: 2.4, Diff: 2.4, Sum: 4.8]
      [Update RS (ms): Min: 0.0, Avg: 1.5, Max: 3.6, Diff: 3.6, Sum: 11.6]
         [Processed Buffers: Min: 0, Avg: 6.4, Max: 22, Diff: 22, Sum: 51]
      [Scan RS (ms): Min: 0.0, Avg: 5.6, Max: 13.9, Diff: 13.8, Sum: 44.8]
      [Code Root Scanning (ms): Min: 0.0, Avg: 0.0, Max: 0.0, Diff: 0.0, Sum: 0.0]
      [Object Copy (ms): Min: 0.0, Avg: 5.4, Max: 7.2, Diff: 7.2, Sum: 43.3]
      [Termination (ms): Min: 0.0, Avg: 0.8, Max: 1.5, Diff: 1.5, Sum: 6.8]
         [Termination Attempts: Min: 1, Avg: 1.2, Max: 2, Diff: 1, Sum: 10]
      [GC Worker Other (ms): Min: 0.0, Avg: 0.0, Max: 0.0, Diff: 0.0, Sum: 0.2]
      [GC Worker Total (ms): Min: 0.1, Avg: 13.9, Max: 21.4, Diff: 21.3, Sum: 111.5]
      [GC Worker End (ms): Min: 7339135.2, Avg: 7339135.8, Max: 7339136.4, Diff: 1.2]
   [Code Root Fixup: 0.0 ms]
   [Code Root Purge: 0.0 ms]
   [Clear CT: 8.1 ms]
   [Other: 7.6 ms]
      [Choose CSet: 0.0 ms]
      [Ref Proc: 6.1 ms]
      [Ref Enq: 0.0 ms]
      [Redirty Cards: 0.9 ms]
      [Humongous Register: 0.1 ms]
      [Humongous Reclaim: 0.0 ms]
      [Free CSet: 0.1 ms]
   [Eden: 47104.0K(47104.0K)->0.0B(49152.0K) Survivors: 5120.0K->3072.0K Heap: 294.1M(1024.0M)->248.5M(1024.0M)]
 [Times: user=0.09 sys=0.03, real=0.04 secs] 
2022-11-23T17:43:52.658+0100: 7346.623: [GC pause (G1 Evacuation Pause) (young), 0.0363037 secs]
   [Parallel Time: 23.8 ms, GC Workers: 8]
      [GC Worker Start (ms): Min: 7346623.3, Avg: 7346629.7, Max: 7346645.4, Diff: 22.1]
      [Ext Root Scanning (ms): Min: 0.0, Avg: 0.5, Max: 1.3, Diff: 1.2, Sum: 4.0]
      [Update RS (ms): Min: 0.0, Avg: 1.2, Max: 2.2, Diff: 2.2, Sum: 9.9]
         [Processed Buffers: Min: 0, Avg: 5.9, Max: 22, Diff: 22, Sum: 47]
      [Scan RS (ms): Min: 0.0, Avg: 0.3, Max: 0.5, Diff: 0.5, Sum: 2.1]
      [Code Root Scanning (ms): Min: 0.0, Avg: 0.0, Max: 0.0, Diff: 0.0, Sum: 0.0]
      [Object Copy (ms): Min: 0.3, Avg: 14.3, Max: 19.6, Diff: 19.3, Sum: 114.4]
      [Termination (ms): Min: 0.0, Avg: 0.4, Max: 0.7, Diff: 0.7, Sum: 3.0]
         [Termination Attempts: Min: 1, Avg: 1.4, Max: 3, Diff: 2, Sum: 11]
      [GC Worker Other (ms): Min: 0.0, Avg: 0.0, Max: 0.1, Diff: 0.0, Sum: 0.2]
      [GC Worker Total (ms): Min: 0.9, Avg: 16.7, Max: 23.0, Diff: 22.1, Sum: 133.5]
      [GC Worker End (ms): Min: 7346646.3, Avg: 7346646.3, Max: 7346646.5, Diff: 0.2]
   [Code Root Fixup: 0.0 ms]
   [Code Root Purge: 0.0 ms]
   [Clear CT: 0.9 ms]
   [Other: 11.6 ms]
      [Choose CSet: 0.0 ms]
      [Ref Proc: 10.1 ms]
      [Ref Enq: 0.0 ms]
      [Redirty Cards: 0.9 ms]
      [Humongous Register: 0.0 ms]
      [Humongous Reclaim: 0.1 ms]
      [Free CSet: 0.1 ms]
   [Eden: 49152.0K(49152.0K)->0.0B(50176.0K) Survivors: 3072.0K->2048.0K Heap: 296.5M(1024.0M)->248.6M(1024.0M)]
 [Times: user=0.07 sys=0.03, real=0.07 secs] 
2022-11-23T17:44:02.766+0100: 7356.731: [GC pause (G1 Evacuation Pause) (young), 0.0281842 secs]
   [Parallel Time: 13.0 ms, GC Workers: 8]
      [GC Worker Start (ms): Min: 7356731.6, Avg: 7356738.1, Max: 7356743.6, Diff: 12.0]
      [Ext Root Scanning (ms): Min: 0.0, Avg: 0.8, Max: 2.2, Diff: 2.2, Sum: 6.3]
      [Update RS (ms): Min: 0.0, Avg: 0.9, Max: 2.3, Diff: 2.3, Sum: 6.8]
         [Processed Buffers: Min: 0, Avg: 4.4, Max: 22, Diff: 22, Sum: 35]
      [Scan RS (ms): Min: 0.0, Avg: 0.0, Max: 0.1, Diff: 0.1, Sum: 0.1]
      [Code Root Scanning (ms): Min: 0.0, Avg: 0.0, Max: 0.0, Diff: 0.0, Sum: 0.0]
      [Object Copy (ms): Min: 0.0, Avg: 1.3, Max: 3.6, Diff: 3.6, Sum: 10.4]
      [Termination (ms): Min: 0.0, Avg: 2.6, Max: 4.3, Diff: 4.3, Sum: 21.0]
         [Termination Attempts: Min: 1, Avg: 1.6, Max: 3, Diff: 2, Sum: 13]
      [GC Worker Other (ms): Min: 0.0, Avg: 0.0, Max: 0.0, Diff: 0.0, Sum: 0.1]
      [GC Worker Total (ms): Min: 0.0, Avg: 5.6, Max: 12.2, Diff: 12.2, Sum: 44.7]
      [GC Worker End (ms): Min: 7356743.7, Avg: 7356743.7, Max: 7356743.8, Diff: 0.1]
   [Code Root Fixup: 0.0 ms]
   [Code Root Purge: 0.0 ms]
   [Clear CT: 1.9 ms]
   [Other: 13.3 ms]
      [Choose CSet: 0.0 ms]
      [Ref Proc: 11.6 ms]
      [Ref Enq: 0.0 ms]
      [Redirty Cards: 0.6 ms]
      [Humongous Register: 0.1 ms]
      [Humongous Reclaim: 0.4 ms]
      [Free CSet: 0.1 ms]
   [Eden: 50176.0K(50176.0K)->0.0B(50176.0K) Survivors: 2048.0K->2048.0K Heap: 297.6M(1024.0M)->248.2M(1024.0M)]
 [Times: user=0.07 sys=0.00, real=0.03 secs] 
2022-11-23T17:44:13.624+0100: 7367.589: [GC pause (G1 Evacuation Pause) (young), 0.0589189 secs]
   [Parallel Time: 24.5 ms, GC Workers: 8]
      [GC Worker Start (ms): Min: 7367589.1, Avg: 7367598.3, Max: 7367603.2, Diff: 14.1]
      [Ext Root Scanning (ms): Min: 0.0, Avg: 0.5, Max: 3.9, Diff: 3.9, Sum: 4.0]
      [Update RS (ms): Min: 0.0, Avg: 2.7, Max: 19.7, Diff: 19.7, Sum: 21.3]
         [Processed Buffers: Min: 0, Avg: 4.1, Max: 14, Diff: 14, Sum: 33]
      [Scan RS (ms): Min: 0.0, Avg: 0.0, Max: 0.0, Diff: 0.0, Sum: 0.1]
      [Code Root Scanning (ms): Min: 0.0, Avg: 0.0, Max: 0.0, Diff: 0.0, Sum: 0.0]
      [Object Copy (ms): Min: 0.0, Avg: 2.3, Max: 6.2, Diff: 6.2, Sum: 18.7]
      [Termination (ms): Min: 0.0, Avg: 9.1, Max: 11.0, Diff: 11.0, Sum: 73.1]
         [Termination Attempts: Min: 1, Avg: 2.9, Max: 8, Diff: 7, Sum: 23]
      [GC Worker Other (ms): Min: 0.0, Avg: 0.0, Max: 0.0, Diff: 0.0, Sum: 0.1]
      [GC Worker Total (ms): Min: 9.8, Avg: 14.7, Max: 23.9, Diff: 14.1, Sum: 117.4]
      [GC Worker End (ms): Min: 7367612.9, Avg: 7367613.0, Max: 7367613.1, Diff: 0.2]
   [Code Root Fixup: 0.0 ms]
   [Code Root Purge: 0.0 ms]
   [Clear CT: 10.3 ms]
   [Other: 24.2 ms]
      [Choose CSet: 0.0 ms]
      [Ref Proc: 22.5 ms]
      [Ref Enq: 0.0 ms]
      [Redirty Cards: 1.0 ms]
      [Humongous Register: 0.2 ms]
      [Humongous Reclaim: 0.1 ms]
      [Free CSet: 0.1 ms]
   [Eden: 50176.0K(50176.0K)->0.0B(50176.0K) Survivors: 2048.0K->2048.0K Heap: 297.2M(1024.0M)->248.7M(1024.0M)]
 [Times: user=0.05 sys=0.03, real=0.06 secs] 
2022-11-23T17:44:23.153+0100: 7377.118: [GC pause (G1 Evacuation Pause) (young), 0.0194025 secs]
   [Parallel Time: 13.8 ms, GC Workers: 8]
      [GC Worker Start (ms): Min: 7377118.3, Avg: 7377125.8, Max: 7377130.1, Diff: 11.8]
      [Ext Root Scanning (ms): Min: 0.0, Avg: 0.5, Max: 1.9, Diff: 1.9, Sum: 3.9]
      [Update RS (ms): Min: 0.0, Avg: 0.6, Max: 2.4, Diff: 2.4, Sum: 4.8]
         [Processed Buffers: Min: 0, Avg: 3.9, Max: 18, Diff: 18, Sum: 31]
      [Scan RS (ms): Min: 0.0, Avg: 0.0, Max: 0.0, Diff: 0.0, Sum: 0.1]
      [Code Root Scanning (ms): Min: 0.0, Avg: 0.0, Max: 0.0, Diff: 0.0, Sum: 0.0]
      [Object Copy (ms): Min: 0.0, Avg: 2.4, Max: 6.6, Diff: 6.6, Sum: 19.6]
      [Termination (ms): Min: 0.0, Avg: 0.7, Max: 1.0, Diff: 1.0, Sum: 5.8]
         [Termination Attempts: Min: 1, Avg: 2.6, Max: 7, Diff: 6, Sum: 21]
      [GC Worker Other (ms): Min: 0.0, Avg: 0.0, Max: 0.0, Diff: 0.0, Sum: 0.1]
      [GC Worker Total (ms): Min: 0.0, Avg: 4.3, Max: 11.8, Diff: 11.8, Sum: 34.3]
      [GC Worker End (ms): Min: 7377130.1, Avg: 7377130.1, Max: 7377130.1, Diff: 0.1]
   [Code Root Fixup: 0.0 ms]
   [Code Root Purge: 0.0 ms]
   [Clear CT: 1.2 ms]
   [Other: 4.3 ms]
      [Choose CSet: 0.0 ms]
      [Ref Proc: 3.0 ms]
      [Ref Enq: 0.0 ms]
      [Redirty Cards: 0.8 ms]
      [Humongous Register: 0.1 ms]
      [Humongous Reclaim: 0.0 ms]
      [Free CSet: 0.0 ms]
   [Eden: 50176.0K(50176.0K)->0.0B(50176.0K) Survivors: 2048.0K->2048.0K Heap: 297.7M(1024.0M)->248.6M(1024.0M)]
 [Times: user=0.03 sys=0.02, real=0.02 secs] 
2022-11-23T17:44:31.920+0100: 7385.884: [GC pause (G1 Evacuation Pause) (young), 0.0180986 secs]
   [Parallel Time: 14.7 ms, GC Workers: 8]
      [GC Worker Start (ms): Min: 7385884.6, Avg: 7385892.1, Max: 7385895.0, Diff: 10.4]
      [Ext Root Scanning (ms): Min: 0.0, Avg: 0.5, Max: 1.9, Diff: 1.9, Sum: 3.8]
      [Update RS (ms): Min: 0.0, Avg: 0.7, Max: 2.7, Diff: 2.7, Sum: 5.3]
         [Processed Buffers: Min: 0, Avg: 3.9, Max: 20, Diff: 20, Sum: 31]
      [Scan RS (ms): Min: 0.0, Avg: 0.0, Max: 0.1, Diff: 0.1, Sum: 0.1]
      [Code Root Scanning (ms): Min: 0.0, Avg: 0.0, Max: 0.0, Diff: 0.0, Sum: 0.0]
      [Object Copy (ms): Min: 0.0, Avg: 1.6, Max: 5.7, Diff: 5.7, Sum: 12.8]
      [Termination (ms): Min: 0.0, Avg: 0.3, Max: 0.6, Diff: 0.6, Sum: 2.3]
         [Termination Attempts: Min: 1, Avg: 1.8, Max: 3, Diff: 2, Sum: 14]
      [GC Worker Other (ms): Min: 0.0, Avg: 0.0, Max: 0.0, Diff: 0.0, Sum: 0.1]
      [GC Worker Total (ms): Min: 0.0, Avg: 3.1, Max: 10.9, Diff: 10.8, Sum: 24.4]
      [GC Worker End (ms): Min: 7385895.1, Avg: 7385895.2, Max: 7385895.5, Diff: 0.4]
   [Code Root Fixup: 0.0 ms]
   [Code Root Purge: 0.0 ms]
   [Clear CT: 0.2 ms]
   [Other: 3.2 ms]
      [Choose CSet: 0.0 ms]
      [Ref Proc: 2.4 ms]
      [Ref Enq: 0.0 ms]
      [Redirty Cards: 0.1 ms]
      [Humongous Register: 0.1 ms]
      [Humongous Reclaim: 0.1 ms]
      [Free CSet: 0.1 ms]
   [Eden: 50176.0K(50176.0K)->0.0B(49152.0K) Survivors: 2048.0K->3072.0K Heap: 297.6M(1024.0M)->249.5M(1024.0M)]
 [Times: user=0.03 sys=0.00, real=0.02 secs] 
2022-11-23T17:44:40.424+0100: 7394.389: [GC pause (G1 Evacuation Pause) (young), 0.0282254 secs]
   [Parallel Time: 17.5 ms, GC Workers: 8]
      [GC Worker Start (ms): Min: 7394388.9, Avg: 7394389.8, Max: 7394391.2, Diff: 2.3]
      [Ext Root Scanning (ms): Min: 0.0, Avg: 0.5, Max: 1.3, Diff: 1.3, Sum: 4.2]
      [Update RS (ms): Min: 0.0, Avg: 0.6, Max: 1.0, Diff: 1.0, Sum: 5.0]
         [Processed Buffers: Min: 0, Avg: 4.2, Max: 8, Diff: 8, Sum: 34]
      [Scan RS (ms): Min: 0.0, Avg: 0.0, Max: 0.0, Diff: 0.0, Sum: 0.1]
      [Code Root Scanning (ms): Min: 0.0, Avg: 0.0, Max: 0.0, Diff: 0.0, Sum: 0.0]
      [Object Copy (ms): Min: 7.0, Avg: 8.4, Max: 14.6, Diff: 7.6, Sum: 67.2]
      [Termination (ms): Min: 0.0, Avg: 6.2, Max: 7.7, Diff: 7.7, Sum: 49.8]
         [Termination Attempts: Min: 1, Avg: 1.0, Max: 1, Diff: 0, Sum: 8]
      [GC Worker Other (ms): Min: 0.0, Avg: 0.0, Max: 0.0, Diff: 0.0, Sum: 0.1]
      [GC Worker Total (ms): Min: 14.4, Avg: 15.8, Max: 16.7, Diff: 2.3, Sum: 126.4]
      [GC Worker End (ms): Min: 7394405.5, Avg: 7394405.6, Max: 7394405.9, Diff: 0.4]
   [Code Root Fixup: 0.0 ms]
   [Code Root Purge: 0.0 ms]
   [Clear CT: 4.4 ms]
   [Other: 6.2 ms]
      [Choose CSet: 0.0 ms]
      [Ref Proc: 3.6 ms]
      [Ref Enq: 0.0 ms]
      [Redirty Cards: 2.0 ms]
      [Humongous Register: 0.0 ms]
      [Humongous Reclaim: 0.1 ms]
      [Free CSet: 0.1 ms]
   [Eden: 49152.0K(49152.0K)->0.0B(50176.0K) Survivors: 3072.0K->2048.0K Heap: 297.5M(1024.0M)->249.0M(1024.0M)]
 [Times: user=0.10 sys=0.01, real=0.03 secs] 
2022-11-23T17:44:49.526+0100: 7403.491: [GC pause (G1 Evacuation Pause) (young), 0.0511791 secs]
   [Parallel Time: 47.7 ms, GC Workers: 8]
      [GC Worker Start (ms): Min: 7403491.0, Avg: 7403504.9, Max: 7403515.8, Diff: 24.7]
      [Ext Root Scanning (ms): Min: 0.0, Avg: 0.4, Max: 3.4, Diff: 3.4, Sum: 3.5]
      [Update RS (ms): Min: 0.0, Avg: 12.4, Max: 42.5, Diff: 42.5, Sum: 99.5]
         [Processed Buffers: Min: 0, Avg: 4.5, Max: 30, Diff: 30, Sum: 36]
      [Scan RS (ms): Min: 0.0, Avg: 0.0, Max: 0.0, Diff: 0.0, Sum: 0.1]
      [Code Root Scanning (ms): Min: 0.0, Avg: 0.0, Max: 0.0, Diff: 0.0, Sum: 0.0]
      [Object Copy (ms): Min: 0.0, Avg: 2.1, Max: 11.9, Diff: 11.9, Sum: 16.4]
      [Termination (ms): Min: 0.0, Avg: 18.1, Max: 28.5, Diff: 28.5, Sum: 144.7]
         [Termination Attempts: Min: 1, Avg: 4.1, Max: 9, Diff: 8, Sum: 33]
      [GC Worker Other (ms): Min: 0.0, Avg: 0.0, Max: 0.0, Diff: 0.0, Sum: 0.1]
      [GC Worker Total (ms): Min: 22.2, Avg: 33.0, Max: 46.9, Diff: 24.7, Sum: 264.3]
      [GC Worker End (ms): Min: 7403538.0, Avg: 7403538.0, Max: 7403538.0, Diff: 0.0]
   [Code Root Fixup: 0.0 ms]
   [Code Root Purge: 0.0 ms]
   [Clear CT: 1.1 ms]
   [Other: 2.4 ms]
      [Choose CSet: 0.0 ms]
      [Ref Proc: 0.8 ms]
      [Ref Enq: 0.0 ms]
      [Redirty Cards: 1.0 ms]
      [Humongous Register: 0.1 ms]
      [Humongous Reclaim: 0.0 ms]
      [Free CSet: 0.1 ms]
   [Eden: 50176.0K(50176.0K)->0.0B(49152.0K) Survivors: 2048.0K->3072.0K Heap: 298.0M(1024.0M)->249.8M(1024.0M)]
 [Times: user=0.20 sys=0.03, real=0.05 secs] 
2022-11-23T17:45:02.321+0100: 7416.286: [GC pause (G1 Evacuation Pause) (young), 0.0263199 secs]
   [Parallel Time: 19.3 ms, GC Workers: 8]
      [GC Worker Start (ms): Min: 7416286.3, Avg: 7416293.6, Max: 7416297.3, Diff: 11.0]
      [Ext Root Scanning (ms): Min: 0.0, Avg: 0.5, Max: 2.2, Diff: 2.2, Sum: 4.4]
      [Update RS (ms): Min: 0.0, Avg: 0.6, Max: 2.4, Diff: 2.4, Sum: 4.7]
         [Processed Buffers: Min: 0, Avg: 5.0, Max: 21, Diff: 21, Sum: 40]
      [Scan RS (ms): Min: 0.0, Avg: 0.0, Max: 0.1, Diff: 0.1, Sum: 0.1]
      [Code Root Scanning (ms): Min: 0.0, Avg: 0.0, Max: 0.0, Diff: 0.0, Sum: 0.0]
      [Object Copy (ms): Min: 0.0, Avg: 3.5, Max: 14.4, Diff: 14.4, Sum: 28.3]
      [Termination (ms): Min: 0.0, Avg: 7.1, Max: 9.0, Diff: 9.0, Sum: 56.7]
         [Termination Attempts: Min: 1, Avg: 1.2, Max: 2, Diff: 1, Sum: 10]
      [GC Worker Other (ms): Min: 0.0, Avg: 0.0, Max: 0.0, Diff: 0.0, Sum: 0.1]
      [GC Worker Total (ms): Min: 8.1, Avg: 11.8, Max: 19.0, Diff: 10.9, Sum: 94.2]
      [GC Worker End (ms): Min: 7416305.4, Avg: 7416305.4, Max: 7416305.4, Diff: 0.1]
   [Code Root Fixup: 0.0 ms]
   [Code Root Purge: 0.0 ms]
   [Clear CT: 1.1 ms]
   [Other: 5.9 ms]
      [Choose CSet: 0.0 ms]
      [Ref Proc: 3.2 ms]
      [Ref Enq: 0.0 ms]
      [Redirty Cards: 1.8 ms]
      [Humongous Register: 0.4 ms]
      [Humongous Reclaim: 0.1 ms]
      [Free CSet: 0.1 ms]
   [Eden: 49152.0K(49152.0K)->0.0B(50176.0K) Survivors: 3072.0K->2048.0K Heap: 297.8M(1024.0M)->249.2M(1024.0M)]
 [Times: user=0.07 sys=0.01, real=0.02 secs] 
2022-11-23T17:45:09.773+0100: 7423.738: [GC pause (G1 Evacuation Pause) (young), 0.0538542 secs]
   [Parallel Time: 45.1 ms, GC Workers: 8]
      [GC Worker Start (ms): Min: 7423737.9, Avg: 7423746.6, Max: 7423775.4, Diff: 37.5]
      [Ext Root Scanning (ms): Min: 0.0, Avg: 0.4, Max: 1.4, Diff: 1.4, Sum: 3.6]
      [Update RS (ms): Min: 0.0, Avg: 5.8, Max: 42.9, Diff: 42.9, Sum: 46.6]
         [Processed Buffers: Min: 0, Avg: 4.4, Max: 18, Diff: 18, Sum: 35]
      [Scan RS (ms): Min: 0.0, Avg: 0.0, Max: 0.0, Diff: 0.0, Sum: 0.1]
      [Code Root Scanning (ms): Min: 0.0, Avg: 0.0, Max: 0.0, Diff: 0.0, Sum: 0.0]
      [Object Copy (ms): Min: 0.1, Avg: 1.9, Max: 5.6, Diff: 5.6, Sum: 15.0]
      [Termination (ms): Min: 0.0, Avg: 27.5, Max: 36.2, Diff: 36.2, Sum: 219.8]
         [Termination Attempts: Min: 1, Avg: 20.9, Max: 36, Diff: 35, Sum: 167]
      [GC Worker Other (ms): Min: 0.0, Avg: 0.0, Max: 0.1, Diff: 0.1, Sum: 0.2]
      [GC Worker Total (ms): Min: 6.9, Avg: 35.7, Max: 44.3, Diff: 37.5, Sum: 285.3]
      [GC Worker End (ms): Min: 7423782.2, Avg: 7423782.2, Max: 7423782.3, Diff: 0.0]
   [Code Root Fixup: 0.0 ms]
   [Code Root Purge: 0.0 ms]
   [Clear CT: 1.1 ms]
   [Other: 7.7 ms]
      [Choose CSet: 0.0 ms]
      [Ref Proc: 6.1 ms]
      [Ref Enq: 0.0 ms]
      [Redirty Cards: 1.0 ms]
      [Humongous Register: 0.1 ms]
      [Humongous Reclaim: 0.1 ms]
      [Free CSet: 0.1 ms]
   [Eden: 50176.0K(50176.0K)->0.0B(48128.0K) Survivors: 2048.0K->4096.0K Heap: 298.2M(1024.0M)->250.5M(1024.0M)]
 [Times: user=0.24 sys=0.03, real=0.05 secs] 
2022-11-23T17:45:19.041+0100: 7433.006: [GC pause (G1 Evacuation Pause) (young), 0.0162866 secs]
   [Parallel Time: 5.8 ms, GC Workers: 8]
      [GC Worker Start (ms): Min: 7433006.6, Avg: 7433007.4, Max: 7433012.1, Diff: 5.5]
      [Ext Root Scanning (ms): Min: 0.0, Avg: 0.8, Max: 1.7, Diff: 1.7, Sum: 6.2]
      [Update RS (ms): Min: 0.0, Avg: 1.0, Max: 1.5, Diff: 1.5, Sum: 7.7]
         [Processed Buffers: Min: 0, Avg: 4.9, Max: 14, Diff: 14, Sum: 39]
      [Scan RS (ms): Min: 0.0, Avg: 0.0, Max: 0.1, Diff: 0.1, Sum: 0.1]
      [Code Root Scanning (ms): Min: 0.0, Avg: 0.0, Max: 0.0, Diff: 0.0, Sum: 0.0]
      [Object Copy (ms): Min: 0.0, Avg: 2.7, Max: 4.6, Diff: 4.6, Sum: 21.8]
      [Termination (ms): Min: 0.0, Avg: 0.3, Max: 0.4, Diff: 0.4, Sum: 2.1]
         [Termination Attempts: Min: 1, Avg: 1.8, Max: 3, Diff: 2, Sum: 14]
      [GC Worker Other (ms): Min: 0.0, Avg: 0.0, Max: 0.0, Diff: 0.0, Sum: 0.1]
      [GC Worker Total (ms): Min: 0.0, Avg: 4.8, Max: 5.6, Diff: 5.6, Sum: 38.0]
      [GC Worker End (ms): Min: 7433012.1, Avg: 7433012.2, Max: 7433012.2, Diff: 0.1]
   [Code Root Fixup: 0.0 ms]
   [Code Root Purge: 0.0 ms]
   [Clear CT: 1.1 ms]
   [Other: 9.3 ms]
      [Choose CSet: 0.0 ms]
      [Ref Proc: 8.0 ms]
      [Ref Enq: 0.0 ms]
      [Redirty Cards: 0.4 ms]
      [Humongous Register: 0.3 ms]
      [Humongous Reclaim: 0.1 ms]
      [Free CSet: 0.1 ms]
   [Eden: 48128.0K(48128.0K)->0.0B(49152.0K) Survivors: 4096.0K->3072.0K Heap: 297.5M(1024.0M)->250.0M(1024.0M)]
 [Times: user=0.05 sys=0.02, real=0.01 secs] 
2022-11-23T17:45:27.315+0100: 7441.279: [GC pause (G1 Evacuation Pause) (young), 0.0514855 secs]
   [Parallel Time: 36.6 ms, GC Workers: 8]
      [GC Worker Start (ms): Min: 7441279.3, Avg: 7441301.6, Max: 7441307.1, Diff: 27.8]
      [Ext Root Scanning (ms): Min: 0.0, Avg: 0.4, Max: 3.1, Diff: 3.1, Sum: 3.2]
      [Update RS (ms): Min: 0.0, Avg: 0.9, Max: 7.0, Diff: 7.0, Sum: 7.0]
         [Processed Buffers: Min: 0, Avg: 4.6, Max: 37, Diff: 37, Sum: 37]
      [Scan RS (ms): Min: 0.0, Avg: 0.0, Max: 0.1, Diff: 0.0, Sum: 0.1]
      [Code Root Scanning (ms): Min: 0.0, Avg: 0.0, Max: 0.0, Diff: 0.0, Sum: 0.0]
      [Object Copy (ms): Min: 0.0, Avg: 4.9, Max: 19.9, Diff: 19.9, Sum: 39.3]
      [Termination (ms): Min: 0.0, Avg: 7.6, Max: 8.8, Diff: 8.8, Sum: 60.4]
         [Termination Attempts: Min: 1, Avg: 5.1, Max: 31, Diff: 30, Sum: 41]
      [GC Worker Other (ms): Min: 0.0, Avg: 0.0, Max: 0.0, Diff: 0.0, Sum: 0.1]
      [GC Worker Total (ms): Min: 8.3, Avg: 13.8, Max: 36.0, Diff: 27.7, Sum: 110.1]
      [GC Worker End (ms): Min: 7441315.3, Avg: 7441315.4, Max: 7441315.5, Diff: 0.2]
   [Code Root Fixup: 0.0 ms]
   [Code Root Purge: 0.0 ms]
   [Clear CT: 0.9 ms]
   [Other: 14.0 ms]
      [Choose CSet: 0.0 ms]
      [Ref Proc: 12.6 ms]
      [Ref Enq: 0.0 ms]
      [Redirty Cards: 0.8 ms]
      [Humongous Register: 0.1 ms]
      [Humongous Reclaim: 0.0 ms]
      [Free CSet: 0.1 ms]
   [Eden: 49152.0K(49152.0K)->0.0B(49152.0K) Survivors: 3072.0K->3072.0K Heap: 298.0M(1024.0M)->250.2M(1024.0M)]
 [Times: user=0.13 sys=0.00, real=0.05 secs] 
2022-11-23T17:45:34.794+0100: 7448.758: [GC pause (G1 Evacuation Pause) (young), 0.0093586 secs]
   [Parallel Time: 5.7 ms, GC Workers: 8]
      [GC Worker Start (ms): Min: 7448758.8, Avg: 7448759.3, Max: 7448759.9, Diff: 1.2]
      [Ext Root Scanning (ms): Min: 0.0, Avg: 0.5, Max: 1.0, Diff: 1.0, Sum: 4.1]
      [Update RS (ms): Min: 0.0, Avg: 0.8, Max: 1.2, Diff: 1.2, Sum: 6.7]
         [Processed Buffers: Min: 0, Avg: 4.8, Max: 9, Diff: 9, Sum: 38]
      [Scan RS (ms): Min: 0.0, Avg: 0.0, Max: 0.0, Diff: 0.0, Sum: 0.1]
      [Code Root Scanning (ms): Min: 0.0, Avg: 0.0, Max: 0.0, Diff: 0.0, Sum: 0.0]
      [Object Copy (ms): Min: 2.6, Avg: 3.1, Max: 4.3, Diff: 1.7, Sum: 24.5]
      [Termination (ms): Min: 0.0, Avg: 0.3, Max: 0.5, Diff: 0.5, Sum: 2.7]
         [Termination Attempts: Min: 1, Avg: 1.2, Max: 2, Diff: 1, Sum: 10]
      [GC Worker Other (ms): Min: 0.0, Avg: 0.0, Max: 0.0, Diff: 0.0, Sum: 0.1]
      [GC Worker Total (ms): Min: 4.2, Avg: 4.8, Max: 5.3, Diff: 1.1, Sum: 38.2]
      [GC Worker End (ms): Min: 7448764.1, Avg: 7448764.1, Max: 7448764.1, Diff: 0.1]
   [Code Root Fixup: 0.0 ms]
   [Code Root Purge: 0.0 ms]
   [Clear CT: 0.7 ms]
   [Other: 3.0 ms]
      [Choose CSet: 0.0 ms]
      [Ref Proc: 1.3 ms]
      [Ref Enq: 0.0 ms]
      [Redirty Cards: 1.1 ms]
      [Humongous Register: 0.1 ms]
      [Humongous Reclaim: 0.1 ms]
      [Free CSet: 0.1 ms]
   [Eden: 49152.0K(49152.0K)->0.0B(48128.0K) Survivors: 3072.0K->4096.0K Heap: 298.2M(1024.0M)->251.2M(1024.0M)]
 [Times: user=0.02 sys=0.02, real=0.01 secs] 
2022-11-23T17:45:43.343+0100: 7457.308: [GC pause (G1 Evacuation Pause) (young), 0.0336347 secs]
   [Parallel Time: 21.8 ms, GC Workers: 8]
      [GC Worker Start (ms): Min: 7457307.9, Avg: 7457318.0, Max: 7457324.0, Diff: 16.1]
      [Ext Root Scanning (ms): Min: 0.0, Avg: 0.5, Max: 2.9, Diff: 2.9, Sum: 3.7]
      [Update RS (ms): Min: 0.0, Avg: 0.9, Max: 3.6, Diff: 3.6, Sum: 7.1]
         [Processed Buffers: Min: 0, Avg: 4.9, Max: 20, Diff: 20, Sum: 39]
      [Scan RS (ms): Min: 0.0, Avg: 0.0, Max: 0.0, Diff: 0.0, Sum: 0.1]
      [Code Root Scanning (ms): Min: 0.0, Avg: 0.0, Max: 0.0, Diff: 0.0, Sum: 0.0]
      [Object Copy (ms): Min: 0.0, Avg: 5.2, Max: 13.2, Diff: 13.2, Sum: 41.5]
      [Termination (ms): Min: 0.0, Avg: 5.1, Max: 6.1, Diff: 6.1, Sum: 40.7]
         [Termination Attempts: Min: 1, Avg: 3.9, Max: 11, Diff: 10, Sum: 31]
      [GC Worker Other (ms): Min: 0.0, Avg: 0.0, Max: 0.0, Diff: 0.0, Sum: 0.1]
      [GC Worker Total (ms): Min: 5.6, Avg: 11.7, Max: 21.7, Diff: 16.1, Sum: 93.2]
      [GC Worker End (ms): Min: 7457329.6, Avg: 7457329.6, Max: 7457329.6, Diff: 0.1]
   [Code Root Fixup: 0.0 ms]
   [Code Root Purge: 0.0 ms]
   [Clear CT: 1.5 ms]
   [Other: 10.2 ms]
      [Choose CSet: 0.0 ms]
      [Ref Proc: 9.0 ms]
      [Ref Enq: 0.0 ms]
      [Redirty Cards: 0.7 ms]
      [Humongous Register: 0.1 ms]
      [Humongous Reclaim: 0.1 ms]
      [Free CSet: 0.1 ms]
   [Eden: 48128.0K(48128.0K)->0.0B(49152.0K) Survivors: 4096.0K->3072.0K Heap: 298.2M(1024.0M)->250.1M(1024.0M)]
 [Times: user=0.10 sys=0.00, real=0.03 secs] 
2022-11-23T17:45:50.146+0100: 7464.110: [GC pause (G1 Evacuation Pause) (young), 0.0703204 secs]
   [Parallel Time: 47.4 ms, GC Workers: 8]
      [GC Worker Start (ms): Min: 7464110.5, Avg: 7464131.0, Max: 7464145.7, Diff: 35.3]
      [Ext Root Scanning (ms): Min: 0.0, Avg: 0.5, Max: 1.4, Diff: 1.4, Sum: 3.7]
      [Update RS (ms): Min: 0.0, Avg: 6.6, Max: 44.8, Diff: 44.8, Sum: 52.8]
         [Processed Buffers: Min: 0, Avg: 4.1, Max: 17, Diff: 17, Sum: 33]
      [Scan RS (ms): Min: 0.0, Avg: 0.1, Max: 0.8, Diff: 0.8, Sum: 0.9]
      [Code Root Scanning (ms): Min: 0.0, Avg: 0.0, Max: 0.0, Diff: 0.0, Sum: 0.0]
      [Object Copy (ms): Min: 0.0, Avg: 2.6, Max: 10.1, Diff: 10.1, Sum: 21.0]
      [Termination (ms): Min: 0.0, Avg: 16.0, Max: 30.7, Diff: 30.7, Sum: 127.9]
         [Termination Attempts: Min: 1, Avg: 8.9, Max: 14, Diff: 13, Sum: 71]
      [GC Worker Other (ms): Min: 0.0, Avg: 0.0, Max: 0.0, Diff: 0.0, Sum: 0.1]
      [GC Worker Total (ms): Min: 11.1, Avg: 25.8, Max: 46.4, Diff: 35.3, Sum: 206.5]
      [GC Worker End (ms): Min: 7464156.8, Avg: 7464156.8, Max: 7464156.8, Diff: 0.0]
   [Code Root Fixup: 0.0 ms]
   [Code Root Purge: 0.0 ms]
   [Clear CT: 1.3 ms]
   [Other: 21.6 ms]
      [Choose CSet: 0.0 ms]
      [Ref Proc: 20.0 ms]
      [Ref Enq: 0.0 ms]
      [Redirty Cards: 1.1 ms]
      [Humongous Register: 0.1 ms]
      [Humongous Reclaim: 0.0 ms]
      [Free CSet: 0.0 ms]
   [Eden: 49152.0K(49152.0K)->0.0B(48128.0K) Survivors: 3072.0K->4096.0K Heap: 298.1M(1024.0M)->251.6M(1024.0M)]
 [Times: user=0.25 sys=0.01, real=0.07 secs] 
2022-11-23T17:45:59.677+0100: 7473.642: [GC pause (G1 Evacuation Pause) (young), 0.0714550 secs]
   [Parallel Time: 45.7 ms, GC Workers: 8]
      [GC Worker Start (ms): Min: 7473644.3, Avg: 7473658.7, Max: 7473664.8, Diff: 20.5]
      [Ext Root Scanning (ms): Min: 0.0, Avg: 0.9, Max: 3.5, Diff: 3.5, Sum: 7.0]
      [Update RS (ms): Min: 0.0, Avg: 0.7, Max: 3.1, Diff: 3.1, Sum: 6.0]
         [Processed Buffers: Min: 0, Avg: 4.8, Max: 21, Diff: 21, Sum: 38]
      [Scan RS (ms): Min: 0.0, Avg: 0.0, Max: 0.1, Diff: 0.1, Sum: 0.2]
      [Code Root Scanning (ms): Min: 0.0, Avg: 0.0, Max: 0.0, Diff: 0.0, Sum: 0.0]
      [Object Copy (ms): Min: 0.0, Avg: 5.9, Max: 27.7, Diff: 27.7, Sum: 46.9]
      [Termination (ms): Min: 0.0, Avg: 12.7, Max: 15.3, Diff: 15.3, Sum: 101.6]
         [Termination Attempts: Min: 1, Avg: 5.1, Max: 15, Diff: 14, Sum: 41]
      [GC Worker Other (ms): Min: 0.0, Avg: 0.0, Max: 0.0, Diff: 0.0, Sum: 0.1]
      [GC Worker Total (ms): Min: 13.7, Avg: 20.2, Max: 34.4, Diff: 20.7, Sum: 161.8]
      [GC Worker End (ms): Min: 7473678.5, Avg: 7473679.0, Max: 7473679.6, Diff: 1.1]
   [Code Root Fixup: 0.0 ms]
   [Code Root Purge: 0.0 ms]
   [Clear CT: 1.8 ms]
   [Other: 24.0 ms]
      [Choose CSet: 0.0 ms]
      [Ref Proc: 21.0 ms]
      [Ref Enq: 0.0 ms]
      [Redirty Cards: 1.8 ms]
      [Humongous Register: 0.1 ms]
      [Humongous Reclaim: 0.1 ms]
      [Free CSet: 0.1 ms]
   [Eden: 48128.0K(48128.0K)->0.0B(49152.0K) Survivors: 4096.0K->3072.0K Heap: 298.6M(1024.0M)->250.4M(1024.0M)]
 [Times: user=0.12 sys=0.04, real=0.07 secs] 
2022-11-23T17:46:07.917+0100: 7481.882: [GC pause (G1 Evacuation Pause) (young), 0.0230842 secs]
   [Parallel Time: 13.9 ms, GC Workers: 8]
      [GC Worker Start (ms): Min: 7481886.3, Avg: 7481888.1, Max: 7481893.1, Diff: 6.8]
      [Ext Root Scanning (ms): Min: 0.0, Avg: 1.3, Max: 6.5, Diff: 6.5, Sum: 10.4]
      [Update RS (ms): Min: 0.0, Avg: 0.8, Max: 2.1, Diff: 2.1, Sum: 6.1]
         [Processed Buffers: Min: 0, Avg: 5.0, Max: 14, Diff: 14, Sum: 40]
      [Scan RS (ms): Min: 0.0, Avg: 0.0, Max: 0.0, Diff: 0.0, Sum: 0.1]
      [Code Root Scanning (ms): Min: 0.0, Avg: 0.0, Max: 0.0, Diff: 0.0, Sum: 0.0]
      [Object Copy (ms): Min: 0.0, Avg: 2.9, Max: 6.2, Diff: 6.2, Sum: 23.0]
      [Termination (ms): Min: 0.0, Avg: 0.6, Max: 2.6, Diff: 2.6, Sum: 4.6]
         [Termination Attempts: Min: 1, Avg: 1.0, Max: 1, Diff: 0, Sum: 8]
      [GC Worker Other (ms): Min: 0.0, Avg: 0.0, Max: 0.0, Diff: 0.0, Sum: 0.1]
      [GC Worker Total (ms): Min: 0.3, Avg: 5.5, Max: 9.2, Diff: 8.9, Sum: 44.2]
      [GC Worker End (ms): Min: 7481893.4, Avg: 7481893.7, Max: 7481895.5, Diff: 2.1]
   [Code Root Fixup: 0.0 ms]
   [Code Root Purge: 0.0 ms]
   [Clear CT: 1.2 ms]
   [Other: 8.0 ms]
      [Choose CSet: 0.0 ms]
      [Ref Proc: 5.5 ms]
      [Ref Enq: 0.0 ms]
      [Redirty Cards: 1.9 ms]
      [Humongous Register: 0.1 ms]
      [Humongous Reclaim: 0.1 ms]
      [Free CSet: 0.1 ms]
   [Eden: 49152.0K(49152.0K)->0.0B(48128.0K) Survivors: 3072.0K->4096.0K Heap: 298.4M(1024.0M)->251.5M(1024.0M)]
 [Times: user=0.03 sys=0.01, real=0.02 secs] 
2022-11-23T17:46:17.664+0100: 7491.629: [GC pause (G1 Evacuation Pause) (young), 0.0461039 secs]
   [Parallel Time: 38.9 ms, GC Workers: 8]
      [GC Worker Start (ms): Min: 7491629.1, Avg: 7491634.8, Max: 7491638.8, Diff: 9.7]
      [Ext Root Scanning (ms): Min: 0.0, Avg: 0.5, Max: 1.7, Diff: 1.7, Sum: 4.0]
      [Update RS (ms): Min: 0.0, Avg: 1.0, Max: 3.0, Diff: 3.0, Sum: 8.4]
         [Processed Buffers: Min: 0, Avg: 5.5, Max: 19, Diff: 19, Sum: 44]
      [Scan RS (ms): Min: 0.0, Avg: 0.0, Max: 0.0, Diff: 0.0, Sum: 0.0]
      [Code Root Scanning (ms): Min: 0.0, Avg: 0.0, Max: 0.0, Diff: 0.0, Sum: 0.0]
      [Object Copy (ms): Min: 0.0, Avg: 5.7, Max: 33.4, Diff: 33.4, Sum: 45.5]
      [Termination (ms): Min: 0.0, Avg: 24.9, Max: 29.5, Diff: 29.5, Sum: 199.5]
         [Termination Attempts: Min: 1, Avg: 3.5, Max: 8, Diff: 7, Sum: 28]
      [GC Worker Other (ms): Min: 0.0, Avg: 0.0, Max: 0.0, Diff: 0.0, Sum: 0.1]
      [GC Worker Total (ms): Min: 27.9, Avg: 32.2, Max: 38.7, Diff: 10.8, Sum: 257.4]
      [GC Worker End (ms): Min: 7491666.6, Avg: 7491667.0, Max: 7491667.9, Diff: 1.3]
   [Code Root Fixup: 0.0 ms]
   [Code Root Purge: 0.0 ms]
   [Clear CT: 0.8 ms]
   [Other: 6.4 ms]
      [Choose CSet: 0.0 ms]
      [Ref Proc: 5.1 ms]
      [Ref Enq: 0.0 ms]
      [Redirty Cards: 0.7 ms]
      [Humongous Register: 0.1 ms]
      [Humongous Reclaim: 0.1 ms]
      [Free CSet: 0.1 ms]
   [Eden: 48128.0K(48128.0K)->0.0B(49152.0K) Survivors: 4096.0K->3072.0K Heap: 298.5M(1024.0M)->251.2M(1024.0M)]
 [Times: user=0.15 sys=0.01, real=0.04 secs] 
2022-11-23T17:46:25.193+0100: 7499.157: [GC pause (G1 Evacuation Pause) (young), 0.0112336 secs]
   [Parallel Time: 7.8 ms, GC Workers: 8]
      [GC Worker Start (ms): Min: 7499157.4, Avg: 7499161.6, Max: 7499165.0, Diff: 7.6]
      [Ext Root Scanning (ms): Min: 0.0, Avg: 0.4, Max: 2.7, Diff: 2.7, Sum: 3.1]
      [Update RS (ms): Min: 0.0, Avg: 1.1, Max: 2.2, Diff: 2.2, Sum: 9.1]
         [Processed Buffers: Min: 0, Avg: 4.8, Max: 15, Diff: 15, Sum: 38]
      [Scan RS (ms): Min: 0.0, Avg: 0.0, Max: 0.0, Diff: 0.0, Sum: 0.1]
      [Code Root Scanning (ms): Min: 0.0, Avg: 0.0, Max: 0.0, Diff: 0.0, Sum: 0.0]
      [Object Copy (ms): Min: 0.0, Avg: 1.7, Max: 2.9, Diff: 2.9, Sum: 13.3]
      [Termination (ms): Min: 0.0, Avg: 0.2, Max: 0.4, Diff: 0.4, Sum: 1.9]
         [Termination Attempts: Min: 1, Avg: 1.1, Max: 2, Diff: 1, Sum: 9]
      [GC Worker Other (ms): Min: 0.0, Avg: 0.0, Max: 0.0, Diff: 0.0, Sum: 0.1]
      [GC Worker Total (ms): Min: 0.0, Avg: 3.4, Max: 7.6, Diff: 7.6, Sum: 27.6]
      [GC Worker End (ms): Min: 7499165.0, Avg: 7499165.0, Max: 7499165.0, Diff: 0.0]
   [Code Root Fixup: 0.0 ms]
   [Code Root Purge: 0.0 ms]
   [Clear CT: 0.8 ms]
   [Other: 2.6 ms]
      [Choose CSet: 0.0 ms]
      [Ref Proc: 1.4 ms]
      [Ref Enq: 0.0 ms]
      [Redirty Cards: 0.7 ms]
      [Humongous Register: 0.1 ms]
      [Humongous Reclaim: 0.1 ms]
      [Free CSet: 0.0 ms]
   [Eden: 49152.0K(49152.0K)->0.0B(49152.0K) Survivors: 3072.0K->3072.0K Heap: 299.2M(1024.0M)->251.1M(1024.0M)]
 [Times: user=0.03 sys=0.01, real=0.01 secs] 
2022-11-23T17:46:33.876+0100: 7507.840: [GC pause (G1 Evacuation Pause) (young), 0.0441255 secs]
   [Parallel Time: 25.8 ms, GC Workers: 8]
      [GC Worker Start (ms): Min: 7507840.6, Avg: 7507844.9, Max: 7507854.7, Diff: 14.1]
      [Ext Root Scanning (ms): Min: 0.0, Avg: 0.5, Max: 1.5, Diff: 1.5, Sum: 3.9]
      [Update RS (ms): Min: 0.0, Avg: 1.2, Max: 2.4, Diff: 2.4, Sum: 9.3]
         [Processed Buffers: Min: 0, Avg: 5.1, Max: 18, Diff: 18, Sum: 41]
      [Scan RS (ms): Min: 0.0, Avg: 0.0, Max: 0.0, Diff: 0.0, Sum: 0.1]
      [Code Root Scanning (ms): Min: 0.0, Avg: 0.0, Max: 0.0, Diff: 0.0, Sum: 0.0]
      [Object Copy (ms): Min: 0.0, Avg: 5.4, Max: 11.2, Diff: 11.2, Sum: 43.0]
      [Termination (ms): Min: 0.0, Avg: 5.2, Max: 16.1, Diff: 16.1, Sum: 41.2]
         [Termination Attempts: Min: 1, Avg: 2.4, Max: 5, Diff: 4, Sum: 19]
      [GC Worker Other (ms): Min: 0.0, Avg: 0.0, Max: 0.0, Diff: 0.0, Sum: 0.1]
      [GC Worker Total (ms): Min: 1.1, Avg: 12.2, Max: 20.2, Diff: 19.1, Sum: 97.6]
      [GC Worker End (ms): Min: 7507855.7, Avg: 7507857.1, Max: 7507865.9, Diff: 10.2]
   [Code Root Fixup: 0.0 ms]
   [Code Root Purge: 0.0 ms]
   [Clear CT: 2.9 ms]
   [Other: 15.4 ms]
      [Choose CSet: 0.0 ms]
      [Ref Proc: 13.9 ms]
      [Ref Enq: 0.0 ms]
      [Redirty Cards: 0.9 ms]
      [Humongous Register: 0.1 ms]
      [Humongous Reclaim: 0.1 ms]
      [Free CSet: 0.0 ms]
   [Eden: 49152.0K(49152.0K)->0.0B(49152.0K) Survivors: 3072.0K->3072.0K Heap: 299.1M(1024.0M)->251.5M(1024.0M)]
 [Times: user=0.12 sys=0.00, real=0.04 secs] 
2022-11-23T17:46:42.187+0100: 7516.151: [GC pause (G1 Evacuation Pause) (young), 0.0195963 secs]
   [Parallel Time: 9.5 ms, GC Workers: 8]
      [GC Worker Start (ms): Min: 7516151.6, Avg: 7516155.2, Max: 7516160.5, Diff: 8.9]
      [Ext Root Scanning (ms): Min: 0.0, Avg: 0.4, Max: 1.1, Diff: 1.1, Sum: 3.1]
      [Update RS (ms): Min: 0.0, Avg: 1.3, Max: 3.0, Diff: 3.0, Sum: 10.1]
         [Processed Buffers: Min: 0, Avg: 5.6, Max: 20, Diff: 20, Sum: 45]
      [Scan RS (ms): Min: 0.0, Avg: 0.0, Max: 0.0, Diff: 0.0, Sum: 0.1]
      [Code Root Scanning (ms): Min: 0.0, Avg: 0.0, Max: 0.0, Diff: 0.0, Sum: 0.0]
      [Object Copy (ms): Min: 0.0, Avg: 2.4, Max: 3.6, Diff: 3.6, Sum: 19.2]
      [Termination (ms): Min: 0.0, Avg: 1.4, Max: 2.2, Diff: 2.2, Sum: 10.8]
         [Termination Attempts: Min: 1, Avg: 1.5, Max: 3, Diff: 2, Sum: 12]
      [GC Worker Other (ms): Min: 0.0, Avg: 0.0, Max: 0.0, Diff: 0.0, Sum: 0.1]
      [GC Worker Total (ms): Min: 0.0, Avg: 5.4, Max: 8.9, Diff: 8.9, Sum: 43.4]
      [GC Worker End (ms): Min: 7516160.6, Avg: 7516160.6, Max: 7516160.7, Diff: 0.1]
   [Code Root Fixup: 0.0 ms]
   [Code Root Purge: 0.0 ms]
   [Clear CT: 7.2 ms]
   [Other: 2.9 ms]
      [Choose CSet: 0.0 ms]
      [Ref Proc: 1.9 ms]
      [Ref Enq: 0.0 ms]
      [Redirty Cards: 0.6 ms]
      [Humongous Register: 0.0 ms]
      [Humongous Reclaim: 0.0 ms]
      [Free CSet: 0.0 ms]
   [Eden: 49152.0K(49152.0K)->0.0B(49152.0K) Survivors: 3072.0K->3072.0K Heap: 299.5M(1024.0M)->251.5M(1024.0M)]
 [Times: user=0.05 sys=0.00, real=0.02 secs] 
2022-11-23T17:46:49.125+0100: 7523.090: [GC pause (G1 Evacuation Pause) (young), 0.0293063 secs]
   [Parallel Time: 20.7 ms, GC Workers: 8]
      [GC Worker Start (ms): Min: 7523090.0, Avg: 7523104.3, Max: 7523108.5, Diff: 18.4]
      [Ext Root Scanning (ms): Min: 0.0, Avg: 0.5, Max: 4.1, Diff: 4.1, Sum: 4.2]
      [Update RS (ms): Min: 0.0, Avg: 1.4, Max: 5.8, Diff: 5.8, Sum: 10.9]
         [Processed Buffers: Min: 0, Avg: 5.1, Max: 22, Diff: 22, Sum: 41]
      [Scan RS (ms): Min: 0.0, Avg: 0.0, Max: 0.0, Diff: 0.0, Sum: 0.1]
      [Code Root Scanning (ms): Min: 0.0, Avg: 0.0, Max: 0.0, Diff: 0.0, Sum: 0.0]
      [Object Copy (ms): Min: 0.0, Avg: 1.8, Max: 7.6, Diff: 7.6, Sum: 14.6]
      [Termination (ms): Min: 0.0, Avg: 1.4, Max: 2.6, Diff: 2.6, Sum: 11.5]
         [Termination Attempts: Min: 1, Avg: 1.9, Max: 8, Diff: 7, Sum: 15]
      [GC Worker Other (ms): Min: 0.0, Avg: 0.0, Max: 0.0, Diff: 0.0, Sum: 0.1]
      [GC Worker Total (ms): Min: 0.1, Avg: 5.2, Max: 19.8, Diff: 19.7, Sum: 41.4]
      [GC Worker End (ms): Min: 7523108.5, Avg: 7523109.4, Max: 7523110.1, Diff: 1.6]
   [Code Root Fixup: 0.0 ms]
   [Code Root Purge: 0.0 ms]
   [Clear CT: 1.9 ms]
   [Other: 6.7 ms]
      [Choose CSet: 0.0 ms]
      [Ref Proc: 5.7 ms]
      [Ref Enq: 0.0 ms]
      [Redirty Cards: 0.4 ms]
      [Humongous Register: 0.1 ms]
      [Humongous Reclaim: 0.1 ms]
      [Free CSet: 0.2 ms]
   [Eden: 49152.0K(49152.0K)->0.0B(49152.0K) Survivors: 3072.0K->3072.0K Heap: 299.5M(1024.0M)->251.1M(1024.0M)]
 [Times: user=0.06 sys=0.00, real=0.03 secs] 
2022-11-23T17:46:55.151+0100: 7529.115: [GC pause (G1 Evacuation Pause) (young), 0.0209930 secs]
   [Parallel Time: 7.7 ms, GC Workers: 8]
      [GC Worker Start (ms): Min: 7529116.5, Avg: 7529118.1, Max: 7529122.8, Diff: 6.3]
      [Ext Root Scanning (ms): Min: 0.0, Avg: 1.2, Max: 6.4, Diff: 6.4, Sum: 9.6]
      [Update RS (ms): Min: 0.0, Avg: 1.1, Max: 2.6, Diff: 2.6, Sum: 8.9]
         [Processed Buffers: Min: 0, Avg: 5.0, Max: 14, Diff: 14, Sum: 40]
      [Scan RS (ms): Min: 0.0, Avg: 0.0, Max: 0.0, Diff: 0.0, Sum: 0.1]
      [Code Root Scanning (ms): Min: 0.0, Avg: 0.0, Max: 0.0, Diff: 0.0, Sum: 0.0]
      [Object Copy (ms): Min: 0.0, Avg: 2.1, Max: 3.5, Diff: 3.5, Sum: 16.6]
      [Termination (ms): Min: 0.0, Avg: 0.5, Max: 0.7, Diff: 0.7, Sum: 4.3]
         [Termination Attempts: Min: 1, Avg: 1.0, Max: 1, Diff: 0, Sum: 8]
      [GC Worker Other (ms): Min: 0.0, Avg: 0.0, Max: 0.0, Diff: 0.0, Sum: 0.1]
      [GC Worker Total (ms): Min: 0.3, Avg: 4.9, Max: 6.6, Diff: 6.3, Sum: 39.6]
      [GC Worker End (ms): Min: 7529123.1, Avg: 7529123.1, Max: 7529123.1, Diff: 0.1]
   [Code Root Fixup: 0.0 ms]
   [Code Root Purge: 0.0 ms]
   [Clear CT: 1.1 ms]
   [Other: 12.2 ms]
      [Choose CSet: 0.0 ms]
      [Ref Proc: 10.8 ms]
      [Ref Enq: 0.0 ms]
      [Redirty Cards: 0.7 ms]
      [Humongous Register: 0.3 ms]
      [Humongous Reclaim: 0.0 ms]
      [Free CSet: 0.0 ms]
   [Eden: 49152.0K(49152.0K)->0.0B(49152.0K) Survivors: 3072.0K->3072.0K Heap: 299.1M(1024.0M)->252.0M(1024.0M)]
 [Times: user=0.05 sys=0.02, real=0.03 secs] 
2022-11-23T17:47:00.904+0100: 7534.869: [GC pause (G1 Evacuation Pause) (young), 0.0297865 secs]
   [Parallel Time: 11.5 ms, GC Workers: 8]
      [GC Worker Start (ms): Min: 7534869.0, Avg: 7534877.4, Max: 7534880.3, Diff: 11.3]
      [Ext Root Scanning (ms): Min: 0.0, Avg: 0.3, Max: 1.4, Diff: 1.4, Sum: 2.7]
      [Update RS (ms): Min: 0.0, Avg: 1.0, Max: 4.0, Diff: 4.0, Sum: 8.1]
         [Processed Buffers: Min: 0, Avg: 5.1, Max: 26, Diff: 26, Sum: 41]
      [Scan RS (ms): Min: 0.0, Avg: 0.0, Max: 0.0, Diff: 0.0, Sum: 0.1]
      [Code Root Scanning (ms): Min: 0.0, Avg: 0.0, Max: 0.0, Diff: 0.0, Sum: 0.0]
      [Object Copy (ms): Min: 0.0, Avg: 1.4, Max: 5.6, Diff: 5.6, Sum: 11.0]
      [Termination (ms): Min: 0.0, Avg: 0.2, Max: 0.4, Diff: 0.4, Sum: 1.8]
         [Termination Attempts: Min: 1, Avg: 1.5, Max: 5, Diff: 4, Sum: 12]
      [GC Worker Other (ms): Min: 0.0, Avg: 0.0, Max: 0.0, Diff: 0.0, Sum: 0.1]
      [GC Worker Total (ms): Min: 0.0, Avg: 3.0, Max: 11.4, Diff: 11.4, Sum: 23.7]
      [GC Worker End (ms): Min: 7534880.3, Avg: 7534880.4, Max: 7534880.4, Diff: 0.0]
   [Code Root Fixup: 0.0 ms]
   [Code Root Purge: 0.0 ms]
   [Clear CT: 0.6 ms]
   [Other: 17.7 ms]
      [Choose CSet: 0.0 ms]
      [Ref Proc: 16.5 ms]
      [Ref Enq: 0.0 ms]
      [Redirty Cards: 0.6 ms]
      [Humongous Register: 0.2 ms]
      [Humongous Reclaim: 0.0 ms]
      [Free CSet: 0.0 ms]
   [Eden: 49152.0K(49152.0K)->0.0B(49152.0K) Survivors: 3072.0K->3072.0K Heap: 300.0M(1024.0M)->251.7M(1024.0M)]
 [Times: user=0.13 sys=0.00, real=0.03 secs] 
2022-11-23T17:47:06.774+0100: 7540.739: [GC pause (G1 Evacuation Pause) (young), 0.0217329 secs]
   [Parallel Time: 18.9 ms, GC Workers: 8]
      [GC Worker Start (ms): Min: 7540739.3, Avg: 7540743.1, Max: 7540745.5, Diff: 6.2]
      [Ext Root Scanning (ms): Min: 0.0, Avg: 0.4, Max: 1.2, Diff: 1.2, Sum: 3.3]
      [Update RS (ms): Min: 0.0, Avg: 0.9, Max: 2.5, Diff: 2.5, Sum: 7.3]
         [Processed Buffers: Min: 0, Avg: 4.9, Max: 21, Diff: 21, Sum: 39]
      [Scan RS (ms): Min: 0.0, Avg: 0.0, Max: 0.0, Diff: 0.0, Sum: 0.0]
      [Code Root Scanning (ms): Min: 0.0, Avg: 0.0, Max: 0.0, Diff: 0.0, Sum: 0.0]
      [Object Copy (ms): Min: 1.2, Avg: 5.3, Max: 14.4, Diff: 13.1, Sum: 42.0]
      [Termination (ms): Min: 0.0, Avg: 7.7, Max: 11.0, Diff: 11.0, Sum: 61.4]
         [Termination Attempts: Min: 1, Avg: 1.1, Max: 2, Diff: 1, Sum: 9]
      [GC Worker Other (ms): Min: 0.0, Avg: 0.0, Max: 0.0, Diff: 0.0, Sum: 0.1]
      [GC Worker Total (ms): Min: 11.9, Avg: 14.3, Max: 18.1, Diff: 6.2, Sum: 114.2]
      [GC Worker End (ms): Min: 7540757.3, Avg: 7540757.4, Max: 7540757.7, Diff: 0.4]
   [Code Root Fixup: 0.0 ms]
   [Code Root Purge: 0.0 ms]
   [Clear CT: 0.7 ms]
   [Other: 2.2 ms]
      [Choose CSet: 0.0 ms]
      [Ref Proc: 1.0 ms]
      [Ref Enq: 0.0 ms]
      [Redirty Cards: 0.6 ms]
      [Humongous Register: 0.1 ms]
      [Humongous Reclaim: 0.1 ms]
      [Free CSet: 0.0 ms]
   [Eden: 49152.0K(49152.0K)->0.0B(48128.0K) Survivors: 3072.0K->4096.0K Heap: 299.7M(1024.0M)->252.8M(1024.0M)]
 [Times: user=0.06 sys=0.00, real=0.02 secs] 
2022-11-23T17:47:13.143+0100: 7547.108: [GC pause (G1 Evacuation Pause) (young), 0.0093375 secs]
   [Parallel Time: 6.8 ms, GC Workers: 8]
      [GC Worker Start (ms): Min: 7547107.9, Avg: 7547108.1, Max: 7547108.3, Diff: 0.3]
      [Ext Root Scanning (ms): Min: 0.3, Avg: 1.2, Max: 4.5, Diff: 4.2, Sum: 9.3]
      [Update RS (ms): Min: 0.0, Avg: 1.8, Max: 5.3, Diff: 5.3, Sum: 14.6]
         [Processed Buffers: Min: 0, Avg: 5.8, Max: 12, Diff: 12, Sum: 46]
      [Scan RS (ms): Min: 0.0, Avg: 0.0, Max: 0.0, Diff: 0.0, Sum: 0.1]
      [Code Root Scanning (ms): Min: 0.0, Avg: 0.0, Max: 0.0, Diff: 0.0, Sum: 0.0]
      [Object Copy (ms): Min: 0.0, Avg: 1.8, Max: 3.0, Diff: 3.0, Sum: 14.4]
      [Termination (ms): Min: 0.0, Avg: 1.1, Max: 1.8, Diff: 1.8, Sum: 8.9]
         [Termination Attempts: Min: 1, Avg: 6.2, Max: 26, Diff: 25, Sum: 50]
      [GC Worker Other (ms): Min: 0.0, Avg: 0.0, Max: 0.0, Diff: 0.0, Sum: 0.1]
      [GC Worker Total (ms): Min: 5.7, Avg: 5.9, Max: 6.2, Diff: 0.5, Sum: 47.3]
      [GC Worker End (ms): Min: 7547113.9, Avg: 7547114.0, Max: 7547114.3, Diff: 0.5]
   [Code Root Fixup: 0.0 ms]
   [Code Root Purge: 0.0 ms]
   [Clear CT: 0.6 ms]
   [Other: 1.9 ms]
      [Choose CSet: 0.0 ms]
      [Ref Proc: 1.0 ms]
      [Ref Enq: 0.0 ms]
      [Redirty Cards: 0.4 ms]
      [Humongous Register: 0.0 ms]
      [Humongous Reclaim: 0.1 ms]
      [Free CSet: 0.0 ms]
   [Eden: 48128.0K(48128.0K)->0.0B(49152.0K) Survivors: 4096.0K->3072.0K Heap: 299.8M(1024.0M)->252.0M(1024.0M)]
 [Times: user=0.01 sys=0.02, real=0.01 secs] 
2022-11-23T17:47:19.219+0100: 7553.183: [GC pause (G1 Evacuation Pause) (young), 0.0254755 secs]
   [Parallel Time: 16.7 ms, GC Workers: 8]
      [GC Worker Start (ms): Min: 7553183.7, Avg: 7553188.8, Max: 7553192.1, Diff: 8.5]
      [Ext Root Scanning (ms): Min: 0.0, Avg: 0.4, Max: 1.3, Diff: 1.3, Sum: 3.2]
      [Update RS (ms): Min: 0.0, Avg: 1.1, Max: 2.9, Diff: 2.9, Sum: 8.8]
         [Processed Buffers: Min: 0, Avg: 5.8, Max: 16, Diff: 16, Sum: 46]
      [Scan RS (ms): Min: 0.0, Avg: 0.0, Max: 0.0, Diff: 0.0, Sum: 0.1]
      [Code Root Scanning (ms): Min: 0.0, Avg: 0.0, Max: 0.0, Diff: 0.0, Sum: 0.0]
      [Object Copy (ms): Min: 0.0, Avg: 1.4, Max: 3.9, Diff: 3.9, Sum: 11.4]
      [Termination (ms): Min: 0.0, Avg: 0.5, Max: 0.8, Diff: 0.8, Sum: 4.1]
         [Termination Attempts: Min: 1, Avg: 1.0, Max: 1, Diff: 0, Sum: 8]
      [GC Worker Other (ms): Min: 0.0, Avg: 0.0, Max: 0.0, Diff: 0.0, Sum: 0.1]
      [GC Worker Total (ms): Min: 0.0, Avg: 3.4, Max: 8.6, Diff: 8.6, Sum: 27.5]
      [GC Worker End (ms): Min: 7553192.1, Avg: 7553192.3, Max: 7553192.8, Diff: 0.6]
   [Code Root Fixup: 0.0 ms]
   [Code Root Purge: 0.0 ms]
   [Clear CT: 1.2 ms]
   [Other: 7.5 ms]
      [Choose CSet: 0.0 ms]
      [Ref Proc: 6.4 ms]
      [Ref Enq: 0.0 ms]
      [Redirty Cards: 0.6 ms]
      [Humongous Register: 0.1 ms]
      [Humongous Reclaim: 0.0 ms]
      [Free CSet: 0.1 ms]
   [Eden: 49152.0K(49152.0K)->0.0B(49152.0K) Survivors: 3072.0K->3072.0K Heap: 300.0M(1024.0M)->251.9M(1024.0M)]
 [Times: user=0.04 sys=0.00, real=0.03 secs] 
2022-11-23T17:47:25.379+0100: 7559.344: [GC pause (G1 Evacuation Pause) (young), 0.0205494 secs]
   [Parallel Time: 6.2 ms, GC Workers: 8]
      [GC Worker Start (ms): Min: 7559343.7, Avg: 7559344.5, Max: 7559349.3, Diff: 5.6]
      [Ext Root Scanning (ms): Min: 0.0, Avg: 0.5, Max: 1.0, Diff: 1.0, Sum: 3.7]
      [Update RS (ms): Min: 0.0, Avg: 1.6, Max: 3.1, Diff: 3.1, Sum: 13.2]
         [Processed Buffers: Min: 0, Avg: 5.0, Max: 15, Diff: 15, Sum: 40]
      [Scan RS (ms): Min: 0.0, Avg: 0.0, Max: 0.0, Diff: 0.0, Sum: 0.1]
      [Code Root Scanning (ms): Min: 0.0, Avg: 0.0, Max: 0.0, Diff: 0.0, Sum: 0.0]
      [Object Copy (ms): Min: 0.0, Avg: 2.5, Max: 5.0, Diff: 5.0, Sum: 20.2]
      [Termination (ms): Min: 0.0, Avg: 0.2, Max: 0.3, Diff: 0.3, Sum: 1.3]
         [Termination Attempts: Min: 1, Avg: 1.8, Max: 4, Diff: 3, Sum: 14]
      [GC Worker Other (ms): Min: 0.0, Avg: 0.0, Max: 0.0, Diff: 0.0, Sum: 0.1]
      [GC Worker Total (ms): Min: 0.0, Avg: 4.8, Max: 5.7, Diff: 5.7, Sum: 38.5]
      [GC Worker End (ms): Min: 7559349.3, Avg: 7559349.4, Max: 7559349.4, Diff: 0.1]
   [Code Root Fixup: 0.0 ms]
   [Code Root Purge: 0.0 ms]
   [Clear CT: 0.8 ms]
   [Other: 13.5 ms]
      [Choose CSet: 0.0 ms]
      [Ref Proc: 12.4 ms]
      [Ref Enq: 0.0 ms]
      [Redirty Cards: 0.8 ms]
      [Humongous Register: 0.0 ms]
      [Humongous Reclaim: 0.1 ms]
      [Free CSet: 0.1 ms]
   [Eden: 49152.0K(49152.0K)->0.0B(48128.0K) Survivors: 3072.0K->4096.0K Heap: 299.9M(1024.0M)->253.3M(1024.0M)]
 [Times: user=0.06 sys=0.00, real=0.02 secs] 
2022-11-23T17:47:30.946+0100: 7564.911: [GC pause (G1 Evacuation Pause) (young), 0.0168575 secs]
   [Parallel Time: 10.0 ms, GC Workers: 8]
      [GC Worker Start (ms): Min: 7564910.8, Avg: 7564916.0, Max: 7564919.9, Diff: 9.1]
      [Ext Root Scanning (ms): Min: 0.0, Avg: 0.3, Max: 2.7, Diff: 2.7, Sum: 2.8]
      [Update RS (ms): Min: 0.0, Avg: 1.2, Max: 3.5, Diff: 3.5, Sum: 9.2]
         [Processed Buffers: Min: 0, Avg: 4.9, Max: 9, Diff: 9, Sum: 39]
      [Scan RS (ms): Min: 0.0, Avg: 0.0, Max: 0.0, Diff: 0.0, Sum: 0.1]
      [Code Root Scanning (ms): Min: 0.0, Avg: 0.0, Max: 0.0, Diff: 0.0, Sum: 0.0]
      [Object Copy (ms): Min: 0.0, Avg: 2.2, Max: 2.8, Diff: 2.8, Sum: 17.7]
      [Termination (ms): Min: 0.0, Avg: 0.3, Max: 0.7, Diff: 0.7, Sum: 2.1]
         [Termination Attempts: Min: 1, Avg: 3.4, Max: 5, Diff: 4, Sum: 27]
      [GC Worker Other (ms): Min: 0.0, Avg: 0.0, Max: 0.0, Diff: 0.0, Sum: 0.1]
      [GC Worker Total (ms): Min: 0.0, Avg: 4.0, Max: 9.2, Diff: 9.1, Sum: 31.9]
      [GC Worker End (ms): Min: 7564919.9, Avg: 7564920.0, Max: 7564920.5, Diff: 0.5]
   [Code Root Fixup: 0.0 ms]
   [Code Root Purge: 0.0 ms]
   [Clear CT: 0.6 ms]
   [Other: 6.2 ms]
      [Choose CSet: 0.0 ms]
      [Ref Proc: 5.1 ms]
      [Ref Enq: 0.0 ms]
      [Redirty Cards: 0.6 ms]
      [Humongous Register: 0.1 ms]
      [Humongous Reclaim: 0.1 ms]
      [Free CSet: 0.1 ms]
   [Eden: 48128.0K(48128.0K)->0.0B(49152.0K) Survivors: 4096.0K->3072.0K Heap: 300.3M(1024.0M)->252.6M(1024.0M)]
 [Times: user=0.03 sys=0.01, real=0.02 secs] 
2022-11-23T17:47:35.931+0100: 7569.896: [GC pause (G1 Evacuation Pause) (young), 0.0415972 secs]
   [Parallel Time: 27.9 ms, GC Workers: 8]
      [GC Worker Start (ms): Min: 7569897.4, Avg: 7569905.6, Max: 7569910.2, Diff: 12.8]
      [Ext Root Scanning (ms): Min: 0.0, Avg: 0.4, Max: 2.9, Diff: 2.9, Sum: 3.0]
      [Update RS (ms): Min: 0.0, Avg: 1.9, Max: 10.2, Diff: 10.2, Sum: 15.4]
         [Processed Buffers: Min: 0, Avg: 5.4, Max: 13, Diff: 13, Sum: 43]
      [Scan RS (ms): Min: 0.0, Avg: 0.0, Max: 0.0, Diff: 0.0, Sum: 0.0]
      [Code Root Scanning (ms): Min: 0.0, Avg: 0.0, Max: 0.0, Diff: 0.0, Sum: 0.0]
      [Object Copy (ms): Min: 0.0, Avg: 2.3, Max: 3.7, Diff: 3.7, Sum: 18.3]
      [Termination (ms): Min: 0.0, Avg: 2.0, Max: 6.2, Diff: 6.2, Sum: 15.7]
         [Termination Attempts: Min: 1, Avg: 10.9, Max: 18, Diff: 17, Sum: 87]
      [GC Worker Other (ms): Min: 0.0, Avg: 0.0, Max: 0.2, Diff: 0.2, Sum: 0.3]
      [GC Worker Total (ms): Min: 0.7, Avg: 6.6, Max: 13.5, Diff: 12.8, Sum: 52.6]
      [GC Worker End (ms): Min: 7569910.9, Avg: 7569912.2, Max: 7569916.2, Diff: 5.3]
   [Code Root Fixup: 0.0 ms]
   [Code Root Purge: 0.0 ms]
   [Clear CT: 0.8 ms]
   [Other: 13.0 ms]
      [Choose CSet: 0.0 ms]
      [Ref Proc: 10.2 ms]
      [Ref Enq: 0.0 ms]
      [Redirty Cards: 2.2 ms]
      [Humongous Register: 0.1 ms]
      [Humongous Reclaim: 0.0 ms]
      [Free CSet: 0.1 ms]
   [Eden: 49152.0K(49152.0K)->0.0B(49152.0K) Survivors: 3072.0K->3072.0K Heap: 300.6M(1024.0M)->253.0M(1024.0M)]
 [Times: user=0.06 sys=0.02, real=0.04 secs] 
2022-11-23T17:47:41.398+0100: 7575.362: [GC pause (G1 Evacuation Pause) (young), 0.0163194 secs]
   [Parallel Time: 6.4 ms, GC Workers: 8]
      [GC Worker Start (ms): Min: 7575362.6, Avg: 7575364.7, Max: 7575366.7, Diff: 4.1]
      [Ext Root Scanning (ms): Min: 0.0, Avg: 0.3, Max: 1.0, Diff: 1.0, Sum: 2.8]
      [Update RS (ms): Min: 0.0, Avg: 1.3, Max: 2.6, Diff: 2.6, Sum: 10.0]
         [Processed Buffers: Min: 0, Avg: 5.6, Max: 17, Diff: 17, Sum: 45]
      [Scan RS (ms): Min: 0.0, Avg: 0.0, Max: 0.0, Diff: 0.0, Sum: 0.1]
      [Code Root Scanning (ms): Min: 0.0, Avg: 0.0, Max: 0.0, Diff: 0.0, Sum: 0.0]
      [Object Copy (ms): Min: 1.7, Avg: 2.1, Max: 2.6, Diff: 0.9, Sum: 17.1]
      [Termination (ms): Min: 0.0, Avg: 0.0, Max: 0.0, Diff: 0.0, Sum: 0.0]
         [Termination Attempts: Min: 1, Avg: 1.2, Max: 2, Diff: 1, Sum: 10]
      [GC Worker Other (ms): Min: 0.0, Avg: 0.0, Max: 0.0, Diff: 0.0, Sum: 0.1]
      [GC Worker Total (ms): Min: 1.7, Avg: 3.8, Max: 5.8, Diff: 4.1, Sum: 30.1]
      [GC Worker End (ms): Min: 7575368.4, Avg: 7575368.4, Max: 7575368.4, Diff: 0.0]
   [Code Root Fixup: 0.0 ms]
   [Code Root Purge: 0.0 ms]
   [Clear CT: 0.7 ms]
   [Other: 9.1 ms]
      [Choose CSet: 0.0 ms]
      [Ref Proc: 7.7 ms]
      [Ref Enq: 0.0 ms]
      [Redirty Cards: 1.0 ms]
      [Humongous Register: 0.1 ms]
      [Humongous Reclaim: 0.0 ms]
      [Free CSet: 0.1 ms]
   [Eden: 49152.0K(49152.0K)->0.0B(48128.0K) Survivors: 3072.0K->4096.0K Heap: 301.0M(1024.0M)->253.6M(1024.0M)]
 [Times: user=0.07 sys=0.00, real=0.02 secs] 
2022-11-23T17:47:47.751+0100: 7581.715: [GC pause (G1 Evacuation Pause) (young), 0.0134636 secs]
   [Parallel Time: 10.2 ms, GC Workers: 8]
      [GC Worker Start (ms): Min: 7581717.5, Avg: 7581719.6, Max: 7581723.0, Diff: 5.5]
      [Ext Root Scanning (ms): Min: 0.0, Avg: 0.5, Max: 1.1, Diff: 1.1, Sum: 3.9]
      [Update RS (ms): Min: 0.0, Avg: 1.3, Max: 2.3, Diff: 2.3, Sum: 10.5]
         [Processed Buffers: Min: 0, Avg: 5.6, Max: 14, Diff: 14, Sum: 45]
      [Scan RS (ms): Min: 0.0, Avg: 0.0, Max: 0.0, Diff: 0.0, Sum: 0.0]
      [Code Root Scanning (ms): Min: 0.0, Avg: 0.0, Max: 0.0, Diff: 0.0, Sum: 0.0]
      [Object Copy (ms): Min: 0.0, Avg: 1.3, Max: 2.1, Diff: 2.1, Sum: 10.2]
      [Termination (ms): Min: 0.0, Avg: 0.4, Max: 0.8, Diff: 0.8, Sum: 3.2]
         [Termination Attempts: Min: 1, Avg: 1.0, Max: 1, Diff: 0, Sum: 8]
      [GC Worker Other (ms): Min: 0.0, Avg: 0.0, Max: 0.0, Diff: 0.0, Sum: 0.1]
      [GC Worker Total (ms): Min: 0.0, Avg: 3.5, Max: 5.6, Diff: 5.6, Sum: 27.9]
      [GC Worker End (ms): Min: 7581723.0, Avg: 7581723.1, Max: 7581723.3, Diff: 0.3]
   [Code Root Fixup: 0.0 ms]
   [Code Root Purge: 0.0 ms]
   [Clear CT: 0.4 ms]
   [Other: 2.9 ms]
      [Choose CSet: 0.0 ms]
      [Ref Proc: 1.9 ms]
      [Ref Enq: 0.0 ms]
      [Redirty Cards: 0.5 ms]
      [Humongous Register: 0.1 ms]
      [Humongous Reclaim: 0.0 ms]
      [Free CSet: 0.0 ms]
   [Eden: 48128.0K(48128.0K)->0.0B(49152.0K) Survivors: 4096.0K->3072.0K Heap: 300.6M(1024.0M)->253.2M(1024.0M)]
 [Times: user=0.03 sys=0.01, real=0.02 secs] 
2022-11-23T17:47:52.963+0100: 7586.928: [GC pause (G1 Evacuation Pause) (young), 0.0082245 secs]
   [Parallel Time: 5.7 ms, GC Workers: 8]
      [GC Worker Start (ms): Min: 7586927.8, Avg: 7586928.0, Max: 7586928.1, Diff: 0.3]
      [Ext Root Scanning (ms): Min: 0.2, Avg: 0.4, Max: 0.8, Diff: 0.6, Sum: 3.1]
      [Update RS (ms): Min: 1.3, Avg: 1.5, Max: 1.7, Diff: 0.4, Sum: 12.0]
         [Processed Buffers: Min: 1, Avg: 5.4, Max: 13, Diff: 12, Sum: 43]
      [Scan RS (ms): Min: 0.0, Avg: 0.0, Max: 0.0, Diff: 0.0, Sum: 0.1]
      [Code Root Scanning (ms): Min: 0.0, Avg: 0.0, Max: 0.0, Diff: 0.0, Sum: 0.0]
      [Object Copy (ms): Min: 1.4, Avg: 2.1, Max: 3.6, Diff: 2.2, Sum: 17.2]
      [Termination (ms): Min: 0.0, Avg: 1.3, Max: 1.5, Diff: 1.5, Sum: 10.1]
         [Termination Attempts: Min: 1, Avg: 1.2, Max: 2, Diff: 1, Sum: 10]
      [GC Worker Other (ms): Min: 0.0, Avg: 0.0, Max: 0.0, Diff: 0.0, Sum: 0.1]
      [GC Worker Total (ms): Min: 5.2, Avg: 5.3, Max: 5.5, Diff: 0.3, Sum: 42.6]
      [GC Worker End (ms): Min: 7586933.3, Avg: 7586933.3, Max: 7586933.3, Diff: 0.1]
   [Code Root Fixup: 0.0 ms]
   [Code Root Purge: 0.0 ms]
   [Clear CT: 0.6 ms]
   [Other: 1.9 ms]
      [Choose CSet: 0.0 ms]
      [Ref Proc: 1.0 ms]
      [Ref Enq: 0.0 ms]
      [Redirty Cards: 0.6 ms]
      [Humongous Register: 0.0 ms]
      [Humongous Reclaim: 0.0 ms]
      [Free CSet: 0.0 ms]
   [Eden: 49152.0K(49152.0K)->0.0B(246.0M) Survivors: 3072.0K->4096.0K Heap: 301.2M(1024.0M)->254.4M(1024.0M)]
 [Times: user=0.03 sys=0.03, real=0.01 secs] 
2022-11-23T17:48:22.955+0100: 7616.919: [GC pause (G1 Evacuation Pause) (young), 0.0312201 secs]
   [Parallel Time: 15.7 ms, GC Workers: 8]
      [GC Worker Start (ms): Min: 7616919.9, Avg: 7616924.9, Max: 7616930.9, Diff: 11.0]
      [Ext Root Scanning (ms): Min: 0.0, Avg: 0.4, Max: 1.2, Diff: 1.2, Sum: 3.1]
      [Update RS (ms): Min: 0.0, Avg: 2.6, Max: 10.2, Diff: 10.2, Sum: 20.6]
         [Processed Buffers: Min: 0, Avg: 6.8, Max: 14, Diff: 14, Sum: 54]
      [Scan RS (ms): Min: 0.0, Avg: 0.0, Max: 0.1, Diff: 0.1, Sum: 0.3]
      [Code Root Scanning (ms): Min: 0.0, Avg: 0.0, Max: 0.0, Diff: 0.0, Sum: 0.0]
      [Object Copy (ms): Min: 0.0, Avg: 3.4, Max: 8.1, Diff: 8.1, Sum: 27.4]
      [Termination (ms): Min: 0.0, Avg: 3.5, Max: 4.6, Diff: 4.6, Sum: 28.2]
         [Termination Attempts: Min: 1, Avg: 5.6, Max: 12, Diff: 11, Sum: 45]
      [GC Worker Other (ms): Min: 0.0, Avg: 0.0, Max: 0.1, Diff: 0.1, Sum: 0.2]
      [GC Worker Total (ms): Min: 3.9, Avg: 10.0, Max: 14.9, Diff: 11.0, Sum: 79.9]
      [GC Worker End (ms): Min: 7616934.8, Avg: 7616934.9, Max: 7616935.3, Diff: 0.5]
   [Code Root Fixup: 0.0 ms]
   [Code Root Purge: 0.0 ms]
   [Clear CT: 0.6 ms]
   [Other: 14.9 ms]
      [Choose CSet: 0.0 ms]
      [Ref Proc: 8.6 ms]
      [Ref Enq: 0.0 ms]
      [Redirty Cards: 2.6 ms]
      [Humongous Register: 0.1 ms]
      [Humongous Reclaim: 0.1 ms]
      [Free CSet: 3.1 ms]
   [Eden: 246.0M(246.0M)->0.0B(49152.0K) Survivors: 4096.0K->3072.0K Heap: 500.4M(1024.0M)->253.6M(1024.0M)]
 [Times: user=0.06 sys=0.03, real=0.03 secs] 
2022-11-23T17:48:29.460+0100: 7623.424: [GC pause (G1 Evacuation Pause) (young), 0.0181392 secs]
   [Parallel Time: 9.0 ms, GC Workers: 8]
      [GC Worker Start (ms): Min: 7623424.8, Avg: 7623429.1, Max: 7623433.0, Diff: 8.3]
      [Ext Root Scanning (ms): Min: 0.0, Avg: 0.5, Max: 1.5, Diff: 1.5, Sum: 3.8]
      [Update RS (ms): Min: 0.0, Avg: 1.2, Max: 2.6, Diff: 2.6, Sum: 9.9]
         [Processed Buffers: Min: 0, Avg: 5.5, Max: 16, Diff: 16, Sum: 44]
      [Scan RS (ms): Min: 0.0, Avg: 0.0, Max: 0.0, Diff: 0.0, Sum: 0.1]
      [Code Root Scanning (ms): Min: 0.0, Avg: 0.0, Max: 0.0, Diff: 0.0, Sum: 0.0]
      [Object Copy (ms): Min: 0.0, Avg: 2.0, Max: 4.3, Diff: 4.3, Sum: 16.0]
      [Termination (ms): Min: 0.0, Avg: 0.3, Max: 0.7, Diff: 0.7, Sum: 2.2]
         [Termination Attempts: Min: 1, Avg: 3.4, Max: 9, Diff: 8, Sum: 27]
      [GC Worker Other (ms): Min: 0.0, Avg: 0.0, Max: 0.0, Diff: 0.0, Sum: 0.1]
      [GC Worker Total (ms): Min: 0.0, Avg: 4.0, Max: 8.3, Diff: 8.3, Sum: 32.0]
      [GC Worker End (ms): Min: 7623433.1, Avg: 7623433.1, Max: 7623433.4, Diff: 0.3]
   [Code Root Fixup: 0.0 ms]
   [Code Root Purge: 0.0 ms]
   [Clear CT: 0.7 ms]
   [Other: 8.5 ms]
      [Choose CSet: 0.0 ms]
      [Ref Proc: 6.3 ms]
      [Ref Enq: 0.0 ms]
      [Redirty Cards: 1.5 ms]
      [Humongous Register: 0.1 ms]
      [Humongous Reclaim: 0.0 ms]
      [Free CSet: 0.2 ms]
   [Eden: 49152.0K(49152.0K)->0.0B(49152.0K) Survivors: 3072.0K->3072.0K Heap: 301.6M(1024.0M)->253.9M(1024.0M)]
 [Times: user=0.06 sys=0.00, real=0.02 secs] 
2022-11-23T17:48:35.371+0100: 7629.335: [GC pause (G1 Evacuation Pause) (young), 0.0350999 secs]
   [Parallel Time: 21.5 ms, GC Workers: 8]
      [GC Worker Start (ms): Min: 7629335.6, Avg: 7629345.3, Max: 7629348.6, Diff: 12.9]
      [Ext Root Scanning (ms): Min: 0.0, Avg: 0.4, Max: 1.5, Diff: 1.5, Sum: 3.0]
      [Update RS (ms): Min: 0.0, Avg: 1.3, Max: 5.1, Diff: 5.1, Sum: 10.2]
         [Processed Buffers: Min: 0, Avg: 5.4, Max: 29, Diff: 29, Sum: 43]
      [Scan RS (ms): Min: 0.0, Avg: 0.0, Max: 0.0, Diff: 0.0, Sum: 0.1]
      [Code Root Scanning (ms): Min: 0.0, Avg: 0.0, Max: 0.0, Diff: 0.0, Sum: 0.0]
      [Object Copy (ms): Min: 0.2, Avg: 2.8, Max: 14.4, Diff: 14.2, Sum: 22.8]
      [Termination (ms): Min: 0.0, Avg: 6.9, Max: 8.0, Diff: 8.0, Sum: 55.6]
         [Termination Attempts: Min: 1, Avg: 2.2, Max: 4, Diff: 3, Sum: 18]
      [GC Worker Other (ms): Min: 0.0, Avg: 0.0, Max: 0.0, Diff: 0.0, Sum: 0.1]
      [GC Worker Total (ms): Min: 8.2, Avg: 11.5, Max: 21.1, Diff: 12.9, Sum: 91.6]
      [GC Worker End (ms): Min: 7629356.7, Avg: 7629356.7, Max: 7629356.7, Diff: 0.0]
   [Code Root Fixup: 0.0 ms]
   [Code Root Purge: 0.0 ms]
   [Clear CT: 10.7 ms]
   [Other: 2.8 ms]
      [Choose CSet: 0.0 ms]
      [Ref Proc: 1.7 ms]
      [Ref Enq: 0.0 ms]
      [Redirty Cards: 0.5 ms]
      [Humongous Register: 0.1 ms]
      [Humongous Reclaim: 0.1 ms]
      [Free CSet: 0.1 ms]
   [Eden: 49152.0K(49152.0K)->0.0B(48128.0K) Survivors: 3072.0K->4096.0K Heap: 301.9M(1024.0M)->255.2M(1024.0M)]
 [Times: user=0.09 sys=0.00, real=0.03 secs] 
2022-11-23T17:48:45.370+0100: 7639.334: [GC pause (G1 Evacuation Pause) (young), 0.0358064 secs]
   [Parallel Time: 30.2 ms, GC Workers: 8]
      [GC Worker Start (ms): Min: 7639334.7, Avg: 7639343.2, Max: 7639349.0, Diff: 14.2]
      [Ext Root Scanning (ms): Min: 0.0, Avg: 0.4, Max: 1.7, Diff: 1.7, Sum: 3.5]
      [Update RS (ms): Min: 0.0, Avg: 1.9, Max: 7.8, Diff: 7.7, Sum: 15.4]
         [Processed Buffers: Min: 0, Avg: 6.1, Max: 26, Diff: 26, Sum: 49]
      [Scan RS (ms): Min: 0.0, Avg: 0.0, Max: 0.1, Diff: 0.1, Sum: 0.1]
      [Code Root Scanning (ms): Min: 0.0, Avg: 0.0, Max: 0.0, Diff: 0.0, Sum: 0.0]
      [Object Copy (ms): Min: 0.0, Avg: 5.2, Max: 20.3, Diff: 20.3, Sum: 41.6]
      [Termination (ms): Min: 0.0, Avg: 13.7, Max: 15.7, Diff: 15.7, Sum: 109.5]
         [Termination Attempts: Min: 1, Avg: 4.0, Max: 7, Diff: 6, Sum: 32]
      [GC Worker Other (ms): Min: 0.0, Avg: 0.0, Max: 0.0, Diff: 0.0, Sum: 0.1]
      [GC Worker Total (ms): Min: 15.5, Avg: 21.3, Max: 29.8, Diff: 14.2, Sum: 170.2]
      [GC Worker End (ms): Min: 7639364.5, Avg: 7639364.5, Max: 7639364.5, Diff: 0.0]
   [Code Root Fixup: 0.0 ms]
   [Code Root Purge: 0.0 ms]
   [Clear CT: 1.1 ms]
   [Other: 4.5 ms]
      [Choose CSet: 0.0 ms]
      [Ref Proc: 3.2 ms]
      [Ref Enq: 0.0 ms]
      [Redirty Cards: 0.6 ms]
      [Humongous Register: 0.2 ms]
      [Humongous Reclaim: 0.1 ms]
      [Free CSet: 0.1 ms]
   [Eden: 48128.0K(48128.0K)->0.0B(49152.0K) Survivors: 4096.0K->3072.0K Heap: 302.2M(1024.0M)->254.3M(1024.0M)]
 [Times: user=0.15 sys=0.00, real=0.04 secs] 
2022-11-23T17:49:00.790+0100: 7654.754: [GC pause (G1 Evacuation Pause) (young), 0.1051360 secs]
   [Parallel Time: 50.9 ms, GC Workers: 8]
      [GC Worker Start (ms): Min: 7654755.0, Avg: 7654762.7, Max: 7654769.8, Diff: 14.8]
      [Ext Root Scanning (ms): Min: 0.0, Avg: 0.6, Max: 2.1, Diff: 2.1, Sum: 4.7]
      [Update RS (ms): Min: 0.0, Avg: 2.4, Max: 5.1, Diff: 5.1, Sum: 19.2]
         [Processed Buffers: Min: 0, Avg: 6.1, Max: 17, Diff: 17, Sum: 49]
      [Scan RS (ms): Min: 0.0, Avg: 0.0, Max: 0.0, Diff: 0.0, Sum: 0.1]
      [Code Root Scanning (ms): Min: 0.0, Avg: 0.0, Max: 0.0, Diff: 0.0, Sum: 0.0]
      [Object Copy (ms): Min: 0.0, Avg: 7.2, Max: 37.7, Diff: 37.7, Sum: 57.3]
      [Termination (ms): Min: 0.0, Avg: 28.7, Max: 37.9, Diff: 37.9, Sum: 229.5]
         [Termination Attempts: Min: 1, Avg: 2.0, Max: 6, Diff: 5, Sum: 16]
      [GC Worker Other (ms): Min: 0.0, Avg: 0.3, Max: 2.3, Diff: 2.3, Sum: 2.5]
      [GC Worker Total (ms): Min: 30.5, Avg: 39.2, Max: 48.7, Diff: 18.2, Sum: 313.2]
      [GC Worker End (ms): Min: 7654799.7, Avg: 7654801.8, Max: 7654805.4, Diff: 5.6]
   [Code Root Fixup: 0.0 ms]
   [Code Root Purge: 0.0 ms]
   [Clear CT: 14.6 ms]
   [Other: 39.6 ms]
      [Choose CSet: 0.0 ms]
      [Ref Proc: 35.5 ms]
      [Ref Enq: 0.0 ms]
      [Redirty Cards: 3.1 ms]
      [Humongous Register: 0.3 ms]
      [Humongous Reclaim: 0.1 ms]
      [Free CSet: 0.1 ms]
   [Eden: 49152.0K(49152.0K)->0.0B(49152.0K) Survivors: 3072.0K->3072.0K Heap: 302.3M(1024.0M)->254.2M(1024.0M)]
 [Times: user=0.21 sys=0.06, real=0.11 secs] 
2022-11-23T17:49:10.135+0100: 7664.099: [GC pause (G1 Evacuation Pause) (young), 0.0186439 secs]
   [Parallel Time: 16.2 ms, GC Workers: 8]
      [GC Worker Start (ms): Min: 7664099.7, Avg: 7664101.4, Max: 7664105.4, Diff: 5.7]
      [Ext Root Scanning (ms): Min: 0.0, Avg: 0.7, Max: 3.2, Diff: 3.1, Sum: 5.3]
      [Update RS (ms): Min: 0.0, Avg: 2.5, Max: 4.1, Diff: 4.1, Sum: 19.8]
         [Processed Buffers: Min: 0, Avg: 6.0, Max: 27, Diff: 27, Sum: 48]
      [Scan RS (ms): Min: 0.0, Avg: 0.0, Max: 0.0, Diff: 0.0, Sum: 0.1]
      [Code Root Scanning (ms): Min: 0.0, Avg: 0.0, Max: 0.0, Diff: 0.0, Sum: 0.0]
      [Object Copy (ms): Min: 2.7, Avg: 6.0, Max: 10.8, Diff: 8.1, Sum: 48.4]
      [Termination (ms): Min: 0.0, Avg: 4.8, Max: 6.0, Diff: 6.0, Sum: 38.5]
         [Termination Attempts: Min: 1, Avg: 1.5, Max: 4, Diff: 3, Sum: 12]
      [GC Worker Other (ms): Min: 0.0, Avg: 0.0, Max: 0.0, Diff: 0.0, Sum: 0.1]
      [GC Worker Total (ms): Min: 10.0, Avg: 14.0, Max: 15.7, Diff: 5.7, Sum: 112.2]
      [GC Worker End (ms): Min: 7664115.4, Avg: 7664115.4, Max: 7664115.5, Diff: 0.1]
   [Code Root Fixup: 0.0 ms]
   [Code Root Purge: 0.0 ms]
   [Clear CT: 0.6 ms]
   [Other: 1.9 ms]
      [Choose CSet: 0.0 ms]
      [Ref Proc: 0.9 ms]
      [Ref Enq: 0.0 ms]
      [Redirty Cards: 0.6 ms]
      [Humongous Register: 0.0 ms]
      [Humongous Reclaim: 0.0 ms]
      [Free CSet: 0.0 ms]
   [Eden: 49152.0K(49152.0K)->0.0B(48128.0K) Survivors: 3072.0K->4096.0K Heap: 302.2M(1024.0M)->255.2M(1024.0M)]
 [Times: user=0.08 sys=0.00, real=0.02 secs] 
2022-11-23T17:49:16.916+0100: 7670.881: [GC pause (G1 Evacuation Pause) (young), 0.0453936 secs]
   [Parallel Time: 24.9 ms, GC Workers: 8]
      [GC Worker Start (ms): Min: 7670882.1, Avg: 7670896.0, Max: 7670903.4, Diff: 21.3]
      [Ext Root Scanning (ms): Min: 0.0, Avg: 0.5, Max: 2.2, Diff: 2.2, Sum: 4.1]
      [Update RS (ms): Min: 0.0, Avg: 2.5, Max: 9.8, Diff: 9.8, Sum: 19.6]
         [Processed Buffers: Min: 0, Avg: 5.9, Max: 24, Diff: 24, Sum: 47]
      [Scan RS (ms): Min: 0.0, Avg: 0.0, Max: 0.0, Diff: 0.0, Sum: 0.1]
      [Code Root Scanning (ms): Min: 0.0, Avg: 0.0, Max: 0.0, Diff: 0.0, Sum: 0.0]
      [Object Copy (ms): Min: 0.0, Avg: 4.1, Max: 11.8, Diff: 11.8, Sum: 33.0]
      [Termination (ms): Min: 0.0, Avg: 2.5, Max: 3.6, Diff: 3.6, Sum: 19.9]
         [Termination Attempts: Min: 1, Avg: 2.5, Max: 6, Diff: 5, Sum: 20]
      [GC Worker Other (ms): Min: 0.0, Avg: 0.0, Max: 0.0, Diff: 0.0, Sum: 0.1]
      [GC Worker Total (ms): Min: 2.2, Avg: 9.6, Max: 23.5, Diff: 21.4, Sum: 76.8]
      [GC Worker End (ms): Min: 7670905.6, Avg: 7670905.6, Max: 7670905.7, Diff: 0.1]
   [Code Root Fixup: 0.0 ms]
   [Code Root Purge: 0.0 ms]
   [Clear CT: 3.0 ms]
   [Other: 17.5 ms]
      [Choose CSet: 0.0 ms]
      [Ref Proc: 15.4 ms]
      [Ref Enq: 0.0 ms]
      [Redirty Cards: 1.3 ms]
      [Humongous Register: 0.1 ms]
      [Humongous Reclaim: 0.2 ms]
      [Free CSet: 0.1 ms]
   [Eden: 48128.0K(48128.0K)->0.0B(49152.0K) Survivors: 4096.0K->3072.0K Heap: 302.2M(1024.0M)->254.0M(1024.0M)]
 [Times: user=0.14 sys=0.00, real=0.05 secs] 
2022-11-23T17:49:24.160+0100: 7678.125: [GC pause (G1 Evacuation Pause) (young), 0.0181620 secs]
   [Parallel Time: 15.5 ms, GC Workers: 8]
      [GC Worker Start (ms): Min: 7678124.9, Avg: 7678134.5, Max: 7678138.3, Diff: 13.4]
      [Ext Root Scanning (ms): Min: 0.0, Avg: 0.4, Max: 1.7, Diff: 1.7, Sum: 3.3]
      [Update RS (ms): Min: 0.0, Avg: 1.1, Max: 4.3, Diff: 4.3, Sum: 8.5]
         [Processed Buffers: Min: 0, Avg: 5.6, Max: 25, Diff: 25, Sum: 45]
      [Scan RS (ms): Min: 0.0, Avg: 0.0, Max: 0.0, Diff: 0.0, Sum: 0.1]
      [Code Root Scanning (ms): Min: 0.0, Avg: 0.0, Max: 0.0, Diff: 0.0, Sum: 0.0]
      [Object Copy (ms): Min: 0.0, Avg: 2.2, Max: 8.7, Diff: 8.7, Sum: 17.2]
      [Termination (ms): Min: 0.0, Avg: 1.5, Max: 2.3, Diff: 2.3, Sum: 12.1]
         [Termination Attempts: Min: 1, Avg: 1.5, Max: 3, Diff: 2, Sum: 12]
      [GC Worker Other (ms): Min: 0.0, Avg: 0.0, Max: 0.0, Diff: 0.0, Sum: 0.1]
      [GC Worker Total (ms): Min: 1.3, Avg: 5.2, Max: 14.7, Diff: 13.4, Sum: 41.3]
      [GC Worker End (ms): Min: 7678139.6, Avg: 7678139.7, Max: 7678140.1, Diff: 0.4]
   [Code Root Fixup: 0.0 ms]
   [Code Root Purge: 0.0 ms]
   [Clear CT: 1.0 ms]
   [Other: 1.7 ms]
      [Choose CSet: 0.0 ms]
      [Ref Proc: 0.7 ms]
      [Ref Enq: 0.0 ms]
      [Redirty Cards: 0.4 ms]
      [Humongous Register: 0.1 ms]
      [Humongous Reclaim: 0.1 ms]
      [Free CSet: 0.1 ms]
   [Eden: 49152.0K(49152.0K)->0.0B(49152.0K) Survivors: 3072.0K->3072.0K Heap: 302.0M(1024.0M)->254.6M(1024.0M)]
 [Times: user=0.04 sys=0.00, real=0.02 secs] 
2022-11-23T17:49:29.830+0100: 7683.794: [GC pause (G1 Evacuation Pause) (young), 0.0167635 secs]
   [Parallel Time: 11.9 ms, GC Workers: 8]
      [GC Worker Start (ms): Min: 7683794.7, Avg: 7683800.4, Max: 7683803.9, Diff: 9.2]
      [Ext Root Scanning (ms): Min: 0.0, Avg: 0.5, Max: 1.6, Diff: 1.6, Sum: 4.3]
      [Update RS (ms): Min: 0.0, Avg: 1.4, Max: 4.0, Diff: 4.0, Sum: 11.4]
         [Processed Buffers: Min: 0, Avg: 5.4, Max: 18, Diff: 18, Sum: 43]
      [Scan RS (ms): Min: 0.0, Avg: 0.0, Max: 0.0, Diff: 0.0, Sum: 0.1]
      [Code Root Scanning (ms): Min: 0.0, Avg: 0.0, Max: 0.0, Diff: 0.0, Sum: 0.0]
      [Object Copy (ms): Min: 0.0, Avg: 1.3, Max: 3.7, Diff: 3.7, Sum: 10.8]
      [Termination (ms): Min: 0.0, Avg: 0.5, Max: 1.8, Diff: 1.8, Sum: 3.7]
         [Termination Attempts: Min: 1, Avg: 1.2, Max: 3, Diff: 2, Sum: 10]
      [GC Worker Other (ms): Min: 0.0, Avg: 0.1, Max: 1.0, Diff: 1.0, Sum: 1.1]
      [GC Worker Total (ms): Min: 0.1, Avg: 3.9, Max: 11.5, Diff: 11.4, Sum: 31.4]
      [GC Worker End (ms): Min: 7683804.0, Avg: 7683804.3, Max: 7683806.3, Diff: 2.3]
   [Code Root Fixup: 0.0 ms]
   [Code Root Purge: 0.0 ms]
   [Clear CT: 1.2 ms]
   [Other: 3.6 ms]
      [Choose CSet: 0.0 ms]
      [Ref Proc: 1.8 ms]
      [Ref Enq: 0.0 ms]
      [Redirty Cards: 1.2 ms]
      [Humongous Register: 0.1 ms]
      [Humongous Reclaim: 0.1 ms]
      [Free CSet: 0.1 ms]
   [Eden: 49152.0K(49152.0K)->0.0B(49152.0K) Survivors: 3072.0K->3072.0K Heap: 302.6M(1024.0M)->254.8M(1024.0M)]
 [Times: user=0.04 sys=0.00, real=0.02 secs] 
2022-11-23T17:49:39.248+0100: 7693.213: [GC pause (G1 Evacuation Pause) (young), 0.0340961 secs]
   [Parallel Time: 11.3 ms, GC Workers: 8]
      [GC Worker Start (ms): Min: 7693213.3, Avg: 7693219.6, Max: 7693223.6, Diff: 10.4]
      [Ext Root Scanning (ms): Min: 0.0, Avg: 0.5, Max: 1.7, Diff: 1.7, Sum: 3.8]
      [Update RS (ms): Min: 0.0, Avg: 1.6, Max: 5.0, Diff: 5.0, Sum: 13.1]
         [Processed Buffers: Min: 0, Avg: 5.8, Max: 27, Diff: 27, Sum: 46]
      [Scan RS (ms): Min: 0.0, Avg: 0.0, Max: 0.0, Diff: 0.0, Sum: 0.0]
      [Code Root Scanning (ms): Min: 0.0, Avg: 0.0, Max: 0.0, Diff: 0.0, Sum: 0.0]
      [Object Copy (ms): Min: 0.0, Avg: 1.5, Max: 4.2, Diff: 4.1, Sum: 11.8]
      [Termination (ms): Min: 0.0, Avg: 0.5, Max: 0.8, Diff: 0.8, Sum: 3.9]
         [Termination Attempts: Min: 1, Avg: 1.4, Max: 3, Diff: 2, Sum: 11]
      [GC Worker Other (ms): Min: 0.0, Avg: 0.0, Max: 0.0, Diff: 0.0, Sum: 0.1]
      [GC Worker Total (ms): Min: 0.0, Avg: 4.1, Max: 10.4, Diff: 10.4, Sum: 32.7]
      [GC Worker End (ms): Min: 7693223.7, Avg: 7693223.7, Max: 7693223.7, Diff: 0.1]
   [Code Root Fixup: 0.0 ms]
   [Code Root Purge: 0.0 ms]
   [Clear CT: 0.7 ms]
   [Other: 22.1 ms]
      [Choose CSet: 0.0 ms]
      [Ref Proc: 20.8 ms]
      [Ref Enq: 0.0 ms]
      [Redirty Cards: 0.6 ms]
      [Humongous Register: 0.3 ms]
      [Humongous Reclaim: 0.0 ms]
      [Free CSet: 0.1 ms]
   [Eden: 49152.0K(49152.0K)->0.0B(49152.0K) Survivors: 3072.0K->3072.0K Heap: 302.8M(1024.0M)->254.9M(1024.0M)]
 [Times: user=0.07 sys=0.00, real=0.04 secs] 
2022-11-23T17:49:44.970+0100: 7698.935: [GC pause (G1 Evacuation Pause) (young), 0.0238338 secs]
   [Parallel Time: 10.8 ms, GC Workers: 8]
      [GC Worker Start (ms): Min: 7698935.0, Avg: 7698938.6, Max: 7698945.0, Diff: 10.0]
      [Ext Root Scanning (ms): Min: 0.0, Avg: 0.6, Max: 1.3, Diff: 1.3, Sum: 4.5]
      [Update RS (ms): Min: 0.0, Avg: 2.3, Max: 4.5, Diff: 4.5, Sum: 18.3]
         [Processed Buffers: Min: 0, Avg: 5.1, Max: 17, Diff: 17, Sum: 41]
      [Scan RS (ms): Min: 0.0, Avg: 0.0, Max: 0.0, Diff: 0.0, Sum: 0.1]
      [Code Root Scanning (ms): Min: 0.0, Avg: 0.0, Max: 0.0, Diff: 0.0, Sum: 0.0]
      [Object Copy (ms): Min: 0.0, Avg: 2.4, Max: 4.3, Diff: 4.3, Sum: 19.6]
      [Termination (ms): Min: 0.0, Avg: 1.1, Max: 1.7, Diff: 1.7, Sum: 9.1]
         [Termination Attempts: Min: 1, Avg: 1.0, Max: 1, Diff: 0, Sum: 8]
      [GC Worker Other (ms): Min: 0.0, Avg: 0.0, Max: 0.1, Diff: 0.0, Sum: 0.1]
      [GC Worker Total (ms): Min: 0.0, Avg: 6.5, Max: 10.2, Diff: 10.2, Sum: 51.8]
      [GC Worker End (ms): Min: 7698945.0, Avg: 7698945.1, Max: 7698945.3, Diff: 0.3]
   [Code Root Fixup: 0.0 ms]
   [Code Root Purge: 0.0 ms]
   [Clear CT: 0.9 ms]
   [Other: 12.1 ms]
      [Choose CSet: 0.0 ms]
      [Ref Proc: 10.4 ms]
      [Ref Enq: 0.0 ms]
      [Redirty Cards: 1.2 ms]
      [Humongous Register: 0.1 ms]
      [Humongous Reclaim: 0.0 ms]
      [Free CSet: 0.1 ms]
   [Eden: 49152.0K(49152.0K)->0.0B(49152.0K) Survivors: 3072.0K->3072.0K Heap: 302.9M(1024.0M)->255.3M(1024.0M)]
 [Times: user=0.09 sys=0.00, real=0.03 secs] 
2022-11-23T17:49:51.421+0100: 7705.386: [GC pause (G1 Evacuation Pause) (young), 0.0233335 secs]
   [Parallel Time: 17.6 ms, GC Workers: 8]
      [GC Worker Start (ms): Min: 7705387.6, Avg: 7705396.8, Max: 7705402.0, Diff: 14.4]
      [Ext Root Scanning (ms): Min: 0.0, Avg: 0.5, Max: 2.2, Diff: 2.2, Sum: 3.8]
      [Update RS (ms): Min: 0.0, Avg: 1.4, Max: 5.5, Diff: 5.5, Sum: 10.8]
         [Processed Buffers: Min: 0, Avg: 5.9, Max: 31, Diff: 31, Sum: 47]
      [Scan RS (ms): Min: 0.0, Avg: 0.0, Max: 0.0, Diff: 0.0, Sum: 0.1]
      [Code Root Scanning (ms): Min: 0.0, Avg: 0.0, Max: 0.0, Diff: 0.0, Sum: 0.0]
      [Object Copy (ms): Min: 0.0, Avg: 3.3, Max: 6.9, Diff: 6.9, Sum: 26.4]
      [Termination (ms): Min: 0.0, Avg: 0.3, Max: 1.5, Diff: 1.5, Sum: 2.6]
         [Termination Attempts: Min: 1, Avg: 3.8, Max: 9, Diff: 8, Sum: 30]
      [GC Worker Other (ms): Min: 0.0, Avg: 0.0, Max: 0.0, Diff: 0.0, Sum: 0.1]
      [GC Worker Total (ms): Min: 0.0, Avg: 5.5, Max: 15.7, Diff: 15.7, Sum: 43.7]
      [GC Worker End (ms): Min: 7705402.0, Avg: 7705402.2, Max: 7705403.3, Diff: 1.3]
   [Code Root Fixup: 0.0 ms]
   [Code Root Purge: 0.0 ms]
   [Clear CT: 1.2 ms]
   [Other: 4.5 ms]
      [Choose CSet: 0.0 ms]
      [Ref Proc: 3.2 ms]
      [Ref Enq: 0.0 ms]
      [Redirty Cards: 0.7 ms]
      [Humongous Register: 0.1 ms]
      [Humongous Reclaim: 0.1 ms]
      [Free CSet: 0.1 ms]
   [Eden: 49152.0K(49152.0K)->0.0B(49152.0K) Survivors: 3072.0K->3072.0K Heap: 303.3M(1024.0M)->255.4M(1024.0M)]
 [Times: user=0.05 sys=0.00, real=0.02 secs] 
2022-11-23T17:49:57.177+0100: 7711.142: [GC pause (G1 Evacuation Pause) (young), 0.0260252 secs]
   [Parallel Time: 8.6 ms, GC Workers: 8]
      [GC Worker Start (ms): Min: 7711142.2, Avg: 7711145.1, Max: 7711149.7, Diff: 7.5]
      [Ext Root Scanning (ms): Min: 0.0, Avg: 0.4, Max: 1.0, Diff: 1.0, Sum: 2.9]
      [Update RS (ms): Min: 0.0, Avg: 2.3, Max: 4.3, Diff: 4.3, Sum: 18.0]
         [Processed Buffers: Min: 0, Avg: 5.6, Max: 18, Diff: 18, Sum: 45]
      [Scan RS (ms): Min: 0.0, Avg: 0.0, Max: 0.0, Diff: 0.0, Sum: 0.1]
      [Code Root Scanning (ms): Min: 0.0, Avg: 0.0, Max: 0.0, Diff: 0.0, Sum: 0.0]
      [Object Copy (ms): Min: 0.0, Avg: 1.8, Max: 3.1, Diff: 3.1, Sum: 14.1]
      [Termination (ms): Min: 0.0, Avg: 0.4, Max: 1.0, Diff: 1.0, Sum: 3.0]
         [Termination Attempts: Min: 1, Avg: 1.0, Max: 1, Diff: 0, Sum: 8]
      [GC Worker Other (ms): Min: 0.0, Avg: 0.0, Max: 0.0, Diff: 0.0, Sum: 0.1]
      [GC Worker Total (ms): Min: 0.0, Avg: 4.8, Max: 8.1, Diff: 8.0, Sum: 38.2]
      [GC Worker End (ms): Min: 7711149.7, Avg: 7711149.9, Max: 7711150.5, Diff: 0.8]
   [Code Root Fixup: 0.0 ms]
   [Code Root Purge: 0.0 ms]
   [Clear CT: 1.0 ms]
   [Other: 16.4 ms]
      [Choose CSet: 0.0 ms]
      [Ref Proc: 15.3 ms]
      [Ref Enq: 0.0 ms]
      [Redirty Cards: 0.5 ms]
      [Humongous Register: 0.1 ms]
      [Humongous Reclaim: 0.0 ms]
      [Free CSet: 0.1 ms]
   [Eden: 49152.0K(49152.0K)->0.0B(49152.0K) Survivors: 3072.0K->3072.0K Heap: 303.4M(1024.0M)->255.3M(1024.0M)]
 [Times: user=0.08 sys=0.00, real=0.03 secs] 
2022-11-23T17:50:03.603+0100: 7717.568: [GC pause (G1 Evacuation Pause) (young), 0.0298660 secs]
   [Parallel Time: 13.2 ms, GC Workers: 8]
      [GC Worker Start (ms): Min: 7717567.9, Avg: 7717575.2, Max: 7717580.1, Diff: 12.2]
      [Ext Root Scanning (ms): Min: 0.0, Avg: 0.4, Max: 1.6, Diff: 1.6, Sum: 3.2]
      [Update RS (ms): Min: 0.0, Avg: 1.2, Max: 4.7, Diff: 4.7, Sum: 9.3]
         [Processed Buffers: Min: 0, Avg: 6.2, Max: 39, Diff: 39, Sum: 50]
      [Scan RS (ms): Min: 0.0, Avg: 0.0, Max: 0.0, Diff: 0.0, Sum: 0.1]
      [Code Root Scanning (ms): Min: 0.0, Avg: 0.0, Max: 0.0, Diff: 0.0, Sum: 0.0]
      [Object Copy (ms): Min: 0.0, Avg: 2.4, Max: 4.6, Diff: 4.6, Sum: 19.5]
      [Termination (ms): Min: 0.0, Avg: 1.0, Max: 1.8, Diff: 1.8, Sum: 8.1]
         [Termination Attempts: Min: 1, Avg: 1.0, Max: 1, Diff: 0, Sum: 8]
      [GC Worker Other (ms): Min: 0.0, Avg: 0.0, Max: 0.1, Diff: 0.1, Sum: 0.2]
      [GC Worker Total (ms): Min: 0.0, Avg: 5.0, Max: 12.3, Diff: 12.2, Sum: 40.3]
      [GC Worker End (ms): Min: 7717580.1, Avg: 7717580.2, Max: 7717580.6, Diff: 0.5]
   [Code Root Fixup: 0.0 ms]
   [Code Root Purge: 0.0 ms]
   [Clear CT: 0.6 ms]
   [Other: 16.1 ms]
      [Choose CSet: 0.0 ms]
      [Ref Proc: 4.7 ms]
      [Ref Enq: 0.0 ms]
      [Redirty Cards: 10.8 ms]
      [Humongous Register: 0.1 ms]
      [Humongous Reclaim: 0.1 ms]
      [Free CSet: 0.1 ms]
   [Eden: 49152.0K(49152.0K)->0.0B(49152.0K) Survivors: 3072.0K->3072.0K Heap: 303.3M(1024.0M)->255.7M(1024.0M)]
 [Times: user=0.06 sys=0.00, real=0.03 secs] 
2022-11-23T17:50:10.660+0100: 7724.625: [GC pause (G1 Evacuation Pause) (young), 0.0237463 secs]
   [Parallel Time: 15.4 ms, GC Workers: 8]
      [GC Worker Start (ms): Min: 7724625.3, Avg: 7724635.4, Max: 7724640.2, Diff: 14.9]
      [Ext Root Scanning (ms): Min: 0.0, Avg: 0.6, Max: 2.2, Diff: 2.2, Sum: 4.4]
      [Update RS (ms): Min: 0.0, Avg: 1.6, Max: 6.3, Diff: 6.3, Sum: 12.7]
         [Processed Buffers: Min: 0, Avg: 5.6, Max: 31, Diff: 31, Sum: 45]
      [Scan RS (ms): Min: 0.0, Avg: 0.0, Max: 0.0, Diff: 0.0, Sum: 0.1]
      [Code Root Scanning (ms): Min: 0.0, Avg: 0.0, Max: 0.0, Diff: 0.0, Sum: 0.0]
      [Object Copy (ms): Min: 0.0, Avg: 2.4, Max: 5.8, Diff: 5.8, Sum: 18.8]
      [Termination (ms): Min: 0.0, Avg: 0.4, Max: 0.8, Diff: 0.8, Sum: 3.0]
         [Termination Attempts: Min: 1, Avg: 1.0, Max: 1, Diff: 0, Sum: 8]
      [GC Worker Other (ms): Min: 0.0, Avg: 0.0, Max: 0.0, Diff: 0.0, Sum: 0.1]
      [GC Worker Total (ms): Min: 0.0, Avg: 4.9, Max: 15.0, Diff: 15.0, Sum: 39.1]
      [GC Worker End (ms): Min: 7724640.2, Avg: 7724640.3, Max: 7724640.5, Diff: 0.3]
   [Code Root Fixup: 0.0 ms]
   [Code Root Purge: 0.0 ms]
   [Clear CT: 0.6 ms]
   [Other: 7.7 ms]
      [Choose CSet: 0.0 ms]
      [Ref Proc: 6.6 ms]
      [Ref Enq: 0.0 ms]
      [Redirty Cards: 0.6 ms]
      [Humongous Register: 0.1 ms]
      [Humongous Reclaim: 0.1 ms]
      [Free CSet: 0.1 ms]
   [Eden: 49152.0K(49152.0K)->0.0B(49152.0K) Survivors: 3072.0K->3072.0K Heap: 303.7M(1024.0M)->255.8M(1024.0M)]
 [Times: user=0.05 sys=0.01, real=0.03 secs] 
2022-11-23T17:50:16.693+0100: 7730.657: [GC pause (G1 Evacuation Pause) (young), 0.0210844 secs]
   [Parallel Time: 14.9 ms, GC Workers: 8]
      [GC Worker Start (ms): Min: 7730657.6, Avg: 7730665.9, Max: 7730671.5, Diff: 14.0]
      [Ext Root Scanning (ms): Min: 0.0, Avg: 0.4, Max: 2.5, Diff: 2.5, Sum: 3.0]
      [Update RS (ms): Min: 0.0, Avg: 1.5, Max: 4.0, Diff: 4.0, Sum: 12.2]
         [Processed Buffers: Min: 0, Avg: 5.9, Max: 21, Diff: 21, Sum: 47]
      [Scan RS (ms): Min: 0.0, Avg: 0.0, Max: 0.0, Diff: 0.0, Sum: 0.1]
      [Code Root Scanning (ms): Min: 0.0, Avg: 0.0, Max: 0.0, Diff: 0.0, Sum: 0.0]
      [Object Copy (ms): Min: 0.0, Avg: 3.4, Max: 7.6, Diff: 7.6, Sum: 27.0]
      [Termination (ms): Min: 0.0, Avg: 0.7, Max: 1.1, Diff: 1.1, Sum: 5.7]
         [Termination Attempts: Min: 1, Avg: 1.9, Max: 7, Diff: 6, Sum: 15]
      [GC Worker Other (ms): Min: 0.0, Avg: 0.0, Max: 0.0, Diff: 0.0, Sum: 0.1]
      [GC Worker Total (ms): Min: 0.3, Avg: 6.0, Max: 14.3, Diff: 14.0, Sum: 48.0]
      [GC Worker End (ms): Min: 7730671.9, Avg: 7730671.9, Max: 7730672.0, Diff: 0.1]
   [Code Root Fixup: 0.0 ms]
   [Code Root Purge: 0.0 ms]
   [Clear CT: 2.2 ms]
   [Other: 3.9 ms]
      [Choose CSet: 0.0 ms]
      [Ref Proc: 2.3 ms]
      [Ref Enq: 0.0 ms]
      [Redirty Cards: 1.2 ms]
      [Humongous Register: 0.1 ms]
      [Humongous Reclaim: 0.0 ms]
      [Free CSet: 0.1 ms]
   [Eden: 49152.0K(49152.0K)->0.0B(49152.0K) Survivors: 3072.0K->3072.0K Heap: 303.8M(1024.0M)->255.8M(1024.0M)]
 [Times: user=0.04 sys=0.01, real=0.02 secs] 
2022-11-23T17:50:23.438+0100: 7737.403: [GC pause (G1 Evacuation Pause) (young), 0.0362820 secs]
   [Parallel Time: 26.6 ms, GC Workers: 8]
      [GC Worker Start (ms): Min: 7737402.8, Avg: 7737418.4, Max: 7737428.1, Diff: 25.3]
      [Ext Root Scanning (ms): Min: 0.0, Avg: 0.4, Max: 2.7, Diff: 2.7, Sum: 2.9]
      [Update RS (ms): Min: 0.0, Avg: 5.3, Max: 16.7, Diff: 16.7, Sum: 42.6]
         [Processed Buffers: Min: 0, Avg: 5.8, Max: 17, Diff: 17, Sum: 46]
      [Scan RS (ms): Min: 0.0, Avg: 0.0, Max: 0.0, Diff: 0.0, Sum: 0.1]
      [Code Root Scanning (ms): Min: 0.0, Avg: 0.0, Max: 0.0, Diff: 0.0, Sum: 0.0]
      [Object Copy (ms): Min: 0.0, Avg: 3.8, Max: 5.7, Diff: 5.6, Sum: 30.3]
      [Termination (ms): Min: 0.0, Avg: 0.5, Max: 1.4, Diff: 1.3, Sum: 4.3]
         [Termination Attempts: Min: 1, Avg: 3.1, Max: 8, Diff: 7, Sum: 25]
      [GC Worker Other (ms): Min: 0.0, Avg: 0.0, Max: 0.0, Diff: 0.0, Sum: 0.1]
      [GC Worker Total (ms): Min: 0.3, Avg: 10.0, Max: 25.5, Diff: 25.3, Sum: 80.3]
      [GC Worker End (ms): Min: 7737428.4, Avg: 7737428.5, Max: 7737429.2, Diff: 0.9]
   [Code Root Fixup: 0.0 ms]
   [Code Root Purge: 0.0 ms]
   [Clear CT: 0.7 ms]
   [Other: 9.0 ms]
      [Choose CSet: 0.0 ms]
      [Ref Proc: 8.2 ms]
      [Ref Enq: 0.0 ms]
      [Redirty Cards: 0.4 ms]
      [Humongous Register: 0.1 ms]
      [Humongous Reclaim: 0.1 ms]
      [Free CSet: 0.1 ms]
   [Eden: 49152.0K(49152.0K)->0.0B(49152.0K) Survivors: 3072.0K->3072.0K Heap: 303.8M(1024.0M)->256.0M(1024.0M)]
 [Times: user=0.09 sys=0.00, real=0.04 secs] 
2022-11-23T17:50:29.979+0100: 7743.943: [GC pause (G1 Evacuation Pause) (young), 0.0295866 secs]
   [Parallel Time: 20.1 ms, GC Workers: 8]
      [GC Worker Start (ms): Min: 7743951.2, Avg: 7743957.5, Max: 7743964.2, Diff: 13.0]
      [Ext Root Scanning (ms): Min: 0.0, Avg: 0.9, Max: 5.0, Diff: 5.0, Sum: 7.4]
      [Update RS (ms): Min: 0.0, Avg: 2.6, Max: 6.5, Diff: 6.5, Sum: 21.1]
         [Processed Buffers: Min: 0, Avg: 5.6, Max: 15, Diff: 15, Sum: 45]
      [Scan RS (ms): Min: 0.0, Avg: 0.0, Max: 0.1, Diff: 0.1, Sum: 0.2]
      [Code Root Scanning (ms): Min: 0.0, Avg: 0.0, Max: 0.0, Diff: 0.0, Sum: 0.0]
      [Object Copy (ms): Min: 0.0, Avg: 2.1, Max: 4.4, Diff: 4.4, Sum: 17.1]
      [Termination (ms): Min: 0.0, Avg: 1.0, Max: 1.3, Diff: 1.3, Sum: 8.0]
         [Termination Attempts: Min: 1, Avg: 2.1, Max: 5, Diff: 4, Sum: 17]
      [GC Worker Other (ms): Min: 0.0, Avg: 0.0, Max: 0.0, Diff: 0.0, Sum: 0.1]
      [GC Worker Total (ms): Min: 0.0, Avg: 6.7, Max: 13.0, Diff: 13.0, Sum: 53.8]
      [GC Worker End (ms): Min: 7743964.3, Avg: 7743964.3, Max: 7743964.3, Diff: 0.0]
   [Code Root Fixup: 0.0 ms]
   [Code Root Purge: 0.0 ms]
   [Clear CT: 1.6 ms]
   [Other: 7.8 ms]
      [Choose CSet: 0.0 ms]
      [Ref Proc: 5.4 ms]
      [Ref Enq: 0.0 ms]
      [Redirty Cards: 0.8 ms]
      [Humongous Register: 0.6 ms]
      [Humongous Reclaim: 0.1 ms]
      [Free CSet: 0.2 ms]
   [Eden: 49152.0K(49152.0K)->0.0B(49152.0K) Survivors: 3072.0K->3072.0K Heap: 304.0M(1024.0M)->255.9M(1024.0M)]
 [Times: user=0.07 sys=0.01, real=0.03 secs] 
2022-11-23T17:50:35.817+0100: 7749.782: [GC pause (G1 Evacuation Pause) (young), 0.0156103 secs]
   [Parallel Time: 9.6 ms, GC Workers: 8]
      [GC Worker Start (ms): Min: 7749782.2, Avg: 7749787.6, Max: 7749791.0, Diff: 8.9]
      [Ext Root Scanning (ms): Min: 0.0, Avg: 0.4, Max: 1.2, Diff: 1.2, Sum: 3.0]
      [Update RS (ms): Min: 0.0, Avg: 1.7, Max: 4.6, Diff: 4.6, Sum: 13.8]
         [Processed Buffers: Min: 0, Avg: 5.8, Max: 17, Diff: 17, Sum: 46]
      [Scan RS (ms): Min: 0.0, Avg: 0.0, Max: 0.0, Diff: 0.0, Sum: 0.1]
      [Code Root Scanning (ms): Min: 0.0, Avg: 0.0, Max: 0.0, Diff: 0.0, Sum: 0.0]
      [Object Copy (ms): Min: 0.0, Avg: 1.1, Max: 3.0, Diff: 3.0, Sum: 8.6]
      [Termination (ms): Min: 0.0, Avg: 0.3, Max: 0.6, Diff: 0.6, Sum: 2.2]
         [Termination Attempts: Min: 1, Avg: 1.1, Max: 2, Diff: 1, Sum: 9]
      [GC Worker Other (ms): Min: 0.0, Avg: 0.0, Max: 0.0, Diff: 0.0, Sum: 0.1]
      [GC Worker Total (ms): Min: 0.0, Avg: 3.5, Max: 9.1, Diff: 9.1, Sum: 27.7]
      [GC Worker End (ms): Min: 7749791.0, Avg: 7749791.1, Max: 7749791.3, Diff: 0.2]
   [Code Root Fixup: 0.0 ms]
   [Code Root Purge: 0.0 ms]
   [Clear CT: 0.9 ms]
   [Other: 5.1 ms]
      [Choose CSet: 0.0 ms]
      [Ref Proc: 4.0 ms]
      [Ref Enq: 0.0 ms]
      [Redirty Cards: 0.7 ms]
      [Humongous Register: 0.1 ms]
      [Humongous Reclaim: 0.1 ms]
      [Free CSet: 0.1 ms]
   [Eden: 49152.0K(49152.0K)->0.0B(50176.0K) Survivors: 3072.0K->2048.0K Heap: 303.9M(1024.0M)->255.8M(1024.0M)]
 [Times: user=0.05 sys=0.00, real=0.02 secs] 
2022-11-23T17:50:42.159+0100: 7756.124: [GC pause (G1 Evacuation Pause) (young), 0.0441767 secs]
   [Parallel Time: 31.9 ms, GC Workers: 8]
      [GC Worker Start (ms): Min: 7756124.4, Avg: 7756128.4, Max: 7756139.5, Diff: 15.1]
      [Ext Root Scanning (ms): Min: 0.0, Avg: 1.7, Max: 9.7, Diff: 9.7, Sum: 13.4]
      [Update RS (ms): Min: 0.0, Avg: 1.9, Max: 3.3, Diff: 3.3, Sum: 15.1]
         [Processed Buffers: Min: 0, Avg: 5.8, Max: 14, Diff: 14, Sum: 46]
      [Scan RS (ms): Min: 0.0, Avg: 0.0, Max: 0.0, Diff: 0.0, Sum: 0.1]
      [Code Root Scanning (ms): Min: 0.0, Avg: 0.0, Max: 0.0, Diff: 0.0, Sum: 0.0]
      [Object Copy (ms): Min: 0.0, Avg: 7.2, Max: 25.4, Diff: 25.4, Sum: 58.0]
      [Termination (ms): Min: 0.0, Avg: 16.1, Max: 20.9, Diff: 20.9, Sum: 129.1]
         [Termination Attempts: Min: 1, Avg: 3.6, Max: 10, Diff: 9, Sum: 29]
      [GC Worker Other (ms): Min: 0.0, Avg: 0.0, Max: 0.1, Diff: 0.1, Sum: 0.3]
      [GC Worker Total (ms): Min: 15.9, Avg: 27.0, Max: 31.1, Diff: 15.1, Sum: 216.0]
      [GC Worker End (ms): Min: 7756155.4, Avg: 7756155.4, Max: 7756155.5, Diff: 0.1]
   [Code Root Fixup: 0.0 ms]
   [Code Root Purge: 0.0 ms]
   [Clear CT: 0.7 ms]
   [Other: 11.6 ms]
      [Choose CSet: 0.0 ms]
      [Ref Proc: 9.7 ms]
      [Ref Enq: 0.0 ms]
      [Redirty Cards: 1.2 ms]
      [Humongous Register: 0.2 ms]
      [Humongous Reclaim: 0.0 ms]
      [Free CSet: 0.1 ms]
   [Eden: 50176.0K(50176.0K)->0.0B(49152.0K) Survivors: 2048.0K->3072.0K Heap: 304.8M(1024.0M)->256.5M(1024.0M)]
 [Times: user=0.16 sys=0.00, real=0.05 secs] 
2022-11-23T17:50:48.367+0100: 7762.332: [GC pause (G1 Evacuation Pause) (young), 0.0438826 secs]
   [Parallel Time: 25.8 ms, GC Workers: 8]
      [GC Worker Start (ms): Min: 7762332.5, Avg: 7762342.4, Max: 7762348.0, Diff: 15.5]
      [Ext Root Scanning (ms): Min: 0.0, Avg: 0.4, Max: 1.4, Diff: 1.4, Sum: 2.9]
      [Update RS (ms): Min: 0.0, Avg: 4.0, Max: 22.4, Diff: 22.4, Sum: 31.8]
         [Processed Buffers: Min: 0, Avg: 5.8, Max: 29, Diff: 29, Sum: 46]
      [Scan RS (ms): Min: 0.0, Avg: 0.0, Max: 0.0, Diff: 0.0, Sum: 0.1]
      [Code Root Scanning (ms): Min: 0.0, Avg: 0.0, Max: 0.0, Diff: 0.0, Sum: 0.0]
      [Object Copy (ms): Min: 0.0, Avg: 3.4, Max: 16.0, Diff: 16.0, Sum: 26.8]
      [Termination (ms): Min: 0.6, Avg: 7.0, Max: 9.7, Diff: 9.1, Sum: 56.2]
         [Termination Attempts: Min: 1, Avg: 12.9, Max: 34, Diff: 33, Sum: 103]
      [GC Worker Other (ms): Min: 0.0, Avg: 0.0, Max: 0.0, Diff: 0.0, Sum: 0.1]
      [GC Worker Total (ms): Min: 9.2, Avg: 14.7, Max: 24.7, Diff: 15.5, Sum: 118.0]
      [GC Worker End (ms): Min: 7762357.1, Avg: 7762357.2, Max: 7762357.2, Diff: 0.1]
   [Code Root Fixup: 0.0 ms]
   [Code Root Purge: 0.0 ms]
   [Clear CT: 4.5 ms]
   [Other: 13.6 ms]
      [Choose CSet: 0.0 ms]
      [Ref Proc: 11.7 ms]
      [Ref Enq: 0.0 ms]
      [Redirty Cards: 1.3 ms]
      [Humongous Register: 0.1 ms]
      [Humongous Reclaim: 0.1 ms]
      [Free CSet: 0.1 ms]
   [Eden: 49152.0K(49152.0K)->0.0B(49152.0K) Survivors: 3072.0K->3072.0K Heap: 304.5M(1024.0M)->256.5M(1024.0M)]
 [Times: user=0.12 sys=0.00, real=0.05 secs] 
2022-11-23T17:50:54.894+0100: 7768.858: [GC pause (G1 Evacuation Pause) (young), 0.0317110 secs]
   [Parallel Time: 13.2 ms, GC Workers: 8]
      [GC Worker Start (ms): Min: 7768859.1, Avg: 7768867.2, Max: 7768871.8, Diff: 12.7]
      [Ext Root Scanning (ms): Min: 0.0, Avg: 0.4, Max: 3.3, Diff: 3.3, Sum: 3.3]
      [Update RS (ms): Min: 0.0, Avg: 1.9, Max: 5.4, Diff: 5.4, Sum: 14.8]
         [Processed Buffers: Min: 0, Avg: 5.6, Max: 20, Diff: 20, Sum: 45]
      [Scan RS (ms): Min: 0.0, Avg: 0.0, Max: 0.0, Diff: 0.0, Sum: 0.1]
      [Code Root Scanning (ms): Min: 0.0, Avg: 0.0, Max: 0.0, Diff: 0.0, Sum: 0.0]
      [Object Copy (ms): Min: 0.0, Avg: 2.2, Max: 3.7, Diff: 3.7, Sum: 17.3]
      [Termination (ms): Min: 0.0, Avg: 0.3, Max: 0.4, Diff: 0.4, Sum: 2.1]
         [Termination Attempts: Min: 1, Avg: 2.8, Max: 7, Diff: 6, Sum: 22]
      [GC Worker Other (ms): Min: 0.0, Avg: 0.0, Max: 0.2, Diff: 0.1, Sum: 0.2]
      [GC Worker Total (ms): Min: 0.1, Avg: 4.7, Max: 12.8, Diff: 12.7, Sum: 37.8]
      [GC Worker End (ms): Min: 7768871.9, Avg: 7768871.9, Max: 7768872.0, Diff: 0.0]
   [Code Root Fixup: 0.0 ms]
   [Code Root Purge: 0.0 ms]
   [Clear CT: 0.7 ms]
   [Other: 17.8 ms]
      [Choose CSet: 0.0 ms]
      [Ref Proc: 11.9 ms]
      [Ref Enq: 0.0 ms]
      [Redirty Cards: 4.8 ms]
      [Humongous Register: 0.4 ms]
      [Humongous Reclaim: 0.1 ms]
      [Free CSet: 0.1 ms]
   [Eden: 49152.0K(49152.0K)->0.0B(49152.0K) Survivors: 3072.0K->3072.0K Heap: 304.5M(1024.0M)->256.8M(1024.0M)]
 [Times: user=0.09 sys=0.02, real=0.03 secs] 
2022-11-23T17:51:01.658+0100: 7775.623: [GC pause (G1 Evacuation Pause) (young), 0.0341401 secs]
   [Parallel Time: 21.3 ms, GC Workers: 8]
      [GC Worker Start (ms): Min: 7775624.3, Avg: 7775627.6, Max: 7775632.4, Diff: 8.1]
      [Ext Root Scanning (ms): Min: 0.0, Avg: 0.6, Max: 2.8, Diff: 2.7, Sum: 4.8]
      [Update RS (ms): Min: 0.0, Avg: 2.0, Max: 3.5, Diff: 3.5, Sum: 16.1]
         [Processed Buffers: Min: 0, Avg: 5.9, Max: 12, Diff: 12, Sum: 47]
      [Scan RS (ms): Min: 0.0, Avg: 0.0, Max: 0.0, Diff: 0.0, Sum: 0.1]
      [Code Root Scanning (ms): Min: 0.0, Avg: 0.0, Max: 0.0, Diff: 0.0, Sum: 0.0]
      [Object Copy (ms): Min: 0.0, Avg: 2.1, Max: 3.6, Diff: 3.6, Sum: 16.9]
      [Termination (ms): Min: 0.0, Avg: 1.7, Max: 3.9, Diff: 3.9, Sum: 13.8]
         [Termination Attempts: Min: 1, Avg: 1.0, Max: 1, Diff: 0, Sum: 8]
      [GC Worker Other (ms): Min: 0.0, Avg: 0.0, Max: 0.0, Diff: 0.0, Sum: 0.1]
      [GC Worker Total (ms): Min: 3.2, Avg: 6.5, Max: 9.1, Diff: 5.9, Sum: 51.8]
      [GC Worker End (ms): Min: 7775633.3, Avg: 7775634.1, Max: 7775636.1, Diff: 2.8]
   [Code Root Fixup: 0.0 ms]
   [Code Root Purge: 0.0 ms]
   [Clear CT: 5.5 ms]
   [Other: 7.4 ms]
      [Choose CSet: 0.0 ms]
      [Ref Proc: 6.1 ms]
      [Ref Enq: 0.0 ms]
      [Redirty Cards: 0.7 ms]
      [Humongous Register: 0.2 ms]
      [Humongous Reclaim: 0.0 ms]
      [Free CSet: 0.1 ms]
   [Eden: 49152.0K(49152.0K)->0.0B(49152.0K) Survivors: 3072.0K->3072.0K Heap: 304.8M(1024.0M)->257.2M(1024.0M)]
 [Times: user=0.05 sys=0.01, real=0.04 secs] 
2022-11-23T17:51:11.297+0100: 7785.261: [GC pause (G1 Evacuation Pause) (young), 0.0207412 secs]
   [Parallel Time: 13.2 ms, GC Workers: 8]
      [GC Worker Start (ms): Min: 7785261.8, Avg: 7785266.4, Max: 7785271.6, Diff: 9.8]
      [Ext Root Scanning (ms): Min: 0.0, Avg: 0.4, Max: 2.6, Diff: 2.6, Sum: 2.8]
      [Update RS (ms): Min: 0.0, Avg: 2.7, Max: 10.3, Diff: 10.2, Sum: 21.4]
         [Processed Buffers: Min: 0, Avg: 6.2, Max: 16, Diff: 16, Sum: 50]
      [Scan RS (ms): Min: 0.0, Avg: 0.0, Max: 0.0, Diff: 0.0, Sum: 0.1]
      [Code Root Scanning (ms): Min: 0.0, Avg: 0.0, Max: 0.0, Diff: 0.0, Sum: 0.0]
      [Object Copy (ms): Min: 0.0, Avg: 2.6, Max: 3.6, Diff: 3.6, Sum: 20.5]
      [Termination (ms): Min: 0.0, Avg: 2.9, Max: 3.4, Diff: 3.4, Sum: 23.0]
         [Termination Attempts: Min: 1, Avg: 10.4, Max: 19, Diff: 18, Sum: 83]
      [GC Worker Other (ms): Min: 0.0, Avg: 0.0, Max: 0.0, Diff: 0.0, Sum: 0.1]
      [GC Worker Total (ms): Min: 3.2, Avg: 8.5, Max: 13.1, Diff: 9.8, Sum: 67.9]
      [GC Worker End (ms): Min: 7785274.9, Avg: 7785274.9, Max: 7785274.9, Diff: 0.0]
   [Code Root Fixup: 0.0 ms]
   [Code Root Purge: 0.0 ms]
   [Clear CT: 0.6 ms]
   [Other: 7.0 ms]
      [Choose CSet: 0.0 ms]
      [Ref Proc: 5.9 ms]
      [Ref Enq: 0.0 ms]
      [Redirty Cards: 0.6 ms]
      [Humongous Register: 0.2 ms]
      [Humongous Reclaim: 0.0 ms]
      [Free CSet: 0.0 ms]
   [Eden: 49152.0K(49152.0K)->0.0B(49152.0K) Survivors: 3072.0K->3072.0K Heap: 305.2M(1024.0M)->256.7M(1024.0M)]
 [Times: user=0.05 sys=0.02, real=0.02 secs] 
2022-11-23T17:51:20.218+0100: 7794.182: [GC pause (G1 Evacuation Pause) (young), 0.0452300 secs]
   [Parallel Time: 11.2 ms, GC Workers: 8]
      [GC Worker Start (ms): Min: 7794182.4, Avg: 7794186.6, Max: 7794192.0, Diff: 9.6]
      [Ext Root Scanning (ms): Min: 0.0, Avg: 0.5, Max: 1.7, Diff: 1.7, Sum: 4.3]
      [Update RS (ms): Min: 0.0, Avg: 2.6, Max: 9.2, Diff: 9.2, Sum: 21.0]
         [Processed Buffers: Min: 0, Avg: 6.0, Max: 20, Diff: 20, Sum: 48]
      [Scan RS (ms): Min: 0.0, Avg: 0.0, Max: 0.0, Diff: 0.0, Sum: 0.1]
      [Code Root Scanning (ms): Min: 0.0, Avg: 0.0, Max: 0.0, Diff: 0.0, Sum: 0.0]
      [Object Copy (ms): Min: 0.1, Avg: 2.4, Max: 3.6, Diff: 3.5, Sum: 19.0]
      [Termination (ms): Min: 0.0, Avg: 1.0, Max: 1.6, Diff: 1.6, Sum: 8.0]
         [Termination Attempts: Min: 1, Avg: 8.9, Max: 34, Diff: 33, Sum: 71]
      [GC Worker Other (ms): Min: 0.0, Avg: 0.0, Max: 0.0, Diff: 0.0, Sum: 0.1]
      [GC Worker Total (ms): Min: 1.1, Avg: 6.6, Max: 11.1, Diff: 10.0, Sum: 52.5]
      [GC Worker End (ms): Min: 7794193.0, Avg: 7794193.1, Max: 7794193.5, Diff: 0.4]
   [Code Root Fixup: 0.0 ms]
   [Code Root Purge: 0.0 ms]
   [Clear CT: 2.5 ms]
   [Other: 31.5 ms]
      [Choose CSet: 0.0 ms]
      [Ref Proc: 22.8 ms]
      [Ref Enq: 0.0 ms]
      [Redirty Cards: 7.5 ms]
      [Humongous Register: 0.1 ms]
      [Humongous Reclaim: 0.1 ms]
      [Free CSet: 0.6 ms]
   [Eden: 49152.0K(49152.0K)->0.0B(49152.0K) Survivors: 3072.0K->3072.0K Heap: 304.7M(1024.0M)->257.6M(1024.0M)]
 [Times: user=0.11 sys=0.00, real=0.05 secs] 
2022-11-23T17:51:32.980+0100: 7806.944: [GC pause (G1 Evacuation Pause) (young), 0.0169724 secs]
   [Parallel Time: 12.7 ms, GC Workers: 8]
      [GC Worker Start (ms): Min: 7806944.4, Avg: 7806952.2, Max: 7806956.3, Diff: 11.9]
      [Ext Root Scanning (ms): Min: 0.0, Avg: 0.4, Max: 1.8, Diff: 1.8, Sum: 3.5]
      [Update RS (ms): Min: 0.0, Avg: 1.5, Max: 6.3, Diff: 6.3, Sum: 12.3]
         [Processed Buffers: Min: 0, Avg: 6.9, Max: 37, Diff: 37, Sum: 55]
      [Scan RS (ms): Min: 0.0, Avg: 0.0, Max: 0.0, Diff: 0.0, Sum: 0.1]
      [Code Root Scanning (ms): Min: 0.0, Avg: 0.0, Max: 0.0, Diff: 0.0, Sum: 0.0]
      [Object Copy (ms): Min: 0.0, Avg: 1.9, Max: 3.9, Diff: 3.9, Sum: 15.5]
      [Termination (ms): Min: 0.0, Avg: 0.3, Max: 0.6, Diff: 0.6, Sum: 2.0]
         [Termination Attempts: Min: 1, Avg: 1.4, Max: 3, Diff: 2, Sum: 11]
      [GC Worker Other (ms): Min: 0.0, Avg: 0.0, Max: 0.0, Diff: 0.0, Sum: 0.1]
      [GC Worker Total (ms): Min: 0.0, Avg: 4.2, Max: 11.9, Diff: 11.9, Sum: 33.4]
      [GC Worker End (ms): Min: 7806956.3, Avg: 7806956.4, Max: 7806956.7, Diff: 0.4]
   [Code Root Fixup: 0.0 ms]
   [Code Root Purge: 0.0 ms]
   [Clear CT: 0.7 ms]
   [Other: 3.6 ms]
      [Choose CSet: 0.0 ms]
      [Ref Proc: 1.2 ms]
      [Ref Enq: 0.0 ms]
      [Redirty Cards: 1.9 ms]
      [Humongous Register: 0.0 ms]
      [Humongous Reclaim: 0.0 ms]
      [Free CSet: 0.1 ms]
   [Eden: 49152.0K(49152.0K)->0.0B(49152.0K) Survivors: 3072.0K->3072.0K Heap: 305.6M(1024.0M)->257.0M(1024.0M)]
 [Times: user=0.04 sys=0.00, real=0.02 secs] 
2022-11-23T17:51:39.543+0100: 7813.507: [GC pause (G1 Evacuation Pause) (young), 0.0348786 secs]
   [Parallel Time: 17.8 ms, GC Workers: 8]
      [GC Worker Start (ms): Min: 7813507.5, Avg: 7813509.4, Max: 7813513.9, Diff: 6.4]
      [Ext Root Scanning (ms): Min: 0.0, Avg: 0.4, Max: 1.2, Diff: 1.2, Sum: 3.5]
      [Update RS (ms): Min: 0.0, Avg: 1.7, Max: 3.3, Diff: 3.3, Sum: 13.5]
         [Processed Buffers: Min: 0, Avg: 5.6, Max: 15, Diff: 15, Sum: 45]
      [Scan RS (ms): Min: 0.0, Avg: 0.0, Max: 0.0, Diff: 0.0, Sum: 0.1]
      [Code Root Scanning (ms): Min: 0.0, Avg: 0.0, Max: 0.0, Diff: 0.0, Sum: 0.0]
      [Object Copy (ms): Min: 0.4, Avg: 5.4, Max: 12.1, Diff: 11.7, Sum: 43.1]
      [Termination (ms): Min: 0.0, Avg: 6.7, Max: 10.8, Diff: 10.8, Sum: 53.9]
         [Termination Attempts: Min: 1, Avg: 1.6, Max: 4, Diff: 3, Sum: 13]
      [GC Worker Other (ms): Min: 0.0, Avg: 0.0, Max: 0.0, Diff: 0.0, Sum: 0.1]
      [GC Worker Total (ms): Min: 9.5, Avg: 14.3, Max: 15.9, Diff: 6.4, Sum: 114.2]
      [GC Worker End (ms): Min: 7813523.4, Avg: 7813523.7, Max: 7813525.2, Diff: 1.8]
   [Code Root Fixup: 0.0 ms]
   [Code Root Purge: 0.0 ms]
   [Clear CT: 1.4 ms]
   [Other: 15.6 ms]
      [Choose CSet: 0.0 ms]
      [Ref Proc: 14.4 ms]
      [Ref Enq: 0.0 ms]
      [Redirty Cards: 0.8 ms]
      [Humongous Register: 0.1 ms]
      [Humongous Reclaim: 0.0 ms]
      [Free CSet: 0.0 ms]
   [Eden: 49152.0K(49152.0K)->0.0B(49152.0K) Survivors: 3072.0K->3072.0K Heap: 305.0M(1024.0M)->257.9M(1024.0M)]
 [Times: user=0.09 sys=0.01, real=0.03 secs] 
2022-11-23T17:51:45.721+0100: 7819.685: [GC pause (G1 Evacuation Pause) (young), 0.0156530 secs]
   [Parallel Time: 8.9 ms, GC Workers: 8]
      [GC Worker Start (ms): Min: 7819686.5, Avg: 7819690.4, Max: 7819694.2, Diff: 7.6]
      [Ext Root Scanning (ms): Min: 0.0, Avg: 0.4, Max: 2.8, Diff: 2.8, Sum: 2.9]
      [Update RS (ms): Min: 0.0, Avg: 1.8, Max: 3.2, Diff: 3.2, Sum: 14.7]
         [Processed Buffers: Min: 0, Avg: 5.9, Max: 14, Diff: 14, Sum: 47]
      [Scan RS (ms): Min: 0.0, Avg: 0.0, Max: 0.0, Diff: 0.0, Sum: 0.1]
      [Code Root Scanning (ms): Min: 0.0, Avg: 0.0, Max: 0.0, Diff: 0.0, Sum: 0.0]
      [Object Copy (ms): Min: 0.0, Avg: 1.3, Max: 2.1, Diff: 2.1, Sum: 10.2]
      [Termination (ms): Min: 0.0, Avg: 0.3, Max: 0.4, Diff: 0.4, Sum: 2.5]
         [Termination Attempts: Min: 1, Avg: 1.6, Max: 2, Diff: 1, Sum: 13]
      [GC Worker Other (ms): Min: 0.0, Avg: 0.0, Max: 0.0, Diff: 0.0, Sum: 0.2]
      [GC Worker Total (ms): Min: 0.0, Avg: 3.8, Max: 7.7, Diff: 7.7, Sum: 30.4]
      [GC Worker End (ms): Min: 7819694.2, Avg: 7819694.2, Max: 7819694.3, Diff: 0.1]
   [Code Root Fixup: 0.0 ms]
   [Code Root Purge: 0.0 ms]
   [Clear CT: 0.8 ms]
   [Other: 5.9 ms]
      [Choose CSet: 0.0 ms]
      [Ref Proc: 3.6 ms]
      [Ref Enq: 0.0 ms]
      [Redirty Cards: 1.7 ms]
      [Humongous Register: 0.1 ms]
      [Humongous Reclaim: 0.1 ms]
      [Free CSet: 0.1 ms]
   [Eden: 49152.0K(49152.0K)->0.0B(49152.0K) Survivors: 3072.0K->3072.0K Heap: 305.9M(1024.0M)->257.3M(1024.0M)]
 [Times: user=0.03 sys=0.01, real=0.01 secs] 
2022-11-23T17:51:52.810+0100: 7826.774: [GC pause (G1 Evacuation Pause) (young), 0.0339111 secs]
   [Parallel Time: 19.4 ms, GC Workers: 8]
      [GC Worker Start (ms): Min: 7826775.6, Avg: 7826788.9, Max: 7826794.5, Diff: 19.0]
      [Ext Root Scanning (ms): Min: 0.0, Avg: 0.6, Max: 4.3, Diff: 4.3, Sum: 4.4]
      [Update RS (ms): Min: 0.0, Avg: 2.7, Max: 14.4, Diff: 14.4, Sum: 21.8]
         [Processed Buffers: Min: 0, Avg: 5.9, Max: 23, Diff: 23, Sum: 47]
      [Scan RS (ms): Min: 0.0, Avg: 0.0, Max: 0.0, Diff: 0.0, Sum: 0.1]
      [Code Root Scanning (ms): Min: 0.0, Avg: 0.0, Max: 0.0, Diff: 0.0, Sum: 0.0]
      [Object Copy (ms): Min: 0.0, Avg: 2.2, Max: 5.8, Diff: 5.8, Sum: 17.4]
      [Termination (ms): Min: 0.0, Avg: 0.3, Max: 0.7, Diff: 0.7, Sum: 2.1]
         [Termination Attempts: Min: 1, Avg: 7.5, Max: 39, Diff: 38, Sum: 60]
      [GC Worker Other (ms): Min: 0.0, Avg: 0.0, Max: 0.0, Diff: 0.0, Sum: 0.1]
      [GC Worker Total (ms): Min: 0.1, Avg: 5.7, Max: 19.1, Diff: 19.0, Sum: 46.0]
      [GC Worker End (ms): Min: 7826794.6, Avg: 7826794.7, Max: 7826794.9, Diff: 0.3]
   [Code Root Fixup: 0.0 ms]
   [Code Root Purge: 0.0 ms]
   [Clear CT: 0.8 ms]
   [Other: 13.7 ms]
      [Choose CSet: 0.0 ms]
      [Ref Proc: 5.3 ms]
      [Ref Enq: 0.0 ms]
      [Redirty Cards: 6.7 ms]
      [Humongous Register: 1.2 ms]
      [Humongous Reclaim: 0.1 ms]
      [Free CSet: 0.1 ms]
   [Eden: 49152.0K(49152.0K)->0.0B(49152.0K) Survivors: 3072.0K->3072.0K Heap: 305.3M(1024.0M)->258.2M(1024.0M)]
 [Times: user=0.05 sys=0.02, real=0.04 secs] 
2022-11-23T17:51:59.092+0100: 7833.056: [GC pause (G1 Evacuation Pause) (young), 0.0460324 secs]
   [Parallel Time: 20.9 ms, GC Workers: 8]
      [GC Worker Start (ms): Min: 7833056.5, Avg: 7833067.6, Max: 7833072.1, Diff: 15.6]
      [Ext Root Scanning (ms): Min: 0.0, Avg: 0.3, Max: 2.7, Diff: 2.7, Sum: 2.8]
      [Update RS (ms): Min: 0.0, Avg: 2.6, Max: 15.2, Diff: 15.2, Sum: 20.5]
         [Processed Buffers: Min: 0, Avg: 5.4, Max: 17, Diff: 17, Sum: 43]
      [Scan RS (ms): Min: 0.0, Avg: 0.0, Max: 0.0, Diff: 0.0, Sum: 0.1]
      [Code Root Scanning (ms): Min: 0.0, Avg: 0.0, Max: 0.0, Diff: 0.0, Sum: 0.0]
      [Object Copy (ms): Min: 0.3, Avg: 2.1, Max: 4.8, Diff: 4.5, Sum: 17.0]
      [Termination (ms): Min: 0.5, Avg: 2.7, Max: 5.2, Diff: 4.6, Sum: 21.7]
         [Termination Attempts: Min: 1, Avg: 9.1, Max: 29, Diff: 28, Sum: 73]
      [GC Worker Other (ms): Min: 0.0, Avg: 0.0, Max: 0.0, Diff: 0.0, Sum: 0.1]
      [GC Worker Total (ms): Min: 3.0, Avg: 7.8, Max: 18.6, Diff: 15.7, Sum: 62.1]
      [GC Worker End (ms): Min: 7833075.1, Avg: 7833075.4, Max: 7833076.9, Diff: 1.9]
   [Code Root Fixup: 0.0 ms]
   [Code Root Purge: 0.0 ms]
   [Clear CT: 0.7 ms]
   [Other: 24.4 ms]
      [Choose CSet: 0.0 ms]
      [Ref Proc: 23.2 ms]
      [Ref Enq: 0.0 ms]
      [Redirty Cards: 0.7 ms]
      [Humongous Register: 0.1 ms]
      [Humongous Reclaim: 0.1 ms]
      [Free CSet: 0.1 ms]
   [Eden: 49152.0K(49152.0K)->0.0B(49152.0K) Survivors: 3072.0K->3072.0K Heap: 306.2M(1024.0M)->258.0M(1024.0M)]
 [Times: user=0.12 sys=0.01, real=0.04 secs] 
2022-11-23T17:52:04.534+0100: 7838.499: [GC pause (G1 Evacuation Pause) (young), 0.0184474 secs]
   [Parallel Time: 9.3 ms, GC Workers: 8]
      [GC Worker Start (ms): Min: 7838499.2, Avg: 7838502.0, Max: 7838506.4, Diff: 7.2]
      [Ext Root Scanning (ms): Min: 0.0, Avg: 0.5, Max: 1.2, Diff: 1.2, Sum: 4.0]
      [Update RS (ms): Min: 0.0, Avg: 2.0, Max: 3.3, Diff: 3.3, Sum: 16.0]
         [Processed Buffers: Min: 0, Avg: 6.1, Max: 19, Diff: 19, Sum: 49]
      [Scan RS (ms): Min: 0.0, Avg: 0.0, Max: 0.0, Diff: 0.0, Sum: 0.1]
      [Code Root Scanning (ms): Min: 0.0, Avg: 0.0, Max: 0.0, Diff: 0.0, Sum: 0.0]
      [Object Copy (ms): Min: 0.3, Avg: 2.4, Max: 4.0, Diff: 3.6, Sum: 18.8]
      [Termination (ms): Min: 0.0, Avg: 1.1, Max: 1.3, Diff: 1.3, Sum: 8.6]
         [Termination Attempts: Min: 1, Avg: 1.4, Max: 3, Diff: 2, Sum: 11]
      [GC Worker Other (ms): Min: 0.0, Avg: 0.0, Max: 0.0, Diff: 0.0, Sum: 0.1]
      [GC Worker Total (ms): Min: 1.6, Avg: 5.9, Max: 8.8, Diff: 7.2, Sum: 47.6]
      [GC Worker End (ms): Min: 7838508.0, Avg: 7838508.0, Max: 7838508.0, Diff: 0.0]
   [Code Root Fixup: 0.0 ms]
   [Code Root Purge: 0.0 ms]
   [Clear CT: 0.6 ms]
   [Other: 8.5 ms]
      [Choose CSet: 0.0 ms]
      [Ref Proc: 7.3 ms]
      [Ref Enq: 0.0 ms]
      [Redirty Cards: 0.6 ms]
      [Humongous Register: 0.1 ms]
      [Humongous Reclaim: 0.1 ms]
      [Free CSet: 0.1 ms]
   [Eden: 49152.0K(49152.0K)->0.0B(49152.0K) Survivors: 3072.0K->3072.0K Heap: 306.0M(1024.0M)->258.4M(1024.0M)]
 [Times: user=0.07 sys=0.00, real=0.02 secs] 
2022-11-23T17:52:11.734+0100: 7845.699: [GC pause (G1 Evacuation Pause) (young), 0.0105816 secs]
   [Parallel Time: 5.6 ms, GC Workers: 8]
      [GC Worker Start (ms): Min: 7845698.9, Avg: 7845700.1, Max: 7845703.5, Diff: 4.6]
      [Ext Root Scanning (ms): Min: 0.0, Avg: 0.4, Max: 1.0, Diff: 1.0, Sum: 3.1]
      [Update RS (ms): Min: 0.0, Avg: 1.4, Max: 2.2, Diff: 2.2, Sum: 11.2]
         [Processed Buffers: Min: 0, Avg: 6.1, Max: 17, Diff: 17, Sum: 49]
      [Scan RS (ms): Min: 0.0, Avg: 0.0, Max: 0.0, Diff: 0.0, Sum: 0.1]
      [Code Root Scanning (ms): Min: 0.0, Avg: 0.0, Max: 0.0, Diff: 0.0, Sum: 0.0]
      [Object Copy (ms): Min: 0.0, Avg: 1.4, Max: 2.2, Diff: 2.2, Sum: 11.2]
      [Termination (ms): Min: 0.0, Avg: 0.3, Max: 0.8, Diff: 0.8, Sum: 2.5]
         [Termination Attempts: Min: 1, Avg: 1.0, Max: 1, Diff: 0, Sum: 8]
      [GC Worker Other (ms): Min: 0.0, Avg: 0.0, Max: 0.0, Diff: 0.0, Sum: 0.1]
      [GC Worker Total (ms): Min: 0.0, Avg: 3.5, Max: 5.1, Diff: 5.1, Sum: 28.1]
      [GC Worker End (ms): Min: 7845703.5, Avg: 7845703.6, Max: 7845704.1, Diff: 0.6]
   [Code Root Fixup: 0.0 ms]
   [Code Root Purge: 0.0 ms]
   [Clear CT: 0.8 ms]
   [Other: 4.2 ms]
      [Choose CSet: 0.0 ms]
      [Ref Proc: 3.1 ms]
      [Ref Enq: 0.0 ms]
      [Redirty Cards: 0.8 ms]
      [Humongous Register: 0.1 ms]
      [Humongous Reclaim: 0.0 ms]
      [Free CSet: 0.1 ms]
   [Eden: 49152.0K(49152.0K)->0.0B(49152.0K) Survivors: 3072.0K->3072.0K Heap: 306.4M(1024.0M)->257.9M(1024.0M)]
 [Times: user=0.02 sys=0.02, real=0.01 secs] 
2022-11-23T17:52:17.536+0100: 7851.501: [GC pause (G1 Evacuation Pause) (young), 0.0325467 secs]
   [Parallel Time: 11.8 ms, GC Workers: 8]
      [GC Worker Start (ms): Min: 7851501.0, Avg: 7851506.2, Max: 7851511.2, Diff: 10.2]
      [Ext Root Scanning (ms): Min: 0.0, Avg: 0.3, Max: 1.0, Diff: 1.0, Sum: 2.7]
      [Update RS (ms): Min: 0.0, Avg: 2.8, Max: 10.5, Diff: 10.5, Sum: 22.6]
         [Processed Buffers: Min: 0, Avg: 5.6, Max: 20, Diff: 20, Sum: 45]
      [Scan RS (ms): Min: 0.0, Avg: 0.0, Max: 0.1, Diff: 0.1, Sum: 0.1]
      [Code Root Scanning (ms): Min: 0.0, Avg: 0.0, Max: 0.0, Diff: 0.0, Sum: 0.0]
      [Object Copy (ms): Min: 0.0, Avg: 1.9, Max: 4.1, Diff: 4.1, Sum: 15.3]
      [Termination (ms): Min: 0.0, Avg: 1.3, Max: 1.6, Diff: 1.6, Sum: 10.1]
         [Termination Attempts: Min: 1, Avg: 4.5, Max: 12, Diff: 11, Sum: 36]
      [GC Worker Other (ms): Min: 0.0, Avg: 0.0, Max: 0.0, Diff: 0.0, Sum: 0.1]
      [GC Worker Total (ms): Min: 1.3, Avg: 6.4, Max: 11.5, Diff: 10.2, Sum: 50.9]
      [GC Worker End (ms): Min: 7851512.5, Avg: 7851512.5, Max: 7851512.6, Diff: 0.1]
   [Code Root Fixup: 0.0 ms]
   [Code Root Purge: 0.0 ms]
   [Clear CT: 0.7 ms]
   [Other: 20.0 ms]
      [Choose CSet: 0.0 ms]
      [Ref Proc: 19.1 ms]
      [Ref Enq: 0.0 ms]
      [Redirty Cards: 0.6 ms]
      [Humongous Register: 0.0 ms]
      [Humongous Reclaim: 0.0 ms]
      [Free CSet: 0.0 ms]
   [Eden: 49152.0K(49152.0K)->0.0B(49152.0K) Survivors: 3072.0K->3072.0K Heap: 305.9M(1024.0M)->258.7M(1024.0M)]
 [Times: user=0.06 sys=0.01, real=0.03 secs] 
2022-11-23T17:52:24.611+0100: 7858.575: [GC pause (G1 Evacuation Pause) (young), 0.0286956 secs]
   [Parallel Time: 17.9 ms, GC Workers: 8]
      [GC Worker Start (ms): Min: 7858575.7, Avg: 7858577.9, Max: 7858582.4, Diff: 6.6]
      [Ext Root Scanning (ms): Min: 0.0, Avg: 0.8, Max: 3.0, Diff: 3.0, Sum: 6.7]
      [Update RS (ms): Min: 0.0, Avg: 1.7, Max: 3.6, Diff: 3.6, Sum: 13.9]
         [Processed Buffers: Min: 0, Avg: 5.8, Max: 13, Diff: 13, Sum: 46]
      [Scan RS (ms): Min: 0.0, Avg: 0.0, Max: 0.0, Diff: 0.0, Sum: 0.1]
      [Code Root Scanning (ms): Min: 0.0, Avg: 0.0, Max: 0.0, Diff: 0.0, Sum: 0.0]
      [Object Copy (ms): Min: 0.0, Avg: 1.7, Max: 2.4, Diff: 2.4, Sum: 13.9]
      [Termination (ms): Min: 0.0, Avg: 0.5, Max: 1.8, Diff: 1.8, Sum: 4.2]
         [Termination Attempts: Min: 1, Avg: 2.5, Max: 4, Diff: 3, Sum: 20]
      [GC Worker Other (ms): Min: 0.0, Avg: 0.0, Max: 0.0, Diff: 0.0, Sum: 0.1]
      [GC Worker Total (ms): Min: 0.0, Avg: 4.9, Max: 6.9, Diff: 6.9, Sum: 38.9]
      [GC Worker End (ms): Min: 7858582.4, Avg: 7858582.7, Max: 7858584.0, Diff: 1.6]
   [Code Root Fixup: 0.0 ms]
   [Code Root Purge: 0.0 ms]
   [Clear CT: 0.8 ms]
   [Other: 9.9 ms]
      [Choose CSet: 0.0 ms]
      [Ref Proc: 8.4 ms]
      [Ref Enq: 0.0 ms]
      [Redirty Cards: 0.9 ms]
      [Humongous Register: 0.1 ms]
      [Humongous Reclaim: 0.1 ms]
      [Free CSet: 0.1 ms]
   [Eden: 49152.0K(49152.0K)->0.0B(49152.0K) Survivors: 3072.0K->3072.0K Heap: 306.7M(1024.0M)->258.2M(1024.0M)]
 [Times: user=0.07 sys=0.01, real=0.02 secs] 
2022-11-23T17:52:29.871+0100: 7863.836: [GC pause (G1 Evacuation Pause) (young), 0.0289216 secs]
   [Parallel Time: 15.9 ms, GC Workers: 8]
      [GC Worker Start (ms): Min: 7863837.5, Avg: 7863847.9, Max: 7863851.9, Diff: 14.5]
      [Ext Root Scanning (ms): Min: 0.0, Avg: 0.5, Max: 3.4, Diff: 3.4, Sum: 3.7]
      [Update RS (ms): Min: 0.0, Avg: 1.6, Max: 6.5, Diff: 6.5, Sum: 12.9]
         [Processed Buffers: Min: 0, Avg: 5.4, Max: 30, Diff: 30, Sum: 43]
      [Scan RS (ms): Min: 0.0, Avg: 0.0, Max: 0.0, Diff: 0.0, Sum: 0.0]
      [Code Root Scanning (ms): Min: 0.0, Avg: 0.0, Max: 0.0, Diff: 0.0, Sum: 0.0]
      [Object Copy (ms): Min: 0.0, Avg: 1.7, Max: 4.3, Diff: 4.3, Sum: 13.4]
      [Termination (ms): Min: 0.0, Avg: 0.3, Max: 0.4, Diff: 0.4, Sum: 2.2]
         [Termination Attempts: Min: 1, Avg: 1.5, Max: 3, Diff: 2, Sum: 12]
      [GC Worker Other (ms): Min: 0.0, Avg: 0.0, Max: 0.0, Diff: 0.0, Sum: 0.1]
      [GC Worker Total (ms): Min: 0.0, Avg: 4.0, Max: 14.5, Diff: 14.5, Sum: 32.3]
      [GC Worker End (ms): Min: 7863852.0, Avg: 7863852.0, Max: 7863852.0, Diff: 0.0]
   [Code Root Fixup: 0.0 ms]
   [Code Root Purge: 0.0 ms]
   [Clear CT: 0.8 ms]
   [Other: 12.2 ms]
      [Choose CSet: 0.0 ms]
      [Ref Proc: 11.3 ms]
      [Ref Enq: 0.0 ms]
      [Redirty Cards: 0.3 ms]
      [Humongous Register: 0.1 ms]
      [Humongous Reclaim: 0.0 ms]
      [Free CSet: 0.1 ms]
   [Eden: 49152.0K(49152.0K)->0.0B(49152.0K) Survivors: 3072.0K->3072.0K Heap: 306.2M(1024.0M)->258.8M(1024.0M)]
 [Times: user=0.08 sys=0.00, real=0.02 secs] 
2022-11-23T17:52:34.808+0100: 7868.773: [GC pause (G1 Evacuation Pause) (young), 0.0088493 secs]
   [Parallel Time: 5.6 ms, GC Workers: 8]
      [GC Worker Start (ms): Min: 7868773.3, Avg: 7868774.7, Max: 7868778.1, Diff: 4.9]
      [Ext Root Scanning (ms): Min: 0.0, Avg: 0.4, Max: 1.1, Diff: 1.1, Sum: 3.3]
      [Update RS (ms): Min: 0.0, Avg: 1.5, Max: 2.4, Diff: 2.4, Sum: 11.8]
         [Processed Buffers: Min: 0, Avg: 5.6, Max: 14, Diff: 14, Sum: 45]
      [Scan RS (ms): Min: 0.0, Avg: 0.0, Max: 0.0, Diff: 0.0, Sum: 0.0]
      [Code Root Scanning (ms): Min: 0.0, Avg: 0.0, Max: 0.0, Diff: 0.0, Sum: 0.0]
      [Object Copy (ms): Min: 0.0, Avg: 1.4, Max: 2.1, Diff: 2.1, Sum: 11.0]
      [Termination (ms): Min: 0.0, Avg: 0.2, Max: 0.5, Diff: 0.5, Sum: 1.8]
         [Termination Attempts: Min: 1, Avg: 1.0, Max: 1, Diff: 0, Sum: 8]
      [GC Worker Other (ms): Min: 0.0, Avg: 0.0, Max: 0.0, Diff: 0.0, Sum: 0.1]
      [GC Worker Total (ms): Min: 0.0, Avg: 3.5, Max: 4.9, Diff: 4.9, Sum: 28.0]
      [GC Worker End (ms): Min: 7868778.2, Avg: 7868778.2, Max: 7868778.4, Diff: 0.3]
   [Code Root Fixup: 0.0 ms]
   [Code Root Purge: 0.0 ms]
   [Clear CT: 0.7 ms]
   [Other: 2.6 ms]
      [Choose CSet: 0.0 ms]
      [Ref Proc: 1.5 ms]
      [Ref Enq: 0.0 ms]
      [Redirty Cards: 0.7 ms]
      [Humongous Register: 0.1 ms]
      [Humongous Reclaim: 0.0 ms]
      [Free CSet: 0.0 ms]
   [Eden: 49152.0K(49152.0K)->0.0B(49152.0K) Survivors: 3072.0K->3072.0K Heap: 306.8M(1024.0M)->258.9M(1024.0M)]
 [Times: user=0.04 sys=0.00, real=0.01 secs] 
2022-11-23T17:52:40.196+0100: 7874.160: [GC pause (G1 Evacuation Pause) (young), 0.0199599 secs]
   [Parallel Time: 10.4 ms, GC Workers: 8]
      [GC Worker Start (ms): Min: 7874160.6, Avg: 7874166.0, Max: 7874170.5, Diff: 10.0]
      [Ext Root Scanning (ms): Min: 0.0, Avg: 0.4, Max: 2.9, Diff: 2.9, Sum: 3.1]
      [Update RS (ms): Min: 0.0, Avg: 1.4, Max: 3.3, Diff: 3.3, Sum: 11.3]
         [Processed Buffers: Min: 0, Avg: 5.5, Max: 17, Diff: 17, Sum: 44]
      [Scan RS (ms): Min: 0.0, Avg: 0.0, Max: 0.0, Diff: 0.0, Sum: 0.1]
      [Code Root Scanning (ms): Min: 0.0, Avg: 0.0, Max: 0.0, Diff: 0.0, Sum: 0.0]
      [Object Copy (ms): Min: 0.0, Avg: 1.6, Max: 2.3, Diff: 2.3, Sum: 12.6]
      [Termination (ms): Min: 0.0, Avg: 1.4, Max: 1.7, Diff: 1.7, Sum: 11.1]
         [Termination Attempts: Min: 1, Avg: 2.0, Max: 5, Diff: 4, Sum: 16]
      [GC Worker Other (ms): Min: 0.0, Avg: 0.0, Max: 0.0, Diff: 0.0, Sum: 0.1]
      [GC Worker Total (ms): Min: 0.2, Avg: 4.8, Max: 10.3, Diff: 10.1, Sum: 38.3]
      [GC Worker End (ms): Min: 7874170.7, Avg: 7874170.8, Max: 7874170.9, Diff: 0.2]
   [Code Root Fixup: 0.0 ms]
   [Code Root Purge: 0.0 ms]
   [Clear CT: 1.1 ms]
   [Other: 8.4 ms]
      [Choose CSet: 0.0 ms]
      [Ref Proc: 7.6 ms]
      [Ref Enq: 0.0 ms]
      [Redirty Cards: 0.3 ms]
      [Humongous Register: 0.1 ms]
      [Humongous Reclaim: 0.1 ms]
      [Free CSet: 0.1 ms]
   [Eden: 49152.0K(49152.0K)->0.0B(49152.0K) Survivors: 3072.0K->3072.0K Heap: 306.9M(1024.0M)->259.0M(1024.0M)]
 [Times: user=0.04 sys=0.01, real=0.02 secs] 
2022-11-23T17:52:45.753+0100: 7879.718: [GC pause (G1 Evacuation Pause) (young), 0.0387687 secs]
   [Parallel Time: 9.2 ms, GC Workers: 8]
      [GC Worker Start (ms): Min: 7879718.2, Avg: 7879719.8, Max: 7879725.1, Diff: 6.9]
      [Ext Root Scanning (ms): Min: 0.0, Avg: 0.5, Max: 1.7, Diff: 1.7, Sum: 3.8]
      [Update RS (ms): Min: 0.0, Avg: 2.6, Max: 5.7, Diff: 5.7, Sum: 20.7]
         [Processed Buffers: Min: 0, Avg: 5.2, Max: 13, Diff: 13, Sum: 42]
      [Scan RS (ms): Min: 0.0, Avg: 0.0, Max: 0.0, Diff: 0.0, Sum: 0.1]
      [Code Root Scanning (ms): Min: 0.0, Avg: 0.0, Max: 0.0, Diff: 0.0, Sum: 0.0]
      [Object Copy (ms): Min: 0.0, Avg: 2.1, Max: 3.4, Diff: 3.4, Sum: 16.7]
      [Termination (ms): Min: 0.0, Avg: 0.5, Max: 1.7, Diff: 1.7, Sum: 3.9]
         [Termination Attempts: Min: 1, Avg: 5.5, Max: 14, Diff: 13, Sum: 44]
      [GC Worker Other (ms): Min: 0.0, Avg: 0.0, Max: 0.0, Diff: 0.0, Sum: 0.1]
      [GC Worker Total (ms): Min: 0.0, Avg: 5.7, Max: 8.3, Diff: 8.2, Sum: 45.2]
      [GC Worker End (ms): Min: 7879725.1, Avg: 7879725.5, Max: 7879726.6, Diff: 1.5]
   [Code Root Fixup: 0.0 ms]
   [Code Root Purge: 0.0 ms]
   [Clear CT: 0.7 ms]
   [Other: 28.8 ms]
      [Choose CSet: 0.0 ms]
      [Ref Proc: 27.6 ms]
      [Ref Enq: 0.0 ms]
      [Redirty Cards: 0.7 ms]
      [Humongous Register: 0.1 ms]
      [Humongous Reclaim: 0.0 ms]
      [Free CSet: 0.1 ms]
   [Eden: 49152.0K(49152.0K)->0.0B(49152.0K) Survivors: 3072.0K->3072.0K Heap: 307.0M(1024.0M)->259.0M(1024.0M)]
 [Times: user=0.06 sys=0.04, real=0.04 secs] 
2022-11-23T17:52:51.314+0100: 7885.278: [GC pause (G1 Evacuation Pause) (young), 0.0085432 secs]
   [Parallel Time: 4.0 ms, GC Workers: 8]
      [GC Worker Start (ms): Min: 7885278.5, Avg: 7885278.6, Max: 7885278.8, Diff: 0.3]
      [Ext Root Scanning (ms): Min: 0.2, Avg: 0.4, Max: 0.9, Diff: 0.7, Sum: 3.1]
      [Update RS (ms): Min: 1.1, Avg: 1.5, Max: 1.6, Diff: 0.5, Sum: 12.0]
         [Processed Buffers: Min: 1, Avg: 5.8, Max: 20, Diff: 19, Sum: 46]
      [Scan RS (ms): Min: 0.0, Avg: 0.0, Max: 0.0, Diff: 0.0, Sum: 0.1]
      [Code Root Scanning (ms): Min: 0.0, Avg: 0.0, Max: 0.0, Diff: 0.0, Sum: 0.0]
      [Object Copy (ms): Min: 1.5, Avg: 1.6, Max: 1.6, Diff: 0.1, Sum: 12.6]
      [Termination (ms): Min: 0.0, Avg: 0.0, Max: 0.0, Diff: 0.0, Sum: 0.0]
         [Termination Attempts: Min: 1, Avg: 1.0, Max: 1, Diff: 0, Sum: 8]
      [GC Worker Other (ms): Min: 0.0, Avg: 0.0, Max: 0.1, Diff: 0.1, Sum: 0.3]
      [GC Worker Total (ms): Min: 3.3, Avg: 3.5, Max: 3.7, Diff: 0.3, Sum: 28.1]
      [GC Worker End (ms): Min: 7885282.1, Avg: 7885282.1, Max: 7885282.2, Diff: 0.1]
   [Code Root Fixup: 0.0 ms]
   [Code Root Purge: 0.0 ms]
   [Clear CT: 1.0 ms]
   [Other: 3.5 ms]
      [Choose CSet: 0.0 ms]
      [Ref Proc: 2.5 ms]
      [Ref Enq: 0.0 ms]
      [Redirty Cards: 0.7 ms]
      [Humongous Register: 0.0 ms]
      [Humongous Reclaim: 0.1 ms]
      [Free CSet: 0.1 ms]
   [Eden: 49152.0K(49152.0K)->0.0B(49152.0K) Survivors: 3072.0K->3072.0K Heap: 307.0M(1024.0M)->259.1M(1024.0M)]
 [Times: user=0.02 sys=0.02, real=0.01 secs] 
2022-11-23T17:52:56.971+0100: 7890.936: [GC pause (G1 Evacuation Pause) (young), 0.0318779 secs]
   [Parallel Time: 22.6 ms, GC Workers: 8]
      [GC Worker Start (ms): Min: 7890937.6, Avg: 7890939.9, Max: 7890943.6, Diff: 6.0]
      [Ext Root Scanning (ms): Min: 0.0, Avg: 0.7, Max: 2.2, Diff: 2.2, Sum: 5.4]
      [Update RS (ms): Min: 0.0, Avg: 1.5, Max: 3.3, Diff: 3.3, Sum: 12.0]
         [Processed Buffers: Min: 0, Avg: 5.5, Max: 14, Diff: 14, Sum: 44]
      [Scan RS (ms): Min: 0.0, Avg: 0.0, Max: 0.0, Diff: 0.0, Sum: 0.1]
      [Code Root Scanning (ms): Min: 0.0, Avg: 0.0, Max: 0.0, Diff: 0.0, Sum: 0.0]
      [Object Copy (ms): Min: 0.0, Avg: 2.9, Max: 14.1, Diff: 14.1, Sum: 23.1]
      [Termination (ms): Min: 0.0, Avg: 10.8, Max: 14.5, Diff: 14.5, Sum: 86.1]
         [Termination Attempts: Min: 1, Avg: 1.9, Max: 3, Diff: 2, Sum: 15]
      [GC Worker Other (ms): Min: 0.0, Avg: 0.0, Max: 0.1, Diff: 0.1, Sum: 0.4]
      [GC Worker Total (ms): Min: 12.4, Avg: 15.9, Max: 17.7, Diff: 5.4, Sum: 127.0]
      [GC Worker End (ms): Min: 7890955.3, Avg: 7890955.7, Max: 7890958.1, Diff: 2.7]
   [Code Root Fixup: 0.0 ms]
   [Code Root Purge: 0.0 ms]
   [Clear CT: 0.4 ms]
   [Other: 8.9 ms]
      [Choose CSet: 0.0 ms]
      [Ref Proc: 8.1 ms]
      [Ref Enq: 0.0 ms]
      [Redirty Cards: 0.2 ms]
      [Humongous Register: 0.1 ms]
      [Humongous Reclaim: 0.1 ms]
      [Free CSet: 0.1 ms]
   [Eden: 49152.0K(49152.0K)->0.0B(49152.0K) Survivors: 3072.0K->3072.0K Heap: 307.1M(1024.0M)->259.2M(1024.0M)]
 [Times: user=0.13 sys=0.00, real=0.03 secs] 
2022-11-23T17:53:02.383+0100: 7896.347: [GC pause (G1 Evacuation Pause) (young), 0.0100927 secs]
   [Parallel Time: 6.8 ms, GC Workers: 8]
      [GC Worker Start (ms): Min: 7896347.5, Avg: 7896349.4, Max: 7896350.0, Diff: 2.5]
      [Ext Root Scanning (ms): Min: 0.0, Avg: 0.5, Max: 2.3, Diff: 2.3, Sum: 3.7]
      [Update RS (ms): Min: 0.0, Avg: 1.4, Max: 2.0, Diff: 2.0, Sum: 10.8]
         [Processed Buffers: Min: 0, Avg: 5.9, Max: 13, Diff: 13, Sum: 47]
      [Scan RS (ms): Min: 0.0, Avg: 0.0, Max: 0.0, Diff: 0.0, Sum: 0.1]
      [Code Root Scanning (ms): Min: 0.0, Avg: 0.0, Max: 0.0, Diff: 0.0, Sum: 0.0]
      [Object Copy (ms): Min: 1.9, Avg: 2.6, Max: 4.2, Diff: 2.3, Sum: 21.1]
      [Termination (ms): Min: 0.0, Avg: 0.3, Max: 0.4, Diff: 0.4, Sum: 2.5]
         [Termination Attempts: Min: 1, Avg: 1.0, Max: 1, Diff: 0, Sum: 8]
      [GC Worker Other (ms): Min: 0.0, Avg: 0.0, Max: 0.0, Diff: 0.0, Sum: 0.1]
      [GC Worker Total (ms): Min: 4.2, Avg: 4.8, Max: 6.7, Diff: 2.5, Sum: 38.2]
      [GC Worker End (ms): Min: 7896354.2, Avg: 7896354.2, Max: 7896354.2, Diff: 0.0]
   [Code Root Fixup: 0.0 ms]
   [Code Root Purge: 0.0 ms]
   [Clear CT: 0.7 ms]
   [Other: 2.5 ms]
      [Choose CSet: 0.0 ms]
      [Ref Proc: 1.7 ms]
      [Ref Enq: 0.0 ms]
      [Redirty Cards: 0.4 ms]
      [Humongous Register: 0.1 ms]
      [Humongous Reclaim: 0.1 ms]
      [Free CSet: 0.1 ms]
   [Eden: 49152.0K(49152.0K)->0.0B(49152.0K) Survivors: 3072.0K->3072.0K Heap: 307.2M(1024.0M)->259.8M(1024.0M)]
 [Times: user=0.04 sys=0.00, real=0.01 secs] 
2022-11-23T17:53:08.271+0100: 7902.235: [GC pause (G1 Evacuation Pause) (young), 0.0219968 secs]
   [Parallel Time: 16.7 ms, GC Workers: 8]
      [GC Worker Start (ms): Min: 7902235.8, Avg: 7902244.4, Max: 7902249.5, Diff: 13.7]
      [Ext Root Scanning (ms): Min: 0.0, Avg: 0.4, Max: 3.1, Diff: 3.1, Sum: 3.2]
      [Update RS (ms): Min: 0.0, Avg: 1.4, Max: 5.9, Diff: 5.9, Sum: 11.4]
         [Processed Buffers: Min: 0, Avg: 5.5, Max: 24, Diff: 24, Sum: 44]
      [Scan RS (ms): Min: 0.0, Avg: 0.0, Max: 0.0, Diff: 0.0, Sum: 0.1]
      [Code Root Scanning (ms): Min: 0.0, Avg: 0.0, Max: 0.0, Diff: 0.0, Sum: 0.0]
      [Object Copy (ms): Min: 0.0, Avg: 3.4, Max: 7.1, Diff: 7.1, Sum: 27.4]
      [Termination (ms): Min: 0.0, Avg: 2.4, Max: 2.9, Diff: 2.9, Sum: 19.2]
         [Termination Attempts: Min: 1, Avg: 1.8, Max: 3, Diff: 2, Sum: 14]
      [GC Worker Other (ms): Min: 0.0, Avg: 0.0, Max: 0.0, Diff: 0.0, Sum: 0.1]
      [GC Worker Total (ms): Min: 2.5, Avg: 7.7, Max: 16.2, Diff: 13.7, Sum: 61.4]
      [GC Worker End (ms): Min: 7902252.0, Avg: 7902252.0, Max: 7902252.0, Diff: 0.0]
   [Code Root Fixup: 0.0 ms]
   [Code Root Purge: 0.0 ms]
   [Clear CT: 0.5 ms]
   [Other: 4.8 ms]
      [Choose CSet: 0.0 ms]
      [Ref Proc: 3.6 ms]
      [Ref Enq: 0.0 ms]
      [Redirty Cards: 0.6 ms]
      [Humongous Register: 0.1 ms]
      [Humongous Reclaim: 0.1 ms]
      [Free CSet: 0.1 ms]
   [Eden: 49152.0K(49152.0K)->0.0B(50176.0K) Survivors: 3072.0K->2048.0K Heap: 307.8M(1024.0M)->259.1M(1024.0M)]
 [Times: user=0.04 sys=0.02, real=0.02 secs] 
2022-11-23T17:53:14.354+0100: 7908.318: [GC pause (G1 Evacuation Pause) (young), 0.0136246 secs]
   [Parallel Time: 8.1 ms, GC Workers: 8]
      [GC Worker Start (ms): Min: 7908318.5, Avg: 7908320.6, Max: 7908325.5, Diff: 7.0]
      [Ext Root Scanning (ms): Min: 0.0, Avg: 0.4, Max: 1.2, Diff: 1.2, Sum: 3.6]
      [Update RS (ms): Min: 0.0, Avg: 2.1, Max: 4.1, Diff: 4.1, Sum: 17.0]
         [Processed Buffers: Min: 0, Avg: 6.2, Max: 19, Diff: 19, Sum: 50]
      [Scan RS (ms): Min: 0.0, Avg: 0.0, Max: 0.0, Diff: 0.0, Sum: 0.1]
      [Code Root Scanning (ms): Min: 0.0, Avg: 0.0, Max: 0.0, Diff: 0.0, Sum: 0.0]
      [Object Copy (ms): Min: 0.0, Avg: 2.1, Max: 2.7, Diff: 2.7, Sum: 17.1]
      [Termination (ms): Min: 0.0, Avg: 0.7, Max: 1.1, Diff: 1.1, Sum: 5.8]
         [Termination Attempts: Min: 1, Avg: 1.4, Max: 2, Diff: 1, Sum: 11]
      [GC Worker Other (ms): Min: 0.0, Avg: 0.0, Max: 0.0, Diff: 0.0, Sum: 0.1]
      [GC Worker Total (ms): Min: 0.5, Avg: 5.5, Max: 7.5, Diff: 7.0, Sum: 43.6]
      [GC Worker End (ms): Min: 7908326.0, Avg: 7908326.0, Max: 7908326.3, Diff: 0.3]
   [Code Root Fixup: 0.0 ms]
   [Code Root Purge: 0.0 ms]
   [Clear CT: 0.7 ms]
   [Other: 4.8 ms]
      [Choose CSet: 0.0 ms]
      [Ref Proc: 2.1 ms]
      [Ref Enq: 0.0 ms]
      [Redirty Cards: 0.3 ms]
      [Humongous Register: 0.1 ms]
      [Humongous Reclaim: 0.3 ms]
      [Free CSet: 0.1 ms]
   [Eden: 50176.0K(50176.0K)->0.0B(200.0M) Survivors: 2048.0K->3072.0K Heap: 308.1M(1024.0M)->259.7M(1024.0M)]
 [Times: user=0.05 sys=0.00, real=0.01 secs] 
2022-11-23T17:53:39.793+0100: 7933.757: [GC pause (G1 Evacuation Pause) (young), 0.0262424 secs]
   [Parallel Time: 17.6 ms, GC Workers: 8]
      [GC Worker Start (ms): Min: 7933757.5, Avg: 7933769.9, Max: 7933774.8, Diff: 17.4]
      [Ext Root Scanning (ms): Min: 0.0, Avg: 0.4, Max: 3.0, Diff: 3.0, Sum: 3.1]
      [Update RS (ms): Min: 0.0, Avg: 2.7, Max: 11.3, Diff: 11.3, Sum: 21.8]
         [Processed Buffers: Min: 0, Avg: 6.8, Max: 28, Diff: 28, Sum: 54]
      [Scan RS (ms): Min: 0.0, Avg: 0.0, Max: 0.1, Diff: 0.1, Sum: 0.2]
      [Code Root Scanning (ms): Min: 0.0, Avg: 0.0, Max: 0.0, Diff: 0.0, Sum: 0.0]
      [Object Copy (ms): Min: 0.0, Avg: 1.5, Max: 4.6, Diff: 4.6, Sum: 11.6]
      [Termination (ms): Min: 0.0, Avg: 0.4, Max: 0.6, Diff: 0.6, Sum: 3.0]
         [Termination Attempts: Min: 1, Avg: 1.5, Max: 3, Diff: 2, Sum: 12]
      [GC Worker Other (ms): Min: 0.0, Avg: 0.0, Max: 0.0, Diff: 0.0, Sum: 0.2]
      [GC Worker Total (ms): Min: 0.0, Avg: 5.0, Max: 17.4, Diff: 17.4, Sum: 39.9]
      [GC Worker End (ms): Min: 7933774.9, Avg: 7933774.9, Max: 7933774.9, Diff: 0.0]
   [Code Root Fixup: 0.0 ms]
   [Code Root Purge: 0.0 ms]
   [Clear CT: 1.0 ms]
   [Other: 7.7 ms]
      [Choose CSet: 0.0 ms]
      [Ref Proc: 6.4 ms]
      [Ref Enq: 0.0 ms]
      [Redirty Cards: 0.7 ms]
      [Humongous Register: 0.1 ms]
      [Humongous Reclaim: 0.0 ms]
      [Free CSet: 0.2 ms]
   [Eden: 200.0M(200.0M)->0.0B(49152.0K) Survivors: 3072.0K->3072.0K Heap: 459.7M(1024.0M)->259.8M(1024.0M)]
 [Times: user=0.06 sys=0.00, real=0.02 secs] 
2022-11-23T17:53:45.149+0100: 7939.114: [GC pause (G1 Evacuation Pause) (young), 0.0194871 secs]
   [Parallel Time: 9.6 ms, GC Workers: 8]
      [GC Worker Start (ms): Min: 7939114.2, Avg: 7939119.6, Max: 7939122.9, Diff: 8.7]
      [Ext Root Scanning (ms): Min: 0.0, Avg: 0.5, Max: 1.9, Diff: 1.9, Sum: 3.6]
      [Update RS (ms): Min: 0.0, Avg: 1.5, Max: 4.1, Diff: 4.1, Sum: 12.3]
         [Processed Buffers: Min: 0, Avg: 5.4, Max: 20, Diff: 20, Sum: 43]
      [Scan RS (ms): Min: 0.0, Avg: 0.0, Max: 0.0, Diff: 0.0, Sum: 0.1]
      [Code Root Scanning (ms): Min: 0.0, Avg: 0.0, Max: 0.0, Diff: 0.0, Sum: 0.0]
      [Object Copy (ms): Min: 0.0, Avg: 1.2, Max: 2.5, Diff: 2.5, Sum: 9.3]
      [Termination (ms): Min: 0.0, Avg: 0.2, Max: 0.6, Diff: 0.6, Sum: 1.7]
         [Termination Attempts: Min: 1, Avg: 1.2, Max: 3, Diff: 2, Sum: 10]
      [GC Worker Other (ms): Min: 0.0, Avg: 0.0, Max: 0.2, Diff: 0.2, Sum: 0.3]
      [GC Worker Total (ms): Min: 0.0, Avg: 3.4, Max: 9.1, Diff: 9.1, Sum: 27.2]
      [GC Worker End (ms): Min: 7939123.0, Avg: 7939123.0, Max: 7939123.4, Diff: 0.4]
   [Code Root Fixup: 0.0 ms]
   [Code Root Purge: 0.0 ms]
   [Clear CT: 1.1 ms]
   [Other: 8.8 ms]
      [Choose CSet: 0.0 ms]
      [Ref Proc: 7.7 ms]
      [Ref Enq: 0.0 ms]
      [Redirty Cards: 0.5 ms]
      [Humongous Register: 0.1 ms]
      [Humongous Reclaim: 0.1 ms]
      [Free CSet: 0.1 ms]
   [Eden: 49152.0K(49152.0K)->0.0B(49152.0K) Survivors: 3072.0K->3072.0K Heap: 307.8M(1024.0M)->260.0M(1024.0M)]
 [Times: user=0.07 sys=0.00, real=0.02 secs] 
2022-11-23T17:53:50.066+0100: 7944.030: [GC pause (G1 Evacuation Pause) (young), 0.0163767 secs]
   [Parallel Time: 8.6 ms, GC Workers: 8]
      [GC Worker Start (ms): Min: 7944030.5, Avg: 7944034.7, Max: 7944038.6, Diff: 8.1]
      [Ext Root Scanning (ms): Min: 0.0, Avg: 0.4, Max: 1.0, Diff: 1.0, Sum: 2.8]
      [Update RS (ms): Min: 0.0, Avg: 1.4, Max: 3.8, Diff: 3.8, Sum: 11.3]
         [Processed Buffers: Min: 0, Avg: 5.4, Max: 24, Diff: 24, Sum: 43]
      [Scan RS (ms): Min: 0.0, Avg: 0.0, Max: 0.0, Diff: 0.0, Sum: 0.1]
      [Code Root Scanning (ms): Min: 0.0, Avg: 0.0, Max: 0.0, Diff: 0.0, Sum: 0.0]
      [Object Copy (ms): Min: 0.0, Avg: 2.0, Max: 3.2, Diff: 3.2, Sum: 16.1]
      [Termination (ms): Min: 0.0, Avg: 0.2, Max: 0.2, Diff: 0.2, Sum: 1.4]
         [Termination Attempts: Min: 1, Avg: 1.1, Max: 2, Diff: 1, Sum: 9]
      [GC Worker Other (ms): Min: 0.0, Avg: 0.0, Max: 0.0, Diff: 0.0, Sum: 0.1]
      [GC Worker Total (ms): Min: 0.0, Avg: 4.0, Max: 8.1, Diff: 8.1, Sum: 31.8]
      [GC Worker End (ms): Min: 7944038.6, Avg: 7944038.6, Max: 7944038.7, Diff: 0.0]
   [Code Root Fixup: 0.0 ms]
   [Code Root Purge: 0.0 ms]
   [Clear CT: 0.7 ms]
   [Other: 7.1 ms]
      [Choose CSet: 0.0 ms]
      [Ref Proc: 4.6 ms]
      [Ref Enq: 0.0 ms]
      [Redirty Cards: 2.0 ms]
      [Humongous Register: 0.1 ms]
      [Humongous Reclaim: 0.1 ms]
      [Free CSet: 0.1 ms]
   [Eden: 49152.0K(49152.0K)->0.0B(48128.0K) Survivors: 3072.0K->4096.0K Heap: 308.0M(1024.0M)->260.9M(1024.0M)]
 [Times: user=0.05 sys=0.01, real=0.02 secs] 
2022-11-23T17:53:55.291+0100: 7949.256: [GC pause (G1 Evacuation Pause) (young), 0.0217952 secs]
   [Parallel Time: 9.1 ms, GC Workers: 8]
      [GC Worker Start (ms): Min: 7949255.8, Avg: 7949261.1, Max: 7949264.3, Diff: 8.5]
      [Ext Root Scanning (ms): Min: 0.0, Avg: 0.5, Max: 1.4, Diff: 1.4, Sum: 3.7]
      [Update RS (ms): Min: 0.0, Avg: 1.4, Max: 3.7, Diff: 3.7, Sum: 10.8]
         [Processed Buffers: Min: 0, Avg: 5.8, Max: 23, Diff: 23, Sum: 46]
      [Scan RS (ms): Min: 0.0, Avg: 0.0, Max: 0.0, Diff: 0.0, Sum: 0.0]
      [Code Root Scanning (ms): Min: 0.0, Avg: 0.0, Max: 0.0, Diff: 0.0, Sum: 0.0]
      [Object Copy (ms): Min: 0.0, Avg: 1.2, Max: 3.5, Diff: 3.5, Sum: 9.7]
      [Termination (ms): Min: 0.0, Avg: 0.3, Max: 0.8, Diff: 0.8, Sum: 2.0]
         [Termination Attempts: Min: 1, Avg: 1.0, Max: 1, Diff: 0, Sum: 8]
      [GC Worker Other (ms): Min: 0.0, Avg: 0.0, Max: 0.0, Diff: 0.0, Sum: 0.1]
      [GC Worker Total (ms): Min: 0.0, Avg: 3.3, Max: 8.9, Diff: 8.9, Sum: 26.4]
      [GC Worker End (ms): Min: 7949264.3, Avg: 7949264.4, Max: 7949264.7, Diff: 0.4]
   [Code Root Fixup: 0.0 ms]
   [Code Root Purge: 0.0 ms]
   [Clear CT: 0.6 ms]
   [Other: 12.1 ms]
      [Choose CSet: 0.0 ms]
      [Ref Proc: 10.7 ms]
      [Ref Enq: 0.0 ms]
      [Redirty Cards: 0.8 ms]
      [Humongous Register: 0.1 ms]
      [Humongous Reclaim: 0.0 ms]
      [Free CSet: 0.1 ms]
   [Eden: 48128.0K(48128.0K)->0.0B(49152.0K) Survivors: 4096.0K->3072.0K Heap: 307.9M(1024.0M)->260.3M(1024.0M)]
 [Times: user=0.04 sys=0.00, real=0.02 secs] 
2022-11-23T17:54:00.644+0100: 7954.609: [GC pause (G1 Evacuation Pause) (young), 0.0357822 secs]
   [Parallel Time: 13.8 ms, GC Workers: 8]
      [GC Worker Start (ms): Min: 7954609.1, Avg: 7954610.3, Max: 7954611.0, Diff: 1.9]
      [Ext Root Scanning (ms): Min: 0.0, Avg: 0.4, Max: 1.2, Diff: 1.2, Sum: 3.0]
      [Update RS (ms): Min: 3.2, Avg: 4.6, Max: 7.8, Diff: 4.6, Sum: 36.7]
         [Processed Buffers: Min: 0, Avg: 5.5, Max: 19, Diff: 19, Sum: 44]
      [Scan RS (ms): Min: 0.0, Avg: 0.0, Max: 0.0, Diff: 0.0, Sum: 0.1]
      [Code Root Scanning (ms): Min: 0.0, Avg: 0.0, Max: 0.0, Diff: 0.0, Sum: 0.0]
      [Object Copy (ms): Min: 0.0, Avg: 3.0, Max: 7.4, Diff: 7.4, Sum: 24.1]
      [Termination (ms): Min: 0.0, Avg: 3.4, Max: 4.2, Diff: 4.2, Sum: 27.0]
         [Termination Attempts: Min: 1, Avg: 21.8, Max: 62, Diff: 61, Sum: 174]
      [GC Worker Other (ms): Min: 0.0, Avg: 0.0, Max: 0.0, Diff: 0.0, Sum: 0.1]
      [GC Worker Total (ms): Min: 10.6, Avg: 11.4, Max: 12.6, Diff: 2.0, Sum: 90.9]
      [GC Worker End (ms): Min: 7954621.6, Avg: 7954621.7, Max: 7954621.7, Diff: 0.1]
   [Code Root Fixup: 0.0 ms]
   [Code Root Purge: 0.0 ms]
   [Clear CT: 9.2 ms]
   [Other: 12.8 ms]
      [Choose CSet: 0.0 ms]
      [Ref Proc: 11.8 ms]
      [Ref Enq: 0.0 ms]
      [Redirty Cards: 0.5 ms]
      [Humongous Register: 0.1 ms]
      [Humongous Reclaim: 0.0 ms]
      [Free CSet: 0.1 ms]
   [Eden: 49152.0K(49152.0K)->0.0B(49152.0K) Survivors: 3072.0K->3072.0K Heap: 308.3M(1024.0M)->260.8M(1024.0M)]
 [Times: user=0.07 sys=0.01, real=0.03 secs] 
2022-11-23T17:54:05.456+0100: 7959.420: [GC pause (G1 Evacuation Pause) (young), 0.0199329 secs]
   [Parallel Time: 9.9 ms, GC Workers: 8]
      [GC Worker Start (ms): Min: 7959420.4, Avg: 7959423.1, Max: 7959425.9, Diff: 5.5]
      [Ext Root Scanning (ms): Min: 0.0, Avg: 2.7, Max: 9.1, Diff: 9.1, Sum: 21.3]
      [Update RS (ms): Min: 0.0, Avg: 1.4, Max: 4.3, Diff: 4.3, Sum: 11.5]
         [Processed Buffers: Min: 0, Avg: 5.8, Max: 13, Diff: 13, Sum: 46]
      [Scan RS (ms): Min: 0.0, Avg: 0.0, Max: 0.0, Diff: 0.0, Sum: 0.1]
      [Code Root Scanning (ms): Min: 0.0, Avg: 0.0, Max: 0.0, Diff: 0.0, Sum: 0.0]
      [Object Copy (ms): Min: 0.0, Avg: 2.1, Max: 3.0, Diff: 3.0, Sum: 17.0]
      [Termination (ms): Min: 0.0, Avg: 0.2, Max: 0.3, Diff: 0.3, Sum: 2.0]
         [Termination Attempts: Min: 1, Avg: 1.1, Max: 2, Diff: 1, Sum: 9]
      [GC Worker Other (ms): Min: 0.0, Avg: 0.0, Max: 0.0, Diff: 0.0, Sum: 0.1]
      [GC Worker Total (ms): Min: 3.8, Avg: 6.5, Max: 9.2, Diff: 5.5, Sum: 52.0]
      [GC Worker End (ms): Min: 7959429.6, Avg: 7959429.6, Max: 7959429.7, Diff: 0.1]
   [Code Root Fixup: 0.0 ms]
   [Code Root Purge: 0.0 ms]
   [Clear CT: 4.8 ms]
   [Other: 5.2 ms]
      [Choose CSet: 0.0 ms]
      [Ref Proc: 4.1 ms]
      [Ref Enq: 0.0 ms]
      [Redirty Cards: 0.6 ms]
      [Humongous Register: 0.1 ms]
      [Humongous Reclaim: 0.0 ms]
      [Free CSet: 0.0 ms]
   [Eden: 49152.0K(49152.0K)->0.0B(49152.0K) Survivors: 3072.0K->3072.0K Heap: 308.8M(1024.0M)->260.9M(1024.0M)]
 [Times: user=0.04 sys=0.00, real=0.02 secs] 
2022-11-23T17:54:10.973+0100: 7964.937: [GC pause (G1 Evacuation Pause) (young), 0.0210221 secs]
   [Parallel Time: 7.3 ms, GC Workers: 8]
      [GC Worker Start (ms): Min: 7964937.4, Avg: 7964940.9, Max: 7964944.4, Diff: 7.0]
      [Ext Root Scanning (ms): Min: 0.0, Avg: 0.4, Max: 1.3, Diff: 1.3, Sum: 3.5]
      [Update RS (ms): Min: 0.0, Avg: 1.5, Max: 3.2, Diff: 3.2, Sum: 12.3]
         [Processed Buffers: Min: 0, Avg: 5.6, Max: 23, Diff: 23, Sum: 45]
      [Scan RS (ms): Min: 0.0, Avg: 0.0, Max: 0.1, Diff: 0.1, Sum: 0.1]
      [Code Root Scanning (ms): Min: 0.0, Avg: 0.0, Max: 0.0, Diff: 0.0, Sum: 0.0]
      [Object Copy (ms): Min: 0.0, Avg: 1.3, Max: 2.8, Diff: 2.8, Sum: 10.6]
      [Termination (ms): Min: 0.0, Avg: 0.2, Max: 0.4, Diff: 0.4, Sum: 1.7]
         [Termination Attempts: Min: 1, Avg: 1.2, Max: 2, Diff: 1, Sum: 10]
      [GC Worker Other (ms): Min: 0.0, Avg: 0.0, Max: 0.0, Diff: 0.0, Sum: 0.1]
      [GC Worker Total (ms): Min: 0.0, Avg: 3.5, Max: 7.1, Diff: 7.1, Sum: 28.3]
      [GC Worker End (ms): Min: 7964944.4, Avg: 7964944.5, Max: 7964944.5, Diff: 0.1]
   [Code Root Fixup: 0.0 ms]
   [Code Root Purge: 0.0 ms]
   [Clear CT: 0.7 ms]
   [Other: 13.0 ms]
      [Choose CSet: 0.0 ms]
      [Ref Proc: 11.9 ms]
      [Ref Enq: 0.0 ms]
      [Redirty Cards: 0.7 ms]
      [Humongous Register: 0.1 ms]
      [Humongous Reclaim: 0.1 ms]
      [Free CSet: 0.1 ms]
   [Eden: 49152.0K(49152.0K)->0.0B(49152.0K) Survivors: 3072.0K->3072.0K Heap: 308.9M(1024.0M)->260.6M(1024.0M)]
 [Times: user=0.09 sys=0.00, real=0.02 secs] 
2022-11-23T17:54:16.822+0100: 7970.787: [GC pause (G1 Evacuation Pause) (young), 0.0293303 secs]
   [Parallel Time: 16.4 ms, GC Workers: 8]
      [GC Worker Start (ms): Min: 7970787.1, Avg: 7970797.7, Max: 7970801.8, Diff: 14.8]
      [Ext Root Scanning (ms): Min: 0.0, Avg: 0.3, Max: 2.6, Diff: 2.6, Sum: 2.7]
      [Update RS (ms): Min: 0.0, Avg: 2.1, Max: 12.3, Diff: 12.3, Sum: 16.6]
         [Processed Buffers: Min: 0, Avg: 5.8, Max: 14, Diff: 14, Sum: 46]
      [Scan RS (ms): Min: 0.0, Avg: 0.0, Max: 0.0, Diff: 0.0, Sum: 0.0]
      [Code Root Scanning (ms): Min: 0.0, Avg: 0.0, Max: 0.0, Diff: 0.0, Sum: 0.0]
      [Object Copy (ms): Min: 0.1, Avg: 1.8, Max: 4.4, Diff: 4.2, Sum: 14.0]
      [Termination (ms): Min: 0.0, Avg: 0.4, Max: 1.3, Diff: 1.3, Sum: 3.4]
         [Termination Attempts: Min: 1, Avg: 21.5, Max: 38, Diff: 37, Sum: 172]
      [GC Worker Other (ms): Min: 0.0, Avg: 0.0, Max: 0.0, Diff: 0.0, Sum: 0.1]
      [GC Worker Total (ms): Min: 0.4, Avg: 4.6, Max: 15.2, Diff: 14.8, Sum: 37.0]
      [GC Worker End (ms): Min: 7970802.2, Avg: 7970802.3, Max: 7970802.9, Diff: 0.7]
   [Code Root Fixup: 0.0 ms]
   [Code Root Purge: 0.0 ms]
   [Clear CT: 0.8 ms]
   [Other: 12.1 ms]
      [Choose CSet: 0.0 ms]
      [Ref Proc: 11.0 ms]
      [Ref Enq: 0.0 ms]
      [Redirty Cards: 0.8 ms]
      [Humongous Register: 0.1 ms]
      [Humongous Reclaim: 0.0 ms]
      [Free CSet: 0.1 ms]
   [Eden: 49152.0K(49152.0K)->0.0B(48128.0K) Survivors: 3072.0K->4096.0K Heap: 308.6M(1024.0M)->262.0M(1024.0M)]
 [Times: user=0.06 sys=0.01, real=0.03 secs] 
2022-11-23T17:54:22.061+0100: 7976.026: [GC pause (G1 Evacuation Pause) (young), 0.0138121 secs]
   [Parallel Time: 11.0 ms, GC Workers: 8]
      [GC Worker Start (ms): Min: 7976026.1, Avg: 7976029.6, Max: 7976035.0, Diff: 8.9]
      [Ext Root Scanning (ms): Min: 0.0, Avg: 1.5, Max: 9.0, Diff: 9.0, Sum: 12.3]
      [Update RS (ms): Min: 0.0, Avg: 1.6, Max: 4.7, Diff: 4.7, Sum: 13.1]
         [Processed Buffers: Min: 0, Avg: 6.1, Max: 25, Diff: 25, Sum: 49]
      [Scan RS (ms): Min: 0.0, Avg: 0.0, Max: 0.0, Diff: 0.0, Sum: 0.1]
      [Code Root Scanning (ms): Min: 0.0, Avg: 0.0, Max: 0.0, Diff: 0.0, Sum: 0.0]
      [Object Copy (ms): Min: 0.0, Avg: 2.3, Max: 9.7, Diff: 9.7, Sum: 18.4]
      [Termination (ms): Min: 0.0, Avg: 1.9, Max: 2.4, Diff: 2.4, Sum: 14.9]
         [Termination Attempts: Min: 1, Avg: 1.9, Max: 3, Diff: 2, Sum: 15]
      [GC Worker Other (ms): Min: 0.0, Avg: 0.0, Max: 0.0, Diff: 0.0, Sum: 0.1]
      [GC Worker Total (ms): Min: 2.0, Avg: 7.4, Max: 10.9, Diff: 8.9, Sum: 58.9]
      [GC Worker End (ms): Min: 7976037.0, Avg: 7976037.0, Max: 7976037.0, Diff: 0.0]
   [Code Root Fixup: 0.0 ms]
   [Code Root Purge: 0.0 ms]
   [Clear CT: 0.5 ms]
   [Other: 2.2 ms]
      [Choose CSet: 0.0 ms]
      [Ref Proc: 1.3 ms]
      [Ref Enq: 0.0 ms]
      [Redirty Cards: 0.6 ms]
      [Humongous Register: 0.1 ms]
      [Humongous Reclaim: 0.0 ms]
      [Free CSet: 0.0 ms]
   [Eden: 48128.0K(48128.0K)->0.0B(49152.0K) Survivors: 4096.0K->3072.0K Heap: 309.0M(1024.0M)->261.0M(1024.0M)]
 [Times: user=0.04 sys=0.00, real=0.01 secs] 
2022-11-23T17:54:27.724+0100: 7981.689: [GC pause (G1 Evacuation Pause) (young), 0.0190438 secs]
   [Parallel Time: 10.4 ms, GC Workers: 8]
      [GC Worker Start (ms): Min: 7981689.1, Avg: 7981695.5, Max: 7981699.1, Diff: 10.0]
      [Ext Root Scanning (ms): Min: 0.0, Avg: 0.5, Max: 2.0, Diff: 2.0, Sum: 3.9]
      [Update RS (ms): Min: 0.0, Avg: 1.0, Max: 4.0, Diff: 4.0, Sum: 8.1]
         [Processed Buffers: Min: 0, Avg: 5.5, Max: 23, Diff: 23, Sum: 44]
      [Scan RS (ms): Min: 0.0, Avg: 0.0, Max: 0.0, Diff: 0.0, Sum: 0.1]
      [Code Root Scanning (ms): Min: 0.0, Avg: 0.0, Max: 0.0, Diff: 0.0, Sum: 0.0]
      [Object Copy (ms): Min: 0.0, Avg: 1.9, Max: 3.8, Diff: 3.8, Sum: 15.0]
      [Termination (ms): Min: 0.0, Avg: 0.2, Max: 0.3, Diff: 0.3, Sum: 1.8]
         [Termination Attempts: Min: 1, Avg: 1.2, Max: 3, Diff: 2, Sum: 10]
      [GC Worker Other (ms): Min: 0.0, Avg: 0.0, Max: 0.0, Diff: 0.0, Sum: 0.1]
      [GC Worker Total (ms): Min: 0.0, Avg: 3.6, Max: 10.1, Diff: 10.1, Sum: 28.9]
      [GC Worker End (ms): Min: 7981699.1, Avg: 7981699.1, Max: 7981699.1, Diff: 0.0]
   [Code Root Fixup: 0.0 ms]
   [Code Root Purge: 0.0 ms]
   [Clear CT: 0.7 ms]
   [Other: 8.0 ms]
      [Choose CSet: 0.0 ms]
      [Ref Proc: 7.0 ms]
      [Ref Enq: 0.0 ms]
      [Redirty Cards: 0.4 ms]
      [Humongous Register: 0.1 ms]
      [Humongous Reclaim: 0.1 ms]
      [Free CSet: 0.1 ms]
   [Eden: 49152.0K(49152.0K)->0.0B(49152.0K) Survivors: 3072.0K->3072.0K Heap: 309.0M(1024.0M)->260.8M(1024.0M)]
 [Times: user=0.05 sys=0.00, real=0.02 secs] 
2022-11-23T17:54:32.668+0100: 7986.633: [GC pause (G1 Evacuation Pause) (young), 0.0154847 secs]
   [Parallel Time: 9.2 ms, GC Workers: 8]
      [GC Worker Start (ms): Min: 7986632.9, Avg: 7986636.5, Max: 7986640.8, Diff: 7.9]
      [Ext Root Scanning (ms): Min: 0.0, Avg: 0.4, Max: 1.3, Diff: 1.3, Sum: 3.1]
      [Update RS (ms): Min: 0.0, Avg: 1.7, Max: 4.0, Diff: 4.0, Sum: 13.9]
         [Processed Buffers: Min: 0, Avg: 5.5, Max: 15, Diff: 15, Sum: 44]
      [Scan RS (ms): Min: 0.0, Avg: 0.0, Max: 0.0, Diff: 0.0, Sum: 0.1]
      [Code Root Scanning (ms): Min: 0.0, Avg: 0.0, Max: 0.0, Diff: 0.0, Sum: 0.0]
      [Object Copy (ms): Min: 0.0, Avg: 2.1, Max: 3.9, Diff: 3.9, Sum: 17.0]
      [Termination (ms): Min: 0.0, Avg: 1.1, Max: 1.3, Diff: 1.3, Sum: 8.6]
         [Termination Attempts: Min: 1, Avg: 2.6, Max: 4, Diff: 3, Sum: 21]
      [GC Worker Other (ms): Min: 0.0, Avg: 0.0, Max: 0.0, Diff: 0.0, Sum: 0.1]
      [GC Worker Total (ms): Min: 1.1, Avg: 5.3, Max: 9.0, Diff: 8.0, Sum: 42.7]
      [GC Worker End (ms): Min: 7986641.8, Avg: 7986641.9, Max: 7986641.9, Diff: 0.1]
   [Code Root Fixup: 0.0 ms]
   [Code Root Purge: 0.0 ms]
   [Clear CT: 1.7 ms]
   [Other: 4.6 ms]
      [Choose CSet: 0.0 ms]
      [Ref Proc: 3.6 ms]
      [Ref Enq: 0.0 ms]
      [Redirty Cards: 0.4 ms]
      [Humongous Register: 0.1 ms]
      [Humongous Reclaim: 0.0 ms]
      [Free CSet: 0.1 ms]
   [Eden: 49152.0K(49152.0K)->0.0B(49152.0K) Survivors: 3072.0K->3072.0K Heap: 308.8M(1024.0M)->261.5M(1024.0M)]
 [Times: user=0.04 sys=0.01, real=0.02 secs] 
2022-11-23T17:54:38.629+0100: 7992.593: [GC pause (G1 Evacuation Pause) (young), 0.0268677 secs]
   [Parallel Time: 18.9 ms, GC Workers: 8]
      [GC Worker Start (ms): Min: 7992593.6, Avg: 7992605.0, Max: 7992610.2, Diff: 16.6]
      [Ext Root Scanning (ms): Min: 0.0, Avg: 0.4, Max: 2.8, Diff: 2.8, Sum: 2.9]
      [Update RS (ms): Min: 0.0, Avg: 2.7, Max: 12.4, Diff: 12.4, Sum: 21.3]
         [Processed Buffers: Min: 0, Avg: 5.5, Max: 31, Diff: 31, Sum: 44]
      [Scan RS (ms): Min: 0.0, Avg: 0.0, Max: 0.0, Diff: 0.0, Sum: 0.1]
      [Code Root Scanning (ms): Min: 0.0, Avg: 0.0, Max: 0.0, Diff: 0.0, Sum: 0.0]
      [Object Copy (ms): Min: 0.0, Avg: 2.2, Max: 5.7, Diff: 5.6, Sum: 17.7]
      [Termination (ms): Min: 0.0, Avg: 1.1, Max: 2.3, Diff: 2.3, Sum: 8.9]
         [Termination Attempts: Min: 1, Avg: 22.0, Max: 61, Diff: 60, Sum: 176]
      [GC Worker Other (ms): Min: 0.0, Avg: 0.0, Max: 0.0, Diff: 0.0, Sum: 0.1]
      [GC Worker Total (ms): Min: 1.1, Avg: 6.4, Max: 18.7, Diff: 17.6, Sum: 50.9]
      [GC Worker End (ms): Min: 7992611.3, Avg: 7992611.4, Max: 7992612.3, Diff: 1.0]
   [Code Root Fixup: 0.0 ms]
   [Code Root Purge: 0.0 ms]
   [Clear CT: 1.0 ms]
   [Other: 7.0 ms]
      [Choose CSet: 0.0 ms]
      [Ref Proc: 4.6 ms]
      [Ref Enq: 0.0 ms]
      [Redirty Cards: 1.9 ms]
      [Humongous Register: 0.1 ms]
      [Humongous Reclaim: 0.1 ms]
      [Free CSet: 0.1 ms]
   [Eden: 49152.0K(49152.0K)->0.0B(49152.0K) Survivors: 3072.0K->3072.0K Heap: 309.5M(1024.0M)->261.1M(1024.0M)]
 [Times: user=0.03 sys=0.01, real=0.03 secs] 
2022-11-23T17:54:44.378+0100: 7998.343: [GC pause (G1 Evacuation Pause) (young), 0.0122057 secs]
   [Parallel Time: 8.8 ms, GC Workers: 8]
      [GC Worker Start (ms): Min: 7998343.1, Avg: 7998347.2, Max: 7998350.9, Diff: 7.7]
      [Ext Root Scanning (ms): Min: 0.0, Avg: 0.5, Max: 1.5, Diff: 1.5, Sum: 3.9]
      [Update RS (ms): Min: 0.0, Avg: 1.6, Max: 4.5, Diff: 4.5, Sum: 13.0]
         [Processed Buffers: Min: 0, Avg: 6.2, Max: 21, Diff: 21, Sum: 50]
      [Scan RS (ms): Min: 0.0, Avg: 0.0, Max: 0.1, Diff: 0.1, Sum: 0.1]
      [Code Root Scanning (ms): Min: 0.0, Avg: 0.0, Max: 0.0, Diff: 0.0, Sum: 0.0]
      [Object Copy (ms): Min: 0.0, Avg: 1.3, Max: 3.0, Diff: 3.0, Sum: 10.3]
      [Termination (ms): Min: 0.0, Avg: 0.3, Max: 0.7, Diff: 0.7, Sum: 2.3]
         [Termination Attempts: Min: 1, Avg: 2.8, Max: 7, Diff: 6, Sum: 22]
      [GC Worker Other (ms): Min: 0.0, Avg: 0.0, Max: 0.0, Diff: 0.0, Sum: 0.1]
      [GC Worker Total (ms): Min: 0.0, Avg: 3.7, Max: 7.8, Diff: 7.8, Sum: 29.7]
      [GC Worker End (ms): Min: 7998350.9, Avg: 7998351.0, Max: 7998351.5, Diff: 0.6]
   [Code Root Fixup: 0.0 ms]
   [Code Root Purge: 0.0 ms]
   [Clear CT: 0.6 ms]
   [Other: 2.9 ms]
      [Choose CSet: 0.0 ms]
      [Ref Proc: 1.9 ms]
      [Ref Enq: 0.0 ms]
      [Redirty Cards: 0.6 ms]
      [Humongous Register: 0.1 ms]
      [Humongous Reclaim: 0.0 ms]
      [Free CSet: 0.0 ms]
   [Eden: 49152.0K(49152.0K)->0.0B(49152.0K) Survivors: 3072.0K->3072.0K Heap: 309.1M(1024.0M)->261.2M(1024.0M)]
 [Times: user=0.04 sys=0.00, real=0.01 secs] 
2022-11-23T17:54:49.506+0100: 8003.471: [GC pause (G1 Evacuation Pause) (young), 0.0310560 secs]
   [Parallel Time: 10.5 ms, GC Workers: 8]
      [GC Worker Start (ms): Min: 8003471.4, Avg: 8003476.0, Max: 8003480.4, Diff: 9.0]
      [Ext Root Scanning (ms): Min: 0.0, Avg: 0.4, Max: 1.2, Diff: 1.2, Sum: 3.1]
      [Update RS (ms): Min: 0.0, Avg: 1.6, Max: 4.3, Diff: 4.3, Sum: 12.9]
         [Processed Buffers: Min: 0, Avg: 5.5, Max: 15, Diff: 15, Sum: 44]
      [Scan RS (ms): Min: 0.0, Avg: 0.0, Max: 0.0, Diff: 0.0, Sum: 0.1]
      [Code Root Scanning (ms): Min: 0.0, Avg: 0.0, Max: 0.0, Diff: 0.0, Sum: 0.0]
      [Object Copy (ms): Min: 0.0, Avg: 2.0, Max: 3.3, Diff: 3.3, Sum: 16.2]
      [Termination (ms): Min: 0.0, Avg: 0.4, Max: 0.6, Diff: 0.6, Sum: 3.2]
         [Termination Attempts: Min: 1, Avg: 1.0, Max: 1, Diff: 0, Sum: 8]
      [GC Worker Other (ms): Min: 0.0, Avg: 0.0, Max: 0.0, Diff: 0.0, Sum: 0.1]
      [GC Worker Total (ms): Min: 0.0, Avg: 4.5, Max: 9.0, Diff: 9.0, Sum: 35.7]
      [GC Worker End (ms): Min: 8003480.4, Avg: 8003480.5, Max: 8003480.5, Diff: 0.1]
   [Code Root Fixup: 0.0 ms]
   [Code Root Purge: 0.0 ms]
   [Clear CT: 0.7 ms]
   [Other: 19.9 ms]
      [Choose CSet: 0.0 ms]
      [Ref Proc: 18.5 ms]
      [Ref Enq: 0.0 ms]
      [Redirty Cards: 0.7 ms]
      [Humongous Register: 0.2 ms]
      [Humongous Reclaim: 0.1 ms]
      [Free CSet: 0.1 ms]
   [Eden: 49152.0K(49152.0K)->0.0B(49152.0K) Survivors: 3072.0K->3072.0K Heap: 309.2M(1024.0M)->261.3M(1024.0M)]
 [Times: user=0.10 sys=0.00, real=0.03 secs] 
2022-11-23T17:54:55.636+0100: 8009.600: [GC pause (G1 Evacuation Pause) (young), 0.0110726 secs]
   [Parallel Time: 8.3 ms, GC Workers: 8]
      [GC Worker Start (ms): Min: 8009600.6, Avg: 8009601.0, Max: 8009601.6, Diff: 1.0]
      [Ext Root Scanning (ms): Min: 0.0, Avg: 0.4, Max: 1.2, Diff: 1.2, Sum: 3.4]
      [Update RS (ms): Min: 0.0, Avg: 3.1, Max: 6.2, Diff: 6.2, Sum: 24.6]
         [Processed Buffers: Min: 0, Avg: 5.8, Max: 12, Diff: 12, Sum: 46]
      [Scan RS (ms): Min: 0.0, Avg: 0.0, Max: 0.0, Diff: 0.0, Sum: 0.0]
      [Code Root Scanning (ms): Min: 0.0, Avg: 0.0, Max: 0.0, Diff: 0.0, Sum: 0.0]
      [Object Copy (ms): Min: 0.1, Avg: 2.9, Max: 7.4, Diff: 7.3, Sum: 23.5]
      [Termination (ms): Min: 0.0, Avg: 1.3, Max: 1.9, Diff: 1.9, Sum: 10.2]
         [Termination Attempts: Min: 1, Avg: 6.6, Max: 17, Diff: 16, Sum: 53]
      [GC Worker Other (ms): Min: 0.0, Avg: 0.0, Max: 0.0, Diff: 0.0, Sum: 0.1]
      [GC Worker Total (ms): Min: 7.1, Avg: 7.7, Max: 8.1, Diff: 1.0, Sum: 61.9]
      [GC Worker End (ms): Min: 8009608.7, Avg: 8009608.7, Max: 8009608.7, Diff: 0.0]
   [Code Root Fixup: 0.0 ms]
   [Code Root Purge: 0.0 ms]
   [Clear CT: 0.3 ms]
   [Other: 2.4 ms]
      [Choose CSet: 0.0 ms]
      [Ref Proc: 1.6 ms]
      [Ref Enq: 0.0 ms]
      [Redirty Cards: 0.3 ms]
      [Humongous Register: 0.1 ms]
      [Humongous Reclaim: 0.1 ms]
      [Free CSet: 0.1 ms]
   [Eden: 49152.0K(49152.0K)->0.0B(49152.0K) Survivors: 3072.0K->3072.0K Heap: 309.3M(1024.0M)->262.0M(1024.0M)]
 [Times: user=0.05 sys=0.00, real=0.01 secs] 
2022-11-23T17:55:00.829+0100: 8014.793: [GC pause (G1 Evacuation Pause) (young), 0.0136418 secs]
   [Parallel Time: 8.9 ms, GC Workers: 8]
      [GC Worker Start (ms): Min: 8014793.7, Avg: 8014799.3, Max: 8014802.1, Diff: 8.4]
      [Ext Root Scanning (ms): Min: 0.0, Avg: 0.4, Max: 2.2, Diff: 2.2, Sum: 3.5]
      [Update RS (ms): Min: 0.0, Avg: 1.2, Max: 3.3, Diff: 3.3, Sum: 9.7]
         [Processed Buffers: Min: 0, Avg: 5.9, Max: 17, Diff: 17, Sum: 47]
      [Scan RS (ms): Min: 0.0, Avg: 0.0, Max: 0.0, Diff: 0.0, Sum: 0.1]
      [Code Root Scanning (ms): Min: 0.0, Avg: 0.0, Max: 0.0, Diff: 0.0, Sum: 0.0]
      [Object Copy (ms): Min: 0.0, Avg: 1.0, Max: 2.6, Diff: 2.6, Sum: 7.6]
      [Termination (ms): Min: 0.0, Avg: 0.2, Max: 0.4, Diff: 0.4, Sum: 1.9]
         [Termination Attempts: Min: 1, Avg: 1.0, Max: 1, Diff: 0, Sum: 8]
      [GC Worker Other (ms): Min: 0.0, Avg: 0.0, Max: 0.0, Diff: 0.0, Sum: 0.1]
      [GC Worker Total (ms): Min: 0.0, Avg: 2.9, Max: 8.5, Diff: 8.4, Sum: 22.8]
      [GC Worker End (ms): Min: 8014802.1, Avg: 8014802.1, Max: 8014802.1, Diff: 0.0]
   [Code Root Fixup: 0.0 ms]
   [Code Root Purge: 0.0 ms]
   [Clear CT: 0.7 ms]
   [Other: 4.0 ms]
      [Choose CSet: 0.0 ms]
      [Ref Proc: 3.4 ms]
      [Ref Enq: 0.0 ms]
      [Redirty Cards: 0.1 ms]
      [Humongous Register: 0.1 ms]
      [Humongous Reclaim: 0.0 ms]
      [Free CSet: 0.1 ms]
   [Eden: 49152.0K(49152.0K)->0.0B(164.0M) Survivors: 3072.0K->2048.0K Heap: 310.0M(1024.0M)->261.2M(1024.0M)]
 [Times: user=0.03 sys=0.00, real=0.02 secs] 
2022-11-23T17:55:19.183+0100: 8033.147: [GC pause (G1 Evacuation Pause) (young), 0.0213950 secs]
   [Parallel Time: 8.2 ms, GC Workers: 8]
      [GC Worker Start (ms): Min: 8033147.9, Avg: 8033150.8, Max: 8033155.1, Diff: 7.1]
      [Ext Root Scanning (ms): Min: 0.0, Avg: 1.3, Max: 7.2, Diff: 7.2, Sum: 10.2]
      [Update RS (ms): Min: 0.0, Avg: 1.9, Max: 4.4, Diff: 4.4, Sum: 14.8]
         [Processed Buffers: Min: 0, Avg: 6.5, Max: 26, Diff: 26, Sum: 52]
      [Scan RS (ms): Min: 0.0, Avg: 0.0, Max: 0.1, Diff: 0.1, Sum: 0.1]
      [Code Root Scanning (ms): Min: 0.0, Avg: 0.0, Max: 0.0, Diff: 0.0, Sum: 0.0]
      [Object Copy (ms): Min: 0.0, Avg: 1.1, Max: 2.7, Diff: 2.7, Sum: 8.4]
      [Termination (ms): Min: 0.0, Avg: 0.3, Max: 0.7, Diff: 0.7, Sum: 2.3]
         [Termination Attempts: Min: 1, Avg: 2.2, Max: 6, Diff: 5, Sum: 18]
      [GC Worker Other (ms): Min: 0.0, Avg: 0.0, Max: 0.0, Diff: 0.0, Sum: 0.1]
      [GC Worker Total (ms): Min: 0.1, Avg: 4.5, Max: 7.6, Diff: 7.4, Sum: 36.0]
      [GC Worker End (ms): Min: 8033155.2, Avg: 8033155.3, Max: 8033155.5, Diff: 0.3]
   [Code Root Fixup: 0.0 ms]
   [Code Root Purge: 0.0 ms]
   [Clear CT: 4.1 ms]
   [Other: 9.1 ms]
      [Choose CSet: 0.0 ms]
      [Ref Proc: 7.9 ms]
      [Ref Enq: 0.0 ms]
      [Redirty Cards: 0.6 ms]
      [Humongous Register: 0.1 ms]
      [Humongous Reclaim: 0.0 ms]
      [Free CSet: 0.2 ms]
   [Eden: 164.0M(164.0M)->0.0B(49152.0K) Survivors: 2048.0K->3072.0K Heap: 425.2M(1024.0M)->261.9M(1024.0M)]
 [Times: user=0.04 sys=0.03, real=0.02 secs] 
2022-11-23T17:55:24.812+0100: 8038.777: [GC pause (G1 Evacuation Pause) (young), 0.0175640 secs]
   [Parallel Time: 11.4 ms, GC Workers: 8]
      [GC Worker Start (ms): Min: 8038777.2, Avg: 8038782.1, Max: 8038787.0, Diff: 9.8]
      [Ext Root Scanning (ms): Min: 0.0, Avg: 0.4, Max: 1.3, Diff: 1.3, Sum: 3.4]
      [Update RS (ms): Min: 0.0, Avg: 2.1, Max: 4.9, Diff: 4.9, Sum: 16.7]
         [Processed Buffers: Min: 0, Avg: 5.4, Max: 14, Diff: 14, Sum: 43]
      [Scan RS (ms): Min: 0.0, Avg: 0.0, Max: 0.1, Diff: 0.1, Sum: 0.1]
      [Code Root Scanning (ms): Min: 0.0, Avg: 0.0, Max: 0.0, Diff: 0.0, Sum: 0.0]
      [Object Copy (ms): Min: 0.0, Avg: 2.3, Max: 5.9, Diff: 5.9, Sum: 18.6]
      [Termination (ms): Min: 0.0, Avg: 1.3, Max: 1.7, Diff: 1.7, Sum: 10.7]
         [Termination Attempts: Min: 1, Avg: 1.4, Max: 2, Diff: 1, Sum: 11]
      [GC Worker Other (ms): Min: 0.0, Avg: 0.0, Max: 0.0, Diff: 0.0, Sum: 0.1]
      [GC Worker Total (ms): Min: 1.3, Avg: 6.2, Max: 11.2, Diff: 9.8, Sum: 49.6]
      [GC Worker End (ms): Min: 8038788.3, Avg: 8038788.3, Max: 8038788.4, Diff: 0.1]
   [Code Root Fixup: 0.0 ms]
   [Code Root Purge: 0.0 ms]
   [Clear CT: 0.5 ms]
   [Other: 5.7 ms]
      [Choose CSet: 0.0 ms]
      [Ref Proc: 4.5 ms]
      [Ref Enq: 0.0 ms]
      [Redirty Cards: 0.5 ms]
      [Humongous Register: 0.1 ms]
      [Humongous Reclaim: 0.1 ms]
      [Free CSet: 0.1 ms]
   [Eden: 49152.0K(49152.0K)->0.0B(125.0M) Survivors: 3072.0K->3072.0K Heap: 309.9M(1024.0M)->262.2M(1024.0M)]
 [Times: user=0.05 sys=0.01, real=0.01 secs] 
2022-11-23T17:55:38.760+0100: 8052.724: [GC pause (G1 Evacuation Pause) (young), 0.0240028 secs]
   [Parallel Time: 14.3 ms, GC Workers: 8]
      [GC Worker Start (ms): Min: 8052724.5, Avg: 8052733.5, Max: 8052737.7, Diff: 13.3]
      [Ext Root Scanning (ms): Min: 0.0, Avg: 0.6, Max: 2.5, Diff: 2.5, Sum: 5.0]
      [Update RS (ms): Min: 0.0, Avg: 1.5, Max: 5.8, Diff: 5.8, Sum: 11.6]
         [Processed Buffers: Min: 0, Avg: 6.4, Max: 32, Diff: 32, Sum: 51]
      [Scan RS (ms): Min: 0.0, Avg: 0.0, Max: 0.1, Diff: 0.1, Sum: 0.1]
      [Code Root Scanning (ms): Min: 0.0, Avg: 0.0, Max: 0.0, Diff: 0.0, Sum: 0.0]
      [Object Copy (ms): Min: 0.0, Avg: 1.9, Max: 4.5, Diff: 4.5, Sum: 15.1]
      [Termination (ms): Min: 0.0, Avg: 0.5, Max: 1.1, Diff: 1.1, Sum: 3.9]
         [Termination Attempts: Min: 1, Avg: 1.0, Max: 1, Diff: 0, Sum: 8]
      [GC Worker Other (ms): Min: 0.0, Avg: 0.0, Max: 0.0, Diff: 0.0, Sum: 0.1]
      [GC Worker Total (ms): Min: 0.0, Avg: 4.5, Max: 13.3, Diff: 13.3, Sum: 35.9]
      [GC Worker End (ms): Min: 8052737.8, Avg: 8052738.0, Max: 8052738.5, Diff: 0.7]
   [Code Root Fixup: 0.0 ms]
   [Code Root Purge: 0.0 ms]
   [Clear CT: 0.7 ms]
   [Other: 9.0 ms]
      [Choose CSet: 0.0 ms]
      [Ref Proc: 8.2 ms]
      [Ref Enq: 0.0 ms]
      [Redirty Cards: 0.3 ms]
      [Humongous Register: 0.1 ms]
      [Humongous Reclaim: 0.1 ms]
      [Free CSet: 0.1 ms]
   [Eden: 125.0M(125.0M)->0.0B(49152.0K) Survivors: 3072.0K->3072.0K Heap: 387.2M(1024.0M)->262.4M(1024.0M)]
 [Times: user=0.06 sys=0.00, real=0.03 secs] 
2022-11-23T17:55:44.488+0100: 8058.453: [GC pause (G1 Evacuation Pause) (young), 0.0258427 secs]
   [Parallel Time: 11.1 ms, GC Workers: 8]
      [GC Worker Start (ms): Min: 8058453.0, Avg: 8058458.8, Max: 8058462.6, Diff: 9.6]
      [Ext Root Scanning (ms): Min: 0.0, Avg: 0.3, Max: 1.5, Diff: 1.5, Sum: 2.7]
      [Update RS (ms): Min: 0.0, Avg: 1.7, Max: 5.0, Diff: 5.0, Sum: 13.6]
         [Processed Buffers: Min: 0, Avg: 6.0, Max: 17, Diff: 17, Sum: 48]
      [Scan RS (ms): Min: 0.0, Avg: 0.0, Max: 0.0, Diff: 0.0, Sum: 0.1]
      [Code Root Scanning (ms): Min: 0.0, Avg: 0.0, Max: 0.0, Diff: 0.0, Sum: 0.0]
      [Object Copy (ms): Min: 0.0, Avg: 1.2, Max: 2.5, Diff: 2.5, Sum: 9.7]
      [Termination (ms): Min: 0.0, Avg: 0.7, Max: 1.0, Diff: 1.0, Sum: 5.5]
         [Termination Attempts: Min: 1, Avg: 2.5, Max: 7, Diff: 6, Sum: 20]
      [GC Worker Other (ms): Min: 0.0, Avg: 0.0, Max: 0.0, Diff: 0.0, Sum: 0.1]
      [GC Worker Total (ms): Min: 0.0, Avg: 4.0, Max: 9.7, Diff: 9.7, Sum: 31.7]
      [GC Worker End (ms): Min: 8058462.6, Avg: 8058462.8, Max: 8058463.4, Diff: 0.8]
   [Code Root Fixup: 0.0 ms]
   [Code Root Purge: 0.0 ms]
   [Clear CT: 0.5 ms]
   [Other: 14.3 ms]
      [Choose CSet: 0.0 ms]
      [Ref Proc: 13.5 ms]
      [Ref Enq: 0.0 ms]
      [Redirty Cards: 0.4 ms]
      [Humongous Register: 0.1 ms]
      [Humongous Reclaim: 0.0 ms]
      [Free CSet: 0.0 ms]
   [Eden: 49152.0K(49152.0K)->0.0B(49152.0K) Survivors: 3072.0K->3072.0K Heap: 310.4M(1024.0M)->262.5M(1024.0M)]
 [Times: user=0.08 sys=0.00, real=0.03 secs] 
2022-11-23T17:55:49.480+0100: 8063.445: [GC pause (G1 Evacuation Pause) (young), 0.0222203 secs]
   [Parallel Time: 12.0 ms, GC Workers: 8]
      [GC Worker Start (ms): Min: 8063445.0, Avg: 8063449.6, Max: 8063454.4, Diff: 9.4]
      [Ext Root Scanning (ms): Min: 0.0, Avg: 0.4, Max: 1.3, Diff: 1.3, Sum: 3.4]
      [Update RS (ms): Min: 0.0, Avg: 1.6, Max: 4.2, Diff: 4.2, Sum: 12.5]
         [Processed Buffers: Min: 0, Avg: 5.5, Max: 16, Diff: 16, Sum: 44]
      [Scan RS (ms): Min: 0.0, Avg: 0.0, Max: 0.0, Diff: 0.0, Sum: 0.1]
      [Code Root Scanning (ms): Min: 0.0, Avg: 0.0, Max: 0.0, Diff: 0.0, Sum: 0.0]
      [Object Copy (ms): Min: 0.0, Avg: 2.8, Max: 4.8, Diff: 4.8, Sum: 22.1]
      [Termination (ms): Min: 0.0, Avg: 0.8, Max: 1.2, Diff: 1.2, Sum: 6.6]
         [Termination Attempts: Min: 1, Avg: 1.6, Max: 3, Diff: 2, Sum: 13]
      [GC Worker Other (ms): Min: 0.0, Avg: 0.0, Max: 0.0, Diff: 0.0, Sum: 0.1]
      [GC Worker Total (ms): Min: 0.7, Avg: 5.6, Max: 10.3, Diff: 9.6, Sum: 44.8]
      [GC Worker End (ms): Min: 8063455.2, Avg: 8063455.2, Max: 8063455.4, Diff: 0.2]
   [Code Root Fixup: 0.0 ms]
   [Code Root Purge: 0.0 ms]
   [Clear CT: 0.6 ms]
   [Other: 9.6 ms]
      [Choose CSet: 0.0 ms]
      [Ref Proc: 6.9 ms]
      [Ref Enq: 0.0 ms]
      [Redirty Cards: 2.3 ms]
      [Humongous Register: 0.1 ms]
      [Humongous Reclaim: 0.0 ms]
      [Free CSet: 0.1 ms]
   [Eden: 49152.0K(49152.0K)->0.0B(49152.0K) Survivors: 3072.0K->3072.0K Heap: 310.5M(1024.0M)->262.8M(1024.0M)]
 [Times: user=0.05 sys=0.00, real=0.03 secs] 
2022-11-23T17:55:54.959+0100: 8068.923: [GC pause (G1 Evacuation Pause) (young), 0.0137800 secs]
   [Parallel Time: 10.8 ms, GC Workers: 8]
      [GC Worker Start (ms): Min: 8068923.5, Avg: 8068931.2, Max: 8068933.9, Diff: 10.4]
      [Ext Root Scanning (ms): Min: 0.0, Avg: 0.4, Max: 1.5, Diff: 1.5, Sum: 2.9]
      [Update RS (ms): Min: 0.0, Avg: 1.2, Max: 4.9, Diff: 4.8, Sum: 9.7]
         [Processed Buffers: Min: 0, Avg: 5.8, Max: 32, Diff: 32, Sum: 46]
      [Scan RS (ms): Min: 0.0, Avg: 0.0, Max: 0.0, Diff: 0.0, Sum: 0.0]
      [Code Root Scanning (ms): Min: 0.0, Avg: 0.0, Max: 0.0, Diff: 0.0, Sum: 0.0]
      [Object Copy (ms): Min: 0.0, Avg: 0.9, Max: 3.7, Diff: 3.7, Sum: 7.4]
      [Termination (ms): Min: 0.0, Avg: 0.2, Max: 0.4, Diff: 0.4, Sum: 1.7]
         [Termination Attempts: Min: 1, Avg: 1.1, Max: 2, Diff: 1, Sum: 9]
      [GC Worker Other (ms): Min: 0.0, Avg: 0.0, Max: 0.0, Diff: 0.0, Sum: 0.1]
      [GC Worker Total (ms): Min: 0.0, Avg: 2.7, Max: 10.4, Diff: 10.4, Sum: 21.8]
      [GC Worker End (ms): Min: 8068933.9, Avg: 8068933.9, Max: 8068933.9, Diff: 0.0]
   [Code Root Fixup: 0.0 ms]
   [Code Root Purge: 0.0 ms]
   [Clear CT: 1.1 ms]
   [Other: 1.9 ms]
      [Choose CSet: 0.0 ms]
      [Ref Proc: 0.5 ms]
      [Ref Enq: 0.0 ms]
      [Redirty Cards: 0.7 ms]
      [Humongous Register: 0.1 ms]
      [Humongous Reclaim: 0.1 ms]
      [Free CSet: 0.1 ms]
   [Eden: 49152.0K(49152.0K)->0.0B(50176.0K) Survivors: 3072.0K->2048.0K Heap: 310.8M(1024.0M)->262.3M(1024.0M)]
 [Times: user=0.03 sys=0.01, real=0.02 secs] 
2022-11-23T17:55:59.937+0100: 8073.902: [GC pause (G1 Evacuation Pause) (young), 0.0134399 secs]
   [Parallel Time: 10.7 ms, GC Workers: 8]
      [GC Worker Start (ms): Min: 8073901.9, Avg: 8073905.8, Max: 8073912.2, Diff: 10.3]
      [Ext Root Scanning (ms): Min: 0.0, Avg: 2.8, Max: 9.4, Diff: 9.4, Sum: 22.6]
      [Update RS (ms): Min: 0.0, Avg: 1.9, Max: 5.1, Diff: 5.1, Sum: 15.3]
         [Processed Buffers: Min: 0, Avg: 5.4, Max: 20, Diff: 20, Sum: 43]
      [Scan RS (ms): Min: 0.0, Avg: 0.0, Max: 0.0, Diff: 0.0, Sum: 0.1]
      [Code Root Scanning (ms): Min: 0.0, Avg: 0.0, Max: 0.0, Diff: 0.0, Sum: 0.0]
      [Object Copy (ms): Min: 0.0, Avg: 1.5, Max: 3.7, Diff: 3.7, Sum: 11.7]
      [Termination (ms): Min: 0.0, Avg: 0.2, Max: 0.3, Diff: 0.3, Sum: 1.6]
         [Termination Attempts: Min: 1, Avg: 3.5, Max: 8, Diff: 7, Sum: 28]
      [GC Worker Other (ms): Min: 0.0, Avg: 0.0, Max: 0.0, Diff: 0.0, Sum: 0.1]
      [GC Worker Total (ms): Min: 0.0, Avg: 6.4, Max: 10.3, Diff: 10.3, Sum: 51.3]
      [GC Worker End (ms): Min: 8073912.2, Avg: 8073912.2, Max: 8073912.2, Diff: 0.0]
   [Code Root Fixup: 0.0 ms]
   [Code Root Purge: 0.0 ms]
   [Clear CT: 0.8 ms]
   [Other: 1.9 ms]
      [Choose CSet: 0.0 ms]
      [Ref Proc: 0.7 ms]
      [Ref Enq: 0.0 ms]
      [Redirty Cards: 0.7 ms]
      [Humongous Register: 0.1 ms]
      [Humongous Reclaim: 0.0 ms]
      [Free CSet: 0.1 ms]
   [Eden: 50176.0K(50176.0K)->0.0B(342.0M) Survivors: 2048.0K->3072.0K Heap: 311.3M(1024.0M)->263.0M(1024.0M)]
 [Times: user=0.04 sys=0.01, real=0.01 secs] 
2022-11-23T17:56:47.327+0100: 8121.292: [GC pause (G1 Evacuation Pause) (young), 0.0554711 secs]
   [Parallel Time: 51.2 ms, GC Workers: 8]
      [GC Worker Start (ms): Min: 8121292.3, Avg: 8121306.0, Max: 8121311.7, Diff: 19.4]
      [Ext Root Scanning (ms): Min: 0.0, Avg: 0.3, Max: 1.3, Diff: 1.3, Sum: 2.4]
      [Update RS (ms): Min: 0.0, Avg: 1.6, Max: 7.6, Diff: 7.6, Sum: 12.6]
         [Processed Buffers: Min: 0, Avg: 7.0, Max: 42, Diff: 42, Sum: 56]
      [Scan RS (ms): Min: 0.0, Avg: 0.1, Max: 0.2, Diff: 0.2, Sum: 0.7]
      [Code Root Scanning (ms): Min: 0.0, Avg: 0.0, Max: 0.0, Diff: 0.0, Sum: 0.0]
      [Object Copy (ms): Min: 25.5, Avg: 32.1, Max: 41.6, Diff: 16.1, Sum: 257.1]
      [Termination (ms): Min: 0.0, Avg: 2.0, Max: 2.9, Diff: 2.9, Sum: 15.9]
         [Termination Attempts: Min: 1, Avg: 1.4, Max: 3, Diff: 2, Sum: 11]
      [GC Worker Other (ms): Min: 0.0, Avg: 0.9, Max: 3.5, Diff: 3.5, Sum: 7.2]
      [GC Worker Total (ms): Min: 31.3, Avg: 37.0, Max: 50.8, Diff: 19.6, Sum: 296.0]
      [GC Worker End (ms): Min: 8121343.0, Avg: 8121343.0, Max: 8121343.2, Diff: 0.2]
   [Code Root Fixup: 0.0 ms]
   [Code Root Purge: 0.0 ms]
   [Clear CT: 0.7 ms]
   [Other: 3.6 ms]
      [Choose CSet: 0.0 ms]
      [Ref Proc: 0.7 ms]
      [Ref Enq: 0.0 ms]
      [Redirty Cards: 0.7 ms]
      [Humongous Register: 0.1 ms]
      [Humongous Reclaim: 0.0 ms]
      [Free CSet: 1.5 ms]
   [Eden: 342.0M(342.0M)->0.0B(49152.0K) Survivors: 3072.0K->3072.0K Heap: 605.0M(1024.0M)->263.5M(1024.0M)]
 [Times: user=0.04 sys=0.13, real=0.06 secs] 
2022-11-23T17:56:53.136+0100: 8127.100: [GC pause (G1 Evacuation Pause) (young), 0.0389107 secs]
   [Parallel Time: 33.4 ms, GC Workers: 8]
      [GC Worker Start (ms): Min: 8127100.9, Avg: 8127115.8, Max: 8127124.6, Diff: 23.7]
      [Ext Root Scanning (ms): Min: 0.0, Avg: 0.4, Max: 3.1, Diff: 3.1, Sum: 3.3]
      [Update RS (ms): Min: 0.2, Avg: 11.8, Max: 27.1, Diff: 26.9, Sum: 94.4]
         [Processed Buffers: Min: 1, Avg: 6.1, Max: 12, Diff: 11, Sum: 49]
      [Scan RS (ms): Min: 0.0, Avg: 0.0, Max: 0.0, Diff: 0.0, Sum: 0.1]
      [Code Root Scanning (ms): Min: 0.0, Avg: 0.0, Max: 0.0, Diff: 0.0, Sum: 0.0]
      [Object Copy (ms): Min: 0.0, Avg: 3.9, Max: 6.6, Diff: 6.6, Sum: 31.1]
      [Termination (ms): Min: 0.0, Avg: 1.9, Max: 2.6, Diff: 2.6, Sum: 14.8]
         [Termination Attempts: Min: 1, Avg: 39.5, Max: 87, Diff: 86, Sum: 316]
      [GC Worker Other (ms): Min: 0.0, Avg: 0.0, Max: 0.1, Diff: 0.1, Sum: 0.2]
      [GC Worker Total (ms): Min: 9.1, Avg: 18.0, Max: 32.9, Diff: 23.8, Sum: 144.0]
      [GC Worker End (ms): Min: 8127133.8, Avg: 8127133.8, Max: 8127133.8, Diff: 0.0]
   [Code Root Fixup: 0.0 ms]
   [Code Root Purge: 0.0 ms]
   [Clear CT: 1.3 ms]
   [Other: 4.2 ms]
      [Choose CSet: 0.0 ms]
      [Ref Proc: 2.8 ms]
      [Ref Enq: 0.0 ms]
      [Redirty Cards: 0.7 ms]
      [Humongous Register: 0.1 ms]
      [Humongous Reclaim: 0.0 ms]
      [Free CSet: 0.2 ms]
   [Eden: 49152.0K(49152.0K)->0.0B(48128.0K) Survivors: 3072.0K->4096.0K Heap: 311.5M(1024.0M)->263.9M(1024.0M)]
 [Times: user=0.09 sys=0.00, real=0.04 secs] 
2022-11-23T17:56:59.393+0100: 8133.357: [GC pause (G1 Evacuation Pause) (young), 0.0216344 secs]
   [Parallel Time: 15.8 ms, GC Workers: 8]
      [GC Worker Start (ms): Min: 8133357.5, Avg: 8133366.8, Max: 8133372.2, Diff: 14.7]
      [Ext Root Scanning (ms): Min: 0.0, Avg: 0.3, Max: 1.4, Diff: 1.4, Sum: 2.8]
      [Update RS (ms): Min: 0.0, Avg: 2.6, Max: 13.5, Diff: 13.5, Sum: 21.0]
         [Processed Buffers: Min: 0, Avg: 5.8, Max: 15, Diff: 15, Sum: 46]
      [Scan RS (ms): Min: 0.0, Avg: 0.0, Max: 0.1, Diff: 0.1, Sum: 0.2]
      [Code Root Scanning (ms): Min: 0.0, Avg: 0.0, Max: 0.0, Diff: 0.0, Sum: 0.0]
      [Object Copy (ms): Min: 0.1, Avg: 2.4, Max: 6.3, Diff: 6.3, Sum: 19.3]
      [Termination (ms): Min: 0.0, Avg: 0.3, Max: 1.0, Diff: 1.0, Sum: 2.6]
         [Termination Attempts: Min: 1, Avg: 17.5, Max: 40, Diff: 39, Sum: 140]
      [GC Worker Other (ms): Min: 0.0, Avg: 0.0, Max: 0.0, Diff: 0.0, Sum: 0.1]
      [GC Worker Total (ms): Min: 0.2, Avg: 5.7, Max: 15.0, Diff: 14.7, Sum: 45.9]
      [GC Worker End (ms): Min: 8133372.4, Avg: 8133372.5, Max: 8133373.0, Diff: 0.5]
   [Code Root Fixup: 0.0 ms]
   [Code Root Purge: 0.0 ms]
   [Clear CT: 1.5 ms]
   [Other: 4.3 ms]
      [Choose CSet: 0.0 ms]
      [Ref Proc: 2.9 ms]
      [Ref Enq: 0.0 ms]
      [Redirty Cards: 0.7 ms]
      [Humongous Register: 0.1 ms]
      [Humongous Reclaim: 0.1 ms]
      [Free CSet: 0.1 ms]
   [Eden: 48128.0K(48128.0K)->0.0B(46080.0K) Survivors: 4096.0K->6144.0K Heap: 310.9M(1024.0M)->266.1M(1024.0M)]
 [Times: user=0.06 sys=0.00, real=0.02 secs] 
2022-11-23T17:57:04.123+0100: 8138.087: [GC pause (G1 Evacuation Pause) (young), 0.0457057 secs]
   [Parallel Time: 34.2 ms, GC Workers: 8]
      [GC Worker Start (ms): Min: 8138087.4, Avg: 8138106.8, Max: 8138113.5, Diff: 26.1]
      [Ext Root Scanning (ms): Min: 0.0, Avg: 0.3, Max: 2.4, Diff: 2.4, Sum: 2.4]
      [Update RS (ms): Min: 0.0, Avg: 1.6, Max: 12.7, Diff: 12.7, Sum: 12.7]
         [Processed Buffers: Min: 0, Avg: 6.4, Max: 51, Diff: 51, Sum: 51]
      [Scan RS (ms): Min: 0.0, Avg: 0.0, Max: 0.1, Diff: 0.1, Sum: 0.1]
      [Code Root Scanning (ms): Min: 0.0, Avg: 0.0, Max: 0.0, Diff: 0.0, Sum: 0.0]
      [Object Copy (ms): Min: 0.0, Avg: 5.6, Max: 18.9, Diff: 18.9, Sum: 44.6]
      [Termination (ms): Min: 0.0, Avg: 7.1, Max: 8.3, Diff: 8.3, Sum: 57.0]
         [Termination Attempts: Min: 1, Avg: 9.8, Max: 21, Diff: 20, Sum: 78]
      [GC Worker Other (ms): Min: 0.0, Avg: 0.0, Max: 0.0, Diff: 0.0, Sum: 0.1]
      [GC Worker Total (ms): Min: 8.0, Avg: 14.6, Max: 34.0, Diff: 26.1, Sum: 117.0]
      [GC Worker End (ms): Min: 8138121.4, Avg: 8138121.4, Max: 8138121.5, Diff: 0.0]
   [Code Root Fixup: 0.0 ms]
   [Code Root Purge: 0.0 ms]
   [Clear CT: 0.7 ms]
   [Other: 10.9 ms]
      [Choose CSet: 0.0 ms]
      [Ref Proc: 9.9 ms]
      [Ref Enq: 0.0 ms]
      [Redirty Cards: 0.6 ms]
      [Humongous Register: 0.1 ms]
      [Humongous Reclaim: 0.0 ms]
      [Free CSet: 0.0 ms]
   [Eden: 46080.0K(46080.0K)->0.0B(49152.0K) Survivors: 6144.0K->3072.0K Heap: 311.1M(1024.0M)->263.6M(1024.0M)]
 [Times: user=0.14 sys=0.00, real=0.04 secs] 
2022-11-23T17:57:10.408+0100: 8144.373: [GC pause (G1 Evacuation Pause) (young), 0.0228380 secs]
   [Parallel Time: 19.0 ms, GC Workers: 8]
      [GC Worker Start (ms): Min: 8144373.1, Avg: 8144377.8, Max: 8144383.5, Diff: 10.4]
      [Ext Root Scanning (ms): Min: 0.0, Avg: 0.6, Max: 2.6, Diff: 2.6, Sum: 5.0]
      [Update RS (ms): Min: 0.0, Avg: 2.4, Max: 4.3, Diff: 4.3, Sum: 19.0]
         [Processed Buffers: Min: 0, Avg: 6.0, Max: 18, Diff: 18, Sum: 48]
      [Scan RS (ms): Min: 0.0, Avg: 0.0, Max: 0.0, Diff: 0.0, Sum: 0.1]
      [Code Root Scanning (ms): Min: 0.0, Avg: 0.0, Max: 0.0, Diff: 0.0, Sum: 0.0]
      [Object Copy (ms): Min: 0.0, Avg: 3.5, Max: 12.6, Diff: 12.6, Sum: 28.3]
      [Termination (ms): Min: 0.0, Avg: 7.6, Max: 8.8, Diff: 8.8, Sum: 60.7]
         [Termination Attempts: Min: 1, Avg: 1.1, Max: 2, Diff: 1, Sum: 9]
      [GC Worker Other (ms): Min: 0.0, Avg: 0.0, Max: 0.0, Diff: 0.0, Sum: 0.1]
      [GC Worker Total (ms): Min: 8.4, Avg: 14.1, Max: 18.8, Diff: 10.4, Sum: 113.2]
      [GC Worker End (ms): Min: 8144391.9, Avg: 8144392.0, Max: 8144392.0, Diff: 0.0]
   [Code Root Fixup: 0.0 ms]
   [Code Root Purge: 0.0 ms]
   [Clear CT: 0.9 ms]
   [Other: 3.0 ms]
      [Choose CSet: 0.0 ms]
      [Ref Proc: 1.1 ms]
      [Ref Enq: 0.0 ms]
      [Redirty Cards: 1.0 ms]
      [Humongous Register: 0.1 ms]
      [Humongous Reclaim: 0.1 ms]
      [Free CSet: 0.1 ms]
   [Eden: 49152.0K(49152.0K)->0.0B(48128.0K) Survivors: 3072.0K->4096.0K Heap: 311.6M(1024.0M)->264.5M(1024.0M)]
 [Times: user=0.08 sys=0.01, real=0.03 secs] 
2022-11-23T17:57:18.170+0100: 8152.135: [GC pause (G1 Evacuation Pause) (young), 0.0166265 secs]
   [Parallel Time: 8.1 ms, GC Workers: 8]
      [GC Worker Start (ms): Min: 8152135.2, Avg: 8152136.1, Max: 8152141.2, Diff: 6.0]
      [Ext Root Scanning (ms): Min: 0.0, Avg: 1.4, Max: 5.2, Diff: 5.2, Sum: 11.3]
      [Update RS (ms): Min: 0.0, Avg: 1.4, Max: 3.2, Diff: 3.2, Sum: 11.5]
         [Processed Buffers: Min: 0, Avg: 5.9, Max: 16, Diff: 16, Sum: 47]
      [Scan RS (ms): Min: 0.0, Avg: 0.0, Max: 0.0, Diff: 0.0, Sum: 0.1]
      [Code Root Scanning (ms): Min: 0.0, Avg: 0.0, Max: 0.0, Diff: 0.0, Sum: 0.0]
      [Object Copy (ms): Min: 0.0, Avg: 2.1, Max: 3.3, Diff: 3.3, Sum: 17.0]
      [Termination (ms): Min: 0.0, Avg: 0.4, Max: 1.9, Diff: 1.9, Sum: 3.0]
         [Termination Attempts: Min: 1, Avg: 1.5, Max: 2, Diff: 1, Sum: 12]
      [GC Worker Other (ms): Min: 0.0, Avg: 0.0, Max: 0.0, Diff: 0.0, Sum: 0.1]
      [GC Worker Total (ms): Min: 0.0, Avg: 5.4, Max: 7.7, Diff: 7.6, Sum: 43.1]
      [GC Worker End (ms): Min: 8152141.3, Avg: 8152141.5, Max: 8152143.0, Diff: 1.8]
   [Code Root Fixup: 0.0 ms]
   [Code Root Purge: 0.0 ms]
   [Clear CT: 0.7 ms]
   [Other: 7.8 ms]
      [Choose CSet: 0.0 ms]
      [Ref Proc: 6.8 ms]
      [Ref Enq: 0.0 ms]
      [Redirty Cards: 0.7 ms]
      [Humongous Register: 0.0 ms]
      [Humongous Reclaim: 0.0 ms]
      [Free CSet: 0.1 ms]
   [Eden: 48128.0K(48128.0K)->0.0B(48128.0K) Survivors: 4096.0K->4096.0K Heap: 311.5M(1024.0M)->264.9M(1024.0M)]
 [Times: user=0.07 sys=0.01, real=0.02 secs] 
2022-11-23T17:57:24.068+0100: 8158.032: [GC pause (G1 Evacuation Pause) (young), 0.0129217 secs]
   [Parallel Time: 10.5 ms, GC Workers: 8]
      [GC Worker Start (ms): Min: 8158032.6, Avg: 8158038.0, Max: 8158042.7, Diff: 10.1]
      [Ext Root Scanning (ms): Min: 0.0, Avg: 0.4, Max: 1.4, Diff: 1.3, Sum: 3.4]
      [Update RS (ms): Min: 0.0, Avg: 1.6, Max: 3.8, Diff: 3.8, Sum: 13.2]
         [Processed Buffers: Min: 0, Avg: 6.0, Max: 17, Diff: 17, Sum: 48]
      [Scan RS (ms): Min: 0.0, Avg: 0.0, Max: 0.0, Diff: 0.0, Sum: 0.1]
      [Code Root Scanning (ms): Min: 0.0, Avg: 0.0, Max: 0.0, Diff: 0.0, Sum: 0.0]
      [Object Copy (ms): Min: 0.0, Avg: 2.2, Max: 4.5, Diff: 4.5, Sum: 17.6]
      [Termination (ms): Min: 0.0, Avg: 0.5, Max: 1.0, Diff: 1.0, Sum: 4.1]
         [Termination Attempts: Min: 1, Avg: 2.1, Max: 5, Diff: 4, Sum: 17]
      [GC Worker Other (ms): Min: 0.0, Avg: 0.0, Max: 0.0, Diff: 0.0, Sum: 0.1]
      [GC Worker Total (ms): Min: 0.0, Avg: 4.8, Max: 10.3, Diff: 10.2, Sum: 38.5]
      [GC Worker End (ms): Min: 8158042.7, Avg: 8158042.8, Max: 8158042.9, Diff: 0.2]
   [Code Root Fixup: 0.0 ms]
   [Code Root Purge: 0.0 ms]
   [Clear CT: 0.7 ms]
   [Other: 1.8 ms]
      [Choose CSet: 0.0 ms]
      [Ref Proc: 0.7 ms]
      [Ref Enq: 0.0 ms]
      [Redirty Cards: 0.6 ms]
      [Humongous Register: 0.1 ms]
      [Humongous Reclaim: 0.0 ms]
      [Free CSet: 0.1 ms]
   [Eden: 48128.0K(48128.0K)->0.0B(48128.0K) Survivors: 4096.0K->4096.0K Heap: 311.9M(1024.0M)->264.8M(1024.0M)]
 [Times: user=0.04 sys=0.00, real=0.02 secs] 
2022-11-23T17:57:29.761+0100: 8163.726: [GC pause (G1 Evacuation Pause) (young), 0.0314156 secs]
   [Parallel Time: 15.6 ms, GC Workers: 8]
      [GC Worker Start (ms): Min: 8163725.8, Avg: 8163734.7, Max: 8163738.5, Diff: 12.7]
      [Ext Root Scanning (ms): Min: 0.0, Avg: 0.3, Max: 1.4, Diff: 1.3, Sum: 2.7]
      [Update RS (ms): Min: 0.0, Avg: 1.2, Max: 5.0, Diff: 5.0, Sum: 10.0]
         [Processed Buffers: Min: 0, Avg: 5.5, Max: 23, Diff: 23, Sum: 44]
      [Scan RS (ms): Min: 0.0, Avg: 0.0, Max: 0.0, Diff: 0.0, Sum: 0.1]
      [Code Root Scanning (ms): Min: 0.0, Avg: 0.0, Max: 0.0, Diff: 0.0, Sum: 0.0]
      [Object Copy (ms): Min: 0.0, Avg: 2.5, Max: 8.8, Diff: 8.8, Sum: 19.8]
      [Termination (ms): Min: 0.0, Avg: 2.1, Max: 2.8, Diff: 2.8, Sum: 17.1]
         [Termination Attempts: Min: 1, Avg: 3.8, Max: 10, Diff: 9, Sum: 30]
      [GC Worker Other (ms): Min: 0.0, Avg: 0.0, Max: 0.0, Diff: 0.0, Sum: 0.1]
      [GC Worker Total (ms): Min: 2.3, Avg: 6.2, Max: 15.0, Diff: 12.7, Sum: 49.7]
      [GC Worker End (ms): Min: 8163740.8, Avg: 8163740.9, Max: 8163741.2, Diff: 0.4]
   [Code Root Fixup: 0.0 ms]
   [Code Root Purge: 0.0 ms]
   [Clear CT: 0.6 ms]
   [Other: 15.2 ms]
      [Choose CSet: 0.0 ms]
      [Ref Proc: 13.1 ms]
      [Ref Enq: 0.0 ms]
      [Redirty Cards: 1.7 ms]
      [Humongous Register: 0.1 ms]
      [Humongous Reclaim: 0.0 ms]
      [Free CSet: 0.1 ms]
   [Eden: 48128.0K(48128.0K)->0.0B(47104.0K) Survivors: 4096.0K->5120.0K Heap: 311.8M(1024.0M)->265.6M(1024.0M)]
 [Times: user=0.07 sys=0.02, real=0.03 secs] 
2022-11-23T17:57:34.323+0100: 8168.288: [GC pause (G1 Evacuation Pause) (young), 0.0127498 secs]
   [Parallel Time: 8.4 ms, GC Workers: 8]
      [GC Worker Start (ms): Min: 8168288.2, Avg: 8168289.9, Max: 8168294.5, Diff: 6.4]
      [Ext Root Scanning (ms): Min: 0.0, Avg: 0.4, Max: 0.9, Diff: 0.9, Sum: 2.9]
      [Update RS (ms): Min: 0.0, Avg: 1.6, Max: 3.0, Diff: 3.0, Sum: 13.0]
         [Processed Buffers: Min: 0, Avg: 6.1, Max: 15, Diff: 15, Sum: 49]
      [Scan RS (ms): Min: 0.0, Avg: 0.0, Max: 0.0, Diff: 0.0, Sum: 0.1]
      [Code Root Scanning (ms): Min: 0.0, Avg: 0.0, Max: 0.0, Diff: 0.0, Sum: 0.0]
      [Object Copy (ms): Min: 0.0, Avg: 2.5, Max: 5.9, Diff: 5.9, Sum: 20.0]
      [Termination (ms): Min: 0.0, Avg: 0.4, Max: 1.3, Diff: 1.3, Sum: 3.2]
         [Termination Attempts: Min: 1, Avg: 1.1, Max: 2, Diff: 1, Sum: 9]
      [GC Worker Other (ms): Min: 0.0, Avg: 0.0, Max: 0.0, Diff: 0.0, Sum: 0.1]
      [GC Worker Total (ms): Min: 0.0, Avg: 4.9, Max: 7.1, Diff: 7.1, Sum: 39.2]
      [GC Worker End (ms): Min: 8168294.6, Avg: 8168294.8, Max: 8168295.7, Diff: 1.1]
   [Code Root Fixup: 0.0 ms]
   [Code Root Purge: 0.0 ms]
   [Clear CT: 0.4 ms]
   [Other: 3.9 ms]
      [Choose CSet: 0.0 ms]
      [Ref Proc: 2.7 ms]
      [Ref Enq: 0.0 ms]
      [Redirty Cards: 0.6 ms]
      [Humongous Register: 0.1 ms]
      [Humongous Reclaim: 0.0 ms]
      [Free CSet: 0.1 ms]
   [Eden: 47104.0K(47104.0K)->0.0B(48128.0K) Survivors: 5120.0K->4096.0K Heap: 311.6M(1024.0M)->265.4M(1024.0M)]
 [Times: user=0.03 sys=0.02, real=0.01 secs] 
2022-11-23T17:57:39.641+0100: 8173.606: [GC pause (G1 Evacuation Pause) (young), 0.0275496 secs]
   [Parallel Time: 20.6 ms, GC Workers: 8]
      [GC Worker Start (ms): Min: 8173606.1, Avg: 8173620.8, Max: 8173625.6, Diff: 19.5]
      [Ext Root Scanning (ms): Min: 0.0, Avg: 0.4, Max: 2.7, Diff: 2.7, Sum: 2.8]
      [Update RS (ms): Min: 0.0, Avg: 1.5, Max: 9.5, Diff: 9.5, Sum: 12.1]
         [Processed Buffers: Min: 0, Avg: 5.8, Max: 24, Diff: 24, Sum: 46]
      [Scan RS (ms): Min: 0.0, Avg: 0.0, Max: 0.0, Diff: 0.0, Sum: 0.1]
      [Code Root Scanning (ms): Min: 0.0, Avg: 0.0, Max: 0.0, Diff: 0.0, Sum: 0.0]
      [Object Copy (ms): Min: 0.0, Avg: 2.4, Max: 6.5, Diff: 6.5, Sum: 19.2]
      [Termination (ms): Min: 0.0, Avg: 0.7, Max: 1.2, Diff: 1.2, Sum: 5.6]
         [Termination Attempts: Min: 1, Avg: 4.4, Max: 18, Diff: 17, Sum: 35]
      [GC Worker Other (ms): Min: 0.0, Avg: 0.0, Max: 0.0, Diff: 0.0, Sum: 0.1]
      [GC Worker Total (ms): Min: 0.0, Avg: 5.0, Max: 19.9, Diff: 19.8, Sum: 39.8]
      [GC Worker End (ms): Min: 8173625.6, Avg: 8173625.8, Max: 8173626.2, Diff: 0.5]
   [Code Root Fixup: 0.0 ms]
   [Code Root Purge: 0.0 ms]
   [Clear CT: 0.6 ms]
   [Other: 6.4 ms]
      [Choose CSet: 0.0 ms]
      [Ref Proc: 5.3 ms]
      [Ref Enq: 0.0 ms]
      [Redirty Cards: 0.6 ms]
      [Humongous Register: 0.1 ms]
      [Humongous Reclaim: 0.0 ms]
      [Free CSet: 0.1 ms]
   [Eden: 48128.0K(48128.0K)->0.0B(49152.0K) Survivors: 4096.0K->3072.0K Heap: 312.4M(1024.0M)->264.3M(1024.0M)]
 [Times: user=0.06 sys=0.00, real=0.02 secs] 
2022-11-23T17:57:44.447+0100: 8178.412: [GC pause (G1 Evacuation Pause) (young), 0.0172501 secs]
   [Parallel Time: 9.4 ms, GC Workers: 8]
      [GC Worker Start (ms): Min: 8178412.2, Avg: 8178415.6, Max: 8178420.1, Diff: 8.0]
      [Ext Root Scanning (ms): Min: 0.0, Avg: 0.4, Max: 1.3, Diff: 1.3, Sum: 3.3]
      [Update RS (ms): Min: 0.0, Avg: 2.2, Max: 8.1, Diff: 8.1, Sum: 17.6]
         [Processed Buffers: Min: 0, Avg: 5.9, Max: 24, Diff: 24, Sum: 47]
      [Scan RS (ms): Min: 0.0, Avg: 0.0, Max: 0.0, Diff: 0.0, Sum: 0.1]
      [Code Root Scanning (ms): Min: 0.0, Avg: 0.0, Max: 0.0, Diff: 0.0, Sum: 0.0]
      [Object Copy (ms): Min: 0.1, Avg: 2.1, Max: 4.1, Diff: 4.0, Sum: 16.6]
      [Termination (ms): Min: 0.0, Avg: 0.9, Max: 1.4, Diff: 1.4, Sum: 7.6]
         [Termination Attempts: Min: 1, Avg: 30.4, Max: 60, Diff: 59, Sum: 243]
      [GC Worker Other (ms): Min: 0.0, Avg: 0.0, Max: 0.0, Diff: 0.0, Sum: 0.1]
      [GC Worker Total (ms): Min: 1.1, Avg: 5.7, Max: 9.1, Diff: 8.0, Sum: 45.2]
      [GC Worker End (ms): Min: 8178421.2, Avg: 8178421.2, Max: 8178421.3, Diff: 0.1]
   [Code Root Fixup: 0.0 ms]
   [Code Root Purge: 0.0 ms]
   [Clear CT: 0.4 ms]
   [Other: 7.4 ms]
      [Choose CSet: 0.0 ms]
      [Ref Proc: 6.3 ms]
      [Ref Enq: 0.0 ms]
      [Redirty Cards: 0.7 ms]
      [Humongous Register: 0.1 ms]
      [Humongous Reclaim: 0.1 ms]
      [Free CSet: 0.1 ms]
   [Eden: 49152.0K(49152.0K)->0.0B(48128.0K) Survivors: 3072.0K->4096.0K Heap: 312.3M(1024.0M)->265.3M(1024.0M)]
 [Times: user=0.06 sys=0.00, real=0.02 secs] 
2022-11-23T17:57:50.298+0100: 8184.263: [GC pause (G1 Evacuation Pause) (young), 0.0258038 secs]
   [Parallel Time: 10.7 ms, GC Workers: 8]
      [GC Worker Start (ms): Min: 8184262.9, Avg: 8184265.4, Max: 8184269.4, Diff: 6.5]
      [Ext Root Scanning (ms): Min: 0.0, Avg: 0.4, Max: 2.0, Diff: 1.9, Sum: 3.5]
      [Update RS (ms): Min: 0.0, Avg: 1.9, Max: 2.9, Diff: 2.9, Sum: 15.1]
         [Processed Buffers: Min: 0, Avg: 6.0, Max: 14, Diff: 14, Sum: 48]
      [Scan RS (ms): Min: 0.0, Avg: 0.0, Max: 0.0, Diff: 0.0, Sum: 0.1]
      [Code Root Scanning (ms): Min: 0.0, Avg: 0.0, Max: 0.0, Diff: 0.0, Sum: 0.0]
      [Object Copy (ms): Min: 2.1, Avg: 4.0, Max: 4.8, Diff: 2.8, Sum: 32.3]
      [Termination (ms): Min: 0.0, Avg: 0.4, Max: 0.7, Diff: 0.7, Sum: 3.4]
         [Termination Attempts: Min: 1, Avg: 1.2, Max: 2, Diff: 1, Sum: 10]
      [GC Worker Other (ms): Min: 0.0, Avg: 0.0, Max: 0.0, Diff: 0.0, Sum: 0.1]
      [GC Worker Total (ms): Min: 2.8, Avg: 6.8, Max: 9.4, Diff: 6.5, Sum: 54.5]
      [GC Worker End (ms): Min: 8184272.2, Avg: 8184272.3, Max: 8184272.3, Diff: 0.1]
   [Code Root Fixup: 0.0 ms]
   [Code Root Purge: 0.0 ms]
   [Clear CT: 1.0 ms]
   [Other: 14.1 ms]
      [Choose CSet: 0.0 ms]
      [Ref Proc: 10.5 ms]
      [Ref Enq: 0.0 ms]
      [Redirty Cards: 2.9 ms]
      [Humongous Register: 0.2 ms]
      [Humongous Reclaim: 0.1 ms]
      [Free CSet: 0.1 ms]
   [Eden: 48128.0K(48128.0K)->0.0B(49152.0K) Survivors: 4096.0K->3072.0K Heap: 312.3M(1024.0M)->264.7M(1024.0M)]
 [Times: user=0.08 sys=0.00, real=0.03 secs] 
2022-11-23T17:57:56.949+0100: 8190.913: [GC pause (G1 Evacuation Pause) (young), 0.0141647 secs]
   [Parallel Time: 7.9 ms, GC Workers: 8]
      [GC Worker Start (ms): Min: 8190913.8, Avg: 8190914.8, Max: 8190919.9, Diff: 6.1]
      [Ext Root Scanning (ms): Min: 0.0, Avg: 0.5, Max: 1.4, Diff: 1.4, Sum: 3.8]
      [Update RS (ms): Min: 0.0, Avg: 2.4, Max: 3.4, Diff: 3.4, Sum: 19.5]
         [Processed Buffers: Min: 0, Avg: 6.0, Max: 12, Diff: 12, Sum: 48]
      [Scan RS (ms): Min: 0.0, Avg: 0.0, Max: 0.0, Diff: 0.0, Sum: 0.0]
      [Code Root Scanning (ms): Min: 0.0, Avg: 0.0, Max: 0.0, Diff: 0.0, Sum: 0.0]
      [Object Copy (ms): Min: 0.0, Avg: 2.1, Max: 5.5, Diff: 5.5, Sum: 17.0]
      [Termination (ms): Min: 0.0, Avg: 0.3, Max: 0.8, Diff: 0.8, Sum: 2.4]
         [Termination Attempts: Min: 1, Avg: 1.4, Max: 4, Diff: 3, Sum: 11]
      [GC Worker Other (ms): Min: 0.0, Avg: 0.0, Max: 0.0, Diff: 0.0, Sum: 0.1]
      [GC Worker Total (ms): Min: 0.1, Avg: 5.3, Max: 6.5, Diff: 6.4, Sum: 42.7]
      [GC Worker End (ms): Min: 8190920.0, Avg: 8190920.1, Max: 8190920.6, Diff: 0.6]
   [Code Root Fixup: 0.0 ms]
   [Code Root Purge: 0.0 ms]
   [Clear CT: 0.7 ms]
   [Other: 5.5 ms]
      [Choose CSet: 0.0 ms]
      [Ref Proc: 4.3 ms]
      [Ref Enq: 0.0 ms]
      [Redirty Cards: 0.6 ms]
      [Humongous Register: 0.2 ms]
      [Humongous Reclaim: 0.1 ms]
      [Free CSet: 0.1 ms]
   [Eden: 49152.0K(49152.0K)->0.0B(49152.0K) Survivors: 3072.0K->3072.0K Heap: 312.7M(1024.0M)->265.4M(1024.0M)]
 [Times: user=0.05 sys=0.00, real=0.02 secs] 
2022-11-23T17:58:01.859+0100: 8195.824: [GC pause (G1 Evacuation Pause) (young), 0.0099458 secs]
   [Parallel Time: 8.0 ms, GC Workers: 8]
      [GC Worker Start (ms): Min: 8195824.1, Avg: 8195826.9, Max: 8195830.9, Diff: 6.7]
      [Ext Root Scanning (ms): Min: 0.0, Avg: 0.4, Max: 1.2, Diff: 1.1, Sum: 3.2]
      [Update RS (ms): Min: 0.0, Avg: 2.1, Max: 6.4, Diff: 6.4, Sum: 16.6]
         [Processed Buffers: Min: 0, Avg: 5.9, Max: 17, Diff: 17, Sum: 47]
      [Scan RS (ms): Min: 0.0, Avg: 0.0, Max: 0.0, Diff: 0.0, Sum: 0.0]
      [Code Root Scanning (ms): Min: 0.0, Avg: 0.0, Max: 0.0, Diff: 0.0, Sum: 0.0]
      [Object Copy (ms): Min: 0.0, Avg: 1.5, Max: 2.9, Diff: 2.9, Sum: 11.8]
      [Termination (ms): Min: 0.0, Avg: 0.7, Max: 0.9, Diff: 0.9, Sum: 5.8]
         [Termination Attempts: Min: 1, Avg: 11.8, Max: 18, Diff: 17, Sum: 94]
      [GC Worker Other (ms): Min: 0.0, Avg: 0.0, Max: 0.0, Diff: 0.0, Sum: 0.1]
      [GC Worker Total (ms): Min: 0.7, Avg: 4.7, Max: 7.4, Diff: 6.7, Sum: 37.6]
      [GC Worker End (ms): Min: 8195831.6, Avg: 8195831.6, Max: 8195831.6, Diff: 0.0]
   [Code Root Fixup: 0.0 ms]
   [Code Root Purge: 0.0 ms]
   [Clear CT: 0.3 ms]
   [Other: 1.7 ms]
      [Choose CSet: 0.0 ms]
      [Ref Proc: 1.0 ms]
      [Ref Enq: 0.0 ms]
      [Redirty Cards: 0.1 ms]
      [Humongous Register: 0.1 ms]
      [Humongous Reclaim: 0.1 ms]
      [Free CSet: 0.1 ms]
   [Eden: 49152.0K(49152.0K)->0.0B(270.0M) Survivors: 3072.0K->3072.0K Heap: 313.4M(1024.0M)->265.3M(1024.0M)]
 [Times: user=0.04 sys=0.00, real=0.01 secs] 
2022-11-23T17:58:32.810+0100: 8226.775: [GC pause (G1 Evacuation Pause) (young), 0.0637781 secs]
   [Parallel Time: 31.5 ms, GC Workers: 8]
      [GC Worker Start (ms): Min: 8226775.1, Avg: 8226779.8, Max: 8226789.5, Diff: 14.5]
      [Ext Root Scanning (ms): Min: 0.0, Avg: 0.7, Max: 2.6, Diff: 2.6, Sum: 5.6]
      [Update RS (ms): Min: 0.0, Avg: 5.7, Max: 17.1, Diff: 17.1, Sum: 45.8]
         [Processed Buffers: Min: 0, Avg: 7.0, Max: 16, Diff: 16, Sum: 56]
      [Scan RS (ms): Min: 0.0, Avg: 0.1, Max: 0.1, Diff: 0.1, Sum: 0.4]
      [Code Root Scanning (ms): Min: 0.0, Avg: 0.0, Max: 0.0, Diff: 0.0, Sum: 0.0]
      [Object Copy (ms): Min: 0.0, Avg: 3.8, Max: 5.7, Diff: 5.7, Sum: 30.0]
      [Termination (ms): Min: 0.0, Avg: 5.4, Max: 8.8, Diff: 8.8, Sum: 43.6]
         [Termination Attempts: Min: 1, Avg: 1.2, Max: 2, Diff: 1, Sum: 10]
      [GC Worker Other (ms): Min: 0.0, Avg: 0.0, Max: 0.1, Diff: 0.0, Sum: 0.3]
      [GC Worker Total (ms): Min: 5.4, Avg: 15.7, Max: 23.0, Diff: 17.5, Sum: 125.8]
      [GC Worker End (ms): Min: 8226794.9, Avg: 8226795.5, Max: 8226798.1, Diff: 3.2]
   [Code Root Fixup: 0.0 ms]
   [Code Root Purge: 0.0 ms]
   [Clear CT: 5.8 ms]
   [Other: 26.4 ms]
      [Choose CSet: 0.0 ms]
      [Ref Proc: 21.6 ms]
      [Ref Enq: 0.0 ms]
      [Redirty Cards: 3.7 ms]
      [Humongous Register: 0.2 ms]
      [Humongous Reclaim: 0.0 ms]
      [Free CSet: 0.4 ms]
   [Eden: 270.0M(270.0M)->0.0B(48128.0K) Survivors: 3072.0K->4096.0K Heap: 535.3M(1024.0M)->265.8M(1024.0M)]
 [Times: user=0.15 sys=0.02, real=0.07 secs] 
2022-11-23T17:58:41.686+0100: 8235.651: [GC pause (G1 Evacuation Pause) (young), 0.0306026 secs]
   [Parallel Time: 14.9 ms, GC Workers: 8]
      [GC Worker Start (ms): Min: 8235650.9, Avg: 8235653.3, Max: 8235654.1, Diff: 3.3]
      [Ext Root Scanning (ms): Min: 0.0, Avg: 0.4, Max: 2.7, Diff: 2.7, Sum: 3.3]
      [Update RS (ms): Min: 1.3, Avg: 2.0, Max: 2.9, Diff: 1.6, Sum: 16.1]
         [Processed Buffers: Min: 3, Avg: 6.2, Max: 15, Diff: 12, Sum: 50]
      [Scan RS (ms): Min: 0.0, Avg: 0.0, Max: 0.0, Diff: 0.0, Sum: 0.1]
      [Code Root Scanning (ms): Min: 0.0, Avg: 0.0, Max: 0.0, Diff: 0.0, Sum: 0.0]
      [Object Copy (ms): Min: 1.5, Avg: 2.4, Max: 2.8, Diff: 1.2, Sum: 19.0]
      [Termination (ms): Min: 0.0, Avg: 0.0, Max: 0.0, Diff: 0.0, Sum: 0.0]
         [Termination Attempts: Min: 1, Avg: 1.0, Max: 1, Diff: 0, Sum: 8]
      [GC Worker Other (ms): Min: 0.0, Avg: 0.9, Max: 7.2, Diff: 7.2, Sum: 7.3]
      [GC Worker Total (ms): Min: 4.0, Avg: 5.7, Max: 11.8, Diff: 7.8, Sum: 45.8]
      [GC Worker End (ms): Min: 8235658.2, Avg: 8235659.1, Max: 8235665.3, Diff: 7.2]
   [Code Root Fixup: 0.0 ms]
   [Code Root Purge: 0.0 ms]
   [Clear CT: 1.2 ms]
   [Other: 14.4 ms]
      [Choose CSet: 0.0 ms]
      [Ref Proc: 13.6 ms]
      [Ref Enq: 0.0 ms]
      [Redirty Cards: 0.3 ms]
      [Humongous Register: 0.1 ms]
      [Humongous Reclaim: 0.1 ms]
      [Free CSet: 0.1 ms]
   [Eden: 48128.0K(48128.0K)->0.0B(48128.0K) Survivors: 4096.0K->4096.0K Heap: 312.8M(1024.0M)->266.8M(1024.0M)]
 [Times: user=0.08 sys=0.00, real=0.03 secs] 
2022-11-23T17:58:47.545+0100: 8241.509: [GC pause (G1 Evacuation Pause) (young), 0.0354775 secs]
   [Parallel Time: 11.2 ms, GC Workers: 8]
      [GC Worker Start (ms): Min: 8241509.5, Avg: 8241516.3, Max: 8241520.3, Diff: 10.8]
      [Ext Root Scanning (ms): Min: 0.0, Avg: 0.4, Max: 1.2, Diff: 1.2, Sum: 3.3]
      [Update RS (ms): Min: 0.0, Avg: 2.1, Max: 5.8, Diff: 5.8, Sum: 16.7]
         [Processed Buffers: Min: 0, Avg: 6.6, Max: 25, Diff: 25, Sum: 53]
      [Scan RS (ms): Min: 0.0, Avg: 0.0, Max: 0.0, Diff: 0.0, Sum: 0.1]
      [Code Root Scanning (ms): Min: 0.0, Avg: 0.0, Max: 0.0, Diff: 0.0, Sum: 0.0]
      [Object Copy (ms): Min: 0.0, Avg: 1.4, Max: 3.9, Diff: 3.9, Sum: 11.2]
      [Termination (ms): Min: 0.0, Avg: 0.2, Max: 0.3, Diff: 0.3, Sum: 1.4]
         [Termination Attempts: Min: 1, Avg: 1.1, Max: 2, Diff: 1, Sum: 9]
      [GC Worker Other (ms): Min: 0.0, Avg: 0.0, Max: 0.0, Diff: 0.0, Sum: 0.1]
      [GC Worker Total (ms): Min: 0.0, Avg: 4.1, Max: 10.8, Diff: 10.8, Sum: 32.8]
      [GC Worker End (ms): Min: 8241520.4, Avg: 8241520.4, Max: 8241520.4, Diff: 0.0]
   [Code Root Fixup: 0.0 ms]
   [Code Root Purge: 0.0 ms]
   [Clear CT: 1.3 ms]
   [Other: 23.0 ms]
      [Choose CSet: 0.0 ms]
      [Ref Proc: 11.0 ms]
      [Ref Enq: 0.0 ms]
      [Redirty Cards: 11.4 ms]
      [Humongous Register: 0.1 ms]
      [Humongous Reclaim: 0.0 ms]
      [Free CSet: 0.1 ms]
   [Eden: 48128.0K(48128.0K)->0.0B(50176.0K) Survivors: 4096.0K->2048.0K Heap: 313.8M(1024.0M)->265.4M(1024.0M)]
 [Times: user=0.06 sys=0.02, real=0.03 secs] 
2022-11-23T17:58:53.046+0100: 8247.011: [GC pause (G1 Evacuation Pause) (young), 0.0184590 secs]
   [Parallel Time: 10.5 ms, GC Workers: 8]
      [GC Worker Start (ms): Min: 8247011.0, Avg: 8247017.0, Max: 8247020.8, Diff: 9.8]
      [Ext Root Scanning (ms): Min: 0.0, Avg: 0.3, Max: 1.3, Diff: 1.3, Sum: 2.7]
      [Update RS (ms): Min: 0.0, Avg: 1.4, Max: 4.6, Diff: 4.6, Sum: 11.3]
         [Processed Buffers: Min: 0, Avg: 5.2, Max: 15, Diff: 15, Sum: 42]
      [Scan RS (ms): Min: 0.0, Avg: 0.0, Max: 0.0, Diff: 0.0, Sum: 0.1]
      [Code Root Scanning (ms): Min: 0.0, Avg: 0.0, Max: 0.0, Diff: 0.0, Sum: 0.0]
      [Object Copy (ms): Min: 0.0, Avg: 1.7, Max: 3.6, Diff: 3.6, Sum: 13.9]
      [Termination (ms): Min: 0.0, Avg: 0.3, Max: 0.5, Diff: 0.5, Sum: 2.4]
         [Termination Attempts: Min: 1, Avg: 2.0, Max: 6, Diff: 5, Sum: 16]
      [GC Worker Other (ms): Min: 0.0, Avg: 0.0, Max: 0.0, Diff: 0.0, Sum: 0.1]
      [GC Worker Total (ms): Min: 0.0, Avg: 3.8, Max: 9.8, Diff: 9.8, Sum: 30.5]
      [GC Worker End (ms): Min: 8247020.8, Avg: 8247020.8, Max: 8247021.1, Diff: 0.3]
   [Code Root Fixup: 0.0 ms]
   [Code Root Purge: 0.0 ms]
   [Clear CT: 0.8 ms]
   [Other: 7.2 ms]
      [Choose CSet: 0.0 ms]
      [Ref Proc: 6.1 ms]
      [Ref Enq: 0.0 ms]
      [Redirty Cards: 0.6 ms]
      [Humongous Register: 0.0 ms]
      [Humongous Reclaim: 0.1 ms]
      [Free CSet: 0.1 ms]
   [Eden: 50176.0K(50176.0K)->0.0B(49152.0K) Survivors: 2048.0K->3072.0K Heap: 314.4M(1024.0M)->265.7M(1024.0M)]
 [Times: user=0.07 sys=0.00, real=0.02 secs] 
2022-11-23T17:58:58.563+0100: 8252.528: [GC pause (G1 Evacuation Pause) (young), 0.0161355 secs]
   [Parallel Time: 13.6 ms, GC Workers: 8]
      [GC Worker Start (ms): Min: 8252528.1, Avg: 8252535.7, Max: 8252540.2, Diff: 12.1]
      [Ext Root Scanning (ms): Min: 0.0, Avg: 0.4, Max: 2.9, Diff: 2.8, Sum: 2.9]
      [Update RS (ms): Min: 0.0, Avg: 2.1, Max: 10.0, Diff: 10.0, Sum: 17.1]
         [Processed Buffers: Min: 0, Avg: 5.1, Max: 13, Diff: 13, Sum: 41]
      [Scan RS (ms): Min: 0.0, Avg: 0.0, Max: 0.0, Diff: 0.0, Sum: 0.1]
      [Code Root Scanning (ms): Min: 0.0, Avg: 0.0, Max: 0.0, Diff: 0.0, Sum: 0.0]
      [Object Copy (ms): Min: 0.2, Avg: 2.1, Max: 3.4, Diff: 3.3, Sum: 16.8]
      [Termination (ms): Min: 0.0, Avg: 0.9, Max: 1.3, Diff: 1.3, Sum: 7.6]
         [Termination Attempts: Min: 1, Avg: 23.5, Max: 47, Diff: 46, Sum: 188]
      [GC Worker Other (ms): Min: 0.0, Avg: 0.0, Max: 0.0, Diff: 0.0, Sum: 0.1]
      [GC Worker Total (ms): Min: 1.0, Avg: 5.6, Max: 13.1, Diff: 12.1, Sum: 44.4]
      [GC Worker End (ms): Min: 8252541.2, Avg: 8252541.2, Max: 8252541.3, Diff: 0.1]
   [Code Root Fixup: 0.0 ms]
   [Code Root Purge: 0.0 ms]
   [Clear CT: 0.8 ms]
   [Other: 1.8 ms]
      [Choose CSet: 0.0 ms]
      [Ref Proc: 0.8 ms]
      [Ref Enq: 0.0 ms]
      [Redirty Cards: 0.6 ms]
      [Humongous Register: 0.1 ms]
      [Humongous Reclaim: 0.0 ms]
      [Free CSet: 0.0 ms]
   [Eden: 49152.0K(49152.0K)->0.0B(48128.0K) Survivors: 3072.0K->4096.0K Heap: 313.7M(1024.0M)->267.3M(1024.0M)]
 [Times: user=0.03 sys=0.02, real=0.01 secs] 
2022-11-23T17:59:03.087+0100: 8257.051: [GC pause (G1 Evacuation Pause) (young), 0.0187972 secs]
   [Parallel Time: 10.2 ms, GC Workers: 8]
      [GC Worker Start (ms): Min: 8257051.7, Avg: 8257056.5, Max: 8257061.2, Diff: 9.5]
      [Ext Root Scanning (ms): Min: 0.0, Avg: 0.4, Max: 1.7, Diff: 1.6, Sum: 3.3]
      [Update RS (ms): Min: 0.0, Avg: 2.3, Max: 7.9, Diff: 7.9, Sum: 18.1]
         [Processed Buffers: Min: 0, Avg: 6.0, Max: 13, Diff: 13, Sum: 48]
      [Scan RS (ms): Min: 0.0, Avg: 0.0, Max: 0.0, Diff: 0.0, Sum: 0.1]
      [Code Root Scanning (ms): Min: 0.0, Avg: 0.0, Max: 0.0, Diff: 0.0, Sum: 0.0]
      [Object Copy (ms): Min: 0.1, Avg: 1.9, Max: 3.3, Diff: 3.3, Sum: 15.5]
      [Termination (ms): Min: 0.0, Avg: 0.3, Max: 0.7, Diff: 0.7, Sum: 2.3]
         [Termination Attempts: Min: 1, Avg: 7.2, Max: 16, Diff: 15, Sum: 58]
      [GC Worker Other (ms): Min: 0.0, Avg: 0.0, Max: 0.0, Diff: 0.0, Sum: 0.1]
      [GC Worker Total (ms): Min: 0.2, Avg: 4.9, Max: 9.6, Diff: 9.5, Sum: 39.4]
      [GC Worker End (ms): Min: 8257061.4, Avg: 8257061.4, Max: 8257061.6, Diff: 0.3]
   [Code Root Fixup: 0.0 ms]
   [Code Root Purge: 0.0 ms]
   [Clear CT: 0.8 ms]
   [Other: 7.8 ms]
      [Choose CSet: 0.0 ms]
      [Ref Proc: 6.6 ms]
      [Ref Enq: 0.0 ms]
      [Redirty Cards: 0.7 ms]
      [Humongous Register: 0.1 ms]
      [Humongous Reclaim: 0.1 ms]
      [Free CSet: 0.0 ms]
   [Eden: 48128.0K(48128.0K)->0.0B(49152.0K) Survivors: 4096.0K->3072.0K Heap: 314.3M(1024.0M)->266.6M(1024.0M)]
 [Times: user=0.04 sys=0.01, real=0.02 secs] 
2022-11-23T17:59:08.949+0100: 8262.913: [GC pause (G1 Evacuation Pause) (young), 0.0139555 secs]
   [Parallel Time: 11.8 ms, GC Workers: 8]
      [GC Worker Start (ms): Min: 8262913.4, Avg: 8262915.6, Max: 8262919.8, Diff: 6.4]
      [Ext Root Scanning (ms): Min: 0.0, Avg: 0.4, Max: 1.1, Diff: 1.1, Sum: 3.3]
      [Update RS (ms): Min: 0.0, Avg: 1.9, Max: 3.8, Diff: 3.8, Sum: 15.3]
         [Processed Buffers: Min: 0, Avg: 5.6, Max: 10, Diff: 10, Sum: 45]
      [Scan RS (ms): Min: 0.0, Avg: 0.0, Max: 0.0, Diff: 0.0, Sum: 0.1]
      [Code Root Scanning (ms): Min: 0.0, Avg: 0.0, Max: 0.0, Diff: 0.0, Sum: 0.0]
      [Object Copy (ms): Min: 0.0, Avg: 1.8, Max: 2.2, Diff: 2.2, Sum: 14.4]
      [Termination (ms): Min: 0.0, Avg: 1.0, Max: 5.1, Diff: 5.1, Sum: 8.0]
         [Termination Attempts: Min: 1, Avg: 1.4, Max: 3, Diff: 2, Sum: 11]
      [GC Worker Other (ms): Min: 0.0, Avg: 0.0, Max: 0.0, Diff: 0.0, Sum: 0.1]
      [GC Worker Total (ms): Min: 0.0, Avg: 5.1, Max: 7.8, Diff: 7.8, Sum: 41.2]
      [GC Worker End (ms): Min: 8262919.8, Avg: 8262920.7, Max: 8262924.7, Diff: 4.9]
   [Code Root Fixup: 0.0 ms]
   [Code Root Purge: 0.0 ms]
   [Clear CT: 0.1 ms]
   [Other: 2.0 ms]
      [Choose CSet: 0.0 ms]
      [Ref Proc: 1.2 ms]
      [Ref Enq: 0.0 ms]
      [Redirty Cards: 0.3 ms]
      [Humongous Register: 0.0 ms]
      [Humongous Reclaim: 0.1 ms]
      [Free CSet: 0.1 ms]
   [Eden: 49152.0K(49152.0K)->0.0B(49152.0K) Survivors: 3072.0K->3072.0K Heap: 314.6M(1024.0M)->266.7M(1024.0M)]
 [Times: user=0.04 sys=0.00, real=0.02 secs] 
2022-11-23T17:59:15.080+0100: 8269.044: [GC pause (G1 Evacuation Pause) (young), 0.0416366 secs]
   [Parallel Time: 14.9 ms, GC Workers: 8]
      [GC Worker Start (ms): Min: 8269044.4, Avg: 8269053.3, Max: 8269056.9, Diff: 12.5]
      [Ext Root Scanning (ms): Min: 0.0, Avg: 0.5, Max: 1.9, Diff: 1.9, Sum: 3.8]
      [Update RS (ms): Min: 0.0, Avg: 1.2, Max: 5.0, Diff: 5.0, Sum: 9.9]
         [Processed Buffers: Min: 0, Avg: 6.1, Max: 25, Diff: 25, Sum: 49]
      [Scan RS (ms): Min: 0.0, Avg: 0.0, Max: 0.0, Diff: 0.0, Sum: 0.1]
      [Code Root Scanning (ms): Min: 0.0, Avg: 0.0, Max: 0.0, Diff: 0.0, Sum: 0.0]
      [Object Copy (ms): Min: 0.0, Avg: 1.5, Max: 6.6, Diff: 6.6, Sum: 12.0]
      [Termination (ms): Min: 0.0, Avg: 1.3, Max: 1.9, Diff: 1.9, Sum: 10.3]
         [Termination Attempts: Min: 1, Avg: 2.1, Max: 6, Diff: 5, Sum: 17]
      [GC Worker Other (ms): Min: 0.0, Avg: 0.0, Max: 0.0, Diff: 0.0, Sum: 0.1]
      [GC Worker Total (ms): Min: 1.0, Avg: 4.5, Max: 13.4, Diff: 12.5, Sum: 36.2]
      [GC Worker End (ms): Min: 8269057.8, Avg: 8269057.8, Max: 8269057.9, Diff: 0.0]
   [Code Root Fixup: 0.0 ms]
   [Code Root Purge: 0.0 ms]
   [Clear CT: 0.8 ms]
   [Other: 25.9 ms]
      [Choose CSet: 0.0 ms]
      [Ref Proc: 24.7 ms]
      [Ref Enq: 0.0 ms]
      [Redirty Cards: 0.7 ms]
      [Humongous Register: 0.1 ms]
      [Humongous Reclaim: 0.0 ms]
      [Free CSet: 0.1 ms]
   [Eden: 49152.0K(49152.0K)->0.0B(49152.0K) Survivors: 3072.0K->3072.0K Heap: 314.7M(1024.0M)->266.9M(1024.0M)]
 [Times: user=0.10 sys=0.01, real=0.05 secs] 
2022-11-23T17:59:21.020+0100: 8274.985: [GC pause (G1 Evacuation Pause) (young), 0.0172312 secs]
   [Parallel Time: 14.3 ms, GC Workers: 8]
      [GC Worker Start (ms): Min: 8274985.2, Avg: 8274993.3, Max: 8274998.6, Diff: 13.4]
      [Ext Root Scanning (ms): Min: 0.0, Avg: 0.8, Max: 2.8, Diff: 2.8, Sum: 6.3]
      [Update RS (ms): Min: 0.0, Avg: 1.8, Max: 4.9, Diff: 4.9, Sum: 14.1]
         [Processed Buffers: Min: 0, Avg: 5.8, Max: 17, Diff: 17, Sum: 46]
      [Scan RS (ms): Min: 0.0, Avg: 0.0, Max: 0.0, Diff: 0.0, Sum: 0.1]
      [Code Root Scanning (ms): Min: 0.0, Avg: 0.0, Max: 0.0, Diff: 0.0, Sum: 0.0]
      [Object Copy (ms): Min: 0.0, Avg: 2.6, Max: 6.0, Diff: 6.0, Sum: 20.6]
      [Termination (ms): Min: 0.0, Avg: 0.3, Max: 0.8, Diff: 0.8, Sum: 2.3]
         [Termination Attempts: Min: 1, Avg: 1.1, Max: 2, Diff: 1, Sum: 9]
      [GC Worker Other (ms): Min: 0.0, Avg: 0.0, Max: 0.0, Diff: 0.0, Sum: 0.1]
      [GC Worker Total (ms): Min: 0.0, Avg: 5.4, Max: 13.4, Diff: 13.4, Sum: 43.4]
      [GC Worker End (ms): Min: 8274998.6, Avg: 8274998.7, Max: 8274999.0, Diff: 0.4]
   [Code Root Fixup: 0.0 ms]
   [Code Root Purge: 0.0 ms]
   [Clear CT: 0.3 ms]
   [Other: 2.6 ms]
      [Choose CSet: 0.0 ms]
      [Ref Proc: 1.5 ms]
      [Ref Enq: 0.0 ms]
      [Redirty Cards: 0.4 ms]
      [Humongous Register: 0.1 ms]
      [Humongous Reclaim: 0.1 ms]
      [Free CSet: 0.1 ms]
   [Eden: 49152.0K(49152.0K)->0.0B(49152.0K) Survivors: 3072.0K->3072.0K Heap: 314.9M(1024.0M)->266.8M(1024.0M)]
 [Times: user=0.05 sys=0.00, real=0.02 secs] 
2022-11-23T17:59:26.728+0100: 8280.692: [GC pause (G1 Evacuation Pause) (young), 0.0322325 secs]
   [Parallel Time: 22.8 ms, GC Workers: 8]
      [GC Worker Start (ms): Min: 8280692.6, Avg: 8280706.7, Max: 8280711.7, Diff: 19.0]
      [Ext Root Scanning (ms): Min: 0.0, Avg: 0.3, Max: 2.3, Diff: 2.3, Sum: 2.4]
      [Update RS (ms): Min: 0.0, Avg: 1.5, Max: 11.4, Diff: 11.4, Sum: 12.1]
         [Processed Buffers: Min: 0, Avg: 5.5, Max: 31, Diff: 31, Sum: 44]
      [Scan RS (ms): Min: 0.0, Avg: 0.0, Max: 0.0, Diff: 0.0, Sum: 0.1]
      [Code Root Scanning (ms): Min: 0.0, Avg: 0.0, Max: 0.0, Diff: 0.0, Sum: 0.0]
      [Object Copy (ms): Min: 0.0, Avg: 3.5, Max: 8.7, Diff: 8.7, Sum: 27.8]
      [Termination (ms): Min: 0.0, Avg: 3.3, Max: 3.8, Diff: 3.8, Sum: 26.6]
         [Termination Attempts: Min: 1, Avg: 6.9, Max: 17, Diff: 16, Sum: 55]
      [GC Worker Other (ms): Min: 0.0, Avg: 0.0, Max: 0.0, Diff: 0.0, Sum: 0.1]
      [GC Worker Total (ms): Min: 3.7, Avg: 8.6, Max: 22.7, Diff: 19.1, Sum: 69.1]
      [GC Worker End (ms): Min: 8280715.3, Avg: 8280715.3, Max: 8280715.4, Diff: 0.0]
   [Code Root Fixup: 0.0 ms]
   [Code Root Purge: 0.0 ms]
   [Clear CT: 0.8 ms]
   [Other: 8.7 ms]
      [Choose CSet: 0.0 ms]
      [Ref Proc: 6.8 ms]
      [Ref Enq: 0.0 ms]
      [Redirty Cards: 1.2 ms]
      [Humongous Register: 0.1 ms]
      [Humongous Reclaim: 0.0 ms]
      [Free CSet: 0.1 ms]
   [Eden: 49152.0K(49152.0K)->0.0B(48128.0K) Survivors: 3072.0K->4096.0K Heap: 314.8M(1024.0M)->267.5M(1024.0M)]
 [Times: user=0.09 sys=0.00, real=0.03 secs] 
2022-11-23T17:59:31.444+0100: 8285.409: [GC pause (G1 Evacuation Pause) (young), 0.0235296 secs]
   [Parallel Time: 13.1 ms, GC Workers: 8]
      [GC Worker Start (ms): Min: 8285408.8, Avg: 8285415.0, Max: 8285420.5, Diff: 11.6]
      [Ext Root Scanning (ms): Min: 0.0, Avg: 0.4, Max: 1.6, Diff: 1.6, Sum: 3.1]
      [Update RS (ms): Min: 0.0, Avg: 2.6, Max: 10.8, Diff: 10.8, Sum: 20.5]
         [Processed Buffers: Min: 0, Avg: 5.9, Max: 18, Diff: 18, Sum: 47]
      [Scan RS (ms): Min: 0.0, Avg: 0.0, Max: 0.0, Diff: 0.0, Sum: 0.1]
      [Code Root Scanning (ms): Min: 0.0, Avg: 0.0, Max: 0.0, Diff: 0.0, Sum: 0.0]
      [Object Copy (ms): Min: 0.0, Avg: 2.6, Max: 4.7, Diff: 4.7, Sum: 20.6]
      [Termination (ms): Min: 0.0, Avg: 0.8, Max: 1.2, Diff: 1.2, Sum: 6.7]
         [Termination Attempts: Min: 1, Avg: 30.1, Max: 70, Diff: 69, Sum: 241]
      [GC Worker Other (ms): Min: 0.0, Avg: 0.0, Max: 0.0, Diff: 0.0, Sum: 0.1]
      [GC Worker Total (ms): Min: 0.9, Avg: 6.4, Max: 12.5, Diff: 11.6, Sum: 51.1]
      [GC Worker End (ms): Min: 8285421.3, Avg: 8285421.4, Max: 8285421.6, Diff: 0.2]
   [Code Root Fixup: 0.0 ms]
   [Code Root Purge: 0.0 ms]
   [Clear CT: 0.6 ms]
   [Other: 9.8 ms]
      [Choose CSet: 0.0 ms]
      [Ref Proc: 8.6 ms]
      [Ref Enq: 0.0 ms]
      [Redirty Cards: 0.7 ms]
      [Humongous Register: 0.1 ms]
      [Humongous Reclaim: 0.0 ms]
      [Free CSet: 0.1 ms]
   [Eden: 48128.0K(48128.0K)->0.0B(48128.0K) Survivors: 4096.0K->4096.0K Heap: 314.5M(1024.0M)->268.0M(1024.0M)]
 [Times: user=0.07 sys=0.00, real=0.02 secs] 
2022-11-23T17:59:36.752+0100: 8290.717: [GC pause (G1 Evacuation Pause) (young), 0.0222243 secs]
   [Parallel Time: 17.9 ms, GC Workers: 8]
      [GC Worker Start (ms): Min: 8290717.3, Avg: 8290721.2, Max: 8290725.1, Diff: 7.8]
      [Ext Root Scanning (ms): Min: 0.0, Avg: 0.4, Max: 1.3, Diff: 1.3, Sum: 3.4]
      [Update RS (ms): Min: 0.0, Avg: 1.8, Max: 3.8, Diff: 3.8, Sum: 14.6]
         [Processed Buffers: Min: 0, Avg: 5.8, Max: 12, Diff: 12, Sum: 46]
      [Scan RS (ms): Min: 0.0, Avg: 0.0, Max: 0.1, Diff: 0.1, Sum: 0.1]
      [Code Root Scanning (ms): Min: 0.0, Avg: 0.0, Max: 0.0, Diff: 0.0, Sum: 0.0]
      [Object Copy (ms): Min: 0.0, Avg: 1.3, Max: 2.7, Diff: 2.7, Sum: 10.5]
      [Termination (ms): Min: 0.0, Avg: 1.6, Max: 10.1, Diff: 10.1, Sum: 12.8]
         [Termination Attempts: Min: 1, Avg: 1.1, Max: 2, Diff: 1, Sum: 9]
      [GC Worker Other (ms): Min: 0.0, Avg: 0.0, Max: 0.0, Diff: 0.0, Sum: 0.1]
      [GC Worker Total (ms): Min: 0.0, Avg: 5.2, Max: 17.3, Diff: 17.3, Sum: 41.4]
      [GC Worker End (ms): Min: 8290725.2, Avg: 8290726.4, Max: 8290734.7, Diff: 9.5]
   [Code Root Fixup: 0.0 ms]
   [Code Root Purge: 0.0 ms]
   [Clear CT: 0.6 ms]
   [Other: 3.8 ms]
      [Choose CSet: 0.0 ms]
      [Ref Proc: 2.6 ms]
      [Ref Enq: 0.0 ms]
      [Redirty Cards: 0.6 ms]
      [Humongous Register: 0.2 ms]
      [Humongous Reclaim: 0.0 ms]
      [Free CSet: 0.1 ms]
   [Eden: 48128.0K(48128.0K)->0.0B(49152.0K) Survivors: 4096.0K->3072.0K Heap: 315.0M(1024.0M)->266.6M(1024.0M)]
 [Times: user=0.03 sys=0.01, real=0.02 secs] 
2022-11-23T17:59:42.828+0100: 8296.793: [GC pause (G1 Evacuation Pause) (young), 0.0148725 secs]
   [Parallel Time: 7.7 ms, GC Workers: 8]
      [GC Worker Start (ms): Min: 8296793.1, Avg: 8296795.5, Max: 8296800.1, Diff: 7.1]
      [Ext Root Scanning (ms): Min: 0.0, Avg: 1.2, Max: 6.8, Diff: 6.8, Sum: 10.0]
      [Update RS (ms): Min: 0.0, Avg: 1.6, Max: 3.1, Diff: 3.1, Sum: 12.7]
         [Processed Buffers: Min: 0, Avg: 5.8, Max: 18, Diff: 18, Sum: 46]
      [Scan RS (ms): Min: 0.0, Avg: 0.0, Max: 0.0, Diff: 0.0, Sum: 0.1]
      [Code Root Scanning (ms): Min: 0.0, Avg: 0.0, Max: 0.0, Diff: 0.0, Sum: 0.0]
      [Object Copy (ms): Min: 0.0, Avg: 1.5, Max: 2.7, Diff: 2.7, Sum: 12.2]
      [Termination (ms): Min: 0.0, Avg: 0.3, Max: 0.8, Diff: 0.8, Sum: 2.7]
         [Termination Attempts: Min: 1, Avg: 1.0, Max: 1, Diff: 0, Sum: 8]
      [GC Worker Other (ms): Min: 0.0, Avg: 0.0, Max: 0.0, Diff: 0.0, Sum: 0.1]
      [GC Worker Total (ms): Min: 0.0, Avg: 4.7, Max: 7.1, Diff: 7.1, Sum: 37.8]
      [GC Worker End (ms): Min: 8296800.2, Avg: 8296800.2, Max: 8296800.6, Diff: 0.4]
   [Code Root Fixup: 0.0 ms]
   [Code Root Purge: 0.0 ms]
   [Clear CT: 0.4 ms]
   [Other: 6.7 ms]
      [Choose CSet: 0.0 ms]
      [Ref Proc: 5.7 ms]
      [Ref Enq: 0.0 ms]
      [Redirty Cards: 0.6 ms]
      [Humongous Register: 0.1 ms]
      [Humongous Reclaim: 0.0 ms]
      [Free CSet: 0.1 ms]
   [Eden: 49152.0K(49152.0K)->0.0B(49152.0K) Survivors: 3072.0K->3072.0K Heap: 314.6M(1024.0M)->267.2M(1024.0M)]
 [Times: user=0.04 sys=0.00, real=0.02 secs] 
2022-11-23T17:59:49.542+0100: 8303.506: [GC pause (G1 Evacuation Pause) (young), 0.0563899 secs]
   [Parallel Time: 12.4 ms, GC Workers: 8]
      [GC Worker Start (ms): Min: 8303506.4, Avg: 8303509.9, Max: 8303515.8, Diff: 9.4]
      [Ext Root Scanning (ms): Min: 0.0, Avg: 0.7, Max: 2.8, Diff: 2.8, Sum: 5.7]
      [Update RS (ms): Min: 0.0, Avg: 1.9, Max: 3.6, Diff: 3.6, Sum: 15.1]
         [Processed Buffers: Min: 0, Avg: 5.8, Max: 21, Diff: 21, Sum: 46]
      [Scan RS (ms): Min: 0.0, Avg: 0.0, Max: 0.0, Diff: 0.0, Sum: 0.1]
      [Code Root Scanning (ms): Min: 0.0, Avg: 0.0, Max: 0.0, Diff: 0.0, Sum: 0.0]
      [Object Copy (ms): Min: 0.0, Avg: 2.3, Max: 3.9, Diff: 3.9, Sum: 18.3]
      [Termination (ms): Min: 0.0, Avg: 1.7, Max: 3.8, Diff: 3.8, Sum: 13.6]
         [Termination Attempts: Min: 1, Avg: 3.2, Max: 8, Diff: 7, Sum: 26]
      [GC Worker Other (ms): Min: 0.0, Avg: 0.0, Max: 0.0, Diff: 0.0, Sum: 0.1]
      [GC Worker Total (ms): Min: 0.0, Avg: 6.6, Max: 11.8, Diff: 11.8, Sum: 52.9]
      [GC Worker End (ms): Min: 8303515.8, Avg: 8303516.5, Max: 8303518.2, Diff: 2.4]
   [Code Root Fixup: 0.0 ms]
   [Code Root Purge: 0.0 ms]
   [Clear CT: 0.8 ms]
   [Other: 43.2 ms]
      [Choose CSet: 0.0 ms]
      [Ref Proc: 40.5 ms]
      [Ref Enq: 0.0 ms]
      [Redirty Cards: 2.2 ms]
      [Humongous Register: 0.1 ms]
      [Humongous Reclaim: 0.0 ms]
      [Free CSet: 0.1 ms]
   [Eden: 49152.0K(49152.0K)->0.0B(49152.0K) Survivors: 3072.0K->3072.0K Heap: 315.2M(1024.0M)->267.5M(1024.0M)]
 [Times: user=0.14 sys=0.02, real=0.05 secs] 
2022-11-23T17:59:57.063+0100: 8311.028: [GC pause (G1 Evacuation Pause) (young), 0.0397349 secs]
   [Parallel Time: 20.9 ms, GC Workers: 8]
      [GC Worker Start (ms): Min: 8311028.1, Avg: 8311038.0, Max: 8311045.1, Diff: 17.0]
      [Ext Root Scanning (ms): Min: 0.0, Avg: 0.4, Max: 3.1, Diff: 3.1, Sum: 3.2]
      [Update RS (ms): Min: 0.0, Avg: 4.7, Max: 15.3, Diff: 15.3, Sum: 38.0]
         [Processed Buffers: Min: 0, Avg: 5.6, Max: 21, Diff: 21, Sum: 45]
      [Scan RS (ms): Min: 0.0, Avg: 0.0, Max: 0.0, Diff: 0.0, Sum: 0.1]
      [Code Root Scanning (ms): Min: 0.0, Avg: 0.0, Max: 0.0, Diff: 0.0, Sum: 0.0]
      [Object Copy (ms): Min: 0.0, Avg: 2.0, Max: 4.5, Diff: 4.5, Sum: 15.8]
      [Termination (ms): Min: 0.0, Avg: 1.9, Max: 3.8, Diff: 3.8, Sum: 15.2]
         [Termination Attempts: Min: 1, Avg: 17.8, Max: 52, Diff: 51, Sum: 142]
      [GC Worker Other (ms): Min: 0.0, Avg: 0.0, Max: 0.0, Diff: 0.0, Sum: 0.1]
      [GC Worker Total (ms): Min: 1.8, Avg: 9.1, Max: 18.7, Diff: 17.0, Sum: 72.5]
      [GC Worker End (ms): Min: 8311046.8, Avg: 8311047.1, Max: 8311048.5, Diff: 1.6]
   [Code Root Fixup: 0.0 ms]
   [Code Root Purge: 0.0 ms]
   [Clear CT: 4.8 ms]
   [Other: 14.0 ms]
      [Choose CSet: 0.0 ms]
      [Ref Proc: 11.5 ms]
      [Ref Enq: 0.0 ms]
      [Redirty Cards: 1.5 ms]
      [Humongous Register: 0.1 ms]
      [Humongous Reclaim: 0.1 ms]
      [Free CSet: 0.2 ms]
   [Eden: 49152.0K(49152.0K)->0.0B(48128.0K) Survivors: 3072.0K->4096.0K Heap: 315.5M(1024.0M)->268.1M(1024.0M)]
 [Times: user=0.10 sys=0.00, real=0.04 secs] 
2022-11-23T18:00:03.878+0100: 8317.842: [GC pause (G1 Evacuation Pause) (young), 0.0353160 secs]
   [Parallel Time: 26.0 ms, GC Workers: 8]
      [GC Worker Start (ms): Min: 8317842.5, Avg: 8317855.5, Max: 8317860.2, Diff: 17.7]
      [Ext Root Scanning (ms): Min: 0.0, Avg: 0.4, Max: 3.1, Diff: 3.1, Sum: 3.2]
      [Update RS (ms): Min: 0.0, Avg: 1.7, Max: 11.0, Diff: 11.0, Sum: 13.5]
         [Processed Buffers: Min: 0, Avg: 6.1, Max: 21, Diff: 21, Sum: 49]
      [Scan RS (ms): Min: 0.0, Avg: 0.0, Max: 0.1, Diff: 0.1, Sum: 0.1]
      [Code Root Scanning (ms): Min: 0.0, Avg: 0.0, Max: 0.0, Diff: 0.0, Sum: 0.0]
      [Object Copy (ms): Min: 1.6, Avg: 5.0, Max: 11.6, Diff: 10.0, Sum: 40.2]
      [Termination (ms): Min: 0.0, Avg: 5.5, Max: 6.4, Diff: 6.4, Sum: 44.4]
         [Termination Attempts: Min: 1, Avg: 6.1, Max: 11, Diff: 10, Sum: 49]
      [GC Worker Other (ms): Min: 0.0, Avg: 0.0, Max: 0.0, Diff: 0.0, Sum: 0.1]
      [GC Worker Total (ms): Min: 8.0, Avg: 12.7, Max: 25.7, Diff: 17.7, Sum: 101.5]
      [GC Worker End (ms): Min: 8317868.2, Avg: 8317868.2, Max: 8317868.2, Diff: 0.0]
   [Code Root Fixup: 0.0 ms]
   [Code Root Purge: 0.0 ms]
   [Clear CT: 0.7 ms]
   [Other: 8.6 ms]
      [Choose CSet: 0.0 ms]
      [Ref Proc: 5.5 ms]
      [Ref Enq: 0.0 ms]
      [Redirty Cards: 2.0 ms]
      [Humongous Register: 0.1 ms]
      [Humongous Reclaim: 0.0 ms]
      [Free CSet: 0.7 ms]
   [Eden: 48128.0K(48128.0K)->0.0B(48128.0K) Survivors: 4096.0K->4096.0K Heap: 315.1M(1024.0M)->268.6M(1024.0M)]
 [Times: user=0.10 sys=0.02, real=0.04 secs] 
2022-11-23T18:00:08.601+0100: 8322.566: [GC pause (G1 Evacuation Pause) (young), 0.0351475 secs]
   [Parallel Time: 17.1 ms, GC Workers: 8]
      [GC Worker Start (ms): Min: 8322566.3, Avg: 8322576.8, Max: 8322582.1, Diff: 15.8]
      [Ext Root Scanning (ms): Min: 0.0, Avg: 0.3, Max: 2.2, Diff: 2.2, Sum: 2.3]
      [Update RS (ms): Min: 0.0, Avg: 2.7, Max: 13.7, Diff: 13.7, Sum: 21.3]
         [Processed Buffers: Min: 0, Avg: 6.1, Max: 13, Diff: 13, Sum: 49]
      [Scan RS (ms): Min: 0.0, Avg: 0.0, Max: 0.0, Diff: 0.0, Sum: 0.1]
      [Code Root Scanning (ms): Min: 0.0, Avg: 0.0, Max: 0.0, Diff: 0.0, Sum: 0.0]
      [Object Copy (ms): Min: 0.1, Avg: 2.3, Max: 4.6, Diff: 4.5, Sum: 18.6]
      [Termination (ms): Min: 0.0, Avg: 0.4, Max: 1.1, Diff: 1.1, Sum: 3.1]
         [Termination Attempts: Min: 1, Avg: 18.8, Max: 40, Diff: 39, Sum: 150]
      [GC Worker Other (ms): Min: 0.0, Avg: 0.0, Max: 0.0, Diff: 0.0, Sum: 0.1]
      [GC Worker Total (ms): Min: 0.2, Avg: 5.7, Max: 16.1, Diff: 15.8, Sum: 45.4]
      [GC Worker End (ms): Min: 8322582.3, Avg: 8322582.4, Max: 8322583.0, Diff: 0.6]
   [Code Root Fixup: 0.0 ms]
   [Code Root Purge: 0.0 ms]
   [Clear CT: 0.9 ms]
   [Other: 17.2 ms]
      [Choose CSet: 0.0 ms]
      [Ref Proc: 15.5 ms]
      [Ref Enq: 0.0 ms]
      [Redirty Cards: 1.1 ms]
      [Humongous Register: 0.1 ms]
      [Humongous Reclaim: 0.1 ms]
      [Free CSet: 0.1 ms]
   [Eden: 48128.0K(48128.0K)->0.0B(50176.0K) Survivors: 4096.0K->2048.0K Heap: 315.6M(1024.0M)->267.7M(1024.0M)]
 [Times: user=0.07 sys=0.01, real=0.03 secs] 
2022-11-23T18:00:15.044+0100: 8329.009: [GC pause (G1 Evacuation Pause) (young), 0.0243479 secs]
   [Parallel Time: 11.9 ms, GC Workers: 8]
      [GC Worker Start (ms): Min: 8329009.0, Avg: 8329013.9, Max: 8329019.3, Diff: 10.2]
      [Ext Root Scanning (ms): Min: 0.0, Avg: 0.4, Max: 1.3, Diff: 1.3, Sum: 3.4]
      [Update RS (ms): Min: 0.0, Avg: 2.3, Max: 4.8, Diff: 4.8, Sum: 18.3]
         [Processed Buffers: Min: 0, Avg: 6.4, Max: 29, Diff: 29, Sum: 51]
      [Scan RS (ms): Min: 0.0, Avg: 0.0, Max: 0.2, Diff: 0.2, Sum: 0.3]
      [Code Root Scanning (ms): Min: 0.0, Avg: 0.0, Max: 0.0, Diff: 0.0, Sum: 0.0]
      [Object Copy (ms): Min: 0.0, Avg: 2.3, Max: 5.2, Diff: 5.2, Sum: 18.0]
      [Termination (ms): Min: 0.0, Avg: 1.1, Max: 1.4, Diff: 1.4, Sum: 8.7]
         [Termination Attempts: Min: 1, Avg: 1.2, Max: 2, Diff: 1, Sum: 10]
      [GC Worker Other (ms): Min: 0.0, Avg: 0.0, Max: 0.0, Diff: 0.0, Sum: 0.1]
      [GC Worker Total (ms): Min: 1.3, Avg: 6.1, Max: 10.9, Diff: 9.6, Sum: 48.8]
      [GC Worker End (ms): Min: 8329019.8, Avg: 8329020.0, Max: 8329020.6, Diff: 0.7]
   [Code Root Fixup: 0.0 ms]
   [Code Root Purge: 0.0 ms]
   [Clear CT: 1.4 ms]
   [Other: 11.0 ms]
      [Choose CSet: 0.0 ms]
      [Ref Proc: 9.8 ms]
      [Ref Enq: 0.0 ms]
      [Redirty Cards: 0.8 ms]
      [Humongous Register: 0.0 ms]
      [Humongous Reclaim: 0.1 ms]
      [Free CSet: 0.1 ms]
   [Eden: 50176.0K(50176.0K)->0.0B(49152.0K) Survivors: 2048.0K->3072.0K Heap: 316.7M(1024.0M)->268.1M(1024.0M)]
 [Times: user=0.06 sys=0.00, real=0.02 secs] 
2022-11-23T18:00:20.905+0100: 8334.870: [GC pause (G1 Evacuation Pause) (young), 0.0129891 secs]
   [Parallel Time: 6.3 ms, GC Workers: 8]
      [GC Worker Start (ms): Min: 8334870.2, Avg: 8334871.8, Max: 8334876.1, Diff: 5.8]
      [Ext Root Scanning (ms): Min: 0.0, Avg: 1.0, Max: 5.2, Diff: 5.2, Sum: 8.1]
      [Update RS (ms): Min: 0.0, Avg: 1.7, Max: 4.3, Diff: 4.3, Sum: 13.8]
         [Processed Buffers: Min: 0, Avg: 5.8, Max: 19, Diff: 19, Sum: 46]
      [Scan RS (ms): Min: 0.0, Avg: 0.0, Max: 0.0, Diff: 0.0, Sum: 0.1]
      [Code Root Scanning (ms): Min: 0.0, Avg: 0.0, Max: 0.0, Diff: 0.0, Sum: 0.0]
      [Object Copy (ms): Min: 0.0, Avg: 1.3, Max: 2.4, Diff: 2.4, Sum: 10.2]
      [Termination (ms): Min: 0.0, Avg: 0.3, Max: 0.4, Diff: 0.4, Sum: 2.5]
         [Termination Attempts: Min: 1, Avg: 1.9, Max: 5, Diff: 4, Sum: 15]
      [GC Worker Other (ms): Min: 0.0, Avg: 0.0, Max: 0.0, Diff: 0.0, Sum: 0.1]
      [GC Worker Total (ms): Min: 0.0, Avg: 4.3, Max: 5.9, Diff: 5.9, Sum: 34.7]
      [GC Worker End (ms): Min: 8334876.1, Avg: 8334876.1, Max: 8334876.1, Diff: 0.0]
   [Code Root Fixup: 0.0 ms]
   [Code Root Purge: 0.0 ms]
   [Clear CT: 1.7 ms]
   [Other: 5.0 ms]
      [Choose CSet: 0.0 ms]
      [Ref Proc: 3.8 ms]
      [Ref Enq: 0.0 ms]
      [Redirty Cards: 0.7 ms]
      [Humongous Register: 0.0 ms]
      [Humongous Reclaim: 0.1 ms]
      [Free CSet: 0.1 ms]
   [Eden: 49152.0K(49152.0K)->0.0B(49152.0K) Survivors: 3072.0K->3072.0K Heap: 316.1M(1024.0M)->268.4M(1024.0M)]
 [Times: user=0.05 sys=0.00, real=0.01 secs] 
2022-11-23T18:00:26.757+0100: 8340.721: [GC pause (G1 Evacuation Pause) (young), 0.0422756 secs]
   [Parallel Time: 14.9 ms, GC Workers: 8]
      [GC Worker Start (ms): Min: 8340721.5, Avg: 8340725.6, Max: 8340732.1, Diff: 10.6]
      [Ext Root Scanning (ms): Min: 0.0, Avg: 0.4, Max: 1.1, Diff: 1.1, Sum: 3.2]
      [Update RS (ms): Min: 0.0, Avg: 2.4, Max: 6.6, Diff: 6.6, Sum: 19.2]
         [Processed Buffers: Min: 0, Avg: 5.9, Max: 19, Diff: 19, Sum: 47]
      [Scan RS (ms): Min: 0.0, Avg: 0.0, Max: 0.0, Diff: 0.0, Sum: 0.1]
      [Code Root Scanning (ms): Min: 0.0, Avg: 0.0, Max: 0.0, Diff: 0.0, Sum: 0.0]
      [Object Copy (ms): Min: 0.0, Avg: 3.6, Max: 9.9, Diff: 9.9, Sum: 28.5]
      [Termination (ms): Min: 0.0, Avg: 0.7, Max: 4.4, Diff: 4.4, Sum: 5.8]
         [Termination Attempts: Min: 1, Avg: 1.8, Max: 4, Diff: 3, Sum: 14]
      [GC Worker Other (ms): Min: 0.0, Avg: 0.0, Max: 0.0, Diff: 0.0, Sum: 0.1]
      [GC Worker Total (ms): Min: 0.0, Avg: 7.1, Max: 13.8, Diff: 13.7, Sum: 56.8]
      [GC Worker End (ms): Min: 8340732.2, Avg: 8340732.7, Max: 8340736.1, Diff: 4.0]
   [Code Root Fixup: 0.0 ms]
   [Code Root Purge: 0.0 ms]
   [Clear CT: 0.7 ms]
   [Other: 26.6 ms]
      [Choose CSet: 0.0 ms]
      [Ref Proc: 25.4 ms]
      [Ref Enq: 0.0 ms]
      [Redirty Cards: 0.7 ms]
      [Humongous Register: 0.0 ms]
      [Humongous Reclaim: 0.1 ms]
      [Free CSet: 0.1 ms]
   [Eden: 49152.0K(49152.0K)->0.0B(50176.0K) Survivors: 3072.0K->2048.0K Heap: 316.4M(1024.0M)->267.9M(1024.0M)]
 [Times: user=0.09 sys=0.00, real=0.04 secs] 
2022-11-23T18:00:32.470+0100: 8346.434: [GC pause (G1 Evacuation Pause) (young), 0.0238457 secs]
   [Parallel Time: 13.0 ms, GC Workers: 8]
      [GC Worker Start (ms): Min: 8346435.1, Avg: 8346443.5, Max: 8346446.8, Diff: 11.7]
      [Ext Root Scanning (ms): Min: 0.0, Avg: 0.5, Max: 1.9, Diff: 1.9, Sum: 4.4]
      [Update RS (ms): Min: 0.0, Avg: 1.3, Max: 5.1, Diff: 5.1, Sum: 10.2]
         [Processed Buffers: Min: 0, Avg: 5.9, Max: 35, Diff: 35, Sum: 47]
      [Scan RS (ms): Min: 0.0, Avg: 0.0, Max: 0.0, Diff: 0.0, Sum: 0.0]
      [Code Root Scanning (ms): Min: 0.0, Avg: 0.0, Max: 0.0, Diff: 0.0, Sum: 0.0]
      [Object Copy (ms): Min: 0.0, Avg: 0.8, Max: 3.1, Diff: 3.1, Sum: 6.1]
      [Termination (ms): Min: 0.0, Avg: 0.8, Max: 1.8, Diff: 1.8, Sum: 6.3]
         [Termination Attempts: Min: 1, Avg: 1.5, Max: 5, Diff: 4, Sum: 12]
      [GC Worker Other (ms): Min: 0.0, Avg: 0.0, Max: 0.0, Diff: 0.0, Sum: 0.1]
      [GC Worker Total (ms): Min: 0.0, Avg: 3.4, Max: 11.8, Diff: 11.8, Sum: 27.0]
      [GC Worker End (ms): Min: 8346446.8, Avg: 8346446.8, Max: 8346446.9, Diff: 0.1]
   [Code Root Fixup: 0.0 ms]
   [Code Root Purge: 0.0 ms]
   [Clear CT: 0.4 ms]
   [Other: 10.4 ms]
      [Choose CSet: 0.0 ms]
      [Ref Proc: 9.5 ms]
      [Ref Enq: 0.0 ms]
      [Redirty Cards: 0.5 ms]
      [Humongous Register: 0.1 ms]
      [Humongous Reclaim: 0.0 ms]
      [Free CSet: 0.1 ms]
   [Eden: 50176.0K(50176.0K)->0.0B(50176.0K) Survivors: 2048.0K->2048.0K Heap: 316.9M(1024.0M)->267.8M(1024.0M)]
 [Times: user=0.06 sys=0.00, real=0.03 secs] 
2022-11-23T18:00:37.875+0100: 8351.839: [GC pause (G1 Evacuation Pause) (young), 0.0283667 secs]
   [Parallel Time: 16.8 ms, GC Workers: 8]
      [GC Worker Start (ms): Min: 8351839.6, Avg: 8351842.3, Max: 8351847.2, Diff: 7.6]
      [Ext Root Scanning (ms): Min: 0.0, Avg: 1.3, Max: 5.7, Diff: 5.7, Sum: 10.3]
      [Update RS (ms): Min: 0.0, Avg: 1.5, Max: 3.1, Diff: 3.1, Sum: 11.9]
         [Processed Buffers: Min: 0, Avg: 5.4, Max: 15, Diff: 15, Sum: 43]
      [Scan RS (ms): Min: 0.0, Avg: 0.0, Max: 0.0, Diff: 0.0, Sum: 0.1]
      [Code Root Scanning (ms): Min: 0.0, Avg: 0.0, Max: 0.0, Diff: 0.0, Sum: 0.0]
      [Object Copy (ms): Min: 0.0, Avg: 3.1, Max: 11.6, Diff: 11.6, Sum: 24.8]
      [Termination (ms): Min: 0.0, Avg: 7.8, Max: 9.0, Diff: 9.0, Sum: 62.6]
         [Termination Attempts: Min: 1, Avg: 1.9, Max: 3, Diff: 2, Sum: 15]
      [GC Worker Other (ms): Min: 0.0, Avg: 0.0, Max: 0.0, Diff: 0.0, Sum: 0.1]
      [GC Worker Total (ms): Min: 8.8, Avg: 13.7, Max: 16.3, Diff: 7.5, Sum: 109.7]
      [GC Worker End (ms): Min: 8351856.0, Avg: 8351856.0, Max: 8351856.0, Diff: 0.1]
   [Code Root Fixup: 0.0 ms]
   [Code Root Purge: 0.0 ms]
   [Clear CT: 0.7 ms]
   [Other: 10.8 ms]
      [Choose CSet: 0.0 ms]
      [Ref Proc: 8.7 ms]
      [Ref Enq: 0.0 ms]
      [Redirty Cards: 1.5 ms]
      [Humongous Register: 0.1 ms]
      [Humongous Reclaim: 0.1 ms]
      [Free CSet: 0.1 ms]
   [Eden: 50176.0K(50176.0K)->0.0B(49152.0K) Survivors: 2048.0K->3072.0K Heap: 316.8M(1024.0M)->268.5M(1024.0M)]
 [Times: user=0.13 sys=0.00, real=0.03 secs] 
2022-11-23T18:00:43.055+0100: 8357.019: [GC pause (G1 Evacuation Pause) (young), 0.0229154 secs]
   [Parallel Time: 11.9 ms, GC Workers: 8]
      [GC Worker Start (ms): Min: 8357019.6, Avg: 8357026.0, Max: 8357029.7, Diff: 10.1]
      [Ext Root Scanning (ms): Min: 0.0, Avg: 0.4, Max: 1.5, Diff: 1.5, Sum: 3.0]
      [Update RS (ms): Min: 0.0, Avg: 1.6, Max: 5.1, Diff: 5.1, Sum: 12.8]
         [Processed Buffers: Min: 0, Avg: 6.0, Max: 22, Diff: 22, Sum: 48]
      [Scan RS (ms): Min: 0.0, Avg: 0.0, Max: 0.0, Diff: 0.0, Sum: 0.1]
      [Code Root Scanning (ms): Min: 0.0, Avg: 0.0, Max: 0.0, Diff: 0.0, Sum: 0.0]
      [Object Copy (ms): Min: 0.0, Avg: 1.4, Max: 3.1, Diff: 3.1, Sum: 11.1]
      [Termination (ms): Min: 0.0, Avg: 0.3, Max: 0.6, Diff: 0.6, Sum: 2.7]
         [Termination Attempts: Min: 1, Avg: 1.2, Max: 3, Diff: 2, Sum: 10]
      [GC Worker Other (ms): Min: 0.0, Avg: 0.0, Max: 0.0, Diff: 0.0, Sum: 0.1]
      [GC Worker Total (ms): Min: 0.0, Avg: 3.7, Max: 10.2, Diff: 10.2, Sum: 29.7]
      [GC Worker End (ms): Min: 8357029.7, Avg: 8357029.7, Max: 8357029.8, Diff: 0.2]
   [Code Root Fixup: 0.0 ms]
   [Code Root Purge: 0.0 ms]
   [Clear CT: 0.7 ms]
   [Other: 10.3 ms]
      [Choose CSet: 0.0 ms]
      [Ref Proc: 9.3 ms]
      [Ref Enq: 0.0 ms]
      [Redirty Cards: 0.5 ms]
      [Humongous Register: 0.1 ms]
      [Humongous Reclaim: 0.0 ms]
      [Free CSet: 0.1 ms]
   [Eden: 49152.0K(49152.0K)->0.0B(50176.0K) Survivors: 3072.0K->2048.0K Heap: 316.5M(1024.0M)->268.1M(1024.0M)]
 [Times: user=0.04 sys=0.01, real=0.02 secs] 
2022-11-23T18:00:48.415+0100: 8362.380: [GC pause (G1 Evacuation Pause) (young), 0.0155607 secs]
   [Parallel Time: 5.2 ms, GC Workers: 8]
      [GC Worker Start (ms): Min: 8362379.7, Avg: 8362381.6, Max: 8362384.5, Diff: 4.7]
      [Ext Root Scanning (ms): Min: 0.0, Avg: 0.4, Max: 1.1, Diff: 1.1, Sum: 2.9]
      [Update RS (ms): Min: 0.0, Avg: 1.4, Max: 3.5, Diff: 3.5, Sum: 11.4]
         [Processed Buffers: Min: 0, Avg: 5.8, Max: 15, Diff: 15, Sum: 46]
      [Scan RS (ms): Min: 0.0, Avg: 0.0, Max: 0.0, Diff: 0.0, Sum: 0.1]
      [Code Root Scanning (ms): Min: 0.0, Avg: 0.0, Max: 0.0, Diff: 0.0, Sum: 0.0]
      [Object Copy (ms): Min: 0.0, Avg: 1.0, Max: 1.9, Diff: 1.9, Sum: 7.7]
      [Termination (ms): Min: 0.0, Avg: 0.2, Max: 0.4, Diff: 0.4, Sum: 1.6]
         [Termination Attempts: Min: 1, Avg: 5.1, Max: 11, Diff: 10, Sum: 41]
      [GC Worker Other (ms): Min: 0.0, Avg: 0.0, Max: 0.0, Diff: 0.0, Sum: 0.1]
      [GC Worker Total (ms): Min: 0.0, Avg: 2.9, Max: 4.8, Diff: 4.8, Sum: 23.6]
      [GC Worker End (ms): Min: 8362384.5, Avg: 8362384.5, Max: 8362384.6, Diff: 0.1]
   [Code Root Fixup: 0.0 ms]
   [Code Root Purge: 0.0 ms]
   [Clear CT: 0.4 ms]
   [Other: 10.0 ms]
      [Choose CSet: 0.0 ms]
      [Ref Proc: 9.2 ms]
      [Ref Enq: 0.0 ms]
      [Redirty Cards: 0.4 ms]
      [Humongous Register: 0.0 ms]
      [Humongous Reclaim: 0.0 ms]
      [Free CSet: 0.1 ms]
   [Eden: 50176.0K(50176.0K)->0.0B(50176.0K) Survivors: 2048.0K->2048.0K Heap: 317.1M(1024.0M)->268.4M(1024.0M)]
 [Times: user=0.05 sys=0.01, real=0.02 secs] 
2022-11-23T18:00:53.186+0100: 8367.151: [GC pause (G1 Evacuation Pause) (young), 0.0266542 secs]
   [Parallel Time: 14.4 ms, GC Workers: 8]
      [GC Worker Start (ms): Min: 8367151.1, Avg: 8367154.7, Max: 8367158.9, Diff: 7.8]
      [Ext Root Scanning (ms): Min: 0.0, Avg: 0.4, Max: 1.2, Diff: 1.2, Sum: 2.9]
      [Update RS (ms): Min: 0.0, Avg: 1.5, Max: 4.2, Diff: 4.2, Sum: 11.6]
         [Processed Buffers: Min: 0, Avg: 5.8, Max: 19, Diff: 19, Sum: 46]
      [Scan RS (ms): Min: 0.0, Avg: 0.0, Max: 0.0, Diff: 0.0, Sum: 0.0]
      [Code Root Scanning (ms): Min: 0.0, Avg: 0.0, Max: 0.0, Diff: 0.0, Sum: 0.0]
      [Object Copy (ms): Min: 0.0, Avg: 3.0, Max: 9.4, Diff: 9.4, Sum: 24.2]
      [Termination (ms): Min: 0.0, Avg: 5.7, Max: 6.6, Diff: 6.6, Sum: 45.8]
         [Termination Attempts: Min: 1, Avg: 1.6, Max: 3, Diff: 2, Sum: 13]
      [GC Worker Other (ms): Min: 0.0, Avg: 0.0, Max: 0.0, Diff: 0.0, Sum: 0.1]
      [GC Worker Total (ms): Min: 6.5, Avg: 10.6, Max: 14.2, Diff: 7.8, Sum: 84.7]
      [GC Worker End (ms): Min: 8367165.3, Avg: 8367165.3, Max: 8367165.4, Diff: 0.1]
   [Code Root Fixup: 0.0 ms]
   [Code Root Purge: 0.0 ms]
   [Clear CT: 0.6 ms]
   [Other: 11.6 ms]
      [Choose CSet: 0.0 ms]
      [Ref Proc: 0.8 ms]
      [Ref Enq: 0.0 ms]
      [Redirty Cards: 10.2 ms]
      [Humongous Register: 0.1 ms]
      [Humongous Reclaim: 0.0 ms]
      [Free CSet: 0.1 ms]
   [Eden: 50176.0K(50176.0K)->0.0B(50176.0K) Survivors: 2048.0K->2048.0K Heap: 317.4M(1024.0M)->268.5M(1024.0M)]
 [Times: user=0.07 sys=0.00, real=0.03 secs] 
2022-11-23T18:00:58.546+0100: 8372.510: [GC pause (G1 Evacuation Pause) (young), 0.0152220 secs]
   [Parallel Time: 10.2 ms, GC Workers: 8]
      [GC Worker Start (ms): Min: 8372510.6, Avg: 8372516.6, Max: 8372520.4, Diff: 9.8]
      [Ext Root Scanning (ms): Min: 0.0, Avg: 0.3, Max: 1.2, Diff: 1.2, Sum: 2.4]
      [Update RS (ms): Min: 0.0, Avg: 1.5, Max: 4.9, Diff: 4.9, Sum: 12.1]
         [Processed Buffers: Min: 0, Avg: 5.5, Max: 17, Diff: 17, Sum: 44]
      [Scan RS (ms): Min: 0.0, Avg: 0.0, Max: 0.0, Diff: 0.0, Sum: 0.1]
      [Code Root Scanning (ms): Min: 0.0, Avg: 0.0, Max: 0.0, Diff: 0.0, Sum: 0.0]
      [Object Copy (ms): Min: 0.0, Avg: 1.4, Max: 3.0, Diff: 3.0, Sum: 11.5]
      [Termination (ms): Min: 0.0, Avg: 0.5, Max: 0.9, Diff: 0.9, Sum: 4.0]
         [Termination Attempts: Min: 1, Avg: 1.0, Max: 1, Diff: 0, Sum: 8]
      [GC Worker Other (ms): Min: 0.0, Avg: 0.0, Max: 0.0, Diff: 0.0, Sum: 0.1]
      [GC Worker Total (ms): Min: 0.0, Avg: 3.8, Max: 9.8, Diff: 9.8, Sum: 30.2]
      [GC Worker End (ms): Min: 8372520.4, Avg: 8372520.4, Max: 8372520.4, Diff: 0.0]
   [Code Root Fixup: 0.0 ms]
   [Code Root Purge: 0.0 ms]
   [Clear CT: 0.6 ms]
   [Other: 4.5 ms]
      [Choose CSet: 0.0 ms]
      [Ref Proc: 3.6 ms]
      [Ref Enq: 0.0 ms]
      [Redirty Cards: 0.4 ms]
      [Humongous Register: 0.1 ms]
      [Humongous Reclaim: 0.0 ms]
      [Free CSet: 0.1 ms]
   [Eden: 50176.0K(50176.0K)->0.0B(50176.0K) Survivors: 2048.0K->2048.0K Heap: 317.5M(1024.0M)->268.6M(1024.0M)]
 [Times: user=0.03 sys=0.01, real=0.02 secs] 
2022-11-23T18:01:04.039+0100: 8378.003: [GC pause (G1 Evacuation Pause) (young), 0.0159725 secs]
   [Parallel Time: 4.3 ms, GC Workers: 8]
      [GC Worker Start (ms): Min: 8378003.4, Avg: 8378004.0, Max: 8378007.2, Diff: 3.8]
      [Ext Root Scanning (ms): Min: 0.0, Avg: 0.8, Max: 3.7, Diff: 3.7, Sum: 6.6]
      [Update RS (ms): Min: 0.0, Avg: 1.2, Max: 2.3, Diff: 2.3, Sum: 9.8]
         [Processed Buffers: Min: 0, Avg: 6.1, Max: 17, Diff: 17, Sum: 49]
      [Scan RS (ms): Min: 0.0, Avg: 0.0, Max: 0.0, Diff: 0.0, Sum: 0.0]
      [Code Root Scanning (ms): Min: 0.0, Avg: 0.0, Max: 0.0, Diff: 0.0, Sum: 0.0]
      [Object Copy (ms): Min: 0.0, Avg: 1.1, Max: 1.6, Diff: 1.6, Sum: 8.4]
      [Termination (ms): Min: 0.0, Avg: 0.2, Max: 0.3, Diff: 0.3, Sum: 1.9]
         [Termination Attempts: Min: 1, Avg: 1.1, Max: 2, Diff: 1, Sum: 9]
      [GC Worker Other (ms): Min: 0.0, Avg: 0.0, Max: 0.0, Diff: 0.0, Sum: 0.1]
      [GC Worker Total (ms): Min: 0.2, Avg: 3.4, Max: 3.9, Diff: 3.8, Sum: 26.8]
      [GC Worker End (ms): Min: 8378007.4, Avg: 8378007.4, Max: 8378007.4, Diff: 0.0]
   [Code Root Fixup: 0.0 ms]
   [Code Root Purge: 0.0 ms]
   [Clear CT: 5.3 ms]
   [Other: 6.3 ms]
      [Choose CSet: 0.0 ms]
      [Ref Proc: 5.4 ms]
      [Ref Enq: 0.0 ms]
      [Redirty Cards: 0.4 ms]
      [Humongous Register: 0.1 ms]
      [Humongous Reclaim: 0.0 ms]
      [Free CSet: 0.1 ms]
   [Eden: 50176.0K(50176.0K)->0.0B(50176.0K) Survivors: 2048.0K->2048.0K Heap: 317.6M(1024.0M)->268.8M(1024.0M)]
 [Times: user=0.05 sys=0.00, real=0.02 secs] 
2022-11-23T18:01:09.128+0100: 8383.093: [GC pause (G1 Evacuation Pause) (young), 0.0132434 secs]
   [Parallel Time: 10.7 ms, GC Workers: 8]
      [GC Worker Start (ms): Min: 8383093.0, Avg: 8383099.8, Max: 8383103.3, Diff: 10.3]
      [Ext Root Scanning (ms): Min: 0.0, Avg: 0.3, Max: 1.3, Diff: 1.3, Sum: 2.6]
      [Update RS (ms): Min: 0.0, Avg: 1.7, Max: 5.4, Diff: 5.4, Sum: 13.4]
         [Processed Buffers: Min: 0, Avg: 5.5, Max: 18, Diff: 18, Sum: 44]
      [Scan RS (ms): Min: 0.0, Avg: 0.0, Max: 0.0, Diff: 0.0, Sum: 0.1]
      [Code Root Scanning (ms): Min: 0.0, Avg: 0.0, Max: 0.0, Diff: 0.0, Sum: 0.0]
      [Object Copy (ms): Min: 0.0, Avg: 1.1, Max: 3.1, Diff: 3.1, Sum: 9.0]
      [Termination (ms): Min: 0.0, Avg: 0.4, Max: 0.8, Diff: 0.8, Sum: 3.1]
         [Termination Attempts: Min: 1, Avg: 1.2, Max: 3, Diff: 2, Sum: 10]
      [GC Worker Other (ms): Min: 0.0, Avg: 0.0, Max: 0.0, Diff: 0.0, Sum: 0.1]
      [GC Worker Total (ms): Min: 0.0, Avg: 3.5, Max: 10.3, Diff: 10.3, Sum: 28.1]
      [GC Worker End (ms): Min: 8383103.3, Avg: 8383103.3, Max: 8383103.4, Diff: 0.1]
   [Code Root Fixup: 0.0 ms]
   [Code Root Purge: 0.0 ms]
   [Clear CT: 0.5 ms]
   [Other: 2.1 ms]
      [Choose CSet: 0.0 ms]
      [Ref Proc: 0.8 ms]
      [Ref Enq: 0.0 ms]
      [Redirty Cards: 0.2 ms]
      [Humongous Register: 0.0 ms]
      [Humongous Reclaim: 0.1 ms]
      [Free CSet: 0.6 ms]
   [Eden: 50176.0K(50176.0K)->0.0B(209.0M) Survivors: 2048.0K->2048.0K Heap: 317.8M(1024.0M)->268.8M(1024.0M)]
 [Times: user=0.04 sys=0.00, real=0.02 secs] 
2022-11-23T18:01:30.866+0100: 8404.831: [GC pause (G1 Evacuation Pause) (young), 0.0292406 secs]
   [Parallel Time: 16.1 ms, GC Workers: 8]
      [GC Worker Start (ms): Min: 8404831.2, Avg: 8404842.1, Max: 8404847.0, Diff: 15.8]
      [Ext Root Scanning (ms): Min: 0.0, Avg: 0.5, Max: 4.3, Diff: 4.3, Sum: 4.3]
      [Update RS (ms): Min: 0.0, Avg: 1.7, Max: 7.2, Diff: 7.2, Sum: 13.7]
         [Processed Buffers: Min: 0, Avg: 7.2, Max: 25, Diff: 25, Sum: 58]
      [Scan RS (ms): Min: 0.0, Avg: 0.0, Max: 0.1, Diff: 0.1, Sum: 0.2]
      [Code Root Scanning (ms): Min: 0.0, Avg: 0.0, Max: 0.0, Diff: 0.0, Sum: 0.0]
      [Object Copy (ms): Min: 0.0, Avg: 2.3, Max: 3.9, Diff: 3.9, Sum: 18.1]
      [Termination (ms): Min: 0.0, Avg: 0.3, Max: 0.5, Diff: 0.5, Sum: 2.6]
         [Termination Attempts: Min: 1, Avg: 3.8, Max: 9, Diff: 8, Sum: 30]
      [GC Worker Other (ms): Min: 0.0, Avg: 0.0, Max: 0.0, Diff: 0.0, Sum: 0.2]
      [GC Worker Total (ms): Min: 0.0, Avg: 4.9, Max: 15.8, Diff: 15.8, Sum: 39.2]
      [GC Worker End (ms): Min: 8404847.0, Avg: 8404847.0, Max: 8404847.1, Diff: 0.0]
   [Code Root Fixup: 0.0 ms]
   [Code Root Purge: 0.0 ms]
   [Clear CT: 7.4 ms]
   [Other: 5.7 ms]
      [Choose CSet: 0.0 ms]
      [Ref Proc: 2.2 ms]
      [Ref Enq: 0.0 ms]
      [Redirty Cards: 0.6 ms]
      [Humongous Register: 0.1 ms]
      [Humongous Reclaim: 0.0 ms]
      [Free CSet: 2.4 ms]
   [Eden: 209.0M(209.0M)->0.0B(50176.0K) Survivors: 2048.0K->2048.0K Heap: 477.8M(1024.0M)->269.0M(1024.0M)]
 [Times: user=0.06 sys=0.00, real=0.03 secs] 
2022-11-23T18:01:36.264+0100: 8410.229: [GC pause (G1 Evacuation Pause) (young), 0.0263833 secs]
   [Parallel Time: 15.8 ms, GC Workers: 8]
      [GC Worker Start (ms): Min: 8410229.2, Avg: 8410236.6, Max: 8410241.0, Diff: 11.8]
      [Ext Root Scanning (ms): Min: 0.0, Avg: 0.3, Max: 1.2, Diff: 1.2, Sum: 2.4]
      [Update RS (ms): Min: 0.0, Avg: 2.7, Max: 14.1, Diff: 14.1, Sum: 21.7]
         [Processed Buffers: Min: 0, Avg: 6.4, Max: 20, Diff: 20, Sum: 51]
      [Scan RS (ms): Min: 0.0, Avg: 0.0, Max: 0.0, Diff: 0.0, Sum: 0.1]
      [Code Root Scanning (ms): Min: 0.0, Avg: 0.0, Max: 0.0, Diff: 0.0, Sum: 0.0]
      [Object Copy (ms): Min: 0.0, Avg: 1.7, Max: 4.6, Diff: 4.6, Sum: 13.9]
      [Termination (ms): Min: 0.0, Avg: 3.2, Max: 3.9, Diff: 3.9, Sum: 25.9]
         [Termination Attempts: Min: 1, Avg: 10.2, Max: 25, Diff: 24, Sum: 82]
      [GC Worker Other (ms): Min: 0.0, Avg: 0.0, Max: 0.0, Diff: 0.0, Sum: 0.1]
      [GC Worker Total (ms): Min: 3.6, Avg: 8.0, Max: 15.5, Diff: 11.9, Sum: 64.1]
      [GC Worker End (ms): Min: 8410244.6, Avg: 8410244.6, Max: 8410244.6, Diff: 0.0]
   [Code Root Fixup: 0.0 ms]
   [Code Root Purge: 0.0 ms]
   [Clear CT: 0.5 ms]
   [Other: 10.1 ms]
      [Choose CSet: 0.0 ms]
      [Ref Proc: 9.1 ms]
      [Ref Enq: 0.0 ms]
      [Redirty Cards: 0.5 ms]
      [Humongous Register: 0.0 ms]
      [Humongous Reclaim: 0.1 ms]
      [Free CSet: 0.1 ms]
   [Eden: 50176.0K(50176.0K)->0.0B(49152.0K) Survivors: 2048.0K->3072.0K Heap: 318.0M(1024.0M)->270.1M(1024.0M)]
 [Times: user=0.10 sys=0.01, real=0.03 secs] 
2022-11-23T18:01:41.537+0100: 8415.502: [GC pause (G1 Evacuation Pause) (young), 0.0177305 secs]
   [Parallel Time: 9.8 ms, GC Workers: 8]
      [GC Worker Start (ms): Min: 8415502.3, Avg: 8415506.2, Max: 8415511.8, Diff: 9.5]
      [Ext Root Scanning (ms): Min: 0.0, Avg: 0.5, Max: 1.3, Diff: 1.3, Sum: 3.7]
      [Update RS (ms): Min: 0.0, Avg: 2.1, Max: 3.9, Diff: 3.9, Sum: 16.5]
         [Processed Buffers: Min: 0, Avg: 6.6, Max: 18, Diff: 18, Sum: 53]
      [Scan RS (ms): Min: 0.0, Avg: 0.0, Max: 0.0, Diff: 0.0, Sum: 0.1]
      [Code Root Scanning (ms): Min: 0.0, Avg: 0.0, Max: 0.0, Diff: 0.0, Sum: 0.0]
      [Object Copy (ms): Min: 0.0, Avg: 1.6, Max: 2.7, Diff: 2.7, Sum: 13.2]
      [Termination (ms): Min: 0.0, Avg: 1.5, Max: 1.8, Diff: 1.8, Sum: 12.0]
         [Termination Attempts: Min: 1, Avg: 1.0, Max: 1, Diff: 0, Sum: 8]
      [GC Worker Other (ms): Min: 0.0, Avg: 0.0, Max: 0.0, Diff: 0.0, Sum: 0.1]
      [GC Worker Total (ms): Min: 0.0, Avg: 5.7, Max: 9.5, Diff: 9.5, Sum: 45.5]
      [GC Worker End (ms): Min: 8415511.8, Avg: 8415511.9, Max: 8415511.9, Diff: 0.1]
   [Code Root Fixup: 0.0 ms]
   [Code Root Purge: 0.0 ms]
   [Clear CT: 4.2 ms]
   [Other: 3.7 ms]
      [Choose CSet: 0.0 ms]
      [Ref Proc: 2.5 ms]
      [Ref Enq: 0.0 ms]
      [Redirty Cards: 0.4 ms]
      [Humongous Register: 0.1 ms]
      [Humongous Reclaim: 0.1 ms]
      [Free CSet: 0.1 ms]
   [Eden: 49152.0K(49152.0K)->0.0B(50176.0K) Survivors: 3072.0K->2048.0K Heap: 318.1M(1024.0M)->269.3M(1024.0M)]
 [Times: user=0.05 sys=0.00, real=0.02 secs] 
2022-11-23T18:01:47.163+0100: 8421.128: [GC pause (G1 Evacuation Pause) (young), 0.0224490 secs]
   [Parallel Time: 11.0 ms, GC Workers: 8]
      [GC Worker Start (ms): Min: 8421127.8, Avg: 8421133.9, Max: 8421138.6, Diff: 10.8]
      [Ext Root Scanning (ms): Min: 0.0, Avg: 0.4, Max: 1.4, Diff: 1.4, Sum: 3.2]
      [Update RS (ms): Min: 0.0, Avg: 1.8, Max: 4.8, Diff: 4.8, Sum: 14.3]
         [Processed Buffers: Min: 0, Avg: 5.6, Max: 27, Diff: 27, Sum: 45]
      [Scan RS (ms): Min: 0.0, Avg: 0.0, Max: 0.0, Diff: 0.0, Sum: 0.0]
      [Code Root Scanning (ms): Min: 0.0, Avg: 0.0, Max: 0.0, Diff: 0.0, Sum: 0.0]
      [Object Copy (ms): Min: 0.0, Avg: 2.4, Max: 4.5, Diff: 4.5, Sum: 19.3]
      [Termination (ms): Min: 0.0, Avg: 0.2, Max: 0.2, Diff: 0.2, Sum: 1.5]
         [Termination Attempts: Min: 1, Avg: 1.0, Max: 1, Diff: 0, Sum: 8]
      [GC Worker Other (ms): Min: 0.0, Avg: 0.0, Max: 0.0, Diff: 0.0, Sum: 0.1]
      [GC Worker Total (ms): Min: 0.0, Avg: 4.8, Max: 10.8, Diff: 10.8, Sum: 38.4]
      [GC Worker End (ms): Min: 8421138.6, Avg: 8421138.7, Max: 8421138.7, Diff: 0.0]
   [Code Root Fixup: 0.0 ms]
   [Code Root Purge: 0.0 ms]
   [Clear CT: 2.3 ms]
   [Other: 9.1 ms]
      [Choose CSet: 0.0 ms]
      [Ref Proc: 5.2 ms]
      [Ref Enq: 0.0 ms]
      [Redirty Cards: 3.4 ms]
      [Humongous Register: 0.1 ms]
      [Humongous Reclaim: 0.1 ms]
      [Free CSet: 0.1 ms]
   [Eden: 50176.0K(50176.0K)->0.0B(49152.0K) Survivors: 2048.0K->3072.0K Heap: 318.3M(1024.0M)->270.1M(1024.0M)]
 [Times: user=0.06 sys=0.01, real=0.02 secs] 
2022-11-23T18:01:55.208+0100: 8429.173: [GC pause (G1 Evacuation Pause) (young), 0.0257817 secs]
   [Parallel Time: 8.3 ms, GC Workers: 8]
      [GC Worker Start (ms): Min: 8429172.9, Avg: 8429176.8, Max: 8429180.7, Diff: 7.8]
      [Ext Root Scanning (ms): Min: 0.0, Avg: 0.5, Max: 1.3, Diff: 1.3, Sum: 4.4]
      [Update RS (ms): Min: 0.0, Avg: 1.9, Max: 3.9, Diff: 3.9, Sum: 15.1]
         [Processed Buffers: Min: 0, Avg: 6.4, Max: 26, Diff: 26, Sum: 51]
      [Scan RS (ms): Min: 0.0, Avg: 0.0, Max: 0.0, Diff: 0.0, Sum: 0.0]
      [Code Root Scanning (ms): Min: 0.0, Avg: 0.0, Max: 0.0, Diff: 0.0, Sum: 0.0]
      [Object Copy (ms): Min: 0.0, Avg: 1.3, Max: 2.7, Diff: 2.7, Sum: 10.1]
      [Termination (ms): Min: 0.0, Avg: 0.3, Max: 0.4, Diff: 0.4, Sum: 2.0]
         [Termination Attempts: Min: 1, Avg: 1.0, Max: 1, Diff: 0, Sum: 8]
      [GC Worker Other (ms): Min: 0.0, Avg: 0.0, Max: 0.0, Diff: 0.0, Sum: 0.1]
      [GC Worker Total (ms): Min: 0.0, Avg: 4.0, Max: 7.8, Diff: 7.8, Sum: 31.7]
      [GC Worker End (ms): Min: 8429180.7, Avg: 8429180.8, Max: 8429180.8, Diff: 0.1]
   [Code Root Fixup: 0.0 ms]
   [Code Root Purge: 0.0 ms]
   [Clear CT: 6.0 ms]
   [Other: 11.4 ms]
      [Choose CSet: 0.0 ms]
      [Ref Proc: 10.4 ms]
      [Ref Enq: 0.0 ms]
      [Redirty Cards: 0.6 ms]
      [Humongous Register: 0.0 ms]
      [Humongous Reclaim: 0.1 ms]
      [Free CSet: 0.0 ms]
   [Eden: 49152.0K(49152.0K)->0.0B(49152.0K) Survivors: 3072.0K->3072.0K Heap: 318.1M(1024.0M)->269.9M(1024.0M)]
 [Times: user=0.07 sys=0.00, real=0.03 secs] 
2022-11-23T18:02:00.780+0100: 8434.745: [GC pause (G1 Evacuation Pause) (young), 0.0140514 secs]
   [Parallel Time: 9.8 ms, GC Workers: 8]
      [GC Worker Start (ms): Min: 8434745.1, Avg: 8434750.6, Max: 8434753.9, Diff: 8.7]
      [Ext Root Scanning (ms): Min: 0.0, Avg: 0.4, Max: 1.0, Diff: 1.0, Sum: 3.0]
      [Update RS (ms): Min: 0.0, Avg: 1.5, Max: 4.1, Diff: 4.1, Sum: 12.2]
         [Processed Buffers: Min: 0, Avg: 6.0, Max: 20, Diff: 20, Sum: 48]
      [Scan RS (ms): Min: 0.0, Avg: 0.0, Max: 0.0, Diff: 0.0, Sum: 0.1]
      [Code Root Scanning (ms): Min: 0.0, Avg: 0.0, Max: 0.0, Diff: 0.0, Sum: 0.0]
      [Object Copy (ms): Min: 0.0, Avg: 1.2, Max: 3.3, Diff: 3.3, Sum: 9.8]
      [Termination (ms): Min: 0.0, Avg: 0.3, Max: 1.0, Diff: 1.0, Sum: 2.8]
         [Termination Attempts: Min: 1, Avg: 1.0, Max: 1, Diff: 0, Sum: 8]
      [GC Worker Other (ms): Min: 0.0, Avg: 0.0, Max: 0.0, Diff: 0.0, Sum: 0.1]
      [GC Worker Total (ms): Min: 0.0, Avg: 3.5, Max: 9.3, Diff: 9.3, Sum: 27.9]
      [GC Worker End (ms): Min: 8434753.9, Avg: 8434754.0, Max: 8434754.5, Diff: 0.6]
   [Code Root Fixup: 0.0 ms]
   [Code Root Purge: 0.0 ms]
   [Clear CT: 0.5 ms]
   [Other: 3.7 ms]
      [Choose CSet: 0.0 ms]
      [Ref Proc: 2.4 ms]
      [Ref Enq: 0.0 ms]
      [Redirty Cards: 0.7 ms]
      [Humongous Register: 0.1 ms]
      [Humongous Reclaim: 0.1 ms]
      [Free CSet: 0.1 ms]
   [Eden: 49152.0K(49152.0K)->0.0B(49152.0K) Survivors: 3072.0K->3072.0K Heap: 317.9M(1024.0M)->269.9M(1024.0M)]
 [Times: user=0.04 sys=0.00, real=0.02 secs] 
2022-11-23T18:02:07.459+0100: 8441.424: [GC pause (G1 Evacuation Pause) (young), 0.0392797 secs]
   [Parallel Time: 27.8 ms, GC Workers: 8]
      [GC Worker Start (ms): Min: 8441424.2, Avg: 8441440.4, Max: 8441445.5, Diff: 21.3]
      [Ext Root Scanning (ms): Min: 0.0, Avg: 0.3, Max: 2.5, Diff: 2.5, Sum: 2.6]
      [Update RS (ms): Min: 0.0, Avg: 3.3, Max: 18.7, Diff: 18.7, Sum: 26.8]
         [Processed Buffers: Min: 0, Avg: 5.8, Max: 24, Diff: 24, Sum: 46]
      [Scan RS (ms): Min: 0.0, Avg: 0.0, Max: 0.1, Diff: 0.1, Sum: 0.1]
      [Code Root Scanning (ms): Min: 0.0, Avg: 0.0, Max: 0.0, Diff: 0.0, Sum: 0.0]
      [Object Copy (ms): Min: 1.0, Avg: 3.0, Max: 11.3, Diff: 10.3, Sum: 24.2]
      [Termination (ms): Min: 0.0, Avg: 4.0, Max: 5.0, Diff: 5.0, Sum: 32.3]
         [Termination Attempts: Min: 1, Avg: 4.4, Max: 9, Diff: 8, Sum: 35]
      [GC Worker Other (ms): Min: 0.0, Avg: 0.0, Max: 0.0, Diff: 0.0, Sum: 0.1]
      [GC Worker Total (ms): Min: 5.5, Avg: 10.8, Max: 26.9, Diff: 21.4, Sum: 86.1]
      [GC Worker End (ms): Min: 8441451.0, Avg: 8441451.1, Max: 8441451.6, Diff: 0.5]
   [Code Root Fixup: 0.0 ms]
   [Code Root Purge: 0.0 ms]
   [Clear CT: 0.6 ms]
   [Other: 10.9 ms]
      [Choose CSet: 0.0 ms]
      [Ref Proc: 9.8 ms]
      [Ref Enq: 0.0 ms]
      [Redirty Cards: 0.7 ms]
      [Humongous Register: 0.1 ms]
      [Humongous Reclaim: 0.0 ms]
      [Free CSet: 0.1 ms]
   [Eden: 49152.0K(49152.0K)->0.0B(49152.0K) Survivors: 3072.0K->3072.0K Heap: 317.9M(1024.0M)->270.8M(1024.0M)]
 [Times: user=0.11 sys=0.01, real=0.04 secs] 
2022-11-23T18:02:21.950+0100: 8455.915: [GC pause (G1 Evacuation Pause) (young), 0.0693651 secs]
   [Parallel Time: 31.5 ms, GC Workers: 8]
      [GC Worker Start (ms): Min: 8455915.8, Avg: 8455926.7, Max: 8455939.2, Diff: 23.5]
      [Ext Root Scanning (ms): Min: 0.0, Avg: 2.6, Max: 10.4, Diff: 10.4, Sum: 20.8]
      [Update RS (ms): Min: 0.0, Avg: 7.3, Max: 25.0, Diff: 25.0, Sum: 58.7]
         [Processed Buffers: Min: 0, Avg: 6.9, Max: 24, Diff: 24, Sum: 55]
      [Scan RS (ms): Min: 0.0, Avg: 0.0, Max: 0.0, Diff: 0.0, Sum: 0.1]
      [Code Root Scanning (ms): Min: 0.0, Avg: 0.0, Max: 0.0, Diff: 0.0, Sum: 0.0]
      [Object Copy (ms): Min: 0.2, Avg: 5.6, Max: 11.5, Diff: 11.3, Sum: 44.8]
      [Termination (ms): Min: 0.0, Avg: 3.3, Max: 5.5, Diff: 5.5, Sum: 26.0]
         [Termination Attempts: Min: 1, Avg: 38.1, Max: 97, Diff: 96, Sum: 305]
      [GC Worker Other (ms): Min: 0.0, Avg: 0.3, Max: 1.9, Diff: 1.9, Sum: 2.0]
      [GC Worker Total (ms): Min: 6.5, Avg: 19.0, Max: 29.9, Diff: 23.5, Sum: 152.4]
      [GC Worker End (ms): Min: 8455945.7, Avg: 8455945.8, Max: 8455946.3, Diff: 0.6]
   [Code Root Fixup: 0.0 ms]
   [Code Root Purge: 0.0 ms]
   [Clear CT: 8.7 ms]
   [Other: 29.2 ms]
      [Choose CSet: 0.0 ms]
      [Ref Proc: 14.0 ms]
      [Ref Enq: 0.0 ms]
      [Redirty Cards: 9.0 ms]
      [Humongous Register: 0.7 ms]
      [Humongous Reclaim: 0.0 ms]
      [Free CSet: 5.0 ms]
   [Eden: 49152.0K(49152.0K)->0.0B(49152.0K) Survivors: 3072.0K->3072.0K Heap: 318.8M(1024.0M)->270.3M(1024.0M)]
 [Times: user=0.18 sys=0.06, real=0.07 secs] 
2022-11-24T09:15:00.433+0100: 8489.315: [GC pause (G1 Evacuation Pause) (young), 0.0680541 secs]
   [Parallel Time: 42.2 ms, GC Workers: 8]
      [GC Worker Start (ms): Min: 8489324.2, Avg: 8489332.8, Max: 8489340.3, Diff: 16.0]
      [Ext Root Scanning (ms): Min: 0.0, Avg: 0.9, Max: 5.3, Diff: 5.3, Sum: 7.5]
      [Update RS (ms): Min: 0.0, Avg: 10.8, Max: 31.8, Diff: 31.8, Sum: 86.7]
         [Processed Buffers: Min: 0, Avg: 8.4, Max: 24, Diff: 24, Sum: 67]
      [Scan RS (ms): Min: 0.0, Avg: 0.0, Max: 0.0, Diff: 0.0, Sum: 0.1]
      [Code Root Scanning (ms): Min: 0.0, Avg: 0.0, Max: 0.0, Diff: 0.0, Sum: 0.0]
      [Object Copy (ms): Min: 0.0, Avg: 4.6, Max: 7.1, Diff: 7.1, Sum: 36.7]
      [Termination (ms): Min: 0.0, Avg: 12.6, Max: 15.5, Diff: 15.5, Sum: 101.0]
         [Termination Attempts: Min: 1, Avg: 11.6, Max: 26, Diff: 25, Sum: 93]
      [GC Worker Other (ms): Min: 0.0, Avg: 0.0, Max: 0.0, Diff: 0.0, Sum: 0.1]
      [GC Worker Total (ms): Min: 21.1, Avg: 29.0, Max: 37.9, Diff: 16.8, Sum: 232.2]
      [GC Worker End (ms): Min: 8489361.4, Avg: 8489361.8, Max: 8489362.4, Diff: 1.0]
   [Code Root Fixup: 0.0 ms]
   [Code Root Purge: 0.0 ms]
   [Clear CT: 2.2 ms]
   [Other: 23.7 ms]
      [Choose CSet: 0.0 ms]
      [Ref Proc: 16.6 ms]
      [Ref Enq: 0.0 ms]
      [Redirty Cards: 1.7 ms]
      [Humongous Register: 0.4 ms]
      [Humongous Reclaim: 0.1 ms]
      [Free CSet: 0.1 ms]
   [Eden: 49152.0K(49152.0K)->0.0B(48128.0K) Survivors: 3072.0K->4096.0K Heap: 318.3M(1024.0M)->271.2M(1024.0M)]
 [Times: user=0.19 sys=0.04, real=0.06 secs] 
2022-11-24T09:15:14.841+0100: 8503.723: [GC pause (G1 Evacuation Pause) (young), 0.0654440 secs]
   [Parallel Time: 44.5 ms, GC Workers: 8]
      [GC Worker Start (ms): Min: 8503723.9, Avg: 8503737.3, Max: 8503745.4, Diff: 21.5]
      [Ext Root Scanning (ms): Min: 0.0, Avg: 1.0, Max: 4.7, Diff: 4.7, Sum: 7.9]
      [Update RS (ms): Min: 0.0, Avg: 5.2, Max: 16.4, Diff: 16.4, Sum: 41.4]
         [Processed Buffers: Min: 0, Avg: 6.8, Max: 18, Diff: 18, Sum: 54]
      [Scan RS (ms): Min: 0.0, Avg: 0.0, Max: 0.0, Diff: 0.0, Sum: 0.1]
      [Code Root Scanning (ms): Min: 0.0, Avg: 0.0, Max: 0.1, Diff: 0.1, Sum: 0.1]
      [Object Copy (ms): Min: 1.7, Avg: 6.4, Max: 17.9, Diff: 16.2, Sum: 51.4]
      [Termination (ms): Min: 0.0, Avg: 10.4, Max: 20.7, Diff: 20.7, Sum: 83.2]
         [Termination Attempts: Min: 1, Avg: 1.0, Max: 1, Diff: 0, Sum: 8]
      [GC Worker Other (ms): Min: 0.0, Avg: 0.0, Max: 0.1, Diff: 0.1, Sum: 0.3]
      [GC Worker Total (ms): Min: 13.5, Avg: 23.0, Max: 36.3, Diff: 22.8, Sum: 184.3]
      [GC Worker End (ms): Min: 8503758.9, Avg: 8503760.3, Max: 8503768.1, Diff: 9.2]
   [Code Root Fixup: 0.0 ms]
   [Code Root Purge: 0.0 ms]
   [Clear CT: 3.9 ms]
   [Other: 17.0 ms]
      [Choose CSet: 0.0 ms]
      [Ref Proc: 11.5 ms]
      [Ref Enq: 0.0 ms]
      [Redirty Cards: 4.6 ms]
      [Humongous Register: 0.3 ms]
      [Humongous Reclaim: 0.1 ms]
      [Free CSet: 0.2 ms]
   [Eden: 48128.0K(48128.0K)->0.0B(48128.0K) Survivors: 4096.0K->4096.0K Heap: 318.2M(1024.0M)->271.6M(1024.0M)]
 [Times: user=0.16 sys=0.03, real=0.07 secs] 
2022-11-24T09:15:23.323+0100: 8512.205: [GC pause (G1 Evacuation Pause) (young), 0.0560661 secs]
   [Parallel Time: 32.1 ms, GC Workers: 8]
      [GC Worker Start (ms): Min: 8512205.2, Avg: 8512217.1, Max: 8512223.6, Diff: 18.4]
      [Ext Root Scanning (ms): Min: 0.0, Avg: 0.4, Max: 3.3, Diff: 3.3, Sum: 3.4]
      [Update RS (ms): Min: 0.0, Avg: 4.9, Max: 25.0, Diff: 25.0, Sum: 39.2]
         [Processed Buffers: Min: 0, Avg: 7.0, Max: 14, Diff: 14, Sum: 56]
      [Scan RS (ms): Min: 0.0, Avg: 0.0, Max: 0.0, Diff: 0.0, Sum: 0.1]
      [Code Root Scanning (ms): Min: 0.0, Avg: 0.0, Max: 0.0, Diff: 0.0, Sum: 0.0]
      [Object Copy (ms): Min: 0.0, Avg: 2.0, Max: 3.9, Diff: 3.9, Sum: 15.7]
      [Termination (ms): Min: 0.0, Avg: 9.7, Max: 13.2, Diff: 13.2, Sum: 77.5]
         [Termination Attempts: Min: 1, Avg: 8.4, Max: 25, Diff: 24, Sum: 67]
      [GC Worker Other (ms): Min: 0.0, Avg: 0.0, Max: 0.0, Diff: 0.0, Sum: 0.1]
      [GC Worker Total (ms): Min: 10.1, Avg: 17.0, Max: 28.5, Diff: 18.4, Sum: 136.0]
      [GC Worker End (ms): Min: 8512233.7, Avg: 8512234.1, Max: 8512236.0, Diff: 2.3]
   [Code Root Fixup: 0.0 ms]
   [Code Root Purge: 0.0 ms]
   [Clear CT: 0.8 ms]
   [Other: 23.1 ms]
      [Choose CSet: 0.0 ms]
      [Ref Proc: 21.8 ms]
      [Ref Enq: 0.0 ms]
      [Redirty Cards: 0.6 ms]
      [Humongous Register: 0.3 ms]
      [Humongous Reclaim: 0.0 ms]
      [Free CSet: 0.0 ms]
   [Eden: 48128.0K(48128.0K)->0.0B(49152.0K) Survivors: 4096.0K->3072.0K Heap: 318.6M(1024.0M)->270.8M(1024.0M)]
 [Times: user=0.13 sys=0.02, real=0.06 secs] 
2022-11-24T09:15:29.828+0100: 8518.710: [GC pause (G1 Evacuation Pause) (young), 0.0415702 secs]
   [Parallel Time: 13.7 ms, GC Workers: 8]
      [GC Worker Start (ms): Min: 8518710.2, Avg: 8518715.8, Max: 8518721.4, Diff: 11.3]
      [Ext Root Scanning (ms): Min: 0.0, Avg: 0.6, Max: 1.7, Diff: 1.6, Sum: 5.2]
      [Update RS (ms): Min: 0.0, Avg: 3.2, Max: 7.2, Diff: 7.2, Sum: 25.6]
         [Processed Buffers: Min: 0, Avg: 6.0, Max: 27, Diff: 27, Sum: 48]
      [Scan RS (ms): Min: 0.0, Avg: 0.0, Max: 0.1, Diff: 0.0, Sum: 0.1]
      [Code Root Scanning (ms): Min: 0.0, Avg: 0.0, Max: 0.0, Diff: 0.0, Sum: 0.0]
      [Object Copy (ms): Min: 0.0, Avg: 1.7, Max: 4.0, Diff: 4.0, Sum: 13.3]
      [Termination (ms): Min: 0.0, Avg: 1.1, Max: 2.3, Diff: 2.3, Sum: 8.7]
         [Termination Attempts: Min: 1, Avg: 1.0, Max: 1, Diff: 0, Sum: 8]
      [GC Worker Other (ms): Min: 0.0, Avg: 0.0, Max: 0.0, Diff: 0.0, Sum: 0.1]
      [GC Worker Total (ms): Min: 0.4, Avg: 6.6, Max: 13.1, Diff: 12.7, Sum: 53.0]
      [GC Worker End (ms): Min: 8518721.9, Avg: 8518722.4, Max: 8518723.3, Diff: 1.5]
   [Code Root Fixup: 0.0 ms]
   [Code Root Purge: 0.0 ms]
   [Clear CT: 1.0 ms]
   [Other: 26.9 ms]
      [Choose CSet: 0.0 ms]
      [Ref Proc: 25.5 ms]
      [Ref Enq: 0.0 ms]
      [Redirty Cards: 0.9 ms]
      [Humongous Register: 0.0 ms]
      [Humongous Reclaim: 0.0 ms]
      [Free CSet: 0.1 ms]
   [Eden: 49152.0K(49152.0K)->0.0B(49152.0K) Survivors: 3072.0K->3072.0K Heap: 318.8M(1024.0M)->270.7M(1024.0M)]
 [Times: user=0.10 sys=0.00, real=0.04 secs] 
2022-11-24T09:15:36.778+0100: 8525.660: [GC pause (G1 Evacuation Pause) (young), 0.0577437 secs]
   [Parallel Time: 17.3 ms, GC Workers: 8]
      [GC Worker Start (ms): Min: 8525660.5, Avg: 8525666.7, Max: 8525677.4, Diff: 16.9]
      [Ext Root Scanning (ms): Min: 0.0, Avg: 0.4, Max: 1.2, Diff: 1.2, Sum: 3.1]
      [Update RS (ms): Min: 0.0, Avg: 1.6, Max: 2.8, Diff: 2.8, Sum: 12.7]
         [Processed Buffers: Min: 0, Avg: 6.2, Max: 13, Diff: 13, Sum: 50]
      [Scan RS (ms): Min: 0.0, Avg: 0.1, Max: 0.3, Diff: 0.3, Sum: 0.5]
      [Code Root Scanning (ms): Min: 0.0, Avg: 0.0, Max: 0.0, Diff: 0.0, Sum: 0.0]
      [Object Copy (ms): Min: 0.0, Avg: 2.1, Max: 3.5, Diff: 3.5, Sum: 16.9]
      [Termination (ms): Min: 0.0, Avg: 6.6, Max: 10.1, Diff: 10.1, Sum: 52.8]
         [Termination Attempts: Min: 1, Avg: 1.6, Max: 3, Diff: 2, Sum: 13]
      [GC Worker Other (ms): Min: 0.0, Avg: 0.0, Max: 0.0, Diff: 0.0, Sum: 0.1]
      [GC Worker Total (ms): Min: 0.0, Avg: 10.8, Max: 17.1, Diff: 17.1, Sum: 86.1]
      [GC Worker End (ms): Min: 8525677.4, Avg: 8525677.5, Max: 8525677.6, Diff: 0.2]
   [Code Root Fixup: 0.0 ms]
   [Code Root Purge: 0.0 ms]
   [Clear CT: 2.0 ms]
   [Other: 38.4 ms]
      [Choose CSet: 0.0 ms]
      [Ref Proc: 36.5 ms]
      [Ref Enq: 0.0 ms]
      [Redirty Cards: 0.8 ms]
      [Humongous Register: 0.1 ms]
      [Humongous Reclaim: 0.0 ms]
      [Free CSet: 0.7 ms]
   [Eden: 49152.0K(49152.0K)->0.0B(50176.0K) Survivors: 3072.0K->2048.0K Heap: 318.7M(1024.0M)->270.4M(1024.0M)]
 [Times: user=0.23 sys=0.00, real=0.06 secs] 
2022-11-24T09:15:43.440+0100: 8532.322: [GC pause (G1 Evacuation Pause) (young), 0.0301559 secs]
   [Parallel Time: 12.1 ms, GC Workers: 8]
      [GC Worker Start (ms): Min: 8532322.6, Avg: 8532323.4, Max: 8532325.6, Diff: 3.0]
      [Ext Root Scanning (ms): Min: 0.0, Avg: 4.6, Max: 11.5, Diff: 11.5, Sum: 36.7]
      [Update RS (ms): Min: 0.0, Avg: 2.1, Max: 4.0, Diff: 4.0, Sum: 16.5]
         [Processed Buffers: Min: 0, Avg: 6.1, Max: 26, Diff: 26, Sum: 49]
      [Scan RS (ms): Min: 0.0, Avg: 0.0, Max: 0.0, Diff: 0.0, Sum: 0.1]
      [Code Root Scanning (ms): Min: 0.0, Avg: 0.0, Max: 0.0, Diff: 0.0, Sum: 0.0]
      [Object Copy (ms): Min: 0.0, Avg: 1.3, Max: 2.3, Diff: 2.3, Sum: 10.8]
      [Termination (ms): Min: 0.0, Avg: 2.9, Max: 4.3, Diff: 4.3, Sum: 22.8]
         [Termination Attempts: Min: 1, Avg: 1.0, Max: 1, Diff: 0, Sum: 8]
      [GC Worker Other (ms): Min: 0.0, Avg: 0.0, Max: 0.0, Diff: 0.0, Sum: 0.1]
      [GC Worker Total (ms): Min: 8.7, Avg: 10.9, Max: 11.7, Diff: 3.0, Sum: 87.0]
      [GC Worker End (ms): Min: 8532334.2, Avg: 8532334.3, Max: 8532334.4, Diff: 0.1]
   [Code Root Fixup: 0.0 ms]
   [Code Root Purge: 0.0 ms]
   [Clear CT: 0.8 ms]
   [Other: 17.3 ms]
      [Choose CSet: 0.0 ms]
      [Ref Proc: 7.7 ms]
      [Ref Enq: 0.0 ms]
      [Redirty Cards: 9.0 ms]
      [Humongous Register: 0.1 ms]
      [Humongous Reclaim: 0.0 ms]
      [Free CSet: 0.1 ms]
   [Eden: 50176.0K(50176.0K)->0.0B(50176.0K) Survivors: 2048.0K->2048.0K Heap: 319.4M(1024.0M)->270.5M(1024.0M)]
 [Times: user=0.06 sys=0.01, real=0.03 secs] 
2022-11-24T09:15:52.814+0100: 8541.696: [GC pause (G1 Evacuation Pause) (young), 0.0380092 secs]
   [Parallel Time: 25.2 ms, GC Workers: 8]
      [GC Worker Start (ms): Min: 8541696.3, Avg: 8541697.9, Max: 8541705.3, Diff: 9.0]
      [Ext Root Scanning (ms): Min: 0.0, Avg: 5.7, Max: 12.1, Diff: 12.1, Sum: 45.8]
      [Update RS (ms): Min: 0.0, Avg: 2.7, Max: 6.8, Diff: 6.8, Sum: 21.3]
         [Processed Buffers: Min: 0, Avg: 6.6, Max: 24, Diff: 24, Sum: 53]
      [Scan RS (ms): Min: 0.0, Avg: 0.0, Max: 0.2, Diff: 0.2, Sum: 0.2]
      [Code Root Scanning (ms): Min: 0.0, Avg: 0.0, Max: 0.0, Diff: 0.0, Sum: 0.0]
      [Object Copy (ms): Min: 0.0, Avg: 4.0, Max: 11.0, Diff: 11.0, Sum: 31.9]
      [Termination (ms): Min: 0.0, Avg: 6.7, Max: 9.9, Diff: 9.9, Sum: 53.5]
         [Termination Attempts: Min: 1, Avg: 1.1, Max: 2, Diff: 1, Sum: 9]
      [GC Worker Other (ms): Min: 0.0, Avg: 0.0, Max: 0.0, Diff: 0.0, Sum: 0.1]
      [GC Worker Total (ms): Min: 10.8, Avg: 19.1, Max: 22.0, Diff: 11.2, Sum: 152.8]
      [GC Worker End (ms): Min: 8541716.1, Avg: 8541717.1, Max: 8541719.3, Diff: 3.2]
   [Code Root Fixup: 0.0 ms]
   [Code Root Purge: 0.0 ms]
   [Clear CT: 1.4 ms]
   [Other: 11.4 ms]
      [Choose CSet: 0.0 ms]
      [Ref Proc: 9.6 ms]
      [Ref Enq: 0.0 ms]
      [Redirty Cards: 1.0 ms]
      [Humongous Register: 0.1 ms]
      [Humongous Reclaim: 0.1 ms]
      [Free CSet: 0.1 ms]
   [Eden: 50176.0K(50176.0K)->0.0B(50176.0K) Survivors: 2048.0K->2048.0K Heap: 319.5M(1024.0M)->270.6M(1024.0M)]
 [Times: user=0.12 sys=0.01, real=0.03 secs] 
2022-11-24T09:16:04.179+0100: 8553.061: [GC pause (G1 Evacuation Pause) (young), 0.0243946 secs]
   [Parallel Time: 12.0 ms, GC Workers: 8]
      [GC Worker Start (ms): Min: 8553061.0, Avg: 8553063.5, Max: 8553068.8, Diff: 7.9]
      [Ext Root Scanning (ms): Min: 0.0, Avg: 0.7, Max: 1.8, Diff: 1.7, Sum: 5.9]
      [Update RS (ms): Min: 0.0, Avg: 4.6, Max: 10.4, Diff: 10.4, Sum: 36.8]
         [Processed Buffers: Min: 0, Avg: 6.4, Max: 21, Diff: 21, Sum: 51]
      [Scan RS (ms): Min: 0.0, Avg: 0.5, Max: 2.4, Diff: 2.4, Sum: 4.1]
      [Code Root Scanning (ms): Min: 0.0, Avg: 0.0, Max: 0.0, Diff: 0.0, Sum: 0.0]
      [Object Copy (ms): Min: 0.0, Avg: 2.7, Max: 4.7, Diff: 4.7, Sum: 21.3]
      [Termination (ms): Min: 0.0, Avg: 0.5, Max: 0.8, Diff: 0.8, Sum: 3.8]
         [Termination Attempts: Min: 1, Avg: 34.2, Max: 76, Diff: 75, Sum: 274]
      [GC Worker Other (ms): Min: 0.0, Avg: 0.0, Max: 0.0, Diff: 0.0, Sum: 0.1]
      [GC Worker Total (ms): Min: 3.7, Avg: 9.0, Max: 11.5, Diff: 7.9, Sum: 72.1]
      [GC Worker End (ms): Min: 8553072.5, Avg: 8553072.5, Max: 8553072.5, Diff: 0.0]
   [Code Root Fixup: 0.0 ms]
   [Code Root Purge: 0.0 ms]
   [Clear CT: 0.7 ms]
   [Other: 11.7 ms]
      [Choose CSet: 0.0 ms]
      [Ref Proc: 10.5 ms]
      [Ref Enq: 0.0 ms]
      [Redirty Cards: 0.7 ms]
      [Humongous Register: 0.1 ms]
      [Humongous Reclaim: 0.0 ms]
      [Free CSet: 0.1 ms]
   [Eden: 50176.0K(50176.0K)->0.0B(50176.0K) Survivors: 2048.0K->2048.0K Heap: 319.6M(1024.0M)->270.9M(1024.0M)]
 [Times: user=0.11 sys=0.00, real=0.02 secs] 
2022-11-24T09:16:17.565+0100: 8566.447: [GC pause (G1 Evacuation Pause) (young), 0.0751567 secs]
   [Parallel Time: 22.5 ms, GC Workers: 8]
      [GC Worker Start (ms): Min: 8566448.1, Avg: 8566458.0, Max: 8566464.1, Diff: 16.0]
      [Ext Root Scanning (ms): Min: 0.0, Avg: 0.7, Max: 5.7, Diff: 5.7, Sum: 5.8]
      [Update RS (ms): Min: 0.0, Avg: 3.3, Max: 9.5, Diff: 9.5, Sum: 26.0]
         [Processed Buffers: Min: 0, Avg: 5.9, Max: 20, Diff: 20, Sum: 47]
      [Scan RS (ms): Min: 0.0, Avg: 1.1, Max: 2.8, Diff: 2.8, Sum: 9.1]
      [Code Root Scanning (ms): Min: 0.0, Avg: 0.0, Max: 0.0, Diff: 0.0, Sum: 0.0]
      [Object Copy (ms): Min: 0.0, Avg: 1.2, Max: 2.3, Diff: 2.3, Sum: 9.4]
      [Termination (ms): Min: 0.4, Avg: 1.8, Max: 2.6, Diff: 2.2, Sum: 14.6]
         [Termination Attempts: Min: 1, Avg: 12.6, Max: 45, Diff: 44, Sum: 101]
      [GC Worker Other (ms): Min: 0.0, Avg: 0.0, Max: 0.0, Diff: 0.0, Sum: 0.1]
      [GC Worker Total (ms): Min: 1.6, Avg: 8.1, Max: 17.7, Diff: 16.0, Sum: 65.1]
      [GC Worker End (ms): Min: 8566465.7, Avg: 8566466.1, Max: 8566467.6, Diff: 1.9]
   [Code Root Fixup: 0.0 ms]
   [Code Root Purge: 0.0 ms]
   [Clear CT: 0.9 ms]
   [Other: 51.8 ms]
      [Choose CSet: 0.0 ms]
      [Ref Proc: 46.5 ms]
      [Ref Enq: 0.0 ms]
      [Redirty Cards: 3.6 ms]
      [Humongous Register: 0.4 ms]
      [Humongous Reclaim: 0.1 ms]
      [Free CSet: 0.1 ms]
   [Eden: 50176.0K(50176.0K)->0.0B(50176.0K) Survivors: 2048.0K->2048.0K Heap: 319.9M(1024.0M)->270.6M(1024.0M)]
 [Times: user=0.13 sys=0.00, real=0.07 secs] 
2022-11-24T09:16:32.337+0100: 8581.219: [GC pause (G1 Evacuation Pause) (young), 0.0409624 secs]
   [Parallel Time: 21.0 ms, GC Workers: 8]
      [GC Worker Start (ms): Min: 8581220.4, Avg: 8581234.3, Max: 8581236.9, Diff: 16.5]
      [Ext Root Scanning (ms): Min: 0.0, Avg: 0.5, Max: 4.1, Diff: 4.0, Sum: 4.1]
      [Update RS (ms): Min: 0.0, Avg: 2.2, Max: 15.0, Diff: 15.0, Sum: 17.6]
         [Processed Buffers: Min: 0, Avg: 5.2, Max: 19, Diff: 19, Sum: 42]
      [Scan RS (ms): Min: 0.0, Avg: 1.1, Max: 2.0, Diff: 2.0, Sum: 8.4]
      [Code Root Scanning (ms): Min: 0.0, Avg: 0.0, Max: 0.0, Diff: 0.0, Sum: 0.0]
      [Object Copy (ms): Min: 0.7, Avg: 2.2, Max: 3.0, Diff: 2.3, Sum: 17.2]
      [Termination (ms): Min: 0.0, Avg: 0.5, Max: 0.8, Diff: 0.8, Sum: 3.9]
         [Termination Attempts: Min: 1, Avg: 4.2, Max: 7, Diff: 6, Sum: 34]
      [GC Worker Other (ms): Min: 0.0, Avg: 0.0, Max: 0.0, Diff: 0.0, Sum: 0.1]
      [GC Worker Total (ms): Min: 3.8, Avg: 6.4, Max: 20.5, Diff: 16.7, Sum: 51.5]
      [GC Worker End (ms): Min: 8581240.7, Avg: 8581240.7, Max: 8581240.9, Diff: 0.2]
   [Code Root Fixup: 0.0 ms]
   [Code Root Purge: 0.0 ms]
   [Clear CT: 3.7 ms]
   [Other: 16.2 ms]
      [Choose CSet: 0.0 ms]
      [Ref Proc: 13.2 ms]
      [Ref Enq: 0.0 ms]
      [Redirty Cards: 1.7 ms]
      [Humongous Register: 0.7 ms]
      [Humongous Reclaim: 0.0 ms]
      [Free CSet: 0.1 ms]
   [Eden: 50176.0K(50176.0K)->0.0B(50176.0K) Survivors: 2048.0K->2048.0K Heap: 319.6M(1024.0M)->270.9M(1024.0M)]
 [Times: user=0.07 sys=0.01, real=0.04 secs] 
2022-11-24T09:16:46.276+0100: 8595.158: [GC pause (G1 Evacuation Pause) (young), 0.0642429 secs]
   [Parallel Time: 21.7 ms, GC Workers: 8]
      [GC Worker Start (ms): Min: 8595158.9, Avg: 8595173.3, Max: 8595180.1, Diff: 21.2]
      [Ext Root Scanning (ms): Min: 0.0, Avg: 0.4, Max: 3.1, Diff: 3.1, Sum: 3.2]
      [Update RS (ms): Min: 0.0, Avg: 2.8, Max: 10.2, Diff: 10.2, Sum: 22.3]
         [Processed Buffers: Min: 0, Avg: 5.1, Max: 35, Diff: 35, Sum: 41]
      [Scan RS (ms): Min: 0.0, Avg: 1.0, Max: 3.4, Diff: 3.4, Sum: 8.0]
      [Code Root Scanning (ms): Min: 0.0, Avg: 0.0, Max: 0.0, Diff: 0.0, Sum: 0.0]
      [Object Copy (ms): Min: 0.0, Avg: 1.0, Max: 1.9, Diff: 1.9, Sum: 8.1]
      [Termination (ms): Min: 0.0, Avg: 1.6, Max: 2.6, Diff: 2.6, Sum: 13.0]
         [Termination Attempts: Min: 1, Avg: 1.0, Max: 1, Diff: 0, Sum: 8]
      [GC Worker Other (ms): Min: 0.0, Avg: 0.0, Max: 0.0, Diff: 0.0, Sum: 0.1]
      [GC Worker Total (ms): Min: 0.0, Avg: 6.8, Max: 21.3, Diff: 21.3, Sum: 54.6]
      [GC Worker End (ms): Min: 8595180.1, Avg: 8595180.2, Max: 8595180.2, Diff: 0.1]
   [Code Root Fixup: 0.0 ms]
   [Code Root Purge: 0.0 ms]
   [Clear CT: 0.9 ms]
   [Other: 41.6 ms]
      [Choose CSet: 0.0 ms]
      [Ref Proc: 40.1 ms]
      [Ref Enq: 0.0 ms]
      [Redirty Cards: 0.3 ms]
      [Humongous Register: 0.1 ms]
      [Humongous Reclaim: 0.0 ms]
      [Free CSet: 0.1 ms]
   [Eden: 50176.0K(50176.0K)->0.0B(51200.0K) Survivors: 2048.0K->1024.0K Heap: 319.9M(1024.0M)->270.4M(1024.0M)]
 [Times: user=0.16 sys=0.01, real=0.07 secs] 
2022-11-24T09:16:58.469+0100: 8607.351: [GC pause (G1 Evacuation Pause) (young), 0.0337768 secs]
   [Parallel Time: 11.0 ms, GC Workers: 8]
      [GC Worker Start (ms): Min: 8607351.6, Avg: 8607355.8, Max: 8607359.9, Diff: 8.3]
      [Ext Root Scanning (ms): Min: 0.0, Avg: 0.4, Max: 1.3, Diff: 1.3, Sum: 3.4]
      [Update RS (ms): Min: 0.0, Avg: 1.4, Max: 3.9, Diff: 3.9, Sum: 11.0]
         [Processed Buffers: Min: 0, Avg: 5.5, Max: 14, Diff: 14, Sum: 44]
      [Scan RS (ms): Min: 0.0, Avg: 0.7, Max: 1.9, Diff: 1.9, Sum: 5.9]
      [Code Root Scanning (ms): Min: 0.0, Avg: 0.0, Max: 0.0, Diff: 0.0, Sum: 0.0]
      [Object Copy (ms): Min: 0.0, Avg: 1.2, Max: 4.1, Diff: 4.1, Sum: 9.4]
      [Termination (ms): Min: 0.0, Avg: 1.8, Max: 2.5, Diff: 2.5, Sum: 14.7]
         [Termination Attempts: Min: 1, Avg: 1.9, Max: 5, Diff: 4, Sum: 15]
      [GC Worker Other (ms): Min: 0.0, Avg: 0.0, Max: 0.0, Diff: 0.0, Sum: 0.1]
      [GC Worker Total (ms): Min: 1.5, Avg: 5.6, Max: 9.7, Diff: 8.2, Sum: 44.5]
      [GC Worker End (ms): Min: 8607361.3, Avg: 8607361.4, Max: 8607361.5, Diff: 0.1]
   [Code Root Fixup: 0.0 ms]
   [Code Root Purge: 0.0 ms]
   [Clear CT: 2.4 ms]
   [Other: 20.3 ms]
      [Choose CSet: 0.0 ms]
      [Ref Proc: 18.2 ms]
      [Ref Enq: 0.0 ms]
      [Redirty Cards: 1.5 ms]
      [Humongous Register: 0.1 ms]
      [Humongous Reclaim: 0.0 ms]
      [Free CSet: 0.1 ms]
   [Eden: 51200.0K(51200.0K)->0.0B(51200.0K) Survivors: 1024.0K->1024.0K Heap: 320.4M(1024.0M)->270.6M(1024.0M)]
 [Times: user=0.08 sys=0.01, real=0.03 secs] 
2022-11-24T09:17:08.622+0100: 8617.504: [GC pause (G1 Evacuation Pause) (young), 0.0510628 secs]
   [Parallel Time: 14.9 ms, GC Workers: 8]
      [GC Worker Start (ms): Min: 8617504.7, Avg: 8617505.2, Max: 8617506.7, Diff: 2.0]
      [Ext Root Scanning (ms): Min: 0.1, Avg: 3.2, Max: 5.9, Diff: 5.8, Sum: 25.3]
      [Update RS (ms): Min: 0.0, Avg: 1.2, Max: 2.4, Diff: 2.4, Sum: 9.3]
         [Processed Buffers: Min: 0, Avg: 4.9, Max: 15, Diff: 15, Sum: 39]
      [Scan RS (ms): Min: 0.0, Avg: 1.0, Max: 6.0, Diff: 6.0, Sum: 7.9]
      [Code Root Scanning (ms): Min: 0.0, Avg: 0.0, Max: 0.0, Diff: 0.0, Sum: 0.0]
      [Object Copy (ms): Min: 0.0, Avg: 0.7, Max: 1.4, Diff: 1.3, Sum: 6.0]
      [Termination (ms): Min: 0.2, Avg: 4.6, Max: 6.7, Diff: 6.5, Sum: 37.2]
         [Termination Attempts: Min: 1, Avg: 3.8, Max: 8, Diff: 7, Sum: 30]
      [GC Worker Other (ms): Min: 0.0, Avg: 0.0, Max: 0.0, Diff: 0.0, Sum: 0.1]
      [GC Worker Total (ms): Min: 8.7, Avg: 10.7, Max: 12.6, Diff: 3.8, Sum: 85.8]
      [GC Worker End (ms): Min: 8617515.3, Avg: 8617515.9, Max: 8617517.4, Diff: 2.1]
   [Code Root Fixup: 0.0 ms]
   [Code Root Purge: 0.0 ms]
   [Clear CT: 0.9 ms]
   [Other: 35.3 ms]
      [Choose CSet: 0.0 ms]
      [Ref Proc: 26.4 ms]
      [Ref Enq: 0.0 ms]
      [Redirty Cards: 7.6 ms]
      [Humongous Register: 0.1 ms]
      [Humongous Reclaim: 0.8 ms]
      [Free CSet: 0.1 ms]
   [Eden: 51200.0K(51200.0K)->0.0B(51200.0K) Survivors: 1024.0K->1024.0K Heap: 320.6M(1024.0M)->270.7M(1024.0M)]
 [Times: user=0.16 sys=0.00, real=0.05 secs] 
2022-11-24T09:17:26.196+0100: 8635.078: [GC pause (G1 Evacuation Pause) (young), 0.1134395 secs]
   [Parallel Time: 44.8 ms, GC Workers: 8]
      [GC Worker Start (ms): Min: 8635089.4, Avg: 8635100.6, Max: 8635110.5, Diff: 21.2]
      [Ext Root Scanning (ms): Min: 0.0, Avg: 0.4, Max: 1.5, Diff: 1.5, Sum: 3.0]
      [Update RS (ms): Min: 0.0, Avg: 8.4, Max: 20.6, Diff: 20.6, Sum: 67.2]
         [Processed Buffers: Min: 0, Avg: 5.8, Max: 22, Diff: 22, Sum: 46]
      [Scan RS (ms): Min: 0.0, Avg: 0.0, Max: 0.2, Diff: 0.2, Sum: 0.3]
      [Code Root Scanning (ms): Min: 0.0, Avg: 0.0, Max: 0.0, Diff: 0.0, Sum: 0.0]
      [Object Copy (ms): Min: 0.0, Avg: 2.2, Max: 11.7, Diff: 11.7, Sum: 17.5]
      [Termination (ms): Min: 0.0, Avg: 11.2, Max: 18.1, Diff: 18.1, Sum: 89.4]
         [Termination Attempts: Min: 1, Avg: 5.2, Max: 11, Diff: 10, Sum: 42]
      [GC Worker Other (ms): Min: 0.0, Avg: 0.0, Max: 0.0, Diff: 0.0, Sum: 0.1]
      [GC Worker Total (ms): Min: 12.0, Avg: 22.2, Max: 32.1, Diff: 20.1, Sum: 177.5]
      [GC Worker End (ms): Min: 8635120.4, Avg: 8635122.8, Max: 8635128.3, Diff: 7.9]
   [Code Root Fixup: 0.0 ms]
   [Code Root Purge: 0.0 ms]
   [Clear CT: 1.0 ms]
   [Other: 67.6 ms]
      [Choose CSet: 0.0 ms]
      [Ref Proc: 55.0 ms]
      [Ref Enq: 0.0 ms]
      [Redirty Cards: 0.9 ms]
      [Humongous Register: 0.1 ms]
      [Humongous Reclaim: 0.1 ms]
      [Free CSet: 0.1 ms]
   [Eden: 51200.0K(51200.0K)->0.0B(51200.0K) Survivors: 1024.0K->1024.0K Heap: 320.7M(1024.0M)->270.5M(1024.0M)]
 [Times: user=0.25 sys=0.09, real=0.10 secs] 
2022-11-24T09:17:49.714+0100: 8658.596: [GC pause (G1 Evacuation Pause) (young), 0.0891729 secs]
   [Parallel Time: 52.4 ms, GC Workers: 8]
      [GC Worker Start (ms): Min: 8658596.5, Avg: 8658612.9, Max: 8658626.9, Diff: 30.4]
      [Ext Root Scanning (ms): Min: 0.0, Avg: 2.4, Max: 17.5, Diff: 17.5, Sum: 18.9]
      [Update RS (ms): Min: 0.0, Avg: 4.8, Max: 28.6, Diff: 28.6, Sum: 38.1]
         [Processed Buffers: Min: 0, Avg: 5.5, Max: 19, Diff: 19, Sum: 44]
      [Scan RS (ms): Min: 0.0, Avg: 1.3, Max: 9.3, Diff: 9.3, Sum: 10.3]
      [Code Root Scanning (ms): Min: 0.0, Avg: 0.0, Max: 0.0, Diff: 0.0, Sum: 0.0]
      [Object Copy (ms): Min: 0.0, Avg: 0.6, Max: 1.0, Diff: 1.0, Sum: 4.4]
      [Termination (ms): Min: 0.0, Avg: 20.8, Max: 32.1, Diff: 32.1, Sum: 166.5]
         [Termination Attempts: Min: 1, Avg: 11.4, Max: 73, Diff: 72, Sum: 91]
      [GC Worker Other (ms): Min: 0.0, Avg: 0.0, Max: 0.0, Diff: 0.0, Sum: 0.2]
      [GC Worker Total (ms): Min: 16.4, Avg: 29.8, Max: 48.9, Diff: 32.4, Sum: 238.3]
      [GC Worker End (ms): Min: 8658640.3, Avg: 8658642.7, Max: 8658647.3, Diff: 7.1]
   [Code Root Fixup: 0.0 ms]
   [Code Root Purge: 0.0 ms]
   [Clear CT: 1.0 ms]
   [Other: 35.7 ms]
      [Choose CSet: 0.0 ms]
      [Ref Proc: 33.8 ms]
      [Ref Enq: 0.0 ms]
      [Redirty Cards: 1.0 ms]
      [Humongous Register: 0.3 ms]
      [Humongous Reclaim: 0.0 ms]
      [Free CSet: 0.1 ms]
   [Eden: 51200.0K(51200.0K)->0.0B(51200.0K) Survivors: 1024.0K->1024.0K Heap: 320.5M(1024.0M)->270.6M(1024.0M)]
 [Times: user=0.22 sys=0.05, real=0.09 secs] 
2022-11-24T09:18:09.314+0100: 8678.196: [GC pause (G1 Evacuation Pause) (young), 0.0343460 secs]
   [Parallel Time: 18.3 ms, GC Workers: 8]
      [GC Worker Start (ms): Min: 8678196.4, Avg: 8678208.7, Max: 8678214.2, Diff: 17.8]
      [Ext Root Scanning (ms): Min: 0.0, Avg: 0.9, Max: 7.4, Diff: 7.4, Sum: 7.5]
      [Update RS (ms): Min: 0.0, Avg: 3.4, Max: 9.9, Diff: 9.9, Sum: 27.4]
         [Processed Buffers: Min: 0, Avg: 5.1, Max: 27, Diff: 27, Sum: 41]
      [Scan RS (ms): Min: 0.0, Avg: 0.0, Max: 0.1, Diff: 0.1, Sum: 0.2]
      [Code Root Scanning (ms): Min: 0.0, Avg: 0.0, Max: 0.0, Diff: 0.0, Sum: 0.0]
      [Object Copy (ms): Min: 0.0, Avg: 0.8, Max: 2.7, Diff: 2.7, Sum: 6.5]
      [Termination (ms): Min: 0.0, Avg: 0.4, Max: 1.4, Diff: 1.4, Sum: 3.2]
         [Termination Attempts: Min: 1, Avg: 1.2, Max: 3, Diff: 2, Sum: 10]
      [GC Worker Other (ms): Min: 0.0, Avg: 0.0, Max: 0.1, Diff: 0.1, Sum: 0.1]
      [GC Worker Total (ms): Min: 0.0, Avg: 5.6, Max: 17.9, Diff: 17.9, Sum: 45.0]
      [GC Worker End (ms): Min: 8678214.3, Avg: 8678214.3, Max: 8678214.4, Diff: 0.1]
   [Code Root Fixup: 0.0 ms]
   [Code Root Purge: 0.0 ms]
   [Clear CT: 3.0 ms]
   [Other: 13.0 ms]
      [Choose CSet: 0.0 ms]
      [Ref Proc: 11.9 ms]
      [Ref Enq: 0.0 ms]
      [Redirty Cards: 0.5 ms]
      [Humongous Register: 0.1 ms]
      [Humongous Reclaim: 0.1 ms]
      [Free CSet: 0.1 ms]
   [Eden: 51200.0K(51200.0K)->0.0B(51200.0K) Survivors: 1024.0K->1024.0K Heap: 320.6M(1024.0M)->270.5M(1024.0M)]
 [Times: user=0.07 sys=0.04, real=0.04 secs] 
2022-11-24T09:18:25.846+0100: 8694.728: [GC pause (G1 Evacuation Pause) (young), 0.0151034 secs]
   [Parallel Time: 6.6 ms, GC Workers: 8]
      [GC Worker Start (ms): Min: 8694728.4, Avg: 8694731.1, Max: 8694734.4, Diff: 6.0]
      [Ext Root Scanning (ms): Min: 0.0, Avg: 1.1, Max: 2.8, Diff: 2.7, Sum: 8.5]
      [Update RS (ms): Min: 0.0, Avg: 1.4, Max: 2.6, Diff: 2.6, Sum: 11.2]
         [Processed Buffers: Min: 0, Avg: 4.9, Max: 13, Diff: 13, Sum: 39]
      [Scan RS (ms): Min: 0.0, Avg: 0.0, Max: 0.0, Diff: 0.0, Sum: 0.1]
      [Code Root Scanning (ms): Min: 0.0, Avg: 0.0, Max: 0.0, Diff: 0.0, Sum: 0.0]
      [Object Copy (ms): Min: 0.0, Avg: 0.1, Max: 0.2, Diff: 0.2, Sum: 0.7]
      [Termination (ms): Min: 0.0, Avg: 0.8, Max: 1.6, Diff: 1.6, Sum: 6.2]
         [Termination Attempts: Min: 1, Avg: 3.1, Max: 11, Diff: 10, Sum: 25]
      [GC Worker Other (ms): Min: 0.0, Avg: 0.0, Max: 0.0, Diff: 0.0, Sum: 0.1]
      [GC Worker Total (ms): Min: 0.0, Avg: 3.3, Max: 6.1, Diff: 6.1, Sum: 26.7]
      [GC Worker End (ms): Min: 8694734.4, Avg: 8694734.5, Max: 8694734.5, Diff: 0.0]
   [Code Root Fixup: 0.0 ms]
   [Code Root Purge: 0.0 ms]
   [Clear CT: 1.4 ms]
   [Other: 7.1 ms]
      [Choose CSet: 0.0 ms]
      [Ref Proc: 6.1 ms]
      [Ref Enq: 0.0 ms]
      [Redirty Cards: 0.2 ms]
      [Humongous Register: 0.1 ms]
      [Humongous Reclaim: 0.1 ms]
      [Free CSet: 0.1 ms]
   [Eden: 51200.0K(51200.0K)->0.0B(51200.0K) Survivors: 1024.0K->1024.0K Heap: 320.5M(1024.0M)->270.4M(1024.0M)]
 [Times: user=0.05 sys=0.00, real=0.01 secs] 
2022-11-24T09:18:38.192+0100: 8707.075: [GC pause (G1 Evacuation Pause) (young), 0.0162310 secs]
   [Parallel Time: 9.9 ms, GC Workers: 8]
      [GC Worker Start (ms): Min: 8707074.8, Avg: 8707082.0, Max: 8707083.9, Diff: 9.1]
      [Ext Root Scanning (ms): Min: 0.0, Avg: 0.7, Max: 5.6, Diff: 5.6, Sum: 5.8]
      [Update RS (ms): Min: 0.0, Avg: 0.1, Max: 0.6, Diff: 0.6, Sum: 0.7]
         [Processed Buffers: Min: 0, Avg: 3.6, Max: 29, Diff: 29, Sum: 29]
      [Scan RS (ms): Min: 0.0, Avg: 0.0, Max: 0.0, Diff: 0.0, Sum: 0.1]
      [Code Root Scanning (ms): Min: 0.0, Avg: 0.0, Max: 0.0, Diff: 0.0, Sum: 0.0]
      [Object Copy (ms): Min: 0.0, Avg: 0.0, Max: 0.2, Diff: 0.2, Sum: 0.2]
      [Termination (ms): Min: 0.0, Avg: 1.2, Max: 2.7, Diff: 2.7, Sum: 9.3]
         [Termination Attempts: Min: 1, Avg: 1.0, Max: 1, Diff: 0, Sum: 8]
      [GC Worker Other (ms): Min: 0.0, Avg: 0.0, Max: 0.0, Diff: 0.0, Sum: 0.1]
      [GC Worker Total (ms): Min: 0.0, Avg: 2.0, Max: 9.2, Diff: 9.2, Sum: 16.1]
      [GC Worker End (ms): Min: 8707083.9, Avg: 8707084.0, Max: 8707084.0, Diff: 0.1]
   [Code Root Fixup: 0.0 ms]
   [Code Root Purge: 0.0 ms]
   [Clear CT: 1.9 ms]
   [Other: 4.4 ms]
      [Choose CSet: 0.0 ms]
      [Ref Proc: 2.9 ms]
      [Ref Enq: 0.0 ms]
      [Redirty Cards: 1.0 ms]
      [Humongous Register: 0.1 ms]
      [Humongous Reclaim: 0.0 ms]
      [Free CSet: 0.1 ms]
   [Eden: 51200.0K(51200.0K)->0.0B(51200.0K) Survivors: 1024.0K->1024.0K Heap: 320.4M(1024.0M)->270.4M(1024.0M)]
 [Times: user=0.02 sys=0.01, real=0.02 secs] 
2022-11-24T09:18:51.135+0100: 8720.017: [GC pause (G1 Evacuation Pause) (young), 0.0318850 secs]
   [Parallel Time: 21.1 ms, GC Workers: 8]
      [GC Worker Start (ms): Min: 8720017.7, Avg: 8720025.3, Max: 8720030.8, Diff: 13.1]
      [Ext Root Scanning (ms): Min: 0.0, Avg: 0.5, Max: 3.9, Diff: 3.9, Sum: 4.0]
      [Update RS (ms): Min: 0.0, Avg: 0.1, Max: 1.0, Diff: 1.0, Sum: 1.0]
         [Processed Buffers: Min: 0, Avg: 3.9, Max: 31, Diff: 31, Sum: 31]
      [Scan RS (ms): Min: 0.0, Avg: 0.0, Max: 0.0, Diff: 0.0, Sum: 0.1]
      [Code Root Scanning (ms): Min: 0.0, Avg: 0.0, Max: 0.0, Diff: 0.0, Sum: 0.0]
      [Object Copy (ms): Min: 0.0, Avg: 0.4, Max: 3.1, Diff: 3.1, Sum: 3.3]
      [Termination (ms): Min: 0.0, Avg: 4.9, Max: 6.6, Diff: 6.6, Sum: 39.3]
         [Termination Attempts: Min: 1, Avg: 1.2, Max: 3, Diff: 2, Sum: 10]
      [GC Worker Other (ms): Min: 0.0, Avg: 0.3, Max: 2.7, Diff: 2.7, Sum: 2.8]
      [GC Worker Total (ms): Min: 0.0, Avg: 6.3, Max: 13.2, Diff: 13.2, Sum: 50.5]
      [GC Worker End (ms): Min: 8720030.9, Avg: 8720031.6, Max: 8720035.4, Diff: 4.5]
   [Code Root Fixup: 0.0 ms]
   [Code Root Purge: 0.0 ms]
   [Clear CT: 2.0 ms]
   [Other: 8.8 ms]
      [Choose CSet: 0.0 ms]
      [Ref Proc: 6.9 ms]
      [Ref Enq: 0.0 ms]
      [Redirty Cards: 0.8 ms]
      [Humongous Register: 0.1 ms]
      [Humongous Reclaim: 0.1 ms]
      [Free CSet: 0.4 ms]
   [Eden: 51200.0K(51200.0K)->0.0B(51200.0K) Survivors: 1024.0K->1024.0K Heap: 320.4M(1024.0M)->270.4M(1024.0M)]
 [Times: user=0.05 sys=0.02, real=0.03 secs] 
2022-11-24T09:19:03.899+0100: 8732.781: [GC pause (G1 Evacuation Pause) (young), 0.0112397 secs]
   [Parallel Time: 6.4 ms, GC Workers: 8]
      [GC Worker Start (ms): Min: 8732781.3, Avg: 8732786.5, Max: 8732787.5, Diff: 6.2]
      [Ext Root Scanning (ms): Min: 0.0, Avg: 0.5, Max: 4.0, Diff: 4.0, Sum: 4.1]
      [Update RS (ms): Min: 0.0, Avg: 0.1, Max: 1.0, Diff: 1.0, Sum: 1.1]
         [Processed Buffers: Min: 0, Avg: 3.9, Max: 31, Diff: 31, Sum: 31]
      [Scan RS (ms): Min: 0.0, Avg: 0.0, Max: 0.0, Diff: 0.0, Sum: 0.1]
      [Code Root Scanning (ms): Min: 0.0, Avg: 0.0, Max: 0.0, Diff: 0.0, Sum: 0.0]
      [Object Copy (ms): Min: 0.0, Avg: 0.0, Max: 0.3, Diff: 0.3, Sum: 0.3]
      [Termination (ms): Min: 0.0, Avg: 0.4, Max: 0.8, Diff: 0.8, Sum: 3.1]
         [Termination Attempts: Min: 1, Avg: 1.0, Max: 1, Diff: 0, Sum: 8]
      [GC Worker Other (ms): Min: 0.0, Avg: 0.0, Max: 0.0, Diff: 0.0, Sum: 0.1]
      [GC Worker Total (ms): Min: 0.0, Avg: 1.1, Max: 6.3, Diff: 6.2, Sum: 8.8]
      [GC Worker End (ms): Min: 8732787.6, Avg: 8732787.6, Max: 8732787.6, Diff: 0.0]
   [Code Root Fixup: 0.0 ms]
   [Code Root Purge: 0.0 ms]
   [Clear CT: 0.8 ms]
   [Other: 4.1 ms]
      [Choose CSet: 0.0 ms]
      [Ref Proc: 1.9 ms]
      [Ref Enq: 0.0 ms]
      [Redirty Cards: 1.4 ms]
      [Humongous Register: 0.3 ms]
      [Humongous Reclaim: 0.1 ms]
      [Free CSet: 0.1 ms]
   [Eden: 51200.0K(51200.0K)->0.0B(51200.0K) Survivors: 1024.0K->1024.0K Heap: 320.4M(1024.0M)->270.4M(1024.0M)]
 [Times: user=0.01 sys=0.00, real=0.01 secs] 
2022-11-24T09:19:14.861+0100: 8743.743: [GC pause (G1 Evacuation Pause) (young), 0.0373220 secs]
   [Parallel Time: 6.0 ms, GC Workers: 8]
      [GC Worker Start (ms): Min: 8743743.3, Avg: 8743745.6, Max: 8743747.7, Diff: 4.4]
      [Ext Root Scanning (ms): Min: 0.0, Avg: 0.5, Max: 1.7, Diff: 1.7, Sum: 4.2]
      [Update RS (ms): Min: 0.0, Avg: 0.2, Max: 0.8, Diff: 0.8, Sum: 1.8]
         [Processed Buffers: Min: 0, Avg: 3.8, Max: 13, Diff: 13, Sum: 30]
      [Scan RS (ms): Min: 0.0, Avg: 0.0, Max: 0.0, Diff: 0.0, Sum: 0.1]
      [Code Root Scanning (ms): Min: 0.0, Avg: 0.0, Max: 0.0, Diff: 0.0, Sum: 0.0]
      [Object Copy (ms): Min: 0.0, Avg: 0.3, Max: 2.0, Diff: 2.0, Sum: 2.5]
      [Termination (ms): Min: 0.0, Avg: 1.3, Max: 2.4, Diff: 2.4, Sum: 10.2]
         [Termination Attempts: Min: 1, Avg: 1.2, Max: 2, Diff: 1, Sum: 10]
      [GC Worker Other (ms): Min: 0.0, Avg: 0.0, Max: 0.0, Diff: 0.0, Sum: 0.1]
      [GC Worker Total (ms): Min: 0.0, Avg: 2.4, Max: 4.9, Diff: 4.9, Sum: 19.0]
      [GC Worker End (ms): Min: 8743747.7, Avg: 8743748.0, Max: 8743748.9, Diff: 1.1]
   [Code Root Fixup: 0.0 ms]
   [Code Root Purge: 0.0 ms]
   [Clear CT: 3.6 ms]
   [Other: 27.7 ms]
      [Choose CSet: 0.0 ms]
      [Ref Proc: 25.3 ms]
      [Ref Enq: 0.0 ms]
      [Redirty Cards: 1.7 ms]
      [Humongous Register: 0.2 ms]
      [Humongous Reclaim: 0.0 ms]
      [Free CSet: 0.1 ms]
   [Eden: 51200.0K(51200.0K)->0.0B(51200.0K) Survivors: 1024.0K->1024.0K Heap: 320.4M(1024.0M)->270.4M(1024.0M)]
 [Times: user=0.09 sys=0.00, real=0.04 secs] 
2022-11-24T09:37:02.732+0100: 8756.471: [GC pause (G1 Evacuation Pause) (young), 0.0113999 secs]
   [Parallel Time: 7.7 ms, GC Workers: 8]
      [GC Worker Start (ms): Min: 8756471.8, Avg: 8756477.6, Max: 8756478.8, Diff: 7.0]
      [Ext Root Scanning (ms): Min: 0.0, Avg: 0.5, Max: 3.6, Diff: 3.6, Sum: 3.6]
      [Update RS (ms): Min: 0.0, Avg: 0.3, Max: 2.3, Diff: 2.3, Sum: 2.3]
         [Processed Buffers: Min: 0, Avg: 4.2, Max: 34, Diff: 34, Sum: 34]
      [Scan RS (ms): Min: 0.0, Avg: 0.0, Max: 0.0, Diff: 0.0, Sum: 0.1]
      [Code Root Scanning (ms): Min: 0.0, Avg: 0.0, Max: 0.0, Diff: 0.0, Sum: 0.0]
      [Object Copy (ms): Min: 0.0, Avg: 0.1, Max: 0.5, Diff: 0.5, Sum: 0.5]
      [Termination (ms): Min: 0.0, Avg: 0.4, Max: 0.7, Diff: 0.7, Sum: 3.1]
         [Termination Attempts: Min: 1, Avg: 1.0, Max: 1, Diff: 0, Sum: 8]
      [GC Worker Other (ms): Min: 0.0, Avg: 0.0, Max: 0.0, Diff: 0.0, Sum: 0.1]
      [GC Worker Total (ms): Min: 0.0, Avg: 1.2, Max: 7.0, Diff: 7.0, Sum: 9.6]
      [GC Worker End (ms): Min: 8756478.8, Avg: 8756478.8, Max: 8756479.1, Diff: 0.3]
   [Code Root Fixup: 0.0 ms]
   [Code Root Purge: 0.0 ms]
   [Clear CT: 0.4 ms]
   [Other: 3.3 ms]
      [Choose CSet: 0.0 ms]
      [Ref Proc: 1.3 ms]
      [Ref Enq: 0.0 ms]
      [Redirty Cards: 1.2 ms]
      [Humongous Register: 0.3 ms]
      [Humongous Reclaim: 0.1 ms]
      [Free CSet: 0.1 ms]
   [Eden: 51200.0K(51200.0K)->0.0B(51200.0K) Survivors: 1024.0K->1024.0K Heap: 320.4M(1024.0M)->270.4M(1024.0M)]
 [Times: user=0.02 sys=0.00, real=0.01 secs] 
2022-11-24T09:37:10.964+0100: 8764.704: [GC pause (G1 Evacuation Pause) (young), 0.0142362 secs]
   [Parallel Time: 11.5 ms, GC Workers: 8]
      [GC Worker Start (ms): Min: 8764704.1, Avg: 8764706.2, Max: 8764707.1, Diff: 3.0]
      [Ext Root Scanning (ms): Min: 0.0, Avg: 0.4, Max: 1.8, Diff: 1.8, Sum: 3.5]
      [Update RS (ms): Min: 0.0, Avg: 0.1, Max: 0.6, Diff: 0.6, Sum: 1.0]
         [Processed Buffers: Min: 0, Avg: 3.1, Max: 24, Diff: 24, Sum: 25]
      [Scan RS (ms): Min: 0.0, Avg: 0.0, Max: 0.1, Diff: 0.1, Sum: 0.1]
      [Code Root Scanning (ms): Min: 0.0, Avg: 0.0, Max: 0.0, Diff: 0.0, Sum: 0.0]
      [Object Copy (ms): Min: 0.0, Avg: 0.0, Max: 0.3, Diff: 0.3, Sum: 0.4]
      [Termination (ms): Min: 0.0, Avg: 1.4, Max: 8.7, Diff: 8.7, Sum: 11.1]
         [Termination Attempts: Min: 1, Avg: 1.1, Max: 2, Diff: 1, Sum: 9]
      [GC Worker Other (ms): Min: 0.0, Avg: 0.0, Max: 0.0, Diff: 0.0, Sum: 0.1]
      [GC Worker Total (ms): Min: 0.0, Avg: 2.0, Max: 11.2, Diff: 11.2, Sum: 16.1]
      [GC Worker End (ms): Min: 8764707.1, Avg: 8764708.2, Max: 8764715.3, Diff: 8.2]
   [Code Root Fixup: 0.0 ms]
   [Code Root Purge: 0.0 ms]
   [Clear CT: 0.5 ms]
   [Other: 2.1 ms]
      [Choose CSet: 0.0 ms]
      [Ref Proc: 1.0 ms]
      [Ref Enq: 0.0 ms]
      [Redirty Cards: 0.5 ms]
      [Humongous Register: 0.3 ms]
      [Humongous Reclaim: 0.1 ms]
      [Free CSet: 0.1 ms]
   [Eden: 51200.0K(51200.0K)->0.0B(51200.0K) Survivors: 1024.0K->1024.0K Heap: 320.4M(1024.0M)->270.4M(1024.0M)]
 [Times: user=0.01 sys=0.00, real=0.02 secs] 
2022-11-24T09:37:17.601+0100: 8771.340: [GC pause (G1 Evacuation Pause) (young), 0.0086325 secs]
   [Parallel Time: 3.8 ms, GC Workers: 8]
      [GC Worker Start (ms): Min: 8771340.9, Avg: 8771343.2, Max: 8771344.2, Diff: 3.3]
      [Ext Root Scanning (ms): Min: 0.0, Avg: 0.4, Max: 1.5, Diff: 1.5, Sum: 3.0]
      [Update RS (ms): Min: 0.0, Avg: 0.1, Max: 0.6, Diff: 0.6, Sum: 1.2]
         [Processed Buffers: Min: 0, Avg: 3.6, Max: 26, Diff: 26, Sum: 29]
      [Scan RS (ms): Min: 0.0, Avg: 0.0, Max: 0.0, Diff: 0.0, Sum: 0.1]
      [Code Root Scanning (ms): Min: 0.0, Avg: 0.0, Max: 0.0, Diff: 0.0, Sum: 0.0]
      [Object Copy (ms): Min: 0.0, Avg: 0.0, Max: 0.2, Diff: 0.2, Sum: 0.4]
      [Termination (ms): Min: 0.0, Avg: 0.5, Max: 1.1, Diff: 1.1, Sum: 3.7]
         [Termination Attempts: Min: 1, Avg: 1.0, Max: 1, Diff: 0, Sum: 8]
      [GC Worker Other (ms): Min: 0.0, Avg: 0.0, Max: 0.0, Diff: 0.0, Sum: 0.1]
      [GC Worker Total (ms): Min: 0.0, Avg: 1.0, Max: 3.4, Diff: 3.4, Sum: 8.3]
      [GC Worker End (ms): Min: 8771344.2, Avg: 8771344.3, Max: 8771344.3, Diff: 0.1]
   [Code Root Fixup: 0.0 ms]
   [Code Root Purge: 0.0 ms]
   [Clear CT: 1.1 ms]
   [Other: 3.7 ms]
      [Choose CSet: 0.0 ms]
      [Ref Proc: 1.6 ms]
      [Ref Enq: 0.0 ms]
      [Redirty Cards: 1.3 ms]
      [Humongous Register: 0.4 ms]
      [Humongous Reclaim: 0.0 ms]
      [Free CSet: 0.1 ms]
   [Eden: 51200.0K(51200.0K)->0.0B(51200.0K) Survivors: 1024.0K->1024.0K Heap: 320.4M(1024.0M)->270.4M(1024.0M)]
 [Times: user=0.01 sys=0.00, real=0.01 secs] 
2022-11-24T09:37:26.181+0100: 8779.920: [GC pause (G1 Evacuation Pause) (young), 0.0116792 secs]
   [Parallel Time: 8.3 ms, GC Workers: 8]
      [GC Worker Start (ms): Min: 8779920.7, Avg: 8779923.3, Max: 8779928.1, Diff: 7.4]
      [Ext Root Scanning (ms): Min: 0.0, Avg: 0.5, Max: 1.3, Diff: 1.3, Sum: 3.8]
      [Update RS (ms): Min: 0.0, Avg: 0.2, Max: 0.5, Diff: 0.5, Sum: 1.3]
         [Processed Buffers: Min: 0, Avg: 3.9, Max: 20, Diff: 20, Sum: 31]
      [Scan RS (ms): Min: 0.0, Avg: 0.0, Max: 0.0, Diff: 0.0, Sum: 0.1]
      [Code Root Scanning (ms): Min: 0.0, Avg: 0.0, Max: 0.0, Diff: 0.0, Sum: 0.0]
      [Object Copy (ms): Min: 0.0, Avg: 0.1, Max: 0.4, Diff: 0.3, Sum: 0.7]
      [Termination (ms): Min: 0.0, Avg: 4.2, Max: 5.6, Diff: 5.6, Sum: 33.4]
         [Termination Attempts: Min: 1, Avg: 1.1, Max: 2, Diff: 1, Sum: 9]
      [GC Worker Other (ms): Min: 0.0, Avg: 0.0, Max: 0.0, Diff: 0.0, Sum: 0.1]
      [GC Worker Total (ms): Min: 0.0, Avg: 4.9, Max: 7.7, Diff: 7.7, Sum: 39.4]
      [GC Worker End (ms): Min: 8779928.1, Avg: 8779928.2, Max: 8779928.4, Diff: 0.3]
   [Code Root Fixup: 0.0 ms]
   [Code Root Purge: 0.0 ms]
   [Clear CT: 0.2 ms]
   [Other: 3.1 ms]
      [Choose CSet: 0.0 ms]
      [Ref Proc: 1.7 ms]
      [Ref Enq: 0.0 ms]
      [Redirty Cards: 0.2 ms]
      [Humongous Register: 0.1 ms]
      [Humongous Reclaim: 0.1 ms]
      [Free CSet: 0.8 ms]
   [Eden: 51200.0K(51200.0K)->0.0B(150.0M) Survivors: 1024.0K->1024.0K Heap: 320.4M(1024.0M)->270.4M(1024.0M)]
 [Times: user=0.04 sys=0.00, real=0.01 secs] 
2022-11-24T09:37:48.772+0100: 8802.511: [GC pause (G1 Evacuation Pause) (young), 0.0181519 secs]
   [Parallel Time: 4.2 ms, GC Workers: 8]
      [GC Worker Start (ms): Min: 8802511.7, Avg: 8802512.8, Max: 8802514.2, Diff: 2.6]
      [Ext Root Scanning (ms): Min: 0.0, Avg: 0.8, Max: 2.0, Diff: 2.0, Sum: 6.3]
      [Update RS (ms): Min: 0.0, Avg: 0.2, Max: 0.4, Diff: 0.4, Sum: 1.5]
         [Processed Buffers: Min: 0, Avg: 4.5, Max: 20, Diff: 20, Sum: 36]
      [Scan RS (ms): Min: 0.0, Avg: 0.0, Max: 0.0, Diff: 0.0, Sum: 0.2]
      [Code Root Scanning (ms): Min: 0.0, Avg: 0.0, Max: 0.0, Diff: 0.0, Sum: 0.0]
      [Object Copy (ms): Min: 0.0, Avg: 0.1, Max: 0.3, Diff: 0.3, Sum: 0.8]
      [Termination (ms): Min: 0.0, Avg: 0.9, Max: 1.5, Diff: 1.5, Sum: 7.0]
         [Termination Attempts: Min: 1, Avg: 1.0, Max: 1, Diff: 0, Sum: 8]
      [GC Worker Other (ms): Min: 0.0, Avg: 0.1, Max: 0.4, Diff: 0.4, Sum: 0.6]
      [GC Worker Total (ms): Min: 0.4, Avg: 2.0, Max: 3.0, Diff: 2.6, Sum: 16.4]
      [GC Worker End (ms): Min: 8802514.7, Avg: 8802514.8, Max: 8802515.7, Diff: 1.0]
   [Code Root Fixup: 0.0 ms]
   [Code Root Purge: 0.0 ms]
   [Clear CT: 0.8 ms]
   [Other: 13.2 ms]
      [Choose CSet: 0.0 ms]
      [Ref Proc: 7.4 ms]
      [Ref Enq: 0.0 ms]
      [Redirty Cards: 2.5 ms]
      [Humongous Register: 0.1 ms]
      [Humongous Reclaim: 0.1 ms]
      [Free CSet: 2.6 ms]
   [Eden: 150.0M(150.0M)->0.0B(148.0M) Survivors: 1024.0K->1024.0K Heap: 420.4M(1024.0M)->270.4M(1024.0M)]
 [Times: user=0.02 sys=0.01, real=0.02 secs] 
2022-11-24T09:38:09.089+0100: 8822.829: [GC pause (G1 Evacuation Pause) (young), 0.0075570 secs]
   [Parallel Time: 5.5 ms, GC Workers: 8]
      [GC Worker Start (ms): Min: 8822829.1, Avg: 8822833.3, Max: 8822834.2, Diff: 5.1]
      [Ext Root Scanning (ms): Min: 0.0, Avg: 0.4, Max: 2.8, Diff: 2.8, Sum: 2.8]
      [Update RS (ms): Min: 0.0, Avg: 0.2, Max: 1.2, Diff: 1.2, Sum: 1.2]
         [Processed Buffers: Min: 0, Avg: 4.5, Max: 36, Diff: 36, Sum: 36]
      [Scan RS (ms): Min: 0.0, Avg: 0.0, Max: 0.1, Diff: 0.1, Sum: 0.1]
      [Code Root Scanning (ms): Min: 0.0, Avg: 0.0, Max: 0.0, Diff: 0.0, Sum: 0.0]
      [Object Copy (ms): Min: 0.0, Avg: 0.0, Max: 0.3, Diff: 0.3, Sum: 0.3]
      [Termination (ms): Min: 0.0, Avg: 0.4, Max: 0.7, Diff: 0.7, Sum: 3.0]
         [Termination Attempts: Min: 1, Avg: 1.0, Max: 1, Diff: 0, Sum: 8]
      [GC Worker Other (ms): Min: 0.0, Avg: 0.0, Max: 0.0, Diff: 0.0, Sum: 0.1]
      [GC Worker Total (ms): Min: 0.0, Avg: 0.9, Max: 5.1, Diff: 5.1, Sum: 7.6]
      [GC Worker End (ms): Min: 8822834.2, Avg: 8822834.3, Max: 8822834.3, Diff: 0.0]
   [Code Root Fixup: 0.0 ms]
   [Code Root Purge: 0.0 ms]
   [Clear CT: 0.4 ms]
   [Other: 1.6 ms]
      [Choose CSet: 0.0 ms]
      [Ref Proc: 0.8 ms]
      [Ref Enq: 0.0 ms]
      [Redirty Cards: 0.2 ms]
      [Humongous Register: 0.1 ms]
      [Humongous Reclaim: 0.0 ms]
      [Free CSet: 0.2 ms]
   [Eden: 148.0M(148.0M)->0.0B(397.0M) Survivors: 1024.0K->1024.0K Heap: 418.4M(1024.0M)->270.4M(1024.0M)]
 [Times: user=0.00 sys=0.01, real=0.01 secs] 
2022-11-24T09:39:14.311+0100: 8888.051: [GC pause (G1 Evacuation Pause) (young), 0.0490135 secs]
   [Parallel Time: 8.3 ms, GC Workers: 8]
      [GC Worker Start (ms): Min: 8888051.4, Avg: 8888055.3, Max: 8888058.3, Diff: 7.0]
      [Ext Root Scanning (ms): Min: 0.0, Avg: 0.5, Max: 2.0, Diff: 2.0, Sum: 3.9]
      [Update RS (ms): Min: 0.0, Avg: 0.2, Max: 0.9, Diff: 0.9, Sum: 1.7]
         [Processed Buffers: Min: 0, Avg: 4.5, Max: 35, Diff: 35, Sum: 36]
      [Scan RS (ms): Min: 0.0, Avg: 0.1, Max: 0.2, Diff: 0.2, Sum: 0.9]
      [Code Root Scanning (ms): Min: 0.0, Avg: 0.0, Max: 0.0, Diff: 0.0, Sum: 0.0]
      [Object Copy (ms): Min: 0.0, Avg: 0.1, Max: 0.4, Diff: 0.4, Sum: 0.7]
      [Termination (ms): Min: 0.0, Avg: 2.4, Max: 4.7, Diff: 4.7, Sum: 19.1]
         [Termination Attempts: Min: 1, Avg: 1.0, Max: 1, Diff: 0, Sum: 8]
      [GC Worker Other (ms): Min: 0.0, Avg: 0.2, Max: 0.8, Diff: 0.8, Sum: 1.3]
      [GC Worker Total (ms): Min: 0.2, Avg: 3.4, Max: 7.9, Diff: 7.7, Sum: 27.5]
      [GC Worker End (ms): Min: 8888058.5, Avg: 8888058.7, Max: 8888059.4, Diff: 0.8]
   [Code Root Fixup: 0.0 ms]
   [Code Root Purge: 0.0 ms]
   [Clear CT: 8.5 ms]
   [Other: 32.2 ms]
      [Choose CSet: 0.0 ms]
      [Ref Proc: 6.0 ms]
      [Ref Enq: 0.0 ms]
      [Redirty Cards: 9.7 ms]
      [Humongous Register: 0.2 ms]
      [Humongous Reclaim: 0.1 ms]
      [Free CSet: 15.7 ms]
   [Eden: 397.0M(397.0M)->0.0B(51200.0K) Survivors: 1024.0K->1024.0K Heap: 667.4M(1024.0M)->270.4M(1024.0M)]
 [Times: user=0.07 sys=0.00, real=0.05 secs] 
2022-11-24T09:39:21.684+0100: 8895.423: [GC pause (G1 Evacuation Pause) (young), 0.0164190 secs]
   [Parallel Time: 7.9 ms, GC Workers: 8]
      [GC Worker Start (ms): Min: 8895423.8, Avg: 8895428.9, Max: 8895430.8, Diff: 7.0]
      [Ext Root Scanning (ms): Min: 0.0, Avg: 0.4, Max: 3.2, Diff: 3.2, Sum: 3.3]
      [Update RS (ms): Min: 0.0, Avg: 0.2, Max: 1.3, Diff: 1.3, Sum: 1.3]
         [Processed Buffers: Min: 0, Avg: 3.6, Max: 29, Diff: 29, Sum: 29]
      [Scan RS (ms): Min: 0.0, Avg: 0.1, Max: 0.4, Diff: 0.4, Sum: 0.4]
      [Code Root Scanning (ms): Min: 0.0, Avg: 0.0, Max: 0.0, Diff: 0.0, Sum: 0.0]
      [Object Copy (ms): Min: 0.0, Avg: 0.1, Max: 0.5, Diff: 0.5, Sum: 0.5]
      [Termination (ms): Min: 0.0, Avg: 1.3, Max: 2.0, Diff: 2.0, Sum: 10.7]
         [Termination Attempts: Min: 1, Avg: 1.0, Max: 1, Diff: 0, Sum: 8]
      [GC Worker Other (ms): Min: 0.0, Avg: 0.0, Max: 0.0, Diff: 0.0, Sum: 0.1]
      [GC Worker Total (ms): Min: 0.0, Avg: 2.1, Max: 7.1, Diff: 7.1, Sum: 16.4]
      [GC Worker End (ms): Min: 8895430.9, Avg: 8895430.9, Max: 8895431.2, Diff: 0.4]
   [Code Root Fixup: 0.0 ms]
   [Code Root Purge: 0.0 ms]
   [Clear CT: 2.9 ms]
   [Other: 5.6 ms]
      [Choose CSet: 0.0 ms]
      [Ref Proc: 3.2 ms]
      [Ref Enq: 0.0 ms]
      [Redirty Cards: 1.5 ms]
      [Humongous Register: 0.2 ms]
      [Humongous Reclaim: 0.1 ms]
      [Free CSet: 0.2 ms]
   [Eden: 51200.0K(51200.0K)->0.0B(51200.0K) Survivors: 1024.0K->1024.0K Heap: 320.4M(1024.0M)->270.4M(1024.0M)]
 [Times: user=0.01 sys=0.01, real=0.02 secs] 
2022-11-24T09:39:27.558+0100: 8901.298: [GC pause (G1 Evacuation Pause) (young), 0.0151886 secs]
   [Parallel Time: 2.9 ms, GC Workers: 8]
      [GC Worker Start (ms): Min: 8901297.7, Avg: 8901299.1, Max: 8901300.1, Diff: 2.4]
      [Ext Root Scanning (ms): Min: 0.0, Avg: 0.4, Max: 1.2, Diff: 1.2, Sum: 2.9]
      [Update RS (ms): Min: 0.0, Avg: 0.2, Max: 0.7, Diff: 0.7, Sum: 1.6]
         [Processed Buffers: Min: 0, Avg: 2.8, Max: 11, Diff: 11, Sum: 22]
      [Scan RS (ms): Min: 0.0, Avg: 0.0, Max: 0.0, Diff: 0.0, Sum: 0.1]
      [Code Root Scanning (ms): Min: 0.0, Avg: 0.0, Max: 0.0, Diff: 0.0, Sum: 0.0]
      [Object Copy (ms): Min: 0.0, Avg: 0.1, Max: 0.3, Diff: 0.3, Sum: 0.6]
      [Termination (ms): Min: 0.0, Avg: 0.4, Max: 0.6, Diff: 0.6, Sum: 3.2]
         [Termination Attempts: Min: 1, Avg: 2.5, Max: 8, Diff: 7, Sum: 20]
      [GC Worker Other (ms): Min: 0.0, Avg: 0.0, Max: 0.0, Diff: 0.0, Sum: 0.1]
      [GC Worker Total (ms): Min: 0.0, Avg: 1.1, Max: 2.5, Diff: 2.4, Sum: 8.4]
      [GC Worker End (ms): Min: 8901300.1, Avg: 8901300.2, Max: 8901300.2, Diff: 0.0]
   [Code Root Fixup: 0.0 ms]
   [Code Root Purge: 0.0 ms]
   [Clear CT: 0.7 ms]
   [Other: 11.7 ms]
      [Choose CSet: 0.0 ms]
      [Ref Proc: 4.6 ms]
      [Ref Enq: 0.0 ms]
      [Redirty Cards: 6.8 ms]
      [Humongous Register: 0.0 ms]
      [Humongous Reclaim: 0.0 ms]
      [Free CSet: 0.0 ms]
   [Eden: 51200.0K(51200.0K)->0.0B(51200.0K) Survivors: 1024.0K->1024.0K Heap: 320.4M(1024.0M)->270.4M(1024.0M)]
 [Times: user=0.00 sys=0.02, real=0.01 secs] 
2022-11-24T09:39:35.245+0100: 8908.985: [GC pause (G1 Evacuation Pause) (young), 0.0050834 secs]
   [Parallel Time: 2.7 ms, GC Workers: 8]
      [GC Worker Start (ms): Min: 8908985.2, Avg: 8908985.8, Max: 8908986.9, Diff: 1.6]
      [Ext Root Scanning (ms): Min: 0.0, Avg: 0.6, Max: 1.6, Diff: 1.6, Sum: 5.1]
      [Update RS (ms): Min: 0.0, Avg: 0.2, Max: 0.4, Diff: 0.4, Sum: 1.2]
         [Processed Buffers: Min: 0, Avg: 3.5, Max: 15, Diff: 15, Sum: 28]
      [Scan RS (ms): Min: 0.0, Avg: 0.0, Max: 0.0, Diff: 0.0, Sum: 0.1]
      [Code Root Scanning (ms): Min: 0.0, Avg: 0.0, Max: 0.0, Diff: 0.0, Sum: 0.0]
      [Object Copy (ms): Min: 0.0, Avg: 0.1, Max: 0.3, Diff: 0.3, Sum: 0.8]
      [Termination (ms): Min: 0.0, Avg: 0.2, Max: 0.8, Diff: 0.8, Sum: 1.9]
         [Termination Attempts: Min: 1, Avg: 12.9, Max: 35, Diff: 34, Sum: 103]
      [GC Worker Other (ms): Min: 0.0, Avg: 0.0, Max: 0.0, Diff: 0.0, Sum: 0.1]
      [GC Worker Total (ms): Min: 0.0, Avg: 1.1, Max: 2.1, Diff: 2.1, Sum: 9.1]
      [GC Worker End (ms): Min: 8908986.9, Avg: 8908987.0, Max: 8908987.6, Diff: 0.7]
   [Code Root Fixup: 0.0 ms]
   [Code Root Purge: 0.0 ms]
   [Clear CT: 0.3 ms]
   [Other: 2.1 ms]
      [Choose CSet: 0.0 ms]
      [Ref Proc: 1.2 ms]
      [Ref Enq: 0.0 ms]
      [Redirty Cards: 0.1 ms]
      [Humongous Register: 0.3 ms]
      [Humongous Reclaim: 0.0 ms]
      [Free CSet: 0.1 ms]
   [Eden: 51200.0K(51200.0K)->0.0B(290.0M) Survivors: 1024.0K->1024.0K Heap: 320.4M(1024.0M)->270.4M(1024.0M)]
 [Times: user=0.01 sys=0.00, real=0.01 secs] 
2022-11-24T09:40:21.253+0100: 8954.992: [GC pause (G1 Evacuation Pause) (young), 0.0199451 secs]
   [Parallel Time: 11.1 ms, GC Workers: 8]
      [GC Worker Start (ms): Min: 8954992.7, Avg: 8954999.7, Max: 8955002.6, Diff: 9.9]
      [Ext Root Scanning (ms): Min: 0.0, Avg: 0.8, Max: 4.6, Diff: 4.6, Sum: 6.4]
      [Update RS (ms): Min: 0.0, Avg: 0.4, Max: 1.7, Diff: 1.7, Sum: 3.2]
         [Processed Buffers: Min: 0, Avg: 4.5, Max: 24, Diff: 24, Sum: 36]
      [Scan RS (ms): Min: 0.0, Avg: 0.1, Max: 0.2, Diff: 0.2, Sum: 0.5]
      [Code Root Scanning (ms): Min: 0.0, Avg: 0.0, Max: 0.0, Diff: 0.0, Sum: 0.0]
      [Object Copy (ms): Min: 0.0, Avg: 0.1, Max: 0.8, Diff: 0.8, Sum: 1.1]
      [Termination (ms): Min: 0.0, Avg: 1.7, Max: 3.2, Diff: 3.2, Sum: 13.6]
         [Termination Attempts: Min: 1, Avg: 1.0, Max: 1, Diff: 0, Sum: 8]
      [GC Worker Other (ms): Min: 0.0, Avg: 0.0, Max: 0.0, Diff: 0.0, Sum: 0.2]
      [GC Worker Total (ms): Min: 0.0, Avg: 3.1, Max: 9.9, Diff: 9.9, Sum: 25.1]
      [GC Worker End (ms): Min: 8955002.6, Avg: 8955002.8, Max: 8955003.4, Diff: 0.8]
   [Code Root Fixup: 0.0 ms]
   [Code Root Purge: 0.0 ms]
   [Clear CT: 0.8 ms]
   [Other: 8.1 ms]
      [Choose CSet: 0.0 ms]
      [Ref Proc: 3.9 ms]
      [Ref Enq: 0.0 ms]
      [Redirty Cards: 1.9 ms]
      [Humongous Register: 0.2 ms]
      [Humongous Reclaim: 0.1 ms]
      [Free CSet: 0.4 ms]
   [Eden: 290.0M(290.0M)->0.0B(260.0M) Survivors: 1024.0K->1024.0K Heap: 560.4M(1024.0M)->270.4M(1024.0M)]
 [Times: user=0.04 sys=0.00, real=0.02 secs] 
2022-11-24T09:40:58.387+0100: 8992.127: [GC pause (G1 Evacuation Pause) (young), 0.0370945 secs]
   [Parallel Time: 13.0 ms, GC Workers: 8]
      [GC Worker Start (ms): Min: 8992126.9, Avg: 8992127.7, Max: 8992128.6, Diff: 1.7]
      [Ext Root Scanning (ms): Min: 4.7, Avg: 7.3, Max: 10.2, Diff: 5.5, Sum: 58.3]
      [Update RS (ms): Min: 0.0, Avg: 0.3, Max: 2.0, Diff: 2.0, Sum: 2.0]
         [Processed Buffers: Min: 0, Avg: 4.4, Max: 35, Diff: 35, Sum: 35]
      [Scan RS (ms): Min: 0.0, Avg: 0.0, Max: 0.2, Diff: 0.2, Sum: 0.3]
      [Code Root Scanning (ms): Min: 0.0, Avg: 0.0, Max: 0.0, Diff: 0.0, Sum: 0.0]
      [Object Copy (ms): Min: 0.0, Avg: 0.1, Max: 0.5, Diff: 0.5, Sum: 0.5]
      [Termination (ms): Min: 0.0, Avg: 2.0, Max: 2.9, Diff: 2.9, Sum: 15.7]
         [Termination Attempts: Min: 1, Avg: 1.0, Max: 1, Diff: 0, Sum: 8]
      [GC Worker Other (ms): Min: 0.0, Avg: 0.0, Max: 0.0, Diff: 0.0, Sum: 0.1]
      [GC Worker Total (ms): Min: 8.8, Avg: 9.6, Max: 10.4, Diff: 1.7, Sum: 76.9]
      [GC Worker End (ms): Min: 8992137.3, Avg: 8992137.3, Max: 8992137.4, Diff: 0.0]
   [Code Root Fixup: 0.0 ms]
   [Code Root Purge: 0.0 ms]
   [Clear CT: 15.2 ms]
   [Other: 8.8 ms]
      [Choose CSet: 0.0 ms]
      [Ref Proc: 7.2 ms]
      [Ref Enq: 0.0 ms]
      [Redirty Cards: 0.9 ms]
      [Humongous Register: 0.1 ms]
      [Humongous Reclaim: 0.1 ms]
      [Free CSet: 0.3 ms]
   [Eden: 260.0M(260.0M)->0.0B(51200.0K) Survivors: 1024.0K->1024.0K Heap: 530.4M(1024.0M)->270.4M(1024.0M)]
 [Times: user=0.04 sys=0.00, real=0.03 secs] 
2022-11-24T09:41:05.754+0100: 8999.494: [GC pause (G1 Evacuation Pause) (young), 0.0058879 secs]
   [Parallel Time: 3.1 ms, GC Workers: 8]
      [GC Worker Start (ms): Min: 8999494.0, Avg: 8999495.4, Max: 8999496.9, Diff: 2.9]
      [Ext Root Scanning (ms): Min: 0.0, Avg: 1.0, Max: 2.6, Diff: 2.6, Sum: 7.9]
      [Update RS (ms): Min: 0.0, Avg: 0.1, Max: 0.6, Diff: 0.6, Sum: 1.2]
         [Processed Buffers: Min: 0, Avg: 3.4, Max: 17, Diff: 17, Sum: 27]
      [Scan RS (ms): Min: 0.0, Avg: 0.0, Max: 0.0, Diff: 0.0, Sum: 0.1]
      [Code Root Scanning (ms): Min: 0.0, Avg: 0.0, Max: 0.0, Diff: 0.0, Sum: 0.0]
      [Object Copy (ms): Min: 0.0, Avg: 0.1, Max: 0.4, Diff: 0.4, Sum: 0.7]
      [Termination (ms): Min: 0.0, Avg: 0.3, Max: 0.4, Diff: 0.4, Sum: 2.1]
         [Termination Attempts: Min: 1, Avg: 4.1, Max: 14, Diff: 13, Sum: 33]
      [GC Worker Other (ms): Min: 0.0, Avg: 0.0, Max: 0.0, Diff: 0.0, Sum: 0.1]
      [GC Worker Total (ms): Min: 0.0, Avg: 1.5, Max: 2.9, Diff: 2.9, Sum: 12.0]
      [GC Worker End (ms): Min: 8999496.9, Avg: 8999496.9, Max: 8999496.9, Diff: 0.0]
   [Code Root Fixup: 0.0 ms]
   [Code Root Purge: 0.0 ms]
   [Clear CT: 1.0 ms]
   [Other: 1.8 ms]
      [Choose CSet: 0.0 ms]
      [Ref Proc: 0.9 ms]
      [Ref Enq: 0.0 ms]
      [Redirty Cards: 0.3 ms]
      [Humongous Register: 0.1 ms]
      [Humongous Reclaim: 0.1 ms]
      [Free CSet: 0.1 ms]
   [Eden: 51200.0K(51200.0K)->0.0B(51200.0K) Survivors: 1024.0K->1024.0K Heap: 320.4M(1024.0M)->270.4M(1024.0M)]
 [Times: user=0.01 sys=0.00, real=0.01 secs] 
2022-11-24T09:41:13.188+0100: 9006.928: [GC pause (G1 Evacuation Pause) (young), 0.0087758 secs]
   [Parallel Time: 4.5 ms, GC Workers: 8]
      [GC Worker Start (ms): Min: 9006928.1, Avg: 9006929.4, Max: 9006931.1, Diff: 3.1]
      [Ext Root Scanning (ms): Min: 0.0, Avg: 1.3, Max: 3.4, Diff: 3.4, Sum: 10.3]
      [Update RS (ms): Min: 0.0, Avg: 0.5, Max: 2.3, Diff: 2.3, Sum: 3.9]
         [Processed Buffers: Min: 0, Avg: 4.2, Max: 17, Diff: 17, Sum: 34]
      [Scan RS (ms): Min: 0.0, Avg: 0.0, Max: 0.0, Diff: 0.0, Sum: 0.1]
      [Code Root Scanning (ms): Min: 0.0, Avg: 0.0, Max: 0.0, Diff: 0.0, Sum: 0.0]
      [Object Copy (ms): Min: 0.0, Avg: 0.1, Max: 0.4, Diff: 0.4, Sum: 0.7]
      [Termination (ms): Min: 0.0, Avg: 0.9, Max: 1.3, Diff: 1.3, Sum: 7.3]
         [Termination Attempts: Min: 1, Avg: 9.9, Max: 72, Diff: 71, Sum: 79]
      [GC Worker Other (ms): Min: 0.0, Avg: 0.0, Max: 0.0, Diff: 0.0, Sum: 0.1]
      [GC Worker Total (ms): Min: 1.0, Avg: 2.8, Max: 4.1, Diff: 3.1, Sum: 22.3]
      [GC Worker End (ms): Min: 9006932.2, Avg: 9006932.2, Max: 9006932.2, Diff: 0.0]
   [Code Root Fixup: 0.0 ms]
   [Code Root Purge: 0.0 ms]
   [Clear CT: 0.1 ms]
   [Other: 4.1 ms]
      [Choose CSet: 0.0 ms]
      [Ref Proc: 3.4 ms]
      [Ref Enq: 0.0 ms]
      [Redirty Cards: 0.1 ms]
      [Humongous Register: 0.2 ms]
      [Humongous Reclaim: 0.1 ms]
      [Free CSet: 0.1 ms]
   [Eden: 51200.0K(51200.0K)->0.0B(347.0M) Survivors: 1024.0K->1024.0K Heap: 320.4M(1024.0M)->270.4M(1024.0M)]
 [Times: user=0.02 sys=0.00, real=0.01 secs] 
2022-11-24T09:41:56.695+0100: 9050.434: [GC pause (G1 Evacuation Pause) (young), 0.0104510 secs]
   [Parallel Time: 2.8 ms, GC Workers: 8]
      [GC Worker Start (ms): Min: 9050434.4, Avg: 9050435.0, Max: 9050436.4, Diff: 2.0]
      [Ext Root Scanning (ms): Min: 0.0, Avg: 0.6, Max: 1.6, Diff: 1.6, Sum: 4.9]
      [Update RS (ms): Min: 0.0, Avg: 0.2, Max: 0.9, Diff: 0.9, Sum: 1.6]
         [Processed Buffers: Min: 0, Avg: 4.4, Max: 16, Diff: 16, Sum: 35]
      [Scan RS (ms): Min: 0.0, Avg: 0.1, Max: 0.2, Diff: 0.2, Sum: 0.7]
      [Code Root Scanning (ms): Min: 0.0, Avg: 0.0, Max: 0.0, Diff: 0.0, Sum: 0.0]
      [Object Copy (ms): Min: 0.0, Avg: 0.1, Max: 0.3, Diff: 0.3, Sum: 1.0]
      [Termination (ms): Min: 0.0, Avg: 0.4, Max: 0.6, Diff: 0.6, Sum: 3.2]
         [Termination Attempts: Min: 1, Avg: 23.6, Max: 59, Diff: 58, Sum: 189]
      [GC Worker Other (ms): Min: 0.0, Avg: 0.0, Max: 0.0, Diff: 0.0, Sum: 0.1]
      [GC Worker Total (ms): Min: 0.0, Avg: 1.4, Max: 2.0, Diff: 2.0, Sum: 11.5]
      [GC Worker End (ms): Min: 9050436.4, Avg: 9050436.4, Max: 9050436.5, Diff: 0.0]
   [Code Root Fixup: 0.0 ms]
   [Code Root Purge: 0.0 ms]
   [Clear CT: 0.7 ms]
   [Other: 7.0 ms]
      [Choose CSet: 0.0 ms]
      [Ref Proc: 5.7 ms]
      [Ref Enq: 0.0 ms]
      [Redirty Cards: 0.7 ms]
      [Humongous Register: 0.0 ms]
      [Humongous Reclaim: 0.1 ms]
      [Free CSet: 0.3 ms]
   [Eden: 347.0M(347.0M)->0.0B(613.0M) Survivors: 1024.0K->1024.0K Heap: 617.4M(1024.0M)->270.5M(1024.0M)]
 [Times: user=0.03 sys=0.00, real=0.01 secs] 
2022-11-24T09:43:20.159+0100: 9133.899: [GC pause (G1 Evacuation Pause) (young), 0.0180323 secs]
   [Parallel Time: 8.5 ms, GC Workers: 8]
      [GC Worker Start (ms): Min: 9133900.7, Avg: 9133906.1, Max: 9133908.5, Diff: 7.8]
      [Ext Root Scanning (ms): Min: 0.0, Avg: 0.5, Max: 3.8, Diff: 3.8, Sum: 3.9]
      [Update RS (ms): Min: 0.0, Avg: 1.0, Max: 3.0, Diff: 3.0, Sum: 8.3]
         [Processed Buffers: Min: 0, Avg: 5.1, Max: 16, Diff: 16, Sum: 41]
      [Scan RS (ms): Min: 0.0, Avg: 0.1, Max: 0.4, Diff: 0.4, Sum: 0.9]
      [Code Root Scanning (ms): Min: 0.0, Avg: 0.0, Max: 0.0, Diff: 0.0, Sum: 0.0]
      [Object Copy (ms): Min: 0.0, Avg: 0.2, Max: 0.8, Diff: 0.8, Sum: 1.8]
      [Termination (ms): Min: 0.0, Avg: 0.6, Max: 1.1, Diff: 1.1, Sum: 4.6]
         [Termination Attempts: Min: 1, Avg: 9.4, Max: 39, Diff: 38, Sum: 75]
      [GC Worker Other (ms): Min: 0.0, Avg: 0.0, Max: 0.1, Diff: 0.0, Sum: 0.2]
      [GC Worker Total (ms): Min: 0.0, Avg: 2.4, Max: 7.8, Diff: 7.8, Sum: 19.6]
      [GC Worker End (ms): Min: 9133908.5, Avg: 9133908.5, Max: 9133908.6, Diff: 0.1]
   [Code Root Fixup: 0.0 ms]
   [Code Root Purge: 0.0 ms]
   [Clear CT: 1.1 ms]
   [Other: 8.4 ms]
      [Choose CSet: 0.0 ms]
      [Ref Proc: 1.5 ms]
      [Ref Enq: 0.0 ms]
      [Redirty Cards: 0.8 ms]
      [Humongous Register: 1.7 ms]
      [Humongous Reclaim: 0.1 ms]
      [Free CSet: 3.8 ms]
   [Eden: 613.0M(613.0M)->0.0B(613.0M) Survivors: 1024.0K->1024.0K Heap: 883.5M(1024.0M)->270.5M(1024.0M)]
 [Times: user=0.01 sys=0.02, real=0.02 secs] 
2022-11-24T09:46:15.972+0100: 9309.712: [GC pause (G1 Evacuation Pause) (young), 0.0523092 secs]
   [Parallel Time: 37.2 ms, GC Workers: 8]
      [GC Worker Start (ms): Min: 9309719.0, Avg: 9309719.3, Max: 9309719.6, Diff: 0.6]
      [Ext Root Scanning (ms): Min: 6.7, Avg: 10.8, Max: 36.2, Diff: 29.5, Sum: 86.2]
      [Update RS (ms): Min: 0.0, Avg: 1.8, Max: 3.0, Diff: 3.0, Sum: 14.4]
         [Processed Buffers: Min: 0, Avg: 5.0, Max: 10, Diff: 10, Sum: 40]
      [Scan RS (ms): Min: 0.0, Avg: 0.1, Max: 0.3, Diff: 0.2, Sum: 0.8]
      [Code Root Scanning (ms): Min: 0.0, Avg: 0.0, Max: 0.0, Diff: 0.0, Sum: 0.0]
      [Object Copy (ms): Min: 0.0, Avg: 0.3, Max: 1.0, Diff: 1.0, Sum: 2.6]
      [Termination (ms): Min: 0.0, Avg: 23.1, Max: 26.7, Diff: 26.7, Sum: 184.7]
         [Termination Attempts: Min: 1, Avg: 10.2, Max: 17, Diff: 16, Sum: 82]
      [GC Worker Other (ms): Min: 0.0, Avg: 0.1, Max: 0.4, Diff: 0.3, Sum: 0.9]
      [GC Worker Total (ms): Min: 35.9, Avg: 36.2, Max: 36.5, Diff: 0.6, Sum: 289.6]
      [GC Worker End (ms): Min: 9309755.5, Avg: 9309755.5, Max: 9309755.7, Diff: 0.2]
   [Code Root Fixup: 0.0 ms]
   [Code Root Purge: 0.0 ms]
   [Clear CT: 1.1 ms]
   [Other: 14.1 ms]
      [Choose CSet: 0.0 ms]
      [Ref Proc: 4.7 ms]
      [Ref Enq: 0.0 ms]
      [Redirty Cards: 1.0 ms]
      [Humongous Register: 6.2 ms]
      [Humongous Reclaim: 0.0 ms]
      [Free CSet: 1.0 ms]
   [Eden: 613.0M(613.0M)->0.0B(51200.0K) Survivors: 1024.0K->1024.0K Heap: 883.5M(1024.0M)->270.4M(1024.0M)]
 [Times: user=0.30 sys=0.00, real=0.05 secs] 
2022-11-24T09:47:46.745+0100: 9400.485: [GC pause (G1 Evacuation Pause) (young), 0.0077686 secs]
   [Parallel Time: 4.3 ms, GC Workers: 8]
      [GC Worker Start (ms): Min: 9400485.2, Avg: 9400485.4, Max: 9400485.6, Diff: 0.4]
      [Ext Root Scanning (ms): Min: 1.4, Avg: 2.0, Max: 3.4, Diff: 2.1, Sum: 16.0]
      [Update RS (ms): Min: 0.0, Avg: 0.5, Max: 1.7, Diff: 1.7, Sum: 4.1]
         [Processed Buffers: Min: 0, Avg: 4.9, Max: 25, Diff: 25, Sum: 39]
      [Scan RS (ms): Min: 0.0, Avg: 0.0, Max: 0.0, Diff: 0.0, Sum: 0.1]
      [Code Root Scanning (ms): Min: 0.0, Avg: 0.0, Max: 0.0, Diff: 0.0, Sum: 0.0]
      [Object Copy (ms): Min: 0.0, Avg: 0.3, Max: 0.5, Diff: 0.5, Sum: 2.2]
      [Termination (ms): Min: 0.0, Avg: 0.8, Max: 1.2, Diff: 1.2, Sum: 6.2]
         [Termination Attempts: Min: 1, Avg: 6.1, Max: 16, Diff: 15, Sum: 49]
      [GC Worker Other (ms): Min: 0.0, Avg: 0.0, Max: 0.0, Diff: 0.0, Sum: 0.1]
      [GC Worker Total (ms): Min: 3.4, Avg: 3.6, Max: 3.8, Diff: 0.4, Sum: 28.6]
      [GC Worker End (ms): Min: 9400489.0, Avg: 9400489.0, Max: 9400489.0, Diff: 0.0]
   [Code Root Fixup: 0.0 ms]
   [Code Root Purge: 0.0 ms]
   [Clear CT: 0.8 ms]
   [Other: 2.6 ms]
      [Choose CSet: 0.0 ms]
      [Ref Proc: 1.1 ms]
      [Ref Enq: 0.0 ms]
      [Redirty Cards: 0.7 ms]
      [Humongous Register: 0.3 ms]
      [Humongous Reclaim: 0.0 ms]
      [Free CSet: 0.1 ms]
   [Eden: 51200.0K(51200.0K)->0.0B(435.0M) Survivors: 1024.0K->1024.0K Heap: 320.4M(1024.0M)->270.5M(1024.0M)]
 [Times: user=0.02 sys=0.01, real=0.01 secs] 
2022-11-24T10:01:42.062+0100: 10235.802: [GC pause (G1 Evacuation Pause) (young), 0.0598751 secs]
   [Parallel Time: 43.5 ms, GC Workers: 8]
      [GC Worker Start (ms): Min: 10235812.3, Avg: 10235813.3, Max: 10235814.3, Diff: 2.1]
      [Ext Root Scanning (ms): Min: 6.7, Avg: 11.6, Max: 40.9, Diff: 34.1, Sum: 93.1]
      [Update RS (ms): Min: 0.0, Avg: 3.5, Max: 4.7, Diff: 4.7, Sum: 28.0]
         [Processed Buffers: Min: 0, Avg: 5.4, Max: 15, Diff: 15, Sum: 43]
      [Scan RS (ms): Min: 0.0, Avg: 0.2, Max: 0.6, Diff: 0.5, Sum: 1.5]
      [Code Root Scanning (ms): Min: 0.0, Avg: 0.0, Max: 0.0, Diff: 0.0, Sum: 0.0]
      [Object Copy (ms): Min: 0.0, Avg: 0.9, Max: 1.4, Diff: 1.4, Sum: 6.8]
      [Termination (ms): Min: 0.0, Avg: 23.9, Max: 27.7, Diff: 27.7, Sum: 191.3]
         [Termination Attempts: Min: 1, Avg: 6.1, Max: 13, Diff: 12, Sum: 49]
      [GC Worker Other (ms): Min: 0.8, Avg: 1.1, Max: 1.4, Diff: 0.6, Sum: 8.9]
      [GC Worker Total (ms): Min: 40.2, Avg: 41.2, Max: 42.2, Diff: 2.1, Sum: 329.6]
      [GC Worker End (ms): Min: 10235854.5, Avg: 10235854.5, Max: 10235854.5, Diff: 0.0]
   [Code Root Fixup: 0.0 ms]
   [Code Root Purge: 0.0 ms]
   [Clear CT: 1.1 ms]
   [Other: 15.3 ms]
      [Choose CSet: 0.0 ms]
      [Ref Proc: 1.3 ms]
      [Ref Enq: 0.0 ms]
      [Redirty Cards: 0.9 ms]
      [Humongous Register: 6.1 ms]
      [Humongous Reclaim: 0.0 ms]
      [Free CSet: 3.3 ms]
   [Eden: 435.0M(435.0M)->0.0B(51200.0K) Survivors: 1024.0K->1024.0K Heap: 705.5M(1024.0M)->270.5M(1024.0M)]
 [Times: user=0.34 sys=0.00, real=0.06 secs] 
2022-11-24T10:03:15.933+0100: 10329.673: [GC pause (G1 Evacuation Pause) (young), 0.0124251 secs]
   [Parallel Time: 7.1 ms, GC Workers: 8]
      [GC Worker Start (ms): Min: 10329673.3, Avg: 10329673.6, Max: 10329674.0, Diff: 0.7]
      [Ext Root Scanning (ms): Min: 4.3, Avg: 4.6, Max: 5.0, Diff: 0.7, Sum: 37.0]
      [Update RS (ms): Min: 0.0, Avg: 0.3, Max: 0.7, Diff: 0.7, Sum: 2.4]
         [Processed Buffers: Min: 0, Avg: 4.9, Max: 10, Diff: 10, Sum: 39]
      [Scan RS (ms): Min: 0.0, Avg: 0.0, Max: 0.0, Diff: 0.0, Sum: 0.1]
      [Code Root Scanning (ms): Min: 0.0, Avg: 0.0, Max: 0.0, Diff: 0.0, Sum: 0.0]
      [Object Copy (ms): Min: 0.0, Avg: 0.6, Max: 1.0, Diff: 0.9, Sum: 4.7]
      [Termination (ms): Min: 0.0, Avg: 0.3, Max: 0.7, Diff: 0.7, Sum: 2.8]
         [Termination Attempts: Min: 1, Avg: 4.2, Max: 17, Diff: 16, Sum: 34]
      [GC Worker Other (ms): Min: 0.0, Avg: 0.0, Max: 0.0, Diff: 0.0, Sum: 0.1]
      [GC Worker Total (ms): Min: 5.5, Avg: 5.9, Max: 6.2, Diff: 0.7, Sum: 47.0]
      [GC Worker End (ms): Min: 10329679.5, Avg: 10329679.5, Max: 10329679.5, Diff: 0.1]
   [Code Root Fixup: 0.0 ms]
   [Code Root Purge: 0.0 ms]
   [Clear CT: 1.5 ms]
   [Other: 3.8 ms]
      [Choose CSet: 0.0 ms]
      [Ref Proc: 1.8 ms]
      [Ref Enq: 0.0 ms]
      [Redirty Cards: 1.5 ms]
      [Humongous Register: 0.2 ms]
      [Humongous Reclaim: 0.0 ms]
      [Free CSet: 0.1 ms]
   [Eden: 51200.0K(51200.0K)->0.0B(51200.0K) Survivors: 1024.0K->1024.0K Heap: 320.5M(1024.0M)->270.5M(1024.0M)]
 [Times: user=0.04 sys=0.00, real=0.02 secs] 
2022-11-24T10:04:52.761+0100: 10426.500: [GC pause (G1 Evacuation Pause) (young), 0.0163712 secs]
   [Parallel Time: 6.2 ms, GC Workers: 8]
      [GC Worker Start (ms): Min: 10426501.2, Avg: 10426501.8, Max: 10426502.3, Diff: 1.2]
      [Ext Root Scanning (ms): Min: 1.2, Avg: 1.8, Max: 2.8, Diff: 1.6, Sum: 14.5]
      [Update RS (ms): Min: 0.0, Avg: 0.5, Max: 0.9, Diff: 0.9, Sum: 3.7]
         [Processed Buffers: Min: 0, Avg: 4.9, Max: 13, Diff: 13, Sum: 39]
      [Scan RS (ms): Min: 0.0, Avg: 0.0, Max: 0.1, Diff: 0.1, Sum: 0.2]
      [Code Root Scanning (ms): Min: 0.0, Avg: 0.0, Max: 0.0, Diff: 0.0, Sum: 0.0]
      [Object Copy (ms): Min: 0.5, Avg: 0.9, Max: 1.2, Diff: 0.7, Sum: 7.3]
      [Termination (ms): Min: 0.0, Avg: 0.6, Max: 0.8, Diff: 0.8, Sum: 5.1]
         [Termination Attempts: Min: 1, Avg: 1.1, Max: 2, Diff: 1, Sum: 9]
      [GC Worker Other (ms): Min: 0.0, Avg: 0.0, Max: 0.0, Diff: 0.0, Sum: 0.2]
      [GC Worker Total (ms): Min: 3.3, Avg: 3.9, Max: 4.5, Diff: 1.1, Sum: 30.9]
      [GC Worker End (ms): Min: 10426505.7, Avg: 10426505.7, Max: 10426505.8, Diff: 0.1]
   [Code Root Fixup: 0.0 ms]
   [Code Root Purge: 0.0 ms]
   [Clear CT: 3.8 ms]
   [Other: 6.4 ms]
      [Choose CSet: 0.0 ms]
      [Ref Proc: 2.3 ms]
      [Ref Enq: 0.0 ms]
      [Redirty Cards: 3.2 ms]
      [Humongous Register: 0.3 ms]
      [Humongous Reclaim: 0.0 ms]
      [Free CSet: 0.1 ms]
   [Eden: 51200.0K(51200.0K)->0.0B(51200.0K) Survivors: 1024.0K->1024.0K Heap: 320.5M(1024.0M)->270.5M(1024.0M)]
 [Times: user=0.05 sys=0.00, real=0.02 secs] 
2022-11-24T10:06:31.720+0100: 10525.460: [GC pause (G1 Evacuation Pause) (young), 0.0146343 secs]
   [Parallel Time: 6.7 ms, GC Workers: 8]
      [GC Worker Start (ms): Min: 10525460.5, Avg: 10525461.2, Max: 10525461.9, Diff: 1.3]
      [Ext Root Scanning (ms): Min: 2.8, Avg: 3.4, Max: 4.1, Diff: 1.3, Sum: 27.1]
      [Update RS (ms): Min: 0.2, Avg: 0.3, Max: 0.4, Diff: 0.3, Sum: 2.3]
         [Processed Buffers: Min: 1, Avg: 4.9, Max: 11, Diff: 10, Sum: 39]
      [Scan RS (ms): Min: 0.0, Avg: 0.0, Max: 0.1, Diff: 0.1, Sum: 0.1]
      [Code Root Scanning (ms): Min: 0.0, Avg: 0.0, Max: 0.0, Diff: 0.0, Sum: 0.0]
      [Object Copy (ms): Min: 0.0, Avg: 0.1, Max: 0.2, Diff: 0.2, Sum: 1.0]
      [Termination (ms): Min: 0.0, Avg: 0.1, Max: 0.1, Diff: 0.1, Sum: 0.8]
         [Termination Attempts: Min: 1, Avg: 1.0, Max: 1, Diff: 0, Sum: 8]
      [GC Worker Other (ms): Min: 0.0, Avg: 0.0, Max: 0.0, Diff: 0.0, Sum: 0.2]
      [GC Worker Total (ms): Min: 3.3, Avg: 3.9, Max: 4.6, Diff: 1.3, Sum: 31.5]
      [GC Worker End (ms): Min: 10525465.1, Avg: 10525465.1, Max: 10525465.2, Diff: 0.0]
   [Code Root Fixup: 0.0 ms]
   [Code Root Purge: 0.0 ms]
   [Clear CT: 2.4 ms]
   [Other: 5.5 ms]
      [Choose CSet: 0.0 ms]
      [Ref Proc: 2.9 ms]
      [Ref Enq: 0.0 ms]
      [Redirty Cards: 2.1 ms]
      [Humongous Register: 0.1 ms]
      [Humongous Reclaim: 0.0 ms]
      [Free CSet: 0.1 ms]
   [Eden: 51200.0K(51200.0K)->0.0B(259.0M) Survivors: 1024.0K->1024.0K Heap: 320.5M(1024.0M)->270.5M(1024.0M)]
 [Times: user=0.02 sys=0.02, real=0.01 secs] 
2022-11-24T10:45:50.714+0100: 11026.212: [GC pause (G1 Evacuation Pause) (young), 0.2173081 secs]
   [Parallel Time: 158.5 ms, GC Workers: 8]
      [GC Worker Start (ms): Min: 11026259.1, Avg: 11026263.1, Max: 11026265.9, Diff: 6.8]
      [Ext Root Scanning (ms): Min: 20.6, Avg: 39.4, Max: 151.6, Diff: 131.0, Sum: 315.5]
      [Update RS (ms): Min: 0.0, Avg: 65.8, Max: 90.3, Diff: 90.3, Sum: 526.1]
         [Processed Buffers: Min: 0, Avg: 10.0, Max: 15, Diff: 15, Sum: 80]
      [Scan RS (ms): Min: 0.0, Avg: 0.1, Max: 0.3, Diff: 0.3, Sum: 1.0]
      [Code Root Scanning (ms): Min: 0.0, Avg: 0.0, Max: 0.0, Diff: 0.0, Sum: 0.0]
      [Object Copy (ms): Min: 0.0, Avg: 30.9, Max: 44.8, Diff: 44.8, Sum: 247.2]
      [Termination (ms): Min: 0.0, Avg: 11.6, Max: 16.7, Diff: 16.7, Sum: 92.7]
         [Termination Attempts: Min: 1, Avg: 6.9, Max: 11, Diff: 10, Sum: 55]
      [GC Worker Other (ms): Min: 1.3, Avg: 3.1, Max: 5.2, Diff: 3.9, Sum: 24.9]
      [GC Worker Total (ms): Min: 148.0, Avg: 150.9, Max: 154.8, Diff: 6.8, Sum: 1207.4]
      [GC Worker End (ms): Min: 11026413.9, Avg: 11026414.0, Max: 11026414.1, Diff: 0.1]
   [Code Root Fixup: 0.0 ms]
   [Code Root Purge: 0.0 ms]
   [Clear CT: 1.1 ms]
   [Other: 57.8 ms]
      [Choose CSet: 0.0 ms]
      [Ref Proc: 3.1 ms]
      [Ref Enq: 0.0 ms]
      [Redirty Cards: 0.5 ms]
      [Humongous Register: 33.0 ms]
      [Humongous Reclaim: 0.0 ms]
      [Free CSet: 6.6 ms]
   [Eden: 259.0M(259.0M)->0.0B(51200.0K) Survivors: 1024.0K->1024.0K Heap: 529.5M(1024.0M)->271.4M(1024.0M)]
 [Times: user=1.28 sys=0.00, real=0.22 secs] 
2022-11-24T10:47:26.439+0100: 11121.936: [GC pause (G1 Evacuation Pause) (young), 0.0258612 secs]
   [Parallel Time: 17.9 ms, GC Workers: 8]
      [GC Worker Start (ms): Min: 11121937.0, Avg: 11121937.4, Max: 11121937.7, Diff: 0.7]
      [Ext Root Scanning (ms): Min: 2.1, Avg: 2.5, Max: 3.0, Diff: 0.9, Sum: 20.2]
      [Update RS (ms): Min: 0.0, Avg: 5.3, Max: 9.0, Diff: 9.0, Sum: 42.6]
         [Processed Buffers: Min: 2, Avg: 8.8, Max: 21, Diff: 19, Sum: 70]
      [Scan RS (ms): Min: 0.0, Avg: 0.7, Max: 1.7, Diff: 1.7, Sum: 5.2]
      [Code Root Scanning (ms): Min: 0.0, Avg: 0.0, Max: 0.0, Diff: 0.0, Sum: 0.0]
      [Object Copy (ms): Min: 3.7, Avg: 7.9, Max: 12.7, Diff: 8.9, Sum: 63.4]
      [Termination (ms): Min: 0.0, Avg: 0.4, Max: 0.5, Diff: 0.5, Sum: 2.9]
         [Termination Attempts: Min: 1, Avg: 2.0, Max: 5, Diff: 4, Sum: 16]
      [GC Worker Other (ms): Min: 0.0, Avg: 0.0, Max: 0.0, Diff: 0.0, Sum: 0.1]
      [GC Worker Total (ms): Min: 16.5, Avg: 16.8, Max: 17.1, Diff: 0.7, Sum: 134.4]
      [GC Worker End (ms): Min: 11121954.2, Avg: 11121954.2, Max: 11121954.2, Diff: 0.1]
   [Code Root Fixup: 0.0 ms]
   [Code Root Purge: 0.0 ms]
   [Clear CT: 1.3 ms]
   [Other: 6.6 ms]
      [Choose CSet: 0.0 ms]
      [Ref Proc: 4.4 ms]
      [Ref Enq: 0.0 ms]
      [Redirty Cards: 1.4 ms]
      [Humongous Register: 0.3 ms]
      [Humongous Reclaim: 0.0 ms]
      [Free CSet: 0.1 ms]
   [Eden: 51200.0K(51200.0K)->0.0B(50176.0K) Survivors: 1024.0K->2048.0K Heap: 321.4M(1024.0M)->272.0M(1024.0M)]
 [Times: user=0.15 sys=0.00, real=0.02 secs] 
2022-11-24T10:49:01.283+0100: 11216.780: [GC pause (G1 Evacuation Pause) (young), 0.0199253 secs]
   [Parallel Time: 14.3 ms, GC Workers: 8]
      [GC Worker Start (ms): Min: 11216779.9, Avg: 11216780.2, Max: 11216780.4, Diff: 0.5]
      [Ext Root Scanning (ms): Min: 0.1, Avg: 0.9, Max: 3.4, Diff: 3.3, Sum: 6.8]
      [Update RS (ms): Min: 0.2, Avg: 2.7, Max: 4.2, Diff: 4.0, Sum: 21.3]
         [Processed Buffers: Min: 5, Avg: 9.4, Max: 16, Diff: 11, Sum: 75]
      [Scan RS (ms): Min: 0.0, Avg: 0.0, Max: 0.1, Diff: 0.1, Sum: 0.2]
      [Code Root Scanning (ms): Min: 0.0, Avg: 0.0, Max: 0.0, Diff: 0.0, Sum: 0.0]
      [Object Copy (ms): Min: 1.4, Avg: 3.2, Max: 9.8, Diff: 8.5, Sum: 25.7]
      [Termination (ms): Min: 0.0, Avg: 6.9, Max: 8.0, Diff: 8.0, Sum: 55.1]
         [Termination Attempts: Min: 1, Avg: 1.5, Max: 2, Diff: 1, Sum: 12]
      [GC Worker Other (ms): Min: 0.0, Avg: 0.1, Max: 0.2, Diff: 0.2, Sum: 0.7]
      [GC Worker Total (ms): Min: 13.6, Avg: 13.7, Max: 14.1, Diff: 0.5, Sum: 109.9]
      [GC Worker End (ms): Min: 11216793.7, Avg: 11216793.9, Max: 11216794.0, Diff: 0.3]
   [Code Root Fixup: 0.0 ms]
   [Code Root Purge: 0.0 ms]
   [Clear CT: 1.4 ms]
   [Other: 4.2 ms]
      [Choose CSet: 0.0 ms]
      [Ref Proc: 2.3 ms]
      [Ref Enq: 0.0 ms]
      [Redirty Cards: 1.3 ms]
      [Humongous Register: 0.2 ms]
      [Humongous Reclaim: 0.0 ms]
      [Free CSet: 0.1 ms]
   [Eden: 50176.0K(50176.0K)->0.0B(50176.0K) Survivors: 2048.0K->2048.0K Heap: 321.0M(1024.0M)->272.4M(1024.0M)]
 [Times: user=0.13 sys=0.00, real=0.02 secs] 
2022-11-24T10:50:36.625+0100: 11312.122: [GC pause (G1 Evacuation Pause) (young), 0.0244109 secs]
   [Parallel Time: 16.7 ms, GC Workers: 8]
      [GC Worker Start (ms): Min: 11312122.6, Avg: 11312123.2, Max: 11312123.9, Diff: 1.3]
      [Ext Root Scanning (ms): Min: 2.5, Avg: 3.9, Max: 8.8, Diff: 6.3, Sum: 30.9]
      [Update RS (ms): Min: 1.5, Avg: 6.9, Max: 8.3, Diff: 6.8, Sum: 55.1]
         [Processed Buffers: Min: 5, Avg: 9.1, Max: 27, Diff: 22, Sum: 73]
      [Scan RS (ms): Min: 0.0, Avg: 0.0, Max: 0.1, Diff: 0.1, Sum: 0.1]
      [Code Root Scanning (ms): Min: 0.0, Avg: 0.0, Max: 0.0, Diff: 0.0, Sum: 0.0]
      [Object Copy (ms): Min: 3.1, Avg: 3.9, Max: 4.5, Diff: 1.4, Sum: 31.1]
      [Termination (ms): Min: 0.0, Avg: 0.1, Max: 0.1, Diff: 0.1, Sum: 0.4]
         [Termination Attempts: Min: 1, Avg: 3.0, Max: 5, Diff: 4, Sum: 24]
      [GC Worker Other (ms): Min: 0.0, Avg: 0.0, Max: 0.1, Diff: 0.0, Sum: 0.3]
      [GC Worker Total (ms): Min: 14.0, Avg: 14.7, Max: 15.3, Diff: 1.3, Sum: 117.8]
      [GC Worker End (ms): Min: 11312137.9, Avg: 11312137.9, Max: 11312138.0, Diff: 0.1]
   [Code Root Fixup: 0.0 ms]
   [Code Root Purge: 0.0 ms]
   [Clear CT: 1.7 ms]
   [Other: 5.9 ms]
      [Choose CSet: 0.0 ms]
      [Ref Proc: 3.3 ms]
      [Ref Enq: 0.0 ms]
      [Redirty Cards: 1.6 ms]
      [Humongous Register: 0.5 ms]
      [Humongous Reclaim: 0.0 ms]
      [Free CSet: 0.1 ms]
   [Eden: 50176.0K(50176.0K)->0.0B(50176.0K) Survivors: 2048.0K->2048.0K Heap: 321.4M(1024.0M)->271.9M(1024.0M)]
 [Times: user=0.10 sys=0.02, real=0.03 secs] 
2022-11-24T10:52:08.485+0100: 11403.982: [GC pause (G1 Evacuation Pause) (young), 0.0114804 secs]
   [Parallel Time: 6.3 ms, GC Workers: 8]
      [GC Worker Start (ms): Min: 11403981.8, Avg: 11403982.1, Max: 11403982.3, Diff: 0.5]
      [Ext Root Scanning (ms): Min: 0.2, Avg: 0.5, Max: 1.3, Diff: 1.1, Sum: 4.4]
      [Update RS (ms): Min: 1.8, Avg: 2.5, Max: 2.8, Diff: 1.0, Sum: 20.3]
         [Processed Buffers: Min: 4, Avg: 9.5, Max: 18, Diff: 14, Sum: 76]
      [Scan RS (ms): Min: 0.0, Avg: 0.0, Max: 0.2, Diff: 0.2, Sum: 0.3]
      [Code Root Scanning (ms): Min: 0.0, Avg: 0.0, Max: 0.0, Diff: 0.0, Sum: 0.0]
      [Object Copy (ms): Min: 1.5, Avg: 1.7, Max: 1.8, Diff: 0.2, Sum: 13.5]
      [Termination (ms): Min: 0.0, Avg: 0.1, Max: 0.1, Diff: 0.1, Sum: 0.8]
         [Termination Attempts: Min: 1, Avg: 1.1, Max: 2, Diff: 1, Sum: 9]
      [GC Worker Other (ms): Min: 0.0, Avg: 0.0, Max: 0.0, Diff: 0.0, Sum: 0.1]
      [GC Worker Total (ms): Min: 4.7, Avg: 4.9, Max: 5.2, Diff: 0.5, Sum: 39.3]
      [GC Worker End (ms): Min: 11403987.0, Avg: 11403987.0, Max: 11403987.0, Diff: 0.0]
   [Code Root Fixup: 0.0 ms]
   [Code Root Purge: 0.0 ms]
   [Clear CT: 1.2 ms]
   [Other: 4.0 ms]
      [Choose CSet: 0.0 ms]
      [Ref Proc: 2.4 ms]
      [Ref Enq: 0.0 ms]
      [Redirty Cards: 1.0 ms]
      [Humongous Register: 0.0 ms]
      [Humongous Reclaim: 0.0 ms]
      [Free CSet: 0.1 ms]
   [Eden: 50176.0K(50176.0K)->0.0B(49152.0K) Survivors: 2048.0K->3072.0K Heap: 320.9M(1024.0M)->272.6M(1024.0M)]
 [Times: user=0.05 sys=0.00, real=0.01 secs] 
2022-11-24T10:53:42.788+0100: 11498.285: [GC pause (G1 Evacuation Pause) (young), 0.0221088 secs]
   [Parallel Time: 14.5 ms, GC Workers: 8]
      [GC Worker Start (ms): Min: 11498288.6, Avg: 11498289.0, Max: 11498289.4, Diff: 0.8]
      [Ext Root Scanning (ms): Min: 0.5, Avg: 1.5, Max: 4.4, Diff: 3.9, Sum: 11.7]
      [Update RS (ms): Min: 0.0, Avg: 2.7, Max: 3.6, Diff: 3.6, Sum: 21.3]
         [Processed Buffers: Min: 0, Avg: 7.0, Max: 24, Diff: 24, Sum: 56]
      [Scan RS (ms): Min: 3.5, Avg: 4.7, Max: 8.8, Diff: 5.3, Sum: 37.5]
      [Code Root Scanning (ms): Min: 0.0, Avg: 0.0, Max: 0.0, Diff: 0.0, Sum: 0.0]
      [Object Copy (ms): Min: 0.1, Avg: 2.6, Max: 3.2, Diff: 3.1, Sum: 20.7]
      [Termination (ms): Min: 0.0, Avg: 1.8, Max: 2.1, Diff: 2.1, Sum: 14.1]
         [Termination Attempts: Min: 1, Avg: 5.0, Max: 11, Diff: 10, Sum: 40]
      [GC Worker Other (ms): Min: 0.0, Avg: 0.0, Max: 0.0, Diff: 0.0, Sum: 0.2]
      [GC Worker Total (ms): Min: 12.8, Avg: 13.2, Max: 13.6, Diff: 0.8, Sum: 105.5]
      [GC Worker End (ms): Min: 11498302.1, Avg: 11498302.2, Max: 11498302.2, Diff: 0.1]
   [Code Root Fixup: 0.0 ms]
   [Code Root Purge: 0.0 ms]
   [Clear CT: 1.4 ms]
   [Other: 6.1 ms]
      [Choose CSet: 0.0 ms]
      [Ref Proc: 1.6 ms]
      [Ref Enq: 0.0 ms]
      [Redirty Cards: 1.2 ms]
      [Humongous Register: 0.4 ms]
      [Humongous Reclaim: 0.0 ms]
      [Free CSet: 0.1 ms]
   [Eden: 49152.0K(49152.0K)->0.0B(50176.0K) Survivors: 3072.0K->2048.0K Heap: 320.6M(1024.0M)->271.8M(1024.0M)]
 [Times: user=0.11 sys=0.01, real=0.03 secs] 
2022-11-24T10:55:13.575+0100: 11589.072: [GC pause (G1 Evacuation Pause) (young), 0.0193113 secs]
   [Parallel Time: 14.1 ms, GC Workers: 8]
      [GC Worker Start (ms): Min: 11589072.2, Avg: 11589072.6, Max: 11589073.0, Diff: 0.7]
      [Ext Root Scanning (ms): Min: 0.2, Avg: 1.0, Max: 2.8, Diff: 2.5, Sum: 8.1]
      [Update RS (ms): Min: 2.3, Avg: 3.7, Max: 4.9, Diff: 2.6, Sum: 29.6]
         [Processed Buffers: Min: 3, Avg: 9.1, Max: 24, Diff: 21, Sum: 73]
      [Scan RS (ms): Min: 0.0, Avg: 0.2, Max: 0.3, Diff: 0.3, Sum: 1.2]
      [Code Root Scanning (ms): Min: 0.0, Avg: 0.0, Max: 0.0, Diff: 0.0, Sum: 0.0]
      [Object Copy (ms): Min: 6.0, Avg: 7.1, Max: 8.9, Diff: 2.9, Sum: 57.1]
      [Termination (ms): Min: 0.0, Avg: 0.1, Max: 0.2, Diff: 0.2, Sum: 1.2]
         [Termination Attempts: Min: 1, Avg: 1.2, Max: 2, Diff: 1, Sum: 10]
      [GC Worker Other (ms): Min: 0.0, Avg: 0.0, Max: 0.1, Diff: 0.0, Sum: 0.2]
      [GC Worker Total (ms): Min: 11.8, Avg: 12.2, Max: 12.6, Diff: 0.7, Sum: 97.2]
      [GC Worker End (ms): Min: 11589084.8, Avg: 11589084.8, Max: 11589084.8, Diff: 0.1]
   [Code Root Fixup: 0.0 ms]
   [Code Root Purge: 0.0 ms]
   [Clear CT: 1.5 ms]
   [Other: 3.7 ms]
      [Choose CSet: 0.0 ms]
      [Ref Proc: 1.7 ms]
      [Ref Enq: 0.0 ms]
      [Redirty Cards: 1.3 ms]
      [Humongous Register: 0.2 ms]
      [Humongous Reclaim: 0.0 ms]
      [Free CSet: 0.1 ms]
   [Eden: 50176.0K(50176.0K)->0.0B(50176.0K) Survivors: 2048.0K->2048.0K Heap: 320.8M(1024.0M)->272.3M(1024.0M)]
 [Times: user=0.09 sys=0.02, real=0.02 secs] 
2022-11-24T10:56:44.381+0100: 11679.878: [GC pause (G1 Evacuation Pause) (young), 0.0127469 secs]
   [Parallel Time: 8.2 ms, GC Workers: 8]
      [GC Worker Start (ms): Min: 11679878.0, Avg: 11679878.2, Max: 11679878.3, Diff: 0.4]
      [Ext Root Scanning (ms): Min: 0.2, Avg: 1.0, Max: 4.4, Diff: 4.2, Sum: 7.7]
      [Update RS (ms): Min: 0.0, Avg: 0.8, Max: 1.1, Diff: 1.1, Sum: 6.5]
         [Processed Buffers: Min: 0, Avg: 6.2, Max: 18, Diff: 18, Sum: 50]
      [Scan RS (ms): Min: 0.0, Avg: 1.8, Max: 5.9, Diff: 5.9, Sum: 14.3]
      [Code Root Scanning (ms): Min: 0.0, Avg: 0.0, Max: 0.0, Diff: 0.0, Sum: 0.0]
      [Object Copy (ms): Min: 0.0, Avg: 1.1, Max: 1.5, Diff: 1.5, Sum: 8.7]
      [Termination (ms): Min: 0.0, Avg: 2.8, Max: 3.2, Diff: 3.2, Sum: 22.2]
         [Termination Attempts: Min: 1, Avg: 11.9, Max: 25, Diff: 24, Sum: 95]
      [GC Worker Other (ms): Min: 0.0, Avg: 0.0, Max: 0.0, Diff: 0.0, Sum: 0.1]
      [GC Worker Total (ms): Min: 7.3, Avg: 7.4, Max: 7.6, Diff: 0.4, Sum: 59.5]
      [GC Worker End (ms): Min: 11679885.6, Avg: 11679885.6, Max: 11679885.6, Diff: 0.0]
   [Code Root Fixup: 0.0 ms]
   [Code Root Purge: 0.0 ms]
   [Clear CT: 1.4 ms]
   [Other: 3.2 ms]
      [Choose CSet: 0.0 ms]
      [Ref Proc: 1.8 ms]
      [Ref Enq: 0.0 ms]
      [Redirty Cards: 1.1 ms]
      [Humongous Register: 0.0 ms]
      [Humongous Reclaim: 0.0 ms]
      [Free CSet: 0.1 ms]
   [Eden: 50176.0K(50176.0K)->0.0B(50176.0K) Survivors: 2048.0K->2048.0K Heap: 321.3M(1024.0M)->272.4M(1024.0M)]
 [Times: user=0.06 sys=0.00, real=0.01 secs] 
2022-11-24T10:58:14.301+0100: 11769.798: [GC pause (G1 Evacuation Pause) (young), 0.0155103 secs]
   [Parallel Time: 10.7 ms, GC Workers: 8]
      [GC Worker Start (ms): Min: 11769798.3, Avg: 11769798.7, Max: 11769799.0, Diff: 0.7]
      [Ext Root Scanning (ms): Min: 0.3, Avg: 1.3, Max: 3.0, Diff: 2.7, Sum: 10.0]
      [Update RS (ms): Min: 0.2, Avg: 2.2, Max: 4.7, Diff: 4.4, Sum: 17.2]
         [Processed Buffers: Min: 1, Avg: 6.1, Max: 12, Diff: 11, Sum: 49]
      [Scan RS (ms): Min: 0.5, Avg: 2.3, Max: 3.9, Diff: 3.4, Sum: 18.2]
      [Code Root Scanning (ms): Min: 0.0, Avg: 0.0, Max: 0.0, Diff: 0.0, Sum: 0.0]
      [Object Copy (ms): Min: 1.5, Avg: 3.3, Max: 4.0, Diff: 2.4, Sum: 26.1]
      [Termination (ms): Min: 0.0, Avg: 0.5, Max: 1.0, Diff: 1.0, Sum: 4.2]
         [Termination Attempts: Min: 1, Avg: 1.2, Max: 2, Diff: 1, Sum: 10]
      [GC Worker Other (ms): Min: 0.0, Avg: 0.0, Max: 0.0, Diff: 0.0, Sum: 0.1]
      [GC Worker Total (ms): Min: 9.1, Avg: 9.5, Max: 9.9, Diff: 0.7, Sum: 75.8]
      [GC Worker End (ms): Min: 11769808.2, Avg: 11769808.2, Max: 11769808.2, Diff: 0.0]
   [Code Root Fixup: 0.0 ms]
   [Code Root Purge: 0.0 ms]
   [Clear CT: 1.5 ms]
   [Other: 3.3 ms]
      [Choose CSet: 0.0 ms]
      [Ref Proc: 1.5 ms]
      [Ref Enq: 0.0 ms]
      [Redirty Cards: 1.4 ms]
      [Humongous Register: 0.0 ms]
      [Humongous Reclaim: 0.0 ms]
      [Free CSet: 0.1 ms]
   [Eden: 50176.0K(50176.0K)->0.0B(50176.0K) Survivors: 2048.0K->2048.0K Heap: 321.4M(1024.0M)->272.1M(1024.0M)]
 [Times: user=0.08 sys=0.00, real=0.01 secs] 
2022-11-24T10:59:44.879+0100: 11860.376: [GC pause (G1 Evacuation Pause) (young), 0.0089345 secs]
   [Parallel Time: 5.2 ms, GC Workers: 8]
      [GC Worker Start (ms): Min: 11860376.4, Avg: 11860376.7, Max: 11860376.9, Diff: 0.4]
      [Ext Root Scanning (ms): Min: 0.2, Avg: 0.9, Max: 3.4, Diff: 3.2, Sum: 6.8]
      [Update RS (ms): Min: 0.0, Avg: 0.8, Max: 1.0, Diff: 1.0, Sum: 6.2]
         [Processed Buffers: Min: 0, Avg: 6.2, Max: 14, Diff: 14, Sum: 50]
      [Scan RS (ms): Min: 0.0, Avg: 1.0, Max: 1.2, Diff: 1.2, Sum: 7.8]
      [Code Root Scanning (ms): Min: 0.0, Avg: 0.0, Max: 0.0, Diff: 0.0, Sum: 0.0]
      [Object Copy (ms): Min: 0.4, Avg: 1.2, Max: 1.4, Diff: 1.0, Sum: 9.9]
      [Termination (ms): Min: 0.0, Avg: 0.1, Max: 0.1, Diff: 0.1, Sum: 0.7]
         [Termination Attempts: Min: 1, Avg: 1.0, Max: 1, Diff: 0, Sum: 8]
      [GC Worker Other (ms): Min: 0.0, Avg: 0.0, Max: 0.0, Diff: 0.0, Sum: 0.1]
      [GC Worker Total (ms): Min: 3.8, Avg: 3.9, Max: 4.2, Diff: 0.4, Sum: 31.6]
      [GC Worker End (ms): Min: 11860380.6, Avg: 11860380.6, Max: 11860380.6, Diff: 0.0]
   [Code Root Fixup: 0.0 ms]
   [Code Root Purge: 0.0 ms]
   [Clear CT: 1.0 ms]
   [Other: 2.7 ms]
      [Choose CSet: 0.0 ms]
      [Ref Proc: 1.0 ms]
      [Ref Enq: 0.0 ms]
      [Redirty Cards: 1.0 ms]
      [Humongous Register: 0.1 ms]
      [Humongous Reclaim: 0.0 ms]
      [Free CSet: 0.1 ms]
   [Eden: 50176.0K(50176.0K)->0.0B(50176.0K) Survivors: 2048.0K->2048.0K Heap: 321.1M(1024.0M)->272.3M(1024.0M)]
 [Times: user=0.02 sys=0.02, real=0.01 secs] 
2022-11-24T11:01:15.587+0100: 11951.084: [GC pause (G1 Evacuation Pause) (young), 0.0094058 secs]
   [Parallel Time: 5.9 ms, GC Workers: 8]
      [GC Worker Start (ms): Min: 11951084.6, Avg: 11951084.8, Max: 11951085.0, Diff: 0.4]
      [Ext Root Scanning (ms): Min: 0.1, Avg: 0.5, Max: 1.7, Diff: 1.6, Sum: 4.2]
      [Update RS (ms): Min: 0.2, Avg: 1.5, Max: 3.0, Diff: 2.8, Sum: 11.6]
         [Processed Buffers: Min: 2, Avg: 7.5, Max: 21, Diff: 19, Sum: 60]
      [Scan RS (ms): Min: 0.0, Avg: 0.8, Max: 2.5, Diff: 2.5, Sum: 6.7]
      [Code Root Scanning (ms): Min: 0.0, Avg: 0.0, Max: 0.0, Diff: 0.0, Sum: 0.0]
      [Object Copy (ms): Min: 0.1, Avg: 1.6, Max: 2.3, Diff: 2.2, Sum: 12.6]
      [Termination (ms): Min: 0.0, Avg: 0.4, Max: 0.4, Diff: 0.4, Sum: 3.1]
         [Termination Attempts: Min: 1, Avg: 2.1, Max: 3, Diff: 2, Sum: 17]
      [GC Worker Other (ms): Min: 0.0, Avg: 0.1, Max: 0.2, Diff: 0.2, Sum: 0.5]
      [GC Worker Total (ms): Min: 4.6, Avg: 4.8, Max: 5.0, Diff: 0.4, Sum: 38.6]
      [GC Worker End (ms): Min: 11951089.6, Avg: 11951089.6, Max: 11951089.8, Diff: 0.3]
   [Code Root Fixup: 0.0 ms]
   [Code Root Purge: 0.0 ms]
   [Clear CT: 1.1 ms]
   [Other: 2.3 ms]
      [Choose CSet: 0.0 ms]
      [Ref Proc: 1.0 ms]
      [Ref Enq: 0.0 ms]
      [Redirty Cards: 1.0 ms]
      [Humongous Register: 0.0 ms]
      [Humongous Reclaim: 0.0 ms]
      [Free CSet: 0.0 ms]
   [Eden: 50176.0K(50176.0K)->0.0B(50176.0K) Survivors: 2048.0K->2048.0K Heap: 321.3M(1024.0M)->272.1M(1024.0M)]
 [Times: user=0.04 sys=0.00, real=0.01 secs] 
2022-11-24T11:02:46.051+0100: 12041.548: [GC pause (G1 Evacuation Pause) (young), 0.0149923 secs]
   [Parallel Time: 11.2 ms, GC Workers: 8]
      [GC Worker Start (ms): Min: 12041548.7, Avg: 12041548.9, Max: 12041549.4, Diff: 0.6]
      [Ext Root Scanning (ms): Min: 0.0, Avg: 0.4, Max: 1.1, Diff: 1.1, Sum: 3.1]
      [Update RS (ms): Min: 0.6, Avg: 1.0, Max: 1.3, Diff: 0.7, Sum: 8.0]
         [Processed Buffers: Min: 2, Avg: 8.2, Max: 18, Diff: 16, Sum: 66]
      [Scan RS (ms): Min: 0.9, Avg: 1.1, Max: 1.8, Diff: 0.9, Sum: 9.2]
      [Code Root Scanning (ms): Min: 0.0, Avg: 0.0, Max: 0.0, Diff: 0.0, Sum: 0.0]
      [Object Copy (ms): Min: 1.3, Avg: 2.8, Max: 7.2, Diff: 5.9, Sum: 22.7]
      [Termination (ms): Min: 0.0, Avg: 5.3, Max: 6.9, Diff: 6.9, Sum: 42.1]
         [Termination Attempts: Min: 1, Avg: 1.5, Max: 2, Diff: 1, Sum: 12]
      [GC Worker Other (ms): Min: 0.0, Avg: 0.0, Max: 0.0, Diff: 0.0, Sum: 0.1]
      [GC Worker Total (ms): Min: 10.2, Avg: 10.6, Max: 10.9, Diff: 0.7, Sum: 85.1]
      [GC Worker End (ms): Min: 12041559.5, Avg: 12041559.6, Max: 12041559.7, Diff: 0.1]
   [Code Root Fixup: 0.0 ms]
   [Code Root Purge: 0.0 ms]
   [Clear CT: 0.9 ms]
   [Other: 3.0 ms]
      [Choose CSet: 0.0 ms]
      [Ref Proc: 0.8 ms]
      [Ref Enq: 0.0 ms]
      [Redirty Cards: 1.5 ms]
      [Humongous Register: 0.1 ms]
      [Humongous Reclaim: 0.0 ms]
      [Free CSet: 0.1 ms]
   [Eden: 50176.0K(50176.0K)->0.0B(102.0M) Survivors: 2048.0K->2048.0K Heap: 321.1M(1024.0M)->272.5M(1024.0M)]
 [Times: user=0.09 sys=0.00, real=0.01 secs] 
2022-11-24T11:05:55.367+0100: 12230.864: [GC pause (G1 Evacuation Pause) (young), 0.0181608 secs]
   [Parallel Time: 13.5 ms, GC Workers: 8]
      [GC Worker Start (ms): Min: 12230864.7, Avg: 12230865.0, Max: 12230865.2, Diff: 0.4]
      [Ext Root Scanning (ms): Min: 0.1, Avg: 0.3, Max: 1.0, Diff: 0.9, Sum: 2.7]
      [Update RS (ms): Min: 1.0, Avg: 1.7, Max: 2.0, Diff: 1.1, Sum: 13.9]
         [Processed Buffers: Min: 3, Avg: 8.9, Max: 30, Diff: 27, Sum: 71]
      [Scan RS (ms): Min: 0.0, Avg: 0.1, Max: 0.3, Diff: 0.3, Sum: 1.1]
      [Code Root Scanning (ms): Min: 0.0, Avg: 0.0, Max: 0.0, Diff: 0.0, Sum: 0.0]
      [Object Copy (ms): Min: 3.1, Avg: 4.4, Max: 10.4, Diff: 7.3, Sum: 35.0]
      [Termination (ms): Min: 0.0, Avg: 6.1, Max: 7.1, Diff: 7.1, Sum: 48.6]
         [Termination Attempts: Min: 1, Avg: 1.4, Max: 2, Diff: 1, Sum: 11]
      [GC Worker Other (ms): Min: 0.0, Avg: 0.0, Max: 0.0, Diff: 0.0, Sum: 0.1]
      [GC Worker Total (ms): Min: 12.5, Avg: 12.7, Max: 12.9, Diff: 0.4, Sum: 101.5]
      [GC Worker End (ms): Min: 12230877.6, Avg: 12230877.7, Max: 12230877.7, Diff: 0.1]
   [Code Root Fixup: 0.0 ms]
   [Code Root Purge: 0.0 ms]
   [Clear CT: 1.3 ms]
   [Other: 3.3 ms]
      [Choose CSet: 0.0 ms]
      [Ref Proc: 1.1 ms]
      [Ref Enq: 0.0 ms]
      [Redirty Cards: 1.2 ms]
      [Humongous Register: 0.1 ms]
      [Humongous Reclaim: 0.0 ms]
      [Free CSet: 0.5 ms]
   [Eden: 102.0M(102.0M)->0.0B(168.0M) Survivors: 2048.0K->2048.0K Heap: 374.5M(1024.0M)->272.1M(1024.0M)]
 [Times: user=0.11 sys=0.00, real=0.02 secs] 
2022-11-24T11:11:10.947+0100: 12546.444: [GC pause (G1 Evacuation Pause) (young), 0.0368633 secs]
   [Parallel Time: 26.8 ms, GC Workers: 8]
      [GC Worker Start (ms): Min: 12546444.8, Avg: 12546445.0, Max: 12546445.1, Diff: 0.4]
      [Ext Root Scanning (ms): Min: 0.0, Avg: 0.5, Max: 1.6, Diff: 1.6, Sum: 3.6]
      [Update RS (ms): Min: 1.0, Avg: 3.6, Max: 8.9, Diff: 7.9, Sum: 28.7]
         [Processed Buffers: Min: 1, Avg: 9.5, Max: 17, Diff: 16, Sum: 76]
      [Scan RS (ms): Min: 0.0, Avg: 0.1, Max: 0.2, Diff: 0.2, Sum: 0.6]
      [Code Root Scanning (ms): Min: 0.0, Avg: 0.0, Max: 0.0, Diff: 0.0, Sum: 0.0]
      [Object Copy (ms): Min: 5.8, Avg: 11.8, Max: 24.0, Diff: 18.2, Sum: 94.4]
      [Termination (ms): Min: 0.0, Avg: 6.7, Max: 9.6, Diff: 9.6, Sum: 53.8]
         [Termination Attempts: Min: 1, Avg: 1.4, Max: 2, Diff: 1, Sum: 11]
      [GC Worker Other (ms): Min: 0.1, Avg: 3.4, Max: 7.1, Diff: 7.0, Sum: 27.2]
      [GC Worker Total (ms): Min: 25.8, Avg: 26.1, Max: 26.2, Diff: 0.4, Sum: 208.4]
      [GC Worker End (ms): Min: 12546471.0, Avg: 12546471.0, Max: 12546471.1, Diff: 0.1]
   [Code Root Fixup: 0.0 ms]
   [Code Root Purge: 0.0 ms]
   [Clear CT: 0.7 ms]
   [Other: 9.3 ms]
      [Choose CSet: 0.0 ms]
      [Ref Proc: 2.2 ms]
      [Ref Enq: 0.0 ms]
      [Redirty Cards: 5.5 ms]
      [Humongous Register: 0.2 ms]
      [Humongous Reclaim: 0.0 ms]
      [Free CSet: 1.0 ms]
   [Eden: 168.0M(168.0M)->0.0B(49152.0K) Survivors: 2048.0K->3072.0K Heap: 440.1M(1024.0M)->272.8M(1024.0M)]
 [Times: user=0.22 sys=0.00, real=0.04 secs] 
2022-11-24T11:12:41.844+0100: 12637.341: [GC pause (G1 Evacuation Pause) (young), 0.0179644 secs]
   [Parallel Time: 12.5 ms, GC Workers: 8]
      [GC Worker Start (ms): Min: 12637341.9, Avg: 12637343.0, Max: 12637344.4, Diff: 2.4]
      [Ext Root Scanning (ms): Min: 0.0, Avg: 1.2, Max: 2.5, Diff: 2.5, Sum: 9.8]
      [Update RS (ms): Min: 3.3, Avg: 3.5, Max: 3.7, Diff: 0.4, Sum: 27.9]
         [Processed Buffers: Min: 3, Avg: 8.0, Max: 23, Diff: 20, Sum: 64]
      [Scan RS (ms): Min: 2.0, Avg: 2.4, Max: 3.9, Diff: 2.0, Sum: 19.3]
      [Code Root Scanning (ms): Min: 0.0, Avg: 0.0, Max: 0.0, Diff: 0.0, Sum: 0.0]
      [Object Copy (ms): Min: 1.4, Avg: 2.8, Max: 3.2, Diff: 1.9, Sum: 22.2]
      [Termination (ms): Min: 0.0, Avg: 0.1, Max: 0.1, Diff: 0.1, Sum: 0.8]
         [Termination Attempts: Min: 1, Avg: 1.1, Max: 2, Diff: 1, Sum: 9]
      [GC Worker Other (ms): Min: 0.0, Avg: 0.0, Max: 0.0, Diff: 0.0, Sum: 0.2]
      [GC Worker Total (ms): Min: 8.6, Avg: 10.0, Max: 11.1, Diff: 2.4, Sum: 80.2]
      [GC Worker End (ms): Min: 12637353.0, Avg: 12637353.0, Max: 12637353.0, Diff: 0.1]
   [Code Root Fixup: 0.0 ms]
   [Code Root Purge: 0.0 ms]
   [Clear CT: 2.3 ms]
   [Other: 3.2 ms]
      [Choose CSet: 0.0 ms]
      [Ref Proc: 1.1 ms]
      [Ref Enq: 0.0 ms]
      [Redirty Cards: 1.2 ms]
      [Humongous Register: 0.1 ms]
      [Humongous Reclaim: 0.0 ms]
      [Free CSet: 0.2 ms]
   [Eden: 49152.0K(49152.0K)->0.0B(50176.0K) Survivors: 3072.0K->2048.0K Heap: 320.8M(1024.0M)->272.2M(1024.0M)]
 [Times: user=0.09 sys=0.00, real=0.02 secs] 
2022-11-24T11:14:13.578+0100: 12729.075: [GC pause (G1 Evacuation Pause) (young), 0.0250648 secs]
   [Parallel Time: 20.5 ms, GC Workers: 8]
      [GC Worker Start (ms): Min: 12729075.5, Avg: 12729075.7, Max: 12729075.8, Diff: 0.4]
      [Ext Root Scanning (ms): Min: 0.3, Avg: 0.8, Max: 2.4, Diff: 2.2, Sum: 6.1]
      [Update RS (ms): Min: 0.0, Avg: 1.2, Max: 1.6, Diff: 1.6, Sum: 9.8]
         [Processed Buffers: Min: 0, Avg: 7.6, Max: 25, Diff: 25, Sum: 61]
      [Scan RS (ms): Min: 1.1, Avg: 2.0, Max: 3.5, Diff: 2.4, Sum: 16.0]
      [Code Root Scanning (ms): Min: 0.0, Avg: 0.0, Max: 0.0, Diff: 0.0, Sum: 0.0]
      [Object Copy (ms): Min: 5.4, Avg: 8.6, Max: 14.7, Diff: 9.3, Sum: 69.2]
      [Termination (ms): Min: 0.0, Avg: 6.9, Max: 9.1, Diff: 9.1, Sum: 54.9]
         [Termination Attempts: Min: 1, Avg: 1.0, Max: 1, Diff: 0, Sum: 8]
      [GC Worker Other (ms): Min: 0.0, Avg: 0.1, Max: 0.3, Diff: 0.3, Sum: 0.6]
      [GC Worker Total (ms): Min: 19.2, Avg: 19.6, Max: 20.2, Diff: 1.0, Sum: 156.5]
      [GC Worker End (ms): Min: 12729095.1, Avg: 12729095.2, Max: 12729095.7, Diff: 0.6]
   [Code Root Fixup: 0.0 ms]
   [Code Root Purge: 0.0 ms]
   [Clear CT: 1.9 ms]
   [Other: 2.7 ms]
      [Choose CSet: 0.0 ms]
      [Ref Proc: 0.8 ms]
      [Ref Enq: 0.0 ms]
      [Redirty Cards: 0.6 ms]
      [Humongous Register: 0.2 ms]
      [Humongous Reclaim: 0.1 ms]
      [Free CSet: 0.2 ms]
   [Eden: 50176.0K(50176.0K)->0.0B(62464.0K) Survivors: 2048.0K->2048.0K Heap: 321.2M(1024.0M)->272.7M(1024.0M)]
 [Times: user=0.13 sys=0.03, real=0.03 secs] 
2022-11-24T11:16:07.037+0100: 12842.534: [GC pause (G1 Evacuation Pause) (young), 0.0084531 secs]
   [Parallel Time: 5.0 ms, GC Workers: 8]
      [GC Worker Start (ms): Min: 12842534.1, Avg: 12842534.3, Max: 12842534.5, Diff: 0.4]
      [Ext Root Scanning (ms): Min: 0.1, Avg: 0.4, Max: 1.1, Diff: 1.0, Sum: 3.1]
      [Update RS (ms): Min: 0.8, Avg: 1.3, Max: 1.5, Diff: 0.7, Sum: 10.5]
         [Processed Buffers: Min: 3, Avg: 7.5, Max: 13, Diff: 10, Sum: 60]
      [Scan RS (ms): Min: 0.0, Avg: 0.0, Max: 0.1, Diff: 0.1, Sum: 0.1]
      [Code Root Scanning (ms): Min: 0.0, Avg: 0.0, Max: 0.0, Diff: 0.0, Sum: 0.0]
      [Object Copy (ms): Min: 2.2, Avg: 2.4, Max: 2.9, Diff: 0.7, Sum: 19.4]
      [Termination (ms): Min: 0.0, Avg: 0.4, Max: 0.6, Diff: 0.6, Sum: 3.5]
         [Termination Attempts: Min: 1, Avg: 1.5, Max: 3, Diff: 2, Sum: 12]
      [GC Worker Other (ms): Min: 0.0, Avg: 0.0, Max: 0.0, Diff: 0.0, Sum: 0.1]
      [GC Worker Total (ms): Min: 4.4, Avg: 4.6, Max: 4.8, Diff: 0.4, Sum: 36.7]
      [GC Worker End (ms): Min: 12842538.9, Avg: 12842538.9, Max: 12842538.9, Diff: 0.0]
   [Code Root Fixup: 0.0 ms]
   [Code Root Purge: 0.0 ms]
   [Clear CT: 1.3 ms]
   [Other: 2.2 ms]
      [Choose CSet: 0.0 ms]
      [Ref Proc: 0.7 ms]
      [Ref Enq: 0.0 ms]
      [Redirty Cards: 0.9 ms]
      [Humongous Register: 0.2 ms]
      [Humongous Reclaim: 0.0 ms]
      [Free CSet: 0.1 ms]
   [Eden: 62464.0K(62464.0K)->0.0B(246.0M) Survivors: 2048.0K->1024.0K Heap: 333.7M(1024.0M)->272.3M(1024.0M)]
 [Times: user=0.04 sys=0.00, real=0.01 secs] 
2022-11-24T11:24:11.471+0100: 13326.968: [GC pause (G1 Evacuation Pause) (young), 0.0265183 secs]
   [Parallel Time: 14.9 ms, GC Workers: 8]
      [GC Worker Start (ms): Min: 13326969.4, Avg: 13326970.1, Max: 13326970.8, Diff: 1.4]
      [Ext Root Scanning (ms): Min: 1.3, Avg: 2.0, Max: 3.5, Diff: 2.1, Sum: 16.4]
      [Update RS (ms): Min: 0.0, Avg: 0.7, Max: 2.2, Diff: 2.2, Sum: 5.6]
         [Processed Buffers: Min: 0, Avg: 5.5, Max: 18, Diff: 18, Sum: 44]
      [Scan RS (ms): Min: 0.0, Avg: 0.1, Max: 0.3, Diff: 0.2, Sum: 1.1]
      [Code Root Scanning (ms): Min: 0.0, Avg: 0.0, Max: 0.0, Diff: 0.0, Sum: 0.0]
      [Object Copy (ms): Min: 7.6, Avg: 8.5, Max: 9.3, Diff: 1.7, Sum: 68.3]
      [Termination (ms): Min: 0.0, Avg: 0.2, Max: 0.3, Diff: 0.3, Sum: 1.9]
         [Termination Attempts: Min: 1, Avg: 1.0, Max: 1, Diff: 0, Sum: 8]
      [GC Worker Other (ms): Min: 0.0, Avg: 0.9, Max: 2.3, Diff: 2.2, Sum: 7.6]
      [GC Worker Total (ms): Min: 12.0, Avg: 12.6, Max: 13.3, Diff: 1.3, Sum: 100.8]
      [GC Worker End (ms): Min: 13326982.7, Avg: 13326982.7, Max: 13326982.9, Diff: 0.2]
   [Code Root Fixup: 0.0 ms]
   [Code Root Purge: 0.0 ms]
   [Clear CT: 2.0 ms]
   [Other: 9.6 ms]
      [Choose CSet: 0.0 ms]
      [Ref Proc: 4.3 ms]
      [Ref Enq: 0.0 ms]
      [Redirty Cards: 1.5 ms]
      [Humongous Register: 0.5 ms]
      [Humongous Reclaim: 0.0 ms]
      [Free CSet: 2.8 ms]
   [Eden: 246.0M(246.0M)->0.0B(79872.0K) Survivors: 1024.0K->2048.0K Heap: 518.3M(1024.0M)->273.0M(1024.0M)]
 [Times: user=0.11 sys=0.01, real=0.02 secs] 
2022-11-24T11:26:39.330+0100: 13474.827: [GC pause (G1 Evacuation Pause) (young), 0.0324305 secs]
   [Parallel Time: 17.0 ms, GC Workers: 8]
      [GC Worker Start (ms): Min: 13474827.5, Avg: 13474827.8, Max: 13474828.4, Diff: 0.9]
      [Ext Root Scanning (ms): Min: 0.0, Avg: 1.9, Max: 11.8, Diff: 11.8, Sum: 15.4]
      [Update RS (ms): Min: 0.0, Avg: 3.5, Max: 15.7, Diff: 15.7, Sum: 27.8]
         [Processed Buffers: Min: 0, Avg: 5.1, Max: 13, Diff: 13, Sum: 41]
      [Scan RS (ms): Min: 0.0, Avg: 0.0, Max: 0.1, Diff: 0.1, Sum: 0.1]
      [Code Root Scanning (ms): Min: 0.0, Avg: 0.0, Max: 0.0, Diff: 0.0, Sum: 0.0]
      [Object Copy (ms): Min: 0.0, Avg: 0.6, Max: 1.1, Diff: 1.1, Sum: 5.1]
      [Termination (ms): Min: 0.0, Avg: 10.2, Max: 14.6, Diff: 14.6, Sum: 81.8]
         [Termination Attempts: Min: 1, Avg: 5.2, Max: 14, Diff: 13, Sum: 42]
      [GC Worker Other (ms): Min: 0.0, Avg: 0.0, Max: 0.0, Diff: 0.0, Sum: 0.1]
      [GC Worker Total (ms): Min: 15.8, Avg: 16.3, Max: 16.7, Diff: 0.8, Sum: 130.3]
      [GC Worker End (ms): Min: 13474844.0, Avg: 13474844.1, Max: 13474844.3, Diff: 0.3]
   [Code Root Fixup: 0.0 ms]
   [Code Root Purge: 0.0 ms]
   [Clear CT: 0.8 ms]
   [Other: 14.6 ms]
      [Choose CSet: 0.0 ms]
      [Ref Proc: 13.0 ms]
      [Ref Enq: 0.0 ms]
      [Redirty Cards: 0.8 ms]
      [Humongous Register: 0.2 ms]
      [Humongous Reclaim: 0.0 ms]
      [Free CSet: 0.2 ms]
   [Eden: 79872.0K(79872.0K)->0.0B(50176.0K) Survivors: 2048.0K->2048.0K Heap: 351.0M(1024.0M)->272.6M(1024.0M)]
 [Times: user=0.22 sys=0.00, real=0.03 secs] 
2022-11-24T11:28:08.030+0100: 13563.527: [GC pause (G1 Evacuation Pause) (young), 0.0070604 secs]
   [Parallel Time: 3.3 ms, GC Workers: 8]
      [GC Worker Start (ms): Min: 13563527.6, Avg: 13563527.8, Max: 13563528.0, Diff: 0.4]
      [Ext Root Scanning (ms): Min: 0.2, Avg: 0.7, Max: 2.6, Diff: 2.4, Sum: 6.0]
      [Update RS (ms): Min: 0.0, Avg: 0.1, Max: 0.2, Diff: 0.2, Sum: 1.0]
         [Processed Buffers: Min: 0, Avg: 4.9, Max: 18, Diff: 18, Sum: 39]
      [Scan RS (ms): Min: 0.0, Avg: 0.0, Max: 0.0, Diff: 0.0, Sum: 0.1]
      [Code Root Scanning (ms): Min: 0.0, Avg: 0.0, Max: 0.0, Diff: 0.0, Sum: 0.0]
      [Object Copy (ms): Min: 0.0, Avg: 0.6, Max: 0.7, Diff: 0.7, Sum: 4.4]
      [Termination (ms): Min: 0.0, Avg: 1.1, Max: 1.2, Diff: 1.2, Sum: 8.4]
         [Termination Attempts: Min: 1, Avg: 1.2, Max: 2, Diff: 1, Sum: 10]
      [GC Worker Other (ms): Min: 0.0, Avg: 0.0, Max: 0.0, Diff: 0.0, Sum: 0.1]
      [GC Worker Total (ms): Min: 2.3, Avg: 2.5, Max: 2.7, Diff: 0.4, Sum: 20.0]
      [GC Worker End (ms): Min: 13563530.3, Avg: 13563530.3, Max: 13563530.3, Diff: 0.0]
   [Code Root Fixup: 0.0 ms]
   [Code Root Purge: 0.0 ms]
   [Clear CT: 1.3 ms]
   [Other: 2.4 ms]
      [Choose CSet: 0.0 ms]
      [Ref Proc: 0.8 ms]
      [Ref Enq: 0.0 ms]
      [Redirty Cards: 1.0 ms]
      [Humongous Register: 0.2 ms]
      [Humongous Reclaim: 0.0 ms]
      [Free CSet: 0.1 ms]
   [Eden: 50176.0K(50176.0K)->0.0B(113.0M) Survivors: 2048.0K->2048.0K Heap: 321.6M(1024.0M)->272.8M(1024.0M)]
 [Times: user=0.01 sys=0.01, real=0.00 secs] 
2022-11-24T11:31:42.168+0100: 13777.665: [GC pause (G1 Evacuation Pause) (young), 0.0167282 secs]
   [Parallel Time: 7.1 ms, GC Workers: 8]
      [GC Worker Start (ms): Min: 13777665.4, Avg: 13777665.9, Max: 13777666.2, Diff: 0.8]
      [Ext Root Scanning (ms): Min: 0.4, Avg: 0.8, Max: 2.0, Diff: 1.5, Sum: 6.7]
      [Update RS (ms): Min: 0.0, Avg: 0.4, Max: 1.4, Diff: 1.4, Sum: 3.5]
         [Processed Buffers: Min: 0, Avg: 5.1, Max: 12, Diff: 12, Sum: 41]
      [Scan RS (ms): Min: 0.0, Avg: 0.0, Max: 0.0, Diff: 0.0, Sum: 0.2]
      [Code Root Scanning (ms): Min: 0.0, Avg: 0.0, Max: 0.0, Diff: 0.0, Sum: 0.0]
      [Object Copy (ms): Min: 3.1, Avg: 3.9, Max: 4.6, Diff: 1.5, Sum: 31.0]
      [Termination (ms): Min: 0.0, Avg: 0.3, Max: 0.5, Diff: 0.5, Sum: 2.6]
         [Termination Attempts: Min: 1, Avg: 1.1, Max: 2, Diff: 1, Sum: 9]
      [GC Worker Other (ms): Min: 0.0, Avg: 0.0, Max: 0.0, Diff: 0.0, Sum: 0.2]
      [GC Worker Total (ms): Min: 5.2, Avg: 5.5, Max: 6.0, Diff: 0.8, Sum: 44.4]
      [GC Worker End (ms): Min: 13777671.4, Avg: 13777671.4, Max: 13777671.5, Diff: 0.1]
   [Code Root Fixup: 0.0 ms]
   [Code Root Purge: 0.0 ms]
   [Clear CT: 2.3 ms]
   [Other: 7.3 ms]
      [Choose CSet: 0.0 ms]
      [Ref Proc: 3.9 ms]
      [Ref Enq: 0.0 ms]
      [Redirty Cards: 2.3 ms]
      [Humongous Register: 0.4 ms]
      [Humongous Reclaim: 0.0 ms]
      [Free CSet: 0.2 ms]
   [Eden: 113.0M(113.0M)->0.0B(183.0M) Survivors: 2048.0K->2048.0K Heap: 385.8M(1024.0M)->272.9M(1024.0M)]
 [Times: user=0.03 sys=0.03, real=0.02 secs] 
2022-11-24T11:37:28.728+0100: 14124.225: [GC pause (G1 Evacuation Pause) (young), 0.0106400 secs]
   [Parallel Time: 6.9 ms, GC Workers: 8]
      [GC Worker Start (ms): Min: 14124225.6, Avg: 14124225.9, Max: 14124226.3, Diff: 0.8]
      [Ext Root Scanning (ms): Min: 1.0, Avg: 1.5, Max: 2.0, Diff: 1.0, Sum: 11.9]
      [Update RS (ms): Min: 0.2, Avg: 0.6, Max: 1.1, Diff: 0.9, Sum: 4.9]
         [Processed Buffers: Min: 2, Avg: 5.5, Max: 11, Diff: 9, Sum: 44]
      [Scan RS (ms): Min: 0.0, Avg: 0.0, Max: 0.1, Diff: 0.1, Sum: 0.3]
      [Code Root Scanning (ms): Min: 0.0, Avg: 0.0, Max: 0.0, Diff: 0.0, Sum: 0.0]
      [Object Copy (ms): Min: 3.5, Avg: 3.9, Max: 4.3, Diff: 0.7, Sum: 31.0]
      [Termination (ms): Min: 0.0, Avg: 0.1, Max: 0.1, Diff: 0.1, Sum: 0.6]
         [Termination Attempts: Min: 1, Avg: 1.0, Max: 1, Diff: 0, Sum: 8]
      [GC Worker Other (ms): Min: 0.0, Avg: 0.1, Max: 0.4, Diff: 0.4, Sum: 0.5]
      [GC Worker Total (ms): Min: 5.7, Avg: 6.2, Max: 6.5, Diff: 0.8, Sum: 49.3]
      [GC Worker End (ms): Min: 14124232.1, Avg: 14124232.1, Max: 14124232.1, Diff: 0.0]
   [Code Root Fixup: 0.0 ms]
   [Code Root Purge: 0.0 ms]
   [Clear CT: 1.0 ms]
   [Other: 2.8 ms]
      [Choose CSet: 0.0 ms]
      [Ref Proc: 1.0 ms]
      [Ref Enq: 0.0 ms]
      [Redirty Cards: 1.0 ms]
      [Humongous Register: 0.3 ms]
      [Humongous Reclaim: 0.0 ms]
      [Free CSet: 0.1 ms]
   [Eden: 183.0M(183.0M)->0.0B(429.0M) Survivors: 2048.0K->2048.0K Heap: 455.9M(1024.0M)->273.3M(1024.0M)]
 [Times: user=0.02 sys=0.02, real=0.02 secs] 
2022-11-24T11:51:07.198+0100: 14942.696: [GC pause (G1 Evacuation Pause) (young), 0.0792317 secs]
   [Parallel Time: 52.3 ms, GC Workers: 8]
      [GC Worker Start (ms): Min: 14942712.3, Avg: 14942713.4, Max: 14942715.1, Diff: 2.8]
      [Ext Root Scanning (ms): Min: 7.3, Avg: 13.5, Max: 50.4, Diff: 43.1, Sum: 107.9]
      [Update RS (ms): Min: 0.0, Avg: 2.2, Max: 3.0, Diff: 3.0, Sum: 17.9]
         [Processed Buffers: Min: 0, Avg: 5.4, Max: 12, Diff: 12, Sum: 43]
      [Scan RS (ms): Min: 0.0, Avg: 0.1, Max: 0.3, Diff: 0.3, Sum: 0.8]
      [Code Root Scanning (ms): Min: 0.0, Avg: 0.0, Max: 0.0, Diff: 0.0, Sum: 0.0]
      [Object Copy (ms): Min: 0.0, Avg: 11.6, Max: 13.6, Diff: 13.6, Sum: 93.0]
      [Termination (ms): Min: 0.0, Avg: 21.5, Max: 24.6, Diff: 24.6, Sum: 171.6]
         [Termination Attempts: Min: 1, Avg: 1.1, Max: 2, Diff: 1, Sum: 9]
      [GC Worker Other (ms): Min: 0.4, Avg: 0.9, Max: 1.4, Diff: 1.1, Sum: 7.0]
      [GC Worker Total (ms): Min: 48.1, Avg: 49.8, Max: 50.9, Diff: 2.7, Sum: 398.2]
      [GC Worker End (ms): Min: 14942763.2, Avg: 14942763.2, Max: 14942763.2, Diff: 0.1]
   [Code Root Fixup: 0.0 ms]
   [Code Root Purge: 0.0 ms]
   [Clear CT: 1.2 ms]
   [Other: 25.7 ms]
      [Choose CSet: 0.0 ms]
      [Ref Proc: 3.0 ms]
      [Ref Enq: 0.0 ms]
      [Redirty Cards: 1.1 ms]
      [Humongous Register: 13.7 ms]
      [Humongous Reclaim: 0.0 ms]
      [Free CSet: 4.6 ms]
   [Eden: 429.0M(429.0M)->0.0B(50176.0K) Survivors: 2048.0K->2048.0K Heap: 702.3M(1024.0M)->273.4M(1024.0M)]
 [Times: user=0.43 sys=0.00, real=0.08 secs] 
2022-11-24T11:52:38.953+0100: 15034.450: [GC pause (G1 Evacuation Pause) (young), 0.0147078 secs]
   [Parallel Time: 10.7 ms, GC Workers: 8]
      [GC Worker Start (ms): Min: 15034450.8, Avg: 15034451.2, Max: 15034451.6, Diff: 0.8]
      [Ext Root Scanning (ms): Min: 4.4, Avg: 4.8, Max: 5.3, Diff: 0.9, Sum: 38.1]
      [Update RS (ms): Min: 0.0, Avg: 0.6, Max: 1.7, Diff: 1.7, Sum: 5.0]
         [Processed Buffers: Min: 0, Avg: 5.0, Max: 23, Diff: 23, Sum: 40]
      [Scan RS (ms): Min: 0.0, Avg: 0.0, Max: 0.0, Diff: 0.0, Sum: 0.1]
      [Code Root Scanning (ms): Min: 0.0, Avg: 0.0, Max: 0.0, Diff: 0.0, Sum: 0.0]
      [Object Copy (ms): Min: 3.1, Avg: 4.3, Max: 4.9, Diff: 1.7, Sum: 34.5]
      [Termination (ms): Min: 0.0, Avg: 0.0, Max: 0.1, Diff: 0.1, Sum: 0.4]
         [Termination Attempts: Min: 1, Avg: 2.6, Max: 5, Diff: 4, Sum: 21]
      [GC Worker Other (ms): Min: 0.0, Avg: 0.1, Max: 0.2, Diff: 0.2, Sum: 0.5]
      [GC Worker Total (ms): Min: 9.5, Avg: 9.8, Max: 10.2, Diff: 0.7, Sum: 78.6]
      [GC Worker End (ms): Min: 15034461.0, Avg: 15034461.0, Max: 15034461.1, Diff: 0.2]
   [Code Root Fixup: 0.0 ms]
   [Code Root Purge: 0.0 ms]
   [Clear CT: 1.0 ms]
   [Other: 2.9 ms]
      [Choose CSet: 0.0 ms]
      [Ref Proc: 1.1 ms]
      [Ref Enq: 0.0 ms]
      [Redirty Cards: 1.1 ms]
      [Humongous Register: 0.3 ms]
      [Humongous Reclaim: 0.0 ms]
      [Free CSet: 0.1 ms]
   [Eden: 50176.0K(50176.0K)->0.0B(48128.0K) Survivors: 2048.0K->4096.0K Heap: 322.4M(1024.0M)->274.9M(1024.0M)]
 [Times: user=0.04 sys=0.02, real=0.01 secs] 
2022-11-24T11:54:07.162+0100: 15122.659: [GC pause (G1 Evacuation Pause) (young), 0.0199829 secs]
   [Parallel Time: 13.0 ms, GC Workers: 8]
      [GC Worker Start (ms): Min: 15122659.8, Avg: 15122660.5, Max: 15122661.2, Diff: 1.5]
      [Ext Root Scanning (ms): Min: 5.5, Avg: 6.1, Max: 6.9, Diff: 1.4, Sum: 49.1]
      [Update RS (ms): Min: 0.4, Avg: 0.9, Max: 2.3, Diff: 1.9, Sum: 7.1]
         [Processed Buffers: Min: 1, Avg: 5.1, Max: 15, Diff: 14, Sum: 41]
      [Scan RS (ms): Min: 0.0, Avg: 0.0, Max: 0.0, Diff: 0.0, Sum: 0.1]
      [Code Root Scanning (ms): Min: 0.0, Avg: 0.0, Max: 0.0, Diff: 0.0, Sum: 0.0]
      [Object Copy (ms): Min: 2.1, Avg: 3.5, Max: 4.0, Diff: 1.9, Sum: 28.0]
      [Termination (ms): Min: 0.0, Avg: 0.0, Max: 0.0, Diff: 0.0, Sum: 0.0]
         [Termination Attempts: Min: 1, Avg: 1.4, Max: 2, Diff: 1, Sum: 11]
      [GC Worker Other (ms): Min: 0.0, Avg: 0.0, Max: 0.1, Diff: 0.1, Sum: 0.4]
      [GC Worker Total (ms): Min: 9.9, Avg: 10.6, Max: 11.3, Diff: 1.5, Sum: 84.7]
      [GC Worker End (ms): Min: 15122671.1, Avg: 15122671.1, Max: 15122671.2, Diff: 0.1]
   [Code Root Fixup: 0.0 ms]
   [Code Root Purge: 0.0 ms]
   [Clear CT: 2.4 ms]
   [Other: 4.6 ms]
      [Choose CSet: 0.0 ms]
      [Ref Proc: 1.9 ms]
      [Ref Enq: 0.0 ms]
      [Redirty Cards: 1.8 ms]
      [Humongous Register: 0.3 ms]
      [Humongous Reclaim: 0.0 ms]
      [Free CSet: 0.1 ms]
   [Eden: 48128.0K(48128.0K)->0.0B(49152.0K) Survivors: 4096.0K->3072.0K Heap: 321.9M(1024.0M)->273.7M(1024.0M)]
 [Times: user=0.04 sys=0.03, real=0.02 secs] 
2022-11-24T11:55:39.260+0100: 15214.757: [GC pause (G1 Evacuation Pause) (young), 0.0115624 secs]
   [Parallel Time: 6.6 ms, GC Workers: 8]
      [GC Worker Start (ms): Min: 15214757.5, Avg: 15214757.8, Max: 15214758.1, Diff: 0.6]
      [Ext Root Scanning (ms): Min: 2.2, Avg: 2.4, Max: 2.8, Diff: 0.6, Sum: 19.3]
      [Update RS (ms): Min: 0.0, Avg: 0.4, Max: 0.8, Diff: 0.8, Sum: 2.9]
         [Processed Buffers: Min: 1, Avg: 4.9, Max: 17, Diff: 16, Sum: 39]
      [Scan RS (ms): Min: 0.0, Avg: 0.0, Max: 0.0, Diff: 0.0, Sum: 0.1]
      [Code Root Scanning (ms): Min: 0.0, Avg: 0.0, Max: 0.0, Diff: 0.0, Sum: 0.0]
      [Object Copy (ms): Min: 2.6, Avg: 3.0, Max: 3.3, Diff: 0.7, Sum: 24.1]
      [Termination (ms): Min: 0.0, Avg: 0.1, Max: 0.1, Diff: 0.1, Sum: 0.8]
         [Termination Attempts: Min: 1, Avg: 1.8, Max: 3, Diff: 2, Sum: 14]
      [GC Worker Other (ms): Min: 0.0, Avg: 0.0, Max: 0.0, Diff: 0.0, Sum: 0.1]
      [GC Worker Total (ms): Min: 5.6, Avg: 5.9, Max: 6.3, Diff: 0.6, Sum: 47.4]
      [GC Worker End (ms): Min: 15214763.7, Avg: 15214763.7, Max: 15214763.8, Diff: 0.1]
   [Code Root Fixup: 0.0 ms]
   [Code Root Purge: 0.0 ms]
   [Clear CT: 1.4 ms]
   [Other: 3.6 ms]
      [Choose CSet: 0.0 ms]
      [Ref Proc: 1.6 ms]
      [Ref Enq: 0.0 ms]
      [Redirty Cards: 1.5 ms]
      [Humongous Register: 0.0 ms]
      [Humongous Reclaim: 0.0 ms]
      [Free CSet: 0.1 ms]
   [Eden: 49152.0K(49152.0K)->0.0B(49152.0K) Survivors: 3072.0K->3072.0K Heap: 321.7M(1024.0M)->274.3M(1024.0M)]
 [Times: user=0.03 sys=0.02, real=0.01 secs] 
2022-11-24T11:57:08.537+0100: 15304.034: [GC pause (G1 Evacuation Pause) (young), 0.0174276 secs]
   [Parallel Time: 13.1 ms, GC Workers: 8]
      [GC Worker Start (ms): Min: 15304034.8, Avg: 15304035.3, Max: 15304035.9, Diff: 1.1]
      [Ext Root Scanning (ms): Min: 0.7, Avg: 2.3, Max: 9.3, Diff: 8.6, Sum: 18.4]
      [Update RS (ms): Min: 0.0, Avg: 0.7, Max: 1.6, Diff: 1.6, Sum: 5.9]
         [Processed Buffers: Min: 0, Avg: 5.0, Max: 14, Diff: 14, Sum: 40]
      [Scan RS (ms): Min: 0.0, Avg: 0.0, Max: 0.0, Diff: 0.0, Sum: 0.1]
      [Code Root Scanning (ms): Min: 0.0, Avg: 0.0, Max: 0.0, Diff: 0.0, Sum: 0.0]
      [Object Copy (ms): Min: 2.6, Avg: 3.6, Max: 4.4, Diff: 1.8, Sum: 28.8]
      [Termination (ms): Min: 0.0, Avg: 5.0, Max: 6.0, Diff: 6.0, Sum: 40.3]
         [Termination Attempts: Min: 1, Avg: 1.1, Max: 2, Diff: 1, Sum: 9]
      [GC Worker Other (ms): Min: 0.0, Avg: 0.0, Max: 0.0, Diff: 0.0, Sum: 0.2]
      [GC Worker Total (ms): Min: 11.1, Avg: 11.7, Max: 12.3, Diff: 1.2, Sum: 93.7]
      [GC Worker End (ms): Min: 15304047.0, Avg: 15304047.0, Max: 15304047.1, Diff: 0.1]
   [Code Root Fixup: 0.0 ms]
   [Code Root Purge: 0.0 ms]
   [Clear CT: 1.0 ms]
   [Other: 3.3 ms]
      [Choose CSet: 0.0 ms]
      [Ref Proc: 1.4 ms]
      [Ref Enq: 0.0 ms]
      [Redirty Cards: 0.9 ms]
      [Humongous Register: 0.3 ms]
      [Humongous Reclaim: 0.0 ms]
      [Free CSet: 0.1 ms]
   [Eden: 49152.0K(49152.0K)->0.0B(49152.0K) Survivors: 3072.0K->3072.0K Heap: 322.3M(1024.0M)->274.2M(1024.0M)]
 [Times: user=0.10 sys=0.00, real=0.02 secs] 
2022-11-24T11:58:38.186+0100: 15393.683: [GC pause (G1 Evacuation Pause) (young), 0.0134810 secs]
   [Parallel Time: 10.3 ms, GC Workers: 8]
      [GC Worker Start (ms): Min: 15393683.0, Avg: 15393683.3, Max: 15393683.5, Diff: 0.4]
      [Ext Root Scanning (ms): Min: 0.8, Avg: 1.0, Max: 1.2, Diff: 0.4, Sum: 7.8]
      [Update RS (ms): Min: 0.1, Avg: 0.3, Max: 1.1, Diff: 1.0, Sum: 2.3]
         [Processed Buffers: Min: 1, Avg: 5.1, Max: 8, Diff: 7, Sum: 41]
      [Scan RS (ms): Min: 0.0, Avg: 0.0, Max: 0.0, Diff: 0.0, Sum: 0.1]
      [Code Root Scanning (ms): Min: 0.0, Avg: 0.0, Max: 0.0, Diff: 0.0, Sum: 0.0]
      [Object Copy (ms): Min: 1.5, Avg: 2.3, Max: 7.3, Diff: 5.8, Sum: 18.2]
      [Termination (ms): Min: 0.0, Avg: 5.8, Max: 6.7, Diff: 6.7, Sum: 46.4]
         [Termination Attempts: Min: 1, Avg: 1.2, Max: 2, Diff: 1, Sum: 10]
      [GC Worker Other (ms): Min: 0.0, Avg: 0.0, Max: 0.0, Diff: 0.0, Sum: 0.1]
      [GC Worker Total (ms): Min: 9.1, Avg: 9.3, Max: 9.5, Diff: 0.4, Sum: 74.8]
      [GC Worker End (ms): Min: 15393692.6, Avg: 15393692.6, Max: 15393692.6, Diff: 0.1]
   [Code Root Fixup: 0.0 ms]
   [Code Root Purge: 0.0 ms]
   [Clear CT: 0.8 ms]
   [Other: 2.4 ms]
      [Choose CSet: 0.0 ms]
      [Ref Proc: 1.0 ms]
      [Ref Enq: 0.0 ms]
      [Redirty Cards: 0.8 ms]
      [Humongous Register: 0.2 ms]
      [Humongous Reclaim: 0.0 ms]
      [Free CSet: 0.1 ms]
   [Eden: 49152.0K(49152.0K)->0.0B(276.0M) Survivors: 3072.0K->3072.0K Heap: 322.2M(1024.0M)->274.5M(1024.0M)]
 [Times: user=0.08 sys=0.00, real=0.02 secs] 
2022-11-24T12:07:31.122+0100: 15926.619: [GC pause (G1 Evacuation Pause) (young), 0.0806704 secs]
   [Parallel Time: 52.1 ms, GC Workers: 8]
      [GC Worker Start (ms): Min: 15926633.0, Avg: 15926633.7, Max: 15926634.5, Diff: 1.5]
      [Ext Root Scanning (ms): Min: 3.2, Avg: 11.3, Max: 49.7, Diff: 46.4, Sum: 90.1]
      [Update RS (ms): Min: 0.0, Avg: 2.5, Max: 3.3, Diff: 3.3, Sum: 19.6]
         [Processed Buffers: Min: 0, Avg: 5.5, Max: 10, Diff: 10, Sum: 44]
      [Scan RS (ms): Min: 0.0, Avg: 0.1, Max: 0.2, Diff: 0.2, Sum: 0.6]
      [Code Root Scanning (ms): Min: 0.0, Avg: 0.0, Max: 0.0, Diff: 0.0, Sum: 0.0]
      [Object Copy (ms): Min: 0.0, Avg: 7.9, Max: 9.4, Diff: 9.4, Sum: 63.2]
      [Termination (ms): Min: 0.0, Avg: 27.0, Max: 31.1, Diff: 31.1, Sum: 216.2]
         [Termination Attempts: Min: 1, Avg: 1.2, Max: 2, Diff: 1, Sum: 10]
      [GC Worker Other (ms): Min: 0.9, Avg: 1.5, Max: 3.3, Diff: 2.3, Sum: 12.2]
      [GC Worker Total (ms): Min: 49.5, Avg: 50.3, Max: 50.9, Diff: 1.5, Sum: 402.1]
      [GC Worker End (ms): Min: 15926683.8, Avg: 15926683.9, Max: 15926684.1, Diff: 0.2]
   [Code Root Fixup: 0.0 ms]
   [Code Root Purge: 0.0 ms]
   [Clear CT: 1.0 ms]
   [Other: 27.6 ms]
      [Choose CSet: 0.0 ms]
      [Ref Proc: 2.3 ms]
      [Ref Enq: 0.0 ms]
      [Redirty Cards: 1.2 ms]
      [Humongous Register: 11.4 ms]
      [Humongous Reclaim: 0.1 ms]
      [Free CSet: 9.4 ms]
   [Eden: 276.0M(276.0M)->0.0B(49152.0K) Survivors: 3072.0K->3072.0K Heap: 550.5M(1024.0M)->273.9M(1024.0M)]
 [Times: user=0.44 sys=0.00, real=0.08 secs] 
2022-11-24T12:09:00.770+0100: 16016.267: [GC pause (G1 Evacuation Pause) (young), 0.0133093 secs]
   [Parallel Time: 8.9 ms, GC Workers: 8]
      [GC Worker Start (ms): Min: 16016268.8, Avg: 16016269.5, Max: 16016270.1, Diff: 1.3]
      [Ext Root Scanning (ms): Min: 2.6, Avg: 3.5, Max: 5.8, Diff: 3.2, Sum: 27.9]
      [Update RS (ms): Min: 0.0, Avg: 1.3, Max: 2.6, Diff: 2.6, Sum: 10.7]
         [Processed Buffers: Min: 0, Avg: 5.2, Max: 14, Diff: 14, Sum: 42]
      [Scan RS (ms): Min: 0.0, Avg: 0.0, Max: 0.1, Diff: 0.1, Sum: 0.1]
      [Code Root Scanning (ms): Min: 0.0, Avg: 0.0, Max: 0.1, Diff: 0.1, Sum: 0.1]
      [Object Copy (ms): Min: 1.4, Avg: 2.4, Max: 3.5, Diff: 2.1, Sum: 19.2]
      [Termination (ms): Min: 0.0, Avg: 0.0, Max: 0.0, Diff: 0.0, Sum: 0.2]
         [Termination Attempts: Min: 1, Avg: 1.9, Max: 4, Diff: 3, Sum: 15]
      [GC Worker Other (ms): Min: 0.0, Avg: 0.0, Max: 0.1, Diff: 0.0, Sum: 0.3]
      [GC Worker Total (ms): Min: 6.7, Avg: 7.3, Max: 8.0, Diff: 1.3, Sum: 58.5]
      [GC Worker End (ms): Min: 16016276.8, Avg: 16016276.8, Max: 16016276.8, Diff: 0.1]
   [Code Root Fixup: 0.0 ms]
   [Code Root Purge: 0.0 ms]
   [Clear CT: 1.0 ms]
   [Other: 3.4 ms]
      [Choose CSet: 0.0 ms]
      [Ref Proc: 0.9 ms]
      [Ref Enq: 0.0 ms]
      [Redirty Cards: 1.0 ms]
      [Humongous Register: 0.8 ms]
      [Humongous Reclaim: 0.0 ms]
      [Free CSet: 0.1 ms]
   [Eden: 49152.0K(49152.0K)->0.0B(49152.0K) Survivors: 3072.0K->3072.0K Heap: 321.9M(1024.0M)->274.3M(1024.0M)]
 [Times: user=0.06 sys=0.00, real=0.01 secs] 
2022-11-24T12:10:31.623+0100: 16107.120: [GC pause (G1 Evacuation Pause) (young), 0.0108112 secs]
   [Parallel Time: 6.3 ms, GC Workers: 8]
      [GC Worker Start (ms): Min: 16107120.3, Avg: 16107120.6, Max: 16107120.9, Diff: 0.5]
      [Ext Root Scanning (ms): Min: 0.3, Avg: 0.8, Max: 2.2, Diff: 1.9, Sum: 6.4]
      [Update RS (ms): Min: 0.0, Avg: 0.3, Max: 0.7, Diff: 0.7, Sum: 2.2]
         [Processed Buffers: Min: 0, Avg: 4.9, Max: 25, Diff: 25, Sum: 39]
      [Scan RS (ms): Min: 0.0, Avg: 0.0, Max: 0.3, Diff: 0.3, Sum: 0.4]
      [Code Root Scanning (ms): Min: 0.0, Avg: 0.0, Max: 0.0, Diff: 0.0, Sum: 0.0]
      [Object Copy (ms): Min: 2.9, Avg: 4.2, Max: 4.7, Diff: 1.8, Sum: 33.4]
      [Termination (ms): Min: 0.0, Avg: 0.2, Max: 0.4, Diff: 0.4, Sum: 2.0]
         [Termination Attempts: Min: 1, Avg: 1.0, Max: 1, Diff: 0, Sum: 8]
      [GC Worker Other (ms): Min: 0.0, Avg: 0.0, Max: 0.1, Diff: 0.1, Sum: 0.3]
      [GC Worker Total (ms): Min: 5.4, Avg: 5.6, Max: 5.9, Diff: 0.5, Sum: 44.7]
      [GC Worker End (ms): Min: 16107126.2, Avg: 16107126.2, Max: 16107126.2, Diff: 0.1]
   [Code Root Fixup: 0.0 ms]
   [Code Root Purge: 0.0 ms]
   [Clear CT: 1.1 ms]
   [Other: 3.4 ms]
      [Choose CSet: 0.0 ms]
      [Ref Proc: 1.6 ms]
      [Ref Enq: 0.0 ms]
      [Redirty Cards: 1.2 ms]
      [Humongous Register: 0.2 ms]
      [Humongous Reclaim: 0.0 ms]
      [Free CSet: 0.1 ms]
   [Eden: 49152.0K(49152.0K)->0.0B(49152.0K) Survivors: 3072.0K->3072.0K Heap: 322.3M(1024.0M)->274.5M(1024.0M)]
 [Times: user=0.05 sys=0.00, real=0.01 secs] 
2022-11-24T12:12:01.726+0100: 16197.223: [GC pause (G1 Evacuation Pause) (young), 0.0196169 secs]
   [Parallel Time: 9.1 ms, GC Workers: 8]
      [GC Worker Start (ms): Min: 16197223.1, Avg: 16197223.3, Max: 16197223.5, Diff: 0.4]
      [Ext Root Scanning (ms): Min: 1.9, Avg: 2.2, Max: 2.4, Diff: 0.5, Sum: 17.6]
      [Update RS (ms): Min: 0.0, Avg: 0.3, Max: 1.3, Diff: 1.3, Sum: 2.7]
         [Processed Buffers: Min: 0, Avg: 5.0, Max: 13, Diff: 13, Sum: 40]
      [Scan RS (ms): Min: 0.0, Avg: 0.0, Max: 0.0, Diff: 0.0, Sum: 0.0]
      [Code Root Scanning (ms): Min: 0.0, Avg: 0.0, Max: 0.0, Diff: 0.0, Sum: 0.0]
      [Object Copy (ms): Min: 0.4, Avg: 1.8, Max: 5.9, Diff: 5.5, Sum: 14.8]
      [Termination (ms): Min: 0.0, Avg: 3.9, Max: 4.5, Diff: 4.5, Sum: 31.1]
         [Termination Attempts: Min: 1, Avg: 1.6, Max: 3, Diff: 2, Sum: 13]
      [GC Worker Other (ms): Min: 0.0, Avg: 0.0, Max: 0.0, Diff: 0.0, Sum: 0.1]
      [GC Worker Total (ms): Min: 8.1, Avg: 8.3, Max: 8.5, Diff: 0.4, Sum: 66.3]
      [GC Worker End (ms): Min: 16197231.6, Avg: 16197231.6, Max: 16197231.7, Diff: 0.1]
   [Code Root Fixup: 0.0 ms]
   [Code Root Purge: 0.0 ms]
   [Clear CT: 1.6 ms]
   [Other: 8.9 ms]
      [Choose CSet: 0.0 ms]
      [Ref Proc: 7.2 ms]
      [Ref Enq: 0.0 ms]
      [Redirty Cards: 1.3 ms]
      [Humongous Register: 0.1 ms]
      [Humongous Reclaim: 0.0 ms]
      [Free CSet: 0.1 ms]
   [Eden: 49152.0K(49152.0K)->0.0B(49152.0K) Survivors: 3072.0K->3072.0K Heap: 322.5M(1024.0M)->274.3M(1024.0M)]
 [Times: user=0.11 sys=0.01, real=0.02 secs] 
2022-11-24T12:13:32.437+0100: 16287.934: [GC pause (G1 Evacuation Pause) (young), 0.0139066 secs]
   [Parallel Time: 9.6 ms, GC Workers: 8]
      [GC Worker Start (ms): Min: 16287934.5, Avg: 16287934.8, Max: 16287935.0, Diff: 0.5]
      [Ext Root Scanning (ms): Min: 0.3, Avg: 1.0, Max: 3.4, Diff: 3.1, Sum: 8.1]
      [Update RS (ms): Min: 0.0, Avg: 0.5, Max: 1.3, Diff: 1.3, Sum: 4.1]
         [Processed Buffers: Min: 0, Avg: 5.5, Max: 20, Diff: 20, Sum: 44]
      [Scan RS (ms): Min: 0.0, Avg: 0.0, Max: 0.1, Diff: 0.1, Sum: 0.1]
      [Code Root Scanning (ms): Min: 0.0, Avg: 0.0, Max: 0.0, Diff: 0.0, Sum: 0.0]
      [Object Copy (ms): Min: 1.2, Avg: 2.6, Max: 7.3, Diff: 6.1, Sum: 21.1]
      [Termination (ms): Min: 0.0, Avg: 4.5, Max: 5.3, Diff: 5.3, Sum: 36.0]
         [Termination Attempts: Min: 1, Avg: 1.5, Max: 2, Diff: 1, Sum: 12]
      [GC Worker Other (ms): Min: 0.0, Avg: 0.0, Max: 0.0, Diff: 0.0, Sum: 0.1]
      [GC Worker Total (ms): Min: 8.4, Avg: 8.7, Max: 8.9, Diff: 0.5, Sum: 69.5]
      [GC Worker End (ms): Min: 16287943.4, Avg: 16287943.4, Max: 16287943.5, Diff: 0.1]
   [Code Root Fixup: 0.0 ms]
   [Code Root Purge: 0.0 ms]
   [Clear CT: 1.1 ms]
   [Other: 3.3 ms]
      [Choose CSet: 0.0 ms]
      [Ref Proc: 1.6 ms]
      [Ref Enq: 0.0 ms]
      [Redirty Cards: 1.0 ms]
      [Humongous Register: 0.1 ms]
      [Humongous Reclaim: 0.0 ms]
      [Free CSet: 0.2 ms]
   [Eden: 49152.0K(49152.0K)->0.0B(222.0M) Survivors: 3072.0K->3072.0K Heap: 322.3M(1024.0M)->274.6M(1024.0M)]
 [Times: user=0.08 sys=0.00, real=0.02 secs] 
2022-11-24T12:20:40.950+0100: 16716.447: [GC pause (G1 Evacuation Pause) (young), 0.0537036 secs]
   [Parallel Time: 36.3 ms, GC Workers: 8]
      [GC Worker Start (ms): Min: 16716459.7, Avg: 16716460.1, Max: 16716460.6, Diff: 0.9]
      [Ext Root Scanning (ms): Min: 0.6, Avg: 7.4, Max: 35.5, Diff: 34.9, Sum: 59.4]
      [Update RS (ms): Min: 0.0, Avg: 1.3, Max: 3.0, Diff: 3.0, Sum: 10.2]
         [Processed Buffers: Min: 0, Avg: 5.2, Max: 13, Diff: 13, Sum: 42]
      [Scan RS (ms): Min: 0.0, Avg: 0.0, Max: 0.1, Diff: 0.1, Sum: 0.2]
      [Code Root Scanning (ms): Min: 0.0, Avg: 0.0, Max: 0.0, Diff: 0.0, Sum: 0.0]
      [Object Copy (ms): Min: 0.0, Avg: 5.2, Max: 6.9, Diff: 6.9, Sum: 41.8]
      [Termination (ms): Min: 0.0, Avg: 20.9, Max: 23.9, Diff: 23.9, Sum: 167.1]
         [Termination Attempts: Min: 1, Avg: 1.1, Max: 2, Diff: 1, Sum: 9]
      [GC Worker Other (ms): Min: 0.1, Avg: 0.4, Max: 1.1, Diff: 1.0, Sum: 3.3]
      [GC Worker Total (ms): Min: 34.8, Avg: 35.3, Max: 35.6, Diff: 0.9, Sum: 282.0]
      [GC Worker End (ms): Min: 16716495.4, Avg: 16716495.4, Max: 16716495.4, Diff: 0.0]
   [Code Root Fixup: 0.0 ms]
   [Code Root Purge: 0.0 ms]
   [Clear CT: 1.1 ms]
   [Other: 16.3 ms]
      [Choose CSet: 0.0 ms]
      [Ref Proc: 1.4 ms]
      [Ref Enq: 0.0 ms]
      [Redirty Cards: 1.1 ms]
      [Humongous Register: 11.9 ms]
      [Humongous Reclaim: 0.0 ms]
      [Free CSet: 0.7 ms]
   [Eden: 222.0M(222.0M)->0.0B(50176.0K) Survivors: 3072.0K->2048.0K Heap: 496.6M(1024.0M)->273.8M(1024.0M)]
 [Times: user=0.29 sys=0.00, real=0.05 secs] 
2022-11-24T12:22:13.566+0100: 16809.063: [GC pause (G1 Evacuation Pause) (young), 0.0096656 secs]
   [Parallel Time: 6.2 ms, GC Workers: 8]
      [GC Worker Start (ms): Min: 16809063.3, Avg: 16809063.5, Max: 16809063.6, Diff: 0.3]
      [Ext Root Scanning (ms): Min: 3.4, Avg: 3.5, Max: 3.7, Diff: 0.3, Sum: 28.3]
      [Update RS (ms): Min: 0.2, Avg: 0.6, Max: 1.4, Diff: 1.1, Sum: 4.6]
         [Processed Buffers: Min: 1, Avg: 5.0, Max: 20, Diff: 19, Sum: 40]
      [Scan RS (ms): Min: 0.0, Avg: 0.0, Max: 0.0, Diff: 0.0, Sum: 0.0]
      [Code Root Scanning (ms): Min: 0.0, Avg: 0.0, Max: 0.0, Diff: 0.0, Sum: 0.0]
      [Object Copy (ms): Min: 0.4, Avg: 1.0, Max: 1.3, Diff: 0.9, Sum: 8.0]
      [Termination (ms): Min: 0.0, Avg: 0.2, Max: 0.2, Diff: 0.2, Sum: 1.3]
         [Termination Attempts: Min: 1, Avg: 1.4, Max: 2, Diff: 1, Sum: 11]
      [GC Worker Other (ms): Min: 0.0, Avg: 0.0, Max: 0.0, Diff: 0.0, Sum: 0.1]
      [GC Worker Total (ms): Min: 5.1, Avg: 5.3, Max: 5.5, Diff: 0.3, Sum: 42.4]
      [GC Worker End (ms): Min: 16809068.8, Avg: 16809068.8, Max: 16809068.8, Diff: 0.0]
   [Code Root Fixup: 0.0 ms]
   [Code Root Purge: 0.0 ms]
   [Clear CT: 1.0 ms]
   [Other: 2.4 ms]
      [Choose CSet: 0.0 ms]
      [Ref Proc: 1.2 ms]
      [Ref Enq: 0.0 ms]
      [Redirty Cards: 0.9 ms]
      [Humongous Register: 0.1 ms]
      [Humongous Reclaim: 0.0 ms]
      [Free CSet: 0.1 ms]
   [Eden: 50176.0K(50176.0K)->0.0B(49152.0K) Survivors: 2048.0K->3072.0K Heap: 322.8M(1024.0M)->274.3M(1024.0M)]
 [Times: user=0.02 sys=0.01, real=0.01 secs] 
2022-11-24T12:23:43.900+0100: 16899.397: [GC pause (G1 Evacuation Pause) (young), 0.0104448 secs]
   [Parallel Time: 6.5 ms, GC Workers: 8]
      [GC Worker Start (ms): Min: 16899397.3, Avg: 16899397.6, Max: 16899398.0, Diff: 0.7]
      [Ext Root Scanning (ms): Min: 0.0, Avg: 1.2, Max: 5.3, Diff: 5.3, Sum: 9.3]
      [Update RS (ms): Min: 0.0, Avg: 1.3, Max: 3.1, Diff: 3.1, Sum: 10.7]
         [Processed Buffers: Min: 0, Avg: 5.4, Max: 22, Diff: 22, Sum: 43]
      [Scan RS (ms): Min: 0.0, Avg: 0.0, Max: 0.0, Diff: 0.0, Sum: 0.1]
      [Code Root Scanning (ms): Min: 0.0, Avg: 0.0, Max: 0.0, Diff: 0.0, Sum: 0.0]
      [Object Copy (ms): Min: 0.0, Avg: 2.6, Max: 4.7, Diff: 4.7, Sum: 21.0]
      [Termination (ms): Min: 0.0, Avg: 0.4, Max: 0.5, Diff: 0.5, Sum: 3.0]
         [Termination Attempts: Min: 1, Avg: 2.2, Max: 5, Diff: 4, Sum: 18]
      [GC Worker Other (ms): Min: 0.0, Avg: 0.0, Max: 0.0, Diff: 0.0, Sum: 0.1]
      [GC Worker Total (ms): Min: 5.1, Avg: 5.5, Max: 5.8, Diff: 0.7, Sum: 44.2]
      [GC Worker End (ms): Min: 16899403.1, Avg: 16899403.1, Max: 16899403.1, Diff: 0.0]
   [Code Root Fixup: 0.0 ms]
   [Code Root Purge: 0.3 ms]
   [Clear CT: 1.1 ms]
   [Other: 2.6 ms]
      [Choose CSet: 0.0 ms]
      [Ref Proc: 1.0 ms]
      [Ref Enq: 0.0 ms]
      [Redirty Cards: 1.1 ms]
      [Humongous Register: 0.1 ms]
      [Humongous Reclaim: 0.0 ms]
      [Free CSet: 0.1 ms]
   [Eden: 49152.0K(49152.0K)->0.0B(242.0M) Survivors: 3072.0K->3072.0K Heap: 322.3M(1024.0M)->274.2M(1024.0M)]
 [Times: user=0.02 sys=0.02, real=0.01 secs] 
2022-11-24T12:30:35.489+0100: 17310.986: [GC pause (G1 Evacuation Pause) (young), 0.0157919 secs]
   [Parallel Time: 9.2 ms, GC Workers: 8]
      [GC Worker Start (ms): Min: 17310986.7, Avg: 17310987.0, Max: 17310987.2, Diff: 0.5]
      [Ext Root Scanning (ms): Min: 0.1, Avg: 1.2, Max: 3.4, Diff: 3.2, Sum: 9.3]
      [Update RS (ms): Min: 1.4, Avg: 4.4, Max: 7.4, Diff: 5.9, Sum: 34.9]
         [Processed Buffers: Min: 0, Avg: 6.1, Max: 21, Diff: 21, Sum: 49]
      [Scan RS (ms): Min: 0.0, Avg: 0.5, Max: 1.5, Diff: 1.5, Sum: 4.3]
      [Code Root Scanning (ms): Min: 0.0, Avg: 0.0, Max: 0.1, Diff: 0.1, Sum: 0.1]
      [Object Copy (ms): Min: 0.0, Avg: 2.0, Max: 3.4, Diff: 3.4, Sum: 16.1]
      [Termination (ms): Min: 0.0, Avg: 0.4, Max: 0.5, Diff: 0.5, Sum: 3.0]
         [Termination Attempts: Min: 1, Avg: 9.9, Max: 20, Diff: 19, Sum: 79]
      [GC Worker Other (ms): Min: 0.0, Avg: 0.1, Max: 0.5, Diff: 0.5, Sum: 0.7]
      [GC Worker Total (ms): Min: 8.3, Avg: 8.5, Max: 8.8, Diff: 0.5, Sum: 68.3]
      [GC Worker End (ms): Min: 17310995.5, Avg: 17310995.5, Max: 17310995.6, Diff: 0.1]
   [Code Root Fixup: 0.0 ms]
   [Code Root Purge: 0.0 ms]
   [Clear CT: 1.2 ms]
   [Other: 5.4 ms]
      [Choose CSet: 0.0 ms]
      [Ref Proc: 1.7 ms]
      [Ref Enq: 0.0 ms]
      [Redirty Cards: 1.2 ms]
      [Humongous Register: 0.2 ms]
      [Humongous Reclaim: 0.0 ms]
      [Free CSet: 2.1 ms]
   [Eden: 219.0M(117.0M)->0.0B(197.0M) Survivors: 3072.0K->3072.0K Heap: 493.2M(1024.0M)->274.8M(1024.0M)]
 [Times: user=0.08 sys=0.00, real=0.01 secs] 
Heap
 garbage-first heap   total 1048576K, used 285472K [0x00000000c0000000, 0x00000000c0102000, 0x0000000100000000)
  region size 1024K, 8 young (8192K), 3 survivors (3072K)
 Metaspace       used 46259K, capacity 51679K, committed 51968K, reserved 1095680K
  class space    used 5715K, capacity 6303K, committed 6400K, reserved 1048576K
