[2022-11-25T18:57:46.444+0100][gc,heap] Heap region size: 1M
[2022-11-25T18:57:46.454+0100][gc     ] Using G1
[2022-11-25T18:57:46.455+0100][gc,heap,coops] Heap address: 0x00000000c0000000, size: 1024 MB, Compressed Oops mode: 32-bit
[2022-11-25T18:57:46.455+0100][gc,cds       ] Mark closed archive regions in map: [0x00000000fff00000, 0x00000000fff6aff8]
[2022-11-25T18:57:46.455+0100][gc,cds       ] Mark open archive regions in map: [0x00000000ffe00000, 0x00000000ffe47ff8]
[2022-11-25T18:57:47.539+0100][gc,start     ] GC(0) Pause Young (Normal) (G1 Evacuation Pause)
[2022-11-25T18:57:47.539+0100][gc,task      ] GC(0) Using 4 workers of 4 for evacuation
[2022-11-25T18:57:47.551+0100][gc,phases    ] GC(0)   Pre Evacuate Collection Set: 0,0ms
[2022-11-25T18:57:47.551+0100][gc,phases    ] GC(0)   Evacuate Collection Set: 10,5ms
[2022-11-25T18:57:47.551+0100][gc,phases    ] GC(0)   Post Evacuate Collection Set: 0,9ms
[2022-11-25T18:57:47.551+0100][gc,phases    ] GC(0)   Other: 0,5ms
[2022-11-25T18:57:47.551+0100][gc,heap      ] GC(0) Eden regions: 51->0(44)
[2022-11-25T18:57:47.551+0100][gc,heap      ] GC(0) Survivor regions: 0->7(7)
[2022-11-25T18:57:47.551+0100][gc,heap      ] GC(0) Old regions: 2->2
[2022-11-25T18:57:47.551+0100][gc,heap      ] GC(0) Humongous regions: 0->0
[2022-11-25T18:57:47.551+0100][gc,metaspace ] GC(0) Metaspace: 14230K(14848K)->14230K(14848K) NonClass: 12452K(12800K)->12452K(12800K) Class: 1778K(2048K)->1778K(2048K)
[2022-11-25T18:57:47.551+0100][gc           ] GC(0) Pause Young (Normal) (G1 Evacuation Pause) 51M->7M(1024M) 12,094ms
[2022-11-25T18:57:47.551+0100][gc,cpu       ] GC(0) User=0,02s Sys=0,01s Real=0,01s
[2022-11-25T18:57:48.015+0100][gc,start     ] GC(1) Pause Young (Concurrent Start) (Metadata GC Threshold)
[2022-11-25T18:57:48.015+0100][gc,task      ] GC(1) Using 4 workers of 4 for evacuation
[2022-11-25T18:57:48.028+0100][gc,phases    ] GC(1)   Pre Evacuate Collection Set: 0,0ms
[2022-11-25T18:57:48.028+0100][gc,phases    ] GC(1)   Evacuate Collection Set: 11,9ms
[2022-11-25T18:57:48.028+0100][gc,phases    ] GC(1)   Post Evacuate Collection Set: 0,7ms
[2022-11-25T18:57:48.028+0100][gc,phases    ] GC(1)   Other: 0,2ms
[2022-11-25T18:57:48.028+0100][gc,heap      ] GC(1) Eden regions: 30->0(49)
[2022-11-25T18:57:48.028+0100][gc,heap      ] GC(1) Survivor regions: 7->2(7)
[2022-11-25T18:57:48.028+0100][gc,heap      ] GC(1) Old regions: 2->9
[2022-11-25T18:57:48.028+0100][gc,heap      ] GC(1) Humongous regions: 0->0
[2022-11-25T18:57:48.028+0100][gc,metaspace ] GC(1) Metaspace: 20578K(21248K)->20578K(21248K) NonClass: 18041K(18432K)->18041K(18432K) Class: 2536K(2816K)->2536K(2816K)
[2022-11-25T18:57:48.028+0100][gc           ] GC(1) Pause Young (Concurrent Start) (Metadata GC Threshold) 37M->8M(1024M) 12,997ms
[2022-11-25T18:57:48.028+0100][gc,cpu       ] GC(1) User=0,04s Sys=0,00s Real=0,01s
[2022-11-25T18:57:48.028+0100][gc           ] GC(2) Concurrent Cycle
[2022-11-25T18:57:48.028+0100][gc,marking   ] GC(2) Concurrent Clear Claimed Marks
[2022-11-25T18:57:48.028+0100][gc,marking   ] GC(2) Concurrent Clear Claimed Marks 0,090ms
[2022-11-25T18:57:48.028+0100][gc,marking   ] GC(2) Concurrent Scan Root Regions
[2022-11-25T18:57:48.029+0100][gc,marking   ] GC(2) Concurrent Scan Root Regions 1,179ms
[2022-11-25T18:57:48.029+0100][gc,marking   ] GC(2) Concurrent Mark (1,588s)
[2022-11-25T18:57:48.029+0100][gc,marking   ] GC(2) Concurrent Mark From Roots
[2022-11-25T18:57:48.029+0100][gc,task      ] GC(2) Using 1 workers of 1 for marking
[2022-11-25T18:57:48.038+0100][gc,marking   ] GC(2) Concurrent Mark From Roots 8,924ms
[2022-11-25T18:57:48.038+0100][gc,marking   ] GC(2) Concurrent Preclean
[2022-11-25T18:57:48.038+0100][gc,marking   ] GC(2) Concurrent Preclean 0,165ms
[2022-11-25T18:57:48.039+0100][gc,marking   ] GC(2) Concurrent Mark (1,588s, 1,597s) 9,377ms
[2022-11-25T18:57:48.039+0100][gc,start     ] GC(2) Pause Remark
[2022-11-25T18:57:48.045+0100][gc,stringtable] GC(2) Cleaned string and symbol table, strings: 5252 processed, 0 removed, symbols: 52648 processed, 45 removed
[2022-11-25T18:57:48.045+0100][gc            ] GC(2) Pause Remark 8M->8M(1024M) 6,319ms
[2022-11-25T18:57:48.045+0100][gc,cpu        ] GC(2) User=0,01s Sys=0,00s Real=0,00s
[2022-11-25T18:57:48.045+0100][gc,marking    ] GC(2) Concurrent Rebuild Remembered Sets
[2022-11-25T18:57:48.051+0100][gc,marking    ] GC(2) Concurrent Rebuild Remembered Sets 5,455ms
[2022-11-25T18:57:48.051+0100][gc,start      ] GC(2) Pause Cleanup
[2022-11-25T18:57:48.051+0100][gc            ] GC(2) Pause Cleanup 9M->9M(1024M) 0,231ms
[2022-11-25T18:57:48.051+0100][gc,cpu        ] GC(2) User=0,00s Sys=0,00s Real=0,00s
[2022-11-25T18:57:48.051+0100][gc,marking    ] GC(2) Concurrent Cleanup for Next Mark
[2022-11-25T18:57:48.065+0100][gc,marking    ] GC(2) Concurrent Cleanup for Next Mark 13,721ms
[2022-11-25T18:57:48.065+0100][gc            ] GC(2) Concurrent Cycle 36,870ms
[2022-11-25T18:57:48.760+0100][gc,start      ] GC(3) Pause Young (Concurrent Start) (G1 Evacuation Pause)
[2022-11-25T18:57:48.760+0100][gc,task       ] GC(3) Using 4 workers of 4 for evacuation
[2022-11-25T18:57:48.770+0100][gc,phases     ] GC(3)   Pre Evacuate Collection Set: 0,1ms
[2022-11-25T18:57:48.770+0100][gc,phases     ] GC(3)   Evacuate Collection Set: 9,6ms
[2022-11-25T18:57:48.770+0100][gc,phases     ] GC(3)   Post Evacuate Collection Set: 0,3ms
[2022-11-25T18:57:48.770+0100][gc,phases     ] GC(3)   Other: 0,2ms
[2022-11-25T18:57:48.770+0100][gc,heap       ] GC(3) Eden regions: 49->0(46)
[2022-11-25T18:57:48.770+0100][gc,heap       ] GC(3) Survivor regions: 2->5(7)
[2022-11-25T18:57:48.770+0100][gc,heap       ] GC(3) Old regions: 9->9
[2022-11-25T18:57:48.770+0100][gc,heap       ] GC(3) Humongous regions: 129->129
[2022-11-25T18:57:48.770+0100][gc,metaspace  ] GC(3) Metaspace: 28785K(29952K)->28785K(29952K) NonClass: 25417K(26112K)->25417K(26112K) Class: 3368K(3840K)->3368K(3840K)
[2022-11-25T18:57:48.770+0100][gc            ] GC(3) Pause Young (Concurrent Start) (G1 Evacuation Pause) 186M->140M(1024M) 10,295ms
[2022-11-25T18:57:48.770+0100][gc,cpu        ] GC(3) User=0,03s Sys=0,01s Real=0,00s
[2022-11-25T18:57:48.770+0100][gc            ] GC(4) Concurrent Cycle
[2022-11-25T18:57:48.770+0100][gc,marking    ] GC(4) Concurrent Clear Claimed Marks
[2022-11-25T18:57:48.770+0100][gc,marking    ] GC(4) Concurrent Clear Claimed Marks 0,091ms
[2022-11-25T18:57:48.770+0100][gc,marking    ] GC(4) Concurrent Scan Root Regions
[2022-11-25T18:57:48.775+0100][gc,marking    ] GC(4) Concurrent Scan Root Regions 4,646ms
[2022-11-25T18:57:48.775+0100][gc,marking    ] GC(4) Concurrent Mark (2,333s)
[2022-11-25T18:57:48.775+0100][gc,marking    ] GC(4) Concurrent Mark From Roots
[2022-11-25T18:57:48.775+0100][gc,task       ] GC(4) Using 1 workers of 1 for marking
[2022-11-25T18:57:48.791+0100][gc,marking    ] GC(4) Concurrent Mark From Roots 16,211ms
[2022-11-25T18:57:48.791+0100][gc,marking    ] GC(4) Concurrent Preclean
[2022-11-25T18:57:48.791+0100][gc,marking    ] GC(4) Concurrent Preclean 0,136ms
[2022-11-25T18:57:48.791+0100][gc,marking    ] GC(4) Concurrent Mark (2,333s, 2,350s) 16,399ms
[2022-11-25T18:57:48.791+0100][gc,start      ] GC(4) Pause Remark
[2022-11-25T18:57:48.795+0100][gc,stringtable] GC(4) Cleaned string and symbol table, strings: 8100 processed, 11 removed, symbols: 68052 processed, 12 removed
[2022-11-25T18:57:48.795+0100][gc            ] GC(4) Pause Remark 142M->142M(1024M) 3,619ms
[2022-11-25T18:57:48.795+0100][gc,cpu        ] GC(4) User=0,01s Sys=0,00s Real=0,00s
[2022-11-25T18:57:48.795+0100][gc,marking    ] GC(4) Concurrent Rebuild Remembered Sets
[2022-11-25T18:57:48.802+0100][gc,marking    ] GC(4) Concurrent Rebuild Remembered Sets 6,822ms
[2022-11-25T18:57:48.806+0100][gc,start      ] GC(4) Pause Cleanup
[2022-11-25T18:57:48.806+0100][gc            ] GC(4) Pause Cleanup 142M->142M(1024M) 0,205ms
[2022-11-25T18:57:48.806+0100][gc,cpu        ] GC(4) User=0,00s Sys=0,00s Real=0,00s
[2022-11-25T18:57:48.806+0100][gc,marking    ] GC(4) Concurrent Cleanup for Next Mark
[2022-11-25T18:57:48.818+0100][gc,marking    ] GC(4) Concurrent Cleanup for Next Mark 11,731ms
[2022-11-25T18:57:48.818+0100][gc            ] GC(4) Concurrent Cycle 47,899ms
[2022-11-25T18:58:01.785+0100][gc,start      ] GC(5) Pause Young (Normal) (G1 Evacuation Pause)
[2022-11-25T18:58:01.785+0100][gc,task       ] GC(5) Using 4 workers of 4 for evacuation
[2022-11-25T18:58:01.794+0100][gc,phases     ] GC(5)   Pre Evacuate Collection Set: 0,0ms
[2022-11-25T18:58:01.795+0100][gc,phases     ] GC(5)   Evacuate Collection Set: 8,9ms
[2022-11-25T18:58:01.795+0100][gc,phases     ] GC(5)   Post Evacuate Collection Set: 0,5ms
[2022-11-25T18:58:01.795+0100][gc,phases     ] GC(5)   Other: 0,1ms
[2022-11-25T18:58:01.795+0100][gc,heap       ] GC(5) Eden regions: 46->0(48)
[2022-11-25T18:58:01.795+0100][gc,heap       ] GC(5) Survivor regions: 5->3(7)
[2022-11-25T18:58:01.795+0100][gc,heap       ] GC(5) Old regions: 9->13
[2022-11-25T18:58:01.795+0100][gc,heap       ] GC(5) Humongous regions: 129->129
[2022-11-25T18:58:01.795+0100][gc,metaspace  ] GC(5) Metaspace: 37775K(39808K)->37775K(39808K) NonClass: 33034K(34048K)->33034K(34048K) Class: 4741K(5760K)->4741K(5760K)
[2022-11-25T18:58:01.795+0100][gc            ] GC(5) Pause Young (Normal) (G1 Evacuation Pause) 186M->143M(1024M) 9,627ms
[2022-11-25T18:58:01.795+0100][gc,cpu        ] GC(5) User=0,04s Sys=0,00s Real=0,01s
[2022-11-25T19:01:18.309+0100][gc,start      ] GC(6) Pause Young (Normal) (G1 Evacuation Pause)
[2022-11-25T19:01:18.310+0100][gc,task       ] GC(6) Using 4 workers of 4 for evacuation
[2022-11-25T19:01:18.342+0100][gc,mmu        ] GC(6) MMU target violated: 21,0ms (20,0ms/21,0ms)
[2022-11-25T19:01:18.342+0100][gc,phases     ] GC(6)   Pre Evacuate Collection Set: 0,8ms
[2022-11-25T19:01:18.342+0100][gc,phases     ] GC(6)   Evacuate Collection Set: 29,0ms
[2022-11-25T19:01:18.342+0100][gc,phases     ] GC(6)   Post Evacuate Collection Set: 1,9ms
[2022-11-25T19:01:18.342+0100][gc,phases     ] GC(6)   Other: 1,6ms
[2022-11-25T19:01:18.342+0100][gc,heap       ] GC(6) Eden regions: 48->0(46)
[2022-11-25T19:01:18.342+0100][gc,heap       ] GC(6) Survivor regions: 3->5(7)
[2022-11-25T19:01:18.342+0100][gc,heap       ] GC(6) Old regions: 13->13
[2022-11-25T19:01:18.342+0100][gc,heap       ] GC(6) Humongous regions: 129->129
[2022-11-25T19:01:18.342+0100][gc,metaspace  ] GC(6) Metaspace: 43382K(46208K)->43382K(46208K) NonClass: 37740K(39168K)->37740K(39168K) Class: 5642K(7040K)->5642K(7040K)
[2022-11-25T19:01:18.342+0100][gc            ] GC(6) Pause Young (Normal) (G1 Evacuation Pause) 191M->145M(1024M) 33,521ms
[2022-11-25T19:01:18.342+0100][gc,cpu        ] GC(6) User=0,09s Sys=0,00s Real=0,04s
[2022-11-25T19:15:21.856+0100][gc,start      ] GC(7) Pause Young (Normal) (G1 Evacuation Pause)
[2022-11-25T19:15:21.856+0100][gc,task       ] GC(7) Using 4 workers of 4 for evacuation
[2022-11-25T19:15:21.866+0100][gc,phases     ] GC(7)   Pre Evacuate Collection Set: 0,1ms
[2022-11-25T19:15:21.866+0100][gc,phases     ] GC(7)   Evacuate Collection Set: 9,3ms
[2022-11-25T19:15:21.866+0100][gc,phases     ] GC(7)   Post Evacuate Collection Set: 0,5ms
[2022-11-25T19:15:21.866+0100][gc,phases     ] GC(7)   Other: 0,4ms
[2022-11-25T19:15:21.866+0100][gc,heap       ] GC(7) Eden regions: 46->0(46)
[2022-11-25T19:15:21.866+0100][gc,heap       ] GC(7) Survivor regions: 5->5(7)
[2022-11-25T19:15:21.866+0100][gc,heap       ] GC(7) Old regions: 13->15
[2022-11-25T19:15:21.866+0100][gc,heap       ] GC(7) Humongous regions: 129->129
[2022-11-25T19:15:21.866+0100][gc,metaspace  ] GC(7) Metaspace: 44243K(46976K)->44243K(46976K) NonClass: 38561K(39936K)->38561K(39936K) Class: 5681K(7040K)->5681K(7040K)
[2022-11-25T19:15:21.866+0100][gc            ] GC(7) Pause Young (Normal) (G1 Evacuation Pause) 191M->146M(1024M) 10,286ms
[2022-11-25T19:15:21.866+0100][gc,cpu        ] GC(7) User=0,04s Sys=0,00s Real=0,01s
[2022-11-25T19:51:34.031+0100][gc,start      ] GC(8) Pause Young (Normal) (G1 Evacuation Pause)
[2022-11-25T19:51:34.031+0100][gc,task       ] GC(8) Using 4 workers of 4 for evacuation
[2022-11-25T19:51:34.039+0100][gc,phases     ] GC(8)   Pre Evacuate Collection Set: 0,0ms
[2022-11-25T19:51:34.039+0100][gc,phases     ] GC(8)   Evacuate Collection Set: 7,2ms
[2022-11-25T19:51:34.039+0100][gc,phases     ] GC(8)   Post Evacuate Collection Set: 0,5ms
[2022-11-25T19:51:34.039+0100][gc,phases     ] GC(8)   Other: 0,4ms
[2022-11-25T19:51:34.039+0100][gc,heap       ] GC(8) Eden regions: 46->0(49)
[2022-11-25T19:51:34.039+0100][gc,heap       ] GC(8) Survivor regions: 5->2(7)
[2022-11-25T19:51:34.039+0100][gc,heap       ] GC(8) Old regions: 15->18
[2022-11-25T19:51:34.039+0100][gc,heap       ] GC(8) Humongous regions: 129->129
[2022-11-25T19:51:34.039+0100][gc,metaspace  ] GC(8) Metaspace: 44415K(47232K)->44415K(47232K) NonClass: 38733K(40192K)->38733K(40192K) Class: 5681K(7040K)->5681K(7040K)
[2022-11-25T19:51:34.039+0100][gc            ] GC(8) Pause Young (Normal) (G1 Evacuation Pause) 192M->147M(1024M) 8,216ms
[2022-11-25T19:51:34.039+0100][gc,cpu        ] GC(8) User=0,03s Sys=0,00s Real=0,01s
[2022-11-25T20:30:56.856+0100][gc,start      ] GC(9) Pause Young (Normal) (G1 Evacuation Pause)
[2022-11-25T20:30:56.857+0100][gc,task       ] GC(9) Using 4 workers of 4 for evacuation
[2022-11-25T20:30:56.871+0100][gc,phases     ] GC(9)   Pre Evacuate Collection Set: 0,8ms
[2022-11-25T20:30:56.871+0100][gc,phases     ] GC(9)   Evacuate Collection Set: 10,5ms
[2022-11-25T20:30:56.871+0100][gc,phases     ] GC(9)   Post Evacuate Collection Set: 1,1ms
[2022-11-25T20:30:56.872+0100][gc,phases     ] GC(9)   Other: 2,5ms
[2022-11-25T20:30:56.872+0100][gc,heap       ] GC(9) Eden regions: 49->0(49)
[2022-11-25T20:30:56.872+0100][gc,heap       ] GC(9) Survivor regions: 2->2(7)
[2022-11-25T20:30:56.872+0100][gc,heap       ] GC(9) Old regions: 18->18
[2022-11-25T20:30:56.872+0100][gc,heap       ] GC(9) Humongous regions: 129->129
[2022-11-25T20:30:56.872+0100][gc,metaspace  ] GC(9) Metaspace: 44528K(47488K)->44528K(47488K) NonClass: 38841K(40448K)->38841K(40448K) Class: 5687K(7040K)->5687K(7040K)
[2022-11-25T20:30:56.872+0100][gc            ] GC(9) Pause Young (Normal) (G1 Evacuation Pause) 196M->146M(1024M) 16,332ms
[2022-11-25T20:30:56.872+0100][gc,cpu        ] GC(9) User=0,04s Sys=0,00s Real=0,02s
[2022-11-25T20:52:49.120+0100][gc,start      ] GC(10) Pause Young (Normal) (G1 Evacuation Pause)
[2022-11-25T20:52:49.125+0100][gc,task       ] GC(10) Using 4 workers of 4 for evacuation
[2022-11-25T20:52:49.202+0100][gc,mmu        ] GC(10) MMU target violated: 21,0ms (20,0ms/21,0ms)
[2022-11-25T20:52:49.202+0100][gc,phases     ] GC(10)   Pre Evacuate Collection Set: 0,3ms
[2022-11-25T20:52:49.202+0100][gc,phases     ] GC(10)   Evacuate Collection Set: 72,8ms
[2022-11-25T20:52:49.202+0100][gc,phases     ] GC(10)   Post Evacuate Collection Set: 3,6ms
[2022-11-25T20:52:49.202+0100][gc,phases     ] GC(10)   Other: 5,3ms
[2022-11-25T20:52:49.203+0100][gc,heap       ] GC(10) Eden regions: 49->0(47)
[2022-11-25T20:52:49.203+0100][gc,heap       ] GC(10) Survivor regions: 2->4(7)
[2022-11-25T20:52:49.203+0100][gc,heap       ] GC(10) Old regions: 18->18
[2022-11-25T20:52:49.203+0100][gc,heap       ] GC(10) Humongous regions: 129->129
[2022-11-25T20:52:49.203+0100][gc,metaspace  ] GC(10) Metaspace: 44839K(47744K)->44839K(47744K) NonClass: 39151K(40704K)->39151K(40704K) Class: 5687K(7040K)->5687K(7040K)
[2022-11-25T20:52:49.203+0100][gc            ] GC(10) Pause Young (Normal) (G1 Evacuation Pause) 195M->148M(1024M) 82,791ms
[2022-11-25T20:52:49.203+0100][gc,cpu        ] GC(10) User=0,14s Sys=0,00s Real=0,08s
