[2022-11-29T22:26:51.125+0100][gc,heap] Heap region size: 1M
[2022-11-29T22:26:51.144+0100][gc     ] Using G1
[2022-11-29T22:26:51.144+0100][gc,heap,coops] Heap address: 0x00000000c0000000, size: 1024 MB, Compressed Oops mode: 32-bit
[2022-11-29T22:26:51.144+0100][gc,cds       ] Mark closed archive regions in map: [0x00000000fff00000, 0x00000000fff6aff8]
[2022-11-29T22:26:51.144+0100][gc,cds       ] Mark open archive regions in map: [0x00000000ffe00000, 0x00000000ffe47ff8]
[2022-11-29T22:26:53.155+0100][gc,start     ] GC(0) Pause Young (Normal) (G1 Evacuation Pause)
[2022-11-29T22:26:53.155+0100][gc,task      ] GC(0) Using 4 workers of 4 for evacuation
[2022-11-29T22:26:53.172+0100][gc,phases    ] GC(0)   Pre Evacuate Collection Set: 0,0ms
[2022-11-29T22:26:53.172+0100][gc,phases    ] GC(0)   Evacuate Collection Set: 15,9ms
[2022-11-29T22:26:53.172+0100][gc,phases    ] GC(0)   Post Evacuate Collection Set: 0,4ms
[2022-11-29T22:26:53.172+0100][gc,phases    ] GC(0)   Other: 0,4ms
[2022-11-29T22:26:53.172+0100][gc,heap      ] GC(0) Eden regions: 51->0(44)
[2022-11-29T22:26:53.172+0100][gc,heap      ] GC(0) Survivor regions: 0->7(7)
[2022-11-29T22:26:53.172+0100][gc,heap      ] GC(0) Old regions: 2->2
[2022-11-29T22:26:53.172+0100][gc,heap      ] GC(0) Humongous regions: 0->0
[2022-11-29T22:26:53.172+0100][gc,metaspace ] GC(0) Metaspace: 14304K(15104K)->14304K(15104K) NonClass: 12515K(13056K)->12515K(13056K) Class: 1788K(2048K)->1788K(2048K)
[2022-11-29T22:26:53.172+0100][gc           ] GC(0) Pause Young (Normal) (G1 Evacuation Pause) 51M->7M(1024M) 16,939ms
[2022-11-29T22:26:53.172+0100][gc,cpu       ] GC(0) User=0,04s Sys=0,01s Real=0,02s
[2022-11-29T22:26:53.688+0100][gc,start     ] GC(1) Pause Young (Concurrent Start) (Metadata GC Threshold)
[2022-11-29T22:26:53.688+0100][gc,task      ] GC(1) Using 4 workers of 4 for evacuation
[2022-11-29T22:26:53.703+0100][gc,phases    ] GC(1)   Pre Evacuate Collection Set: 0,0ms
[2022-11-29T22:26:53.703+0100][gc,phases    ] GC(1)   Evacuate Collection Set: 14,4ms
[2022-11-29T22:26:53.703+0100][gc,phases    ] GC(1)   Post Evacuate Collection Set: 0,4ms
[2022-11-29T22:26:53.703+0100][gc,phases    ] GC(1)   Other: 0,2ms
[2022-11-29T22:26:53.703+0100][gc,heap      ] GC(1) Eden regions: 29->0(50)
[2022-11-29T22:26:53.703+0100][gc,heap      ] GC(1) Survivor regions: 7->1(7)
[2022-11-29T22:26:53.703+0100][gc,heap      ] GC(1) Old regions: 2->9
[2022-11-29T22:26:53.703+0100][gc,heap      ] GC(1) Humongous regions: 0->0
[2022-11-29T22:26:53.704+0100][gc,metaspace ] GC(1) Metaspace: 20514K(21248K)->20514K(21248K) NonClass: 17997K(18432K)->17997K(18432K) Class: 2517K(2816K)->2517K(2816K)
[2022-11-29T22:26:53.704+0100][gc           ] GC(1) Pause Young (Concurrent Start) (Metadata GC Threshold) 35M->8M(1024M) 15,139ms
[2022-11-29T22:26:53.704+0100][gc,cpu       ] GC(1) User=0,05s Sys=0,01s Real=0,01s
[2022-11-29T22:26:53.704+0100][gc           ] GC(2) Concurrent Cycle
[2022-11-29T22:26:53.704+0100][gc,marking   ] GC(2) Concurrent Clear Claimed Marks
[2022-11-29T22:26:53.704+0100][gc,marking   ] GC(2) Concurrent Clear Claimed Marks 0,048ms
[2022-11-29T22:26:53.704+0100][gc,marking   ] GC(2) Concurrent Scan Root Regions
[2022-11-29T22:26:53.705+0100][gc,marking   ] GC(2) Concurrent Scan Root Regions 1,259ms
[2022-11-29T22:26:53.705+0100][gc,marking   ] GC(2) Concurrent Mark (2,584s)
[2022-11-29T22:26:53.705+0100][gc,marking   ] GC(2) Concurrent Mark From Roots
[2022-11-29T22:26:53.705+0100][gc,task      ] GC(2) Using 1 workers of 1 for marking
[2022-11-29T22:26:53.720+0100][gc,marking   ] GC(2) Concurrent Mark From Roots 15,214ms
[2022-11-29T22:26:53.720+0100][gc,marking   ] GC(2) Concurrent Preclean
[2022-11-29T22:26:53.720+0100][gc,marking   ] GC(2) Concurrent Preclean 0,095ms
[2022-11-29T22:26:53.720+0100][gc,marking   ] GC(2) Concurrent Mark (2,584s, 2,600s) 15,403ms
[2022-11-29T22:26:53.724+0100][gc,start     ] GC(2) Pause Remark
[2022-11-29T22:26:53.727+0100][gc,stringtable] GC(2) Cleaned string and symbol table, strings: 5206 processed, 0 removed, symbols: 52373 processed, 43 removed
[2022-11-29T22:26:53.728+0100][gc            ] GC(2) Pause Remark 9M->9M(1024M) 3,810ms
[2022-11-29T22:26:53.728+0100][gc,cpu        ] GC(2) User=0,01s Sys=0,00s Real=0,00s
[2022-11-29T22:26:53.728+0100][gc,marking    ] GC(2) Concurrent Rebuild Remembered Sets
[2022-11-29T22:26:53.735+0100][gc,marking    ] GC(2) Concurrent Rebuild Remembered Sets 7,592ms
[2022-11-29T22:26:53.736+0100][gc,start      ] GC(2) Pause Cleanup
[2022-11-29T22:26:53.736+0100][gc            ] GC(2) Pause Cleanup 9M->9M(1024M) 0,385ms
[2022-11-29T22:26:53.736+0100][gc,cpu        ] GC(2) User=0,00s Sys=0,00s Real=0,00s
[2022-11-29T22:26:53.736+0100][gc,marking    ] GC(2) Concurrent Cleanup for Next Mark
[2022-11-29T22:26:53.748+0100][gc,marking    ] GC(2) Concurrent Cleanup for Next Mark 12,269ms
[2022-11-29T22:26:53.749+0100][gc            ] GC(2) Concurrent Cycle 45,024ms
[2022-11-29T22:26:53.909+0100][gc,heap,exit  ] Heap
[2022-11-29T22:26:53.909+0100][gc,heap,exit  ]  garbage-first heap   total 1048576K, used 11360K [0x00000000c0000000, 0x0000000100000000)
[2022-11-29T22:26:53.909+0100][gc,heap,exit  ]   region size 1024K, 5 young (5120K), 1 survivors (1024K)
[2022-11-29T22:26:53.909+0100][gc,heap,exit  ]  Metaspace       used 20970K, capacity 21619K, committed 21888K, reserved 1069056K
[2022-11-29T22:26:53.909+0100][gc,heap,exit  ]   class space    used 2582K, capacity 2859K, committed 2944K, reserved 1048576K
