[2022-11-30T14:45:41.384+0100][gc,heap] Heap region size: 1M
[2022-11-30T14:45:41.394+0100][gc     ] Using G1
[2022-11-30T14:45:41.394+0100][gc,heap,coops] Heap address: 0x00000000c0000000, size: 1024 MB, Compressed Oops mode: 32-bit
[2022-11-30T14:45:41.394+0100][gc,cds       ] Mark closed archive regions in map: [0x00000000fff00000, 0x00000000fff6aff8]
[2022-11-30T14:45:41.394+0100][gc,cds       ] Mark open archive regions in map: [0x00000000ffe00000, 0x00000000ffe47ff8]
[2022-11-30T14:45:43.010+0100][gc,start     ] GC(0) Pause Young (Normal) (G1 Evacuation Pause)
[2022-11-30T14:45:43.012+0100][gc,task      ] GC(0) Using 4 workers of 4 for evacuation
[2022-11-30T14:45:43.032+0100][gc,phases    ] GC(0)   Pre Evacuate Collection Set: 0,0ms
[2022-11-30T14:45:43.032+0100][gc,phases    ] GC(0)   Evacuate Collection Set: 18,9ms
[2022-11-30T14:45:43.032+0100][gc,phases    ] GC(0)   Post Evacuate Collection Set: 0,5ms
[2022-11-30T14:45:43.032+0100][gc,phases    ] GC(0)   Other: 2,2ms
[2022-11-30T14:45:43.032+0100][gc,heap      ] GC(0) Eden regions: 51->0(44)
[2022-11-30T14:45:43.032+0100][gc,heap      ] GC(0) Survivor regions: 0->7(7)
[2022-11-30T14:45:43.032+0100][gc,heap      ] GC(0) Old regions: 2->2
[2022-11-30T14:45:43.032+0100][gc,heap      ] GC(0) Humongous regions: 0->0
[2022-11-30T14:45:43.032+0100][gc,metaspace ] GC(0) Metaspace: 14277K(15104K)->14277K(15104K) NonClass: 12489K(13056K)->12489K(13056K) Class: 1787K(2048K)->1787K(2048K)
[2022-11-30T14:45:43.032+0100][gc           ] GC(0) Pause Young (Normal) (G1 Evacuation Pause) 51M->7M(1024M) 21,748ms
[2022-11-30T14:45:43.032+0100][gc,cpu       ] GC(0) User=0,03s Sys=0,01s Real=0,02s
[2022-11-30T14:45:43.960+0100][gc,start     ] GC(1) Pause Young (Concurrent Start) (Metadata GC Threshold)
[2022-11-30T14:45:43.960+0100][gc,task      ] GC(1) Using 4 workers of 4 for evacuation
[2022-11-30T14:45:43.976+0100][gc,phases    ] GC(1)   Pre Evacuate Collection Set: 0,0ms
[2022-11-30T14:45:43.976+0100][gc,phases    ] GC(1)   Evacuate Collection Set: 15,7ms
[2022-11-30T14:45:43.976+0100][gc,phases    ] GC(1)   Post Evacuate Collection Set: 0,3ms
[2022-11-30T14:45:43.976+0100][gc,phases    ] GC(1)   Other: 0,2ms
[2022-11-30T14:45:43.977+0100][gc,heap      ] GC(1) Eden regions: 29->0(49)
[2022-11-30T14:45:43.977+0100][gc,heap      ] GC(1) Survivor regions: 7->2(7)
[2022-11-30T14:45:43.977+0100][gc,heap      ] GC(1) Old regions: 2->9
[2022-11-30T14:45:43.977+0100][gc,heap      ] GC(1) Humongous regions: 0->0
[2022-11-30T14:45:43.977+0100][gc,metaspace ] GC(1) Metaspace: 20602K(21248K)->20602K(21248K) NonClass: 18065K(18432K)->18065K(18432K) Class: 2536K(2816K)->2536K(2816K)
[2022-11-30T14:45:43.977+0100][gc           ] GC(1) Pause Young (Concurrent Start) (Metadata GC Threshold) 36M->8M(1024M) 16,319ms
[2022-11-30T14:45:43.977+0100][gc,cpu       ] GC(1) User=0,03s Sys=0,00s Real=0,01s
[2022-11-30T14:45:43.977+0100][gc           ] GC(2) Concurrent Cycle
[2022-11-30T14:45:43.977+0100][gc,marking   ] GC(2) Concurrent Clear Claimed Marks
[2022-11-30T14:45:43.977+0100][gc,marking   ] GC(2) Concurrent Clear Claimed Marks 0,044ms
[2022-11-30T14:45:43.977+0100][gc,marking   ] GC(2) Concurrent Scan Root Regions
[2022-11-30T14:45:43.978+0100][gc,marking   ] GC(2) Concurrent Scan Root Regions 1,290ms
[2022-11-30T14:45:43.978+0100][gc,marking   ] GC(2) Concurrent Mark (2,623s)
[2022-11-30T14:45:43.978+0100][gc,marking   ] GC(2) Concurrent Mark From Roots
[2022-11-30T14:45:43.978+0100][gc,task      ] GC(2) Using 1 workers of 1 for marking
[2022-11-30T14:45:43.991+0100][gc,marking   ] GC(2) Concurrent Mark From Roots 13,288ms
[2022-11-30T14:45:43.991+0100][gc,marking   ] GC(2) Concurrent Preclean
[2022-11-30T14:45:43.992+0100][gc,marking   ] GC(2) Concurrent Preclean 0,122ms
[2022-11-30T14:45:43.992+0100][gc,marking   ] GC(2) Concurrent Mark (2,623s, 2,637s) 13,500ms
[2022-11-30T14:45:43.992+0100][gc,start     ] GC(2) Pause Remark
[2022-11-30T14:45:43.995+0100][gc,stringtable] GC(2) Cleaned string and symbol table, strings: 5273 processed, 0 removed, symbols: 52704 processed, 46 removed
[2022-11-30T14:45:43.995+0100][gc            ] GC(2) Pause Remark 9M->9M(1024M) 3,768ms
[2022-11-30T14:45:43.996+0100][gc,cpu        ] GC(2) User=0,00s Sys=0,00s Real=0,00s
[2022-11-30T14:45:43.996+0100][gc,marking    ] GC(2) Concurrent Rebuild Remembered Sets
[2022-11-30T14:45:44.003+0100][gc,marking    ] GC(2) Concurrent Rebuild Remembered Sets 6,955ms
[2022-11-30T14:45:44.003+0100][gc,start      ] GC(2) Pause Cleanup
[2022-11-30T14:45:44.003+0100][gc            ] GC(2) Pause Cleanup 9M->9M(1024M) 0,360ms
[2022-11-30T14:45:44.003+0100][gc,cpu        ] GC(2) User=0,00s Sys=0,00s Real=0,00s
[2022-11-30T14:45:44.003+0100][gc,marking    ] GC(2) Concurrent Cleanup for Next Mark
[2022-11-30T14:45:44.016+0100][gc,marking    ] GC(2) Concurrent Cleanup for Next Mark 12,631ms
[2022-11-30T14:45:44.016+0100][gc            ] GC(2) Concurrent Cycle 39,315ms
[2022-11-30T14:45:45.205+0100][gc,start      ] GC(3) Pause Young (Concurrent Start) (G1 Evacuation Pause)
[2022-11-30T14:45:45.205+0100][gc,task       ] GC(3) Using 4 workers of 4 for evacuation
[2022-11-30T14:45:45.211+0100][gc,phases     ] GC(3)   Pre Evacuate Collection Set: 0,1ms
[2022-11-30T14:45:45.211+0100][gc,phases     ] GC(3)   Evacuate Collection Set: 5,2ms
[2022-11-30T14:45:45.211+0100][gc,phases     ] GC(3)   Post Evacuate Collection Set: 0,4ms
[2022-11-30T14:45:45.211+0100][gc,phases     ] GC(3)   Other: 0,2ms
[2022-11-30T14:45:45.211+0100][gc,heap       ] GC(3) Eden regions: 49->0(46)
[2022-11-30T14:45:45.211+0100][gc,heap       ] GC(3) Survivor regions: 2->5(7)
[2022-11-30T14:45:45.211+0100][gc,heap       ] GC(3) Old regions: 9->9
[2022-11-30T14:45:45.211+0100][gc,heap       ] GC(3) Humongous regions: 129->129
[2022-11-30T14:45:45.211+0100][gc,metaspace  ] GC(3) Metaspace: 28674K(29952K)->28674K(29952K) NonClass: 25321K(26112K)->25321K(26112K) Class: 3352K(3840K)->3352K(3840K)
[2022-11-30T14:45:45.211+0100][gc            ] GC(3) Pause Young (Concurrent Start) (G1 Evacuation Pause) 186M->140M(1024M) 5,995ms
[2022-11-30T14:45:45.211+0100][gc,cpu        ] GC(3) User=0,02s Sys=0,00s Real=0,01s
[2022-11-30T14:45:45.211+0100][gc            ] GC(4) Concurrent Cycle
[2022-11-30T14:45:45.211+0100][gc,marking    ] GC(4) Concurrent Clear Claimed Marks
[2022-11-30T14:45:45.211+0100][gc,marking    ] GC(4) Concurrent Clear Claimed Marks 0,075ms
[2022-11-30T14:45:45.211+0100][gc,marking    ] GC(4) Concurrent Scan Root Regions
[2022-11-30T14:45:45.214+0100][gc,marking    ] GC(4) Concurrent Scan Root Regions 3,128ms
[2022-11-30T14:45:45.214+0100][gc,marking    ] GC(4) Concurrent Mark (3,860s)
[2022-11-30T14:45:45.214+0100][gc,marking    ] GC(4) Concurrent Mark From Roots
[2022-11-30T14:45:45.214+0100][gc,task       ] GC(4) Using 1 workers of 1 for marking
[2022-11-30T14:45:45.225+0100][gc,marking    ] GC(4) Concurrent Mark From Roots 10,652ms
[2022-11-30T14:45:45.225+0100][gc,marking    ] GC(4) Concurrent Preclean
[2022-11-30T14:45:45.225+0100][gc,marking    ] GC(4) Concurrent Preclean 0,119ms
[2022-11-30T14:45:45.225+0100][gc,marking    ] GC(4) Concurrent Mark (3,860s, 3,871s) 10,845ms
[2022-11-30T14:45:45.225+0100][gc,start      ] GC(4) Pause Remark
[2022-11-30T14:45:45.228+0100][gc,stringtable] GC(4) Cleaned string and symbol table, strings: 8074 processed, 12 removed, symbols: 67956 processed, 12 removed
[2022-11-30T14:45:45.229+0100][gc            ] GC(4) Pause Remark 142M->142M(1024M) 3,159ms
[2022-11-30T14:45:45.229+0100][gc,cpu        ] GC(4) User=0,01s Sys=0,00s Real=0,01s
[2022-11-30T14:45:45.229+0100][gc,marking    ] GC(4) Concurrent Rebuild Remembered Sets
[2022-11-30T14:45:45.237+0100][gc,marking    ] GC(4) Concurrent Rebuild Remembered Sets 7,942ms
[2022-11-30T14:45:45.237+0100][gc,start      ] GC(4) Pause Cleanup
[2022-11-30T14:45:45.237+0100][gc            ] GC(4) Pause Cleanup 142M->142M(1024M) 0,362ms
[2022-11-30T14:45:45.237+0100][gc,cpu        ] GC(4) User=0,00s Sys=0,00s Real=0,00s
[2022-11-30T14:45:45.237+0100][gc,marking    ] GC(4) Concurrent Cleanup for Next Mark
[2022-11-30T14:45:45.249+0100][gc,marking    ] GC(4) Concurrent Cleanup for Next Mark 11,486ms
[2022-11-30T14:45:45.250+0100][gc            ] GC(4) Concurrent Cycle 39,146ms
[2022-11-30T14:46:01.684+0100][gc,start      ] GC(5) Pause Young (Normal) (G1 Evacuation Pause)
[2022-11-30T14:46:01.684+0100][gc,task       ] GC(5) Using 4 workers of 4 for evacuation
[2022-11-30T14:46:01.692+0100][gc,phases     ] GC(5)   Pre Evacuate Collection Set: 0,0ms
[2022-11-30T14:46:01.692+0100][gc,phases     ] GC(5)   Evacuate Collection Set: 7,6ms
[2022-11-30T14:46:01.692+0100][gc,phases     ] GC(5)   Post Evacuate Collection Set: 0,5ms
[2022-11-30T14:46:01.692+0100][gc,phases     ] GC(5)   Other: 0,2ms
[2022-11-30T14:46:01.692+0100][gc,heap       ] GC(5) Eden regions: 46->0(48)
[2022-11-30T14:46:01.692+0100][gc,heap       ] GC(5) Survivor regions: 5->3(7)
[2022-11-30T14:46:01.692+0100][gc,heap       ] GC(5) Old regions: 9->13
[2022-11-30T14:46:01.692+0100][gc,heap       ] GC(5) Humongous regions: 129->129
[2022-11-30T14:46:01.692+0100][gc,metaspace  ] GC(5) Metaspace: 37442K(39424K)->37442K(39424K) NonClass: 32695K(33792K)->32695K(33792K) Class: 4746K(5632K)->4746K(5632K)
[2022-11-30T14:46:01.692+0100][gc            ] GC(5) Pause Young (Normal) (G1 Evacuation Pause) 186M->143M(1024M) 8,464ms
[2022-11-30T14:46:01.692+0100][gc,cpu        ] GC(5) User=0,03s Sys=0,01s Real=0,01s
[2022-11-30T14:51:06.813+0100][gc,start      ] GC(6) Pause Young (Normal) (G1 Evacuation Pause)
[2022-11-30T14:51:06.813+0100][gc,task       ] GC(6) Using 4 workers of 4 for evacuation
[2022-11-30T14:51:06.838+0100][gc,mmu        ] GC(6) MMU target violated: 21,0ms (20,0ms/21,0ms)
[2022-11-30T14:51:06.838+0100][gc,phases     ] GC(6)   Pre Evacuate Collection Set: 0,1ms
[2022-11-30T14:51:06.838+0100][gc,phases     ] GC(6)   Evacuate Collection Set: 23,1ms
[2022-11-30T14:51:06.838+0100][gc,phases     ] GC(6)   Post Evacuate Collection Set: 1,2ms
[2022-11-30T14:51:06.838+0100][gc,phases     ] GC(6)   Other: 0,5ms
[2022-11-30T14:51:06.838+0100][gc,heap       ] GC(6) Eden regions: 48->0(46)
[2022-11-30T14:51:06.838+0100][gc,heap       ] GC(6) Survivor regions: 3->5(7)
[2022-11-30T14:51:06.838+0100][gc,heap       ] GC(6) Old regions: 13->13
[2022-11-30T14:51:06.838+0100][gc,heap       ] GC(6) Humongous regions: 129->129
[2022-11-30T14:51:06.838+0100][gc,metaspace  ] GC(6) Metaspace: 43301K(46080K)->43301K(46080K) NonClass: 37517K(38912K)->37517K(38912K) Class: 5783K(7168K)->5783K(7168K)
[2022-11-30T14:51:06.838+0100][gc            ] GC(6) Pause Young (Normal) (G1 Evacuation Pause) 191M->145M(1024M) 25,167ms
[2022-11-30T14:51:06.838+0100][gc,cpu        ] GC(6) User=0,08s Sys=0,00s Real=0,02s
[2022-11-30T14:57:06.231+0100][gc,start      ] GC(7) Pause Young (Normal) (G1 Evacuation Pause)
[2022-11-30T14:57:06.231+0100][gc,task       ] GC(7) Using 4 workers of 4 for evacuation
[2022-11-30T14:57:06.247+0100][gc,phases     ] GC(7)   Pre Evacuate Collection Set: 0,0ms
[2022-11-30T14:57:06.247+0100][gc,phases     ] GC(7)   Evacuate Collection Set: 14,7ms
[2022-11-30T14:57:06.247+0100][gc,phases     ] GC(7)   Post Evacuate Collection Set: 0,6ms
[2022-11-30T14:57:06.247+0100][gc,phases     ] GC(7)   Other: 0,2ms
[2022-11-30T14:57:06.247+0100][gc,heap       ] GC(7) Eden regions: 46->0(47)
[2022-11-30T14:57:06.247+0100][gc,heap       ] GC(7) Survivor regions: 5->4(7)
[2022-11-30T14:57:06.247+0100][gc,heap       ] GC(7) Old regions: 13->16
[2022-11-30T14:57:06.247+0100][gc,heap       ] GC(7) Humongous regions: 129->129
[2022-11-30T14:57:06.247+0100][gc,metaspace  ] GC(7) Metaspace: 44839K(47744K)->44839K(47744K) NonClass: 38993K(40448K)->38993K(40448K) Class: 5846K(7296K)->5846K(7296K)
[2022-11-30T14:57:06.247+0100][gc            ] GC(7) Pause Young (Normal) (G1 Evacuation Pause) 191M->146M(1024M) 15,668ms
[2022-11-30T14:57:06.247+0100][gc,cpu        ] GC(7) User=0,04s Sys=0,00s Real=0,01s
[2022-11-30T14:58:17.015+0100][gc,start      ] GC(8) Pause Young (Normal) (G1 Evacuation Pause)
[2022-11-30T14:58:17.015+0100][gc,task       ] GC(8) Using 4 workers of 4 for evacuation
[2022-11-30T14:58:17.026+0100][gc,phases     ] GC(8)   Pre Evacuate Collection Set: 0,1ms
[2022-11-30T14:58:17.026+0100][gc,phases     ] GC(8)   Evacuate Collection Set: 9,2ms
[2022-11-30T14:58:17.026+0100][gc,phases     ] GC(8)   Post Evacuate Collection Set: 1,5ms
[2022-11-30T14:58:17.026+0100][gc,phases     ] GC(8)   Other: 0,2ms
[2022-11-30T14:58:17.026+0100][gc,heap       ] GC(8) Eden regions: 47->0(49)
[2022-11-30T14:58:17.026+0100][gc,heap       ] GC(8) Survivor regions: 4->2(7)
[2022-11-30T14:58:17.026+0100][gc,heap       ] GC(8) Old regions: 16->18
[2022-11-30T14:58:17.026+0100][gc,heap       ] GC(8) Humongous regions: 129->129
[2022-11-30T14:58:17.026+0100][gc,metaspace  ] GC(8) Metaspace: 44961K(48000K)->44961K(48000K) NonClass: 39115K(40704K)->39115K(40704K) Class: 5846K(7296K)->5846K(7296K)
[2022-11-30T14:58:17.026+0100][gc            ] GC(8) Pause Young (Normal) (G1 Evacuation Pause) 193M->147M(1024M) 11,231ms
[2022-11-30T14:58:17.026+0100][gc,cpu        ] GC(8) User=0,02s Sys=0,00s Real=0,01s
[2022-11-30T14:59:04.070+0100][gc,start      ] GC(9) Pause Young (Normal) (G1 Evacuation Pause)
[2022-11-30T14:59:04.070+0100][gc,task       ] GC(9) Using 4 workers of 4 for evacuation
[2022-11-30T14:59:04.088+0100][gc,phases     ] GC(9)   Pre Evacuate Collection Set: 0,1ms
[2022-11-30T14:59:04.088+0100][gc,phases     ] GC(9)   Evacuate Collection Set: 16,6ms
[2022-11-30T14:59:04.088+0100][gc,phases     ] GC(9)   Post Evacuate Collection Set: 0,3ms
[2022-11-30T14:59:04.088+0100][gc,phases     ] GC(9)   Other: 0,3ms
[2022-11-30T14:59:04.088+0100][gc,heap       ] GC(9) Eden regions: 49->0(48)
[2022-11-30T14:59:04.088+0100][gc,heap       ] GC(9) Survivor regions: 2->3(7)
[2022-11-30T14:59:04.088+0100][gc,heap       ] GC(9) Old regions: 18->18
[2022-11-30T14:59:04.088+0100][gc,heap       ] GC(9) Humongous regions: 129->129
[2022-11-30T14:59:04.088+0100][gc,metaspace  ] GC(9) Metaspace: 45109K(48256K)->45109K(48256K) NonClass: 39259K(40960K)->39259K(40960K) Class: 5850K(7296K)->5850K(7296K)
[2022-11-30T14:59:04.088+0100][gc            ] GC(9) Pause Young (Normal) (G1 Evacuation Pause) 196M->148M(1024M) 17,399ms
[2022-11-30T14:59:04.088+0100][gc,cpu        ] GC(9) User=0,02s Sys=0,00s Real=0,02s
[2022-11-30T14:59:44.922+0100][gc,start      ] GC(10) Pause Young (Normal) (G1 Evacuation Pause)
[2022-11-30T14:59:44.923+0100][gc,task       ] GC(10) Using 4 workers of 4 for evacuation
[2022-11-30T14:59:44.952+0100][gc,mmu        ] GC(10) MMU target violated: 21,0ms (20,0ms/21,0ms)
[2022-11-30T14:59:44.952+0100][gc,phases     ] GC(10)   Pre Evacuate Collection Set: 0,0ms
[2022-11-30T14:59:44.952+0100][gc,phases     ] GC(10)   Evacuate Collection Set: 25,0ms
[2022-11-30T14:59:44.952+0100][gc,phases     ] GC(10)   Post Evacuate Collection Set: 4,0ms
[2022-11-30T14:59:44.952+0100][gc,phases     ] GC(10)   Other: 0,4ms
[2022-11-30T14:59:44.952+0100][gc,heap       ] GC(10) Eden regions: 48->0(46)
[2022-11-30T14:59:44.952+0100][gc,heap       ] GC(10) Survivor regions: 3->5(7)
[2022-11-30T14:59:44.952+0100][gc,heap       ] GC(10) Old regions: 18->18
[2022-11-30T14:59:44.952+0100][gc,heap       ] GC(10) Humongous regions: 129->129
[2022-11-30T14:59:44.952+0100][gc,metaspace  ] GC(10) Metaspace: 45147K(48256K)->45147K(48256K) NonClass: 39293K(40960K)->39293K(40960K) Class: 5854K(7296K)->5854K(7296K)
[2022-11-30T14:59:44.952+0100][gc            ] GC(10) Pause Young (Normal) (G1 Evacuation Pause) 196M->149M(1024M) 29,827ms
[2022-11-30T14:59:44.952+0100][gc,cpu        ] GC(10) User=0,03s Sys=0,00s Real=0,03s
[2022-11-30T15:00:23.187+0100][gc,start      ] GC(11) Pause Young (Normal) (G1 Evacuation Pause)
[2022-11-30T15:00:23.187+0100][gc,task       ] GC(11) Using 4 workers of 4 for evacuation
[2022-11-30T15:00:23.221+0100][gc,mmu        ] GC(11) MMU target violated: 21,0ms (20,0ms/21,0ms)
[2022-11-30T15:00:23.221+0100][gc,phases     ] GC(11)   Pre Evacuate Collection Set: 0,0ms
[2022-11-30T15:00:23.221+0100][gc,phases     ] GC(11)   Evacuate Collection Set: 28,6ms
[2022-11-30T15:00:23.221+0100][gc,phases     ] GC(11)   Post Evacuate Collection Set: 4,8ms
[2022-11-30T15:00:23.221+0100][gc,phases     ] GC(11)   Other: 0,3ms
[2022-11-30T15:00:23.221+0100][gc,heap       ] GC(11) Eden regions: 46->0(46)
[2022-11-30T15:00:23.221+0100][gc,heap       ] GC(11) Survivor regions: 5->5(7)
[2022-11-30T15:00:23.221+0100][gc,heap       ] GC(11) Old regions: 18->19
[2022-11-30T15:00:23.221+0100][gc,heap       ] GC(11) Humongous regions: 129->129
[2022-11-30T15:00:23.221+0100][gc,metaspace  ] GC(11) Metaspace: 45177K(48256K)->45177K(48256K) NonClass: 39322K(40960K)->39322K(40960K) Class: 5854K(7296K)->5854K(7296K)
[2022-11-30T15:00:23.221+0100][gc            ] GC(11) Pause Young (Normal) (G1 Evacuation Pause) 195M->151M(1024M) 33,996ms
[2022-11-30T15:00:23.221+0100][gc,cpu        ] GC(11) User=0,03s Sys=0,00s Real=0,04s
[2022-11-30T15:01:00.056+0100][gc,start      ] GC(12) Pause Young (Normal) (G1 Evacuation Pause)
[2022-11-30T15:01:00.056+0100][gc,task       ] GC(12) Using 4 workers of 4 for evacuation
[2022-11-30T15:01:00.082+0100][gc,mmu        ] GC(12) MMU target violated: 21,0ms (20,0ms/21,0ms)
[2022-11-30T15:01:00.082+0100][gc,phases     ] GC(12)   Pre Evacuate Collection Set: 0,1ms
[2022-11-30T15:01:00.082+0100][gc,phases     ] GC(12)   Evacuate Collection Set: 24,7ms
[2022-11-30T15:01:00.082+0100][gc,phases     ] GC(12)   Post Evacuate Collection Set: 0,5ms
[2022-11-30T15:01:00.082+0100][gc,phases     ] GC(12)   Other: 0,4ms
[2022-11-30T15:01:00.082+0100][gc,heap       ] GC(12) Eden regions: 46->0(45)
[2022-11-30T15:01:00.082+0100][gc,heap       ] GC(12) Survivor regions: 5->6(7)
[2022-11-30T15:01:00.082+0100][gc,heap       ] GC(12) Old regions: 19->20
[2022-11-30T15:01:00.082+0100][gc,heap       ] GC(12) Humongous regions: 129->129
[2022-11-30T15:01:00.082+0100][gc,metaspace  ] GC(12) Metaspace: 45197K(48256K)->45197K(48256K) NonClass: 39343K(40960K)->39343K(40960K) Class: 5854K(7296K)->5854K(7296K)
[2022-11-30T15:01:00.082+0100][gc            ] GC(12) Pause Young (Normal) (G1 Evacuation Pause) 197M->152M(1024M) 25,774ms
[2022-11-30T15:01:00.082+0100][gc,cpu        ] GC(12) User=0,04s Sys=0,00s Real=0,03s
[2022-11-30T15:01:35.409+0100][gc,start      ] GC(13) Pause Young (Normal) (G1 Evacuation Pause)
[2022-11-30T15:01:35.409+0100][gc,task       ] GC(13) Using 4 workers of 4 for evacuation
[2022-11-30T15:01:35.456+0100][gc,mmu        ] GC(13) MMU target violated: 21,0ms (20,0ms/21,0ms)
[2022-11-30T15:01:35.456+0100][gc,phases     ] GC(13)   Pre Evacuate Collection Set: 0,0ms
[2022-11-30T15:01:35.456+0100][gc,phases     ] GC(13)   Evacuate Collection Set: 45,9ms
[2022-11-30T15:01:35.456+0100][gc,phases     ] GC(13)   Post Evacuate Collection Set: 0,7ms
[2022-11-30T15:01:35.456+0100][gc,phases     ] GC(13)   Other: 0,3ms
[2022-11-30T15:01:35.456+0100][gc,heap       ] GC(13) Eden regions: 45->0(46)
[2022-11-30T15:01:35.456+0100][gc,heap       ] GC(13) Survivor regions: 6->5(7)
[2022-11-30T15:01:35.456+0100][gc,heap       ] GC(13) Old regions: 20->22
[2022-11-30T15:01:35.456+0100][gc,heap       ] GC(13) Humongous regions: 129->129
[2022-11-30T15:01:35.456+0100][gc,metaspace  ] GC(13) Metaspace: 45209K(48256K)->45209K(48256K) NonClass: 39355K(40960K)->39355K(40960K) Class: 5854K(7296K)->5854K(7296K)
[2022-11-30T15:01:35.456+0100][gc            ] GC(13) Pause Young (Normal) (G1 Evacuation Pause) 197M->154M(1024M) 47,040ms
[2022-11-30T15:01:35.456+0100][gc,cpu        ] GC(13) User=0,05s Sys=0,00s Real=0,04s
[2022-11-30T15:02:55.478+0100][gc,start      ] GC(14) Pause Young (Normal) (G1 Evacuation Pause)
[2022-11-30T15:02:55.478+0100][gc,task       ] GC(14) Using 4 workers of 4 for evacuation
[2022-11-30T15:02:55.504+0100][gc,mmu        ] GC(14) MMU target violated: 21,0ms (20,0ms/21,0ms)
[2022-11-30T15:02:55.504+0100][gc,phases     ] GC(14)   Pre Evacuate Collection Set: 0,0ms
[2022-11-30T15:02:55.504+0100][gc,phases     ] GC(14)   Evacuate Collection Set: 25,4ms
[2022-11-30T15:02:55.504+0100][gc,phases     ] GC(14)   Post Evacuate Collection Set: 0,8ms
[2022-11-30T15:02:55.504+0100][gc,phases     ] GC(14)   Other: 0,5ms
[2022-11-30T15:02:55.504+0100][gc,heap       ] GC(14) Eden regions: 46->0(46)
[2022-11-30T15:02:55.504+0100][gc,heap       ] GC(14) Survivor regions: 5->5(7)
[2022-11-30T15:02:55.504+0100][gc,heap       ] GC(14) Old regions: 22->24
[2022-11-30T15:02:55.505+0100][gc,heap       ] GC(14) Humongous regions: 129->129
[2022-11-30T15:02:55.505+0100][gc,metaspace  ] GC(14) Metaspace: 45254K(48256K)->45254K(48256K) NonClass: 39399K(40960K)->39399K(40960K) Class: 5854K(7296K)->5854K(7296K)
[2022-11-30T15:02:55.505+0100][gc            ] GC(14) Pause Young (Normal) (G1 Evacuation Pause) 200M->156M(1024M) 26,942ms
[2022-11-30T15:02:55.505+0100][gc,cpu        ] GC(14) User=0,10s Sys=0,00s Real=0,03s
[2022-11-30T15:04:09.615+0100][gc,start      ] GC(15) Pause Young (Normal) (G1 Evacuation Pause)
[2022-11-30T15:04:09.615+0100][gc,task       ] GC(15) Using 4 workers of 4 for evacuation
[2022-11-30T15:04:09.639+0100][gc,mmu        ] GC(15) MMU target violated: 21,0ms (20,0ms/21,0ms)
[2022-11-30T15:04:09.639+0100][gc,phases     ] GC(15)   Pre Evacuate Collection Set: 0,0ms
[2022-11-30T15:04:09.639+0100][gc,phases     ] GC(15)   Evacuate Collection Set: 23,2ms
[2022-11-30T15:04:09.639+0100][gc,phases     ] GC(15)   Post Evacuate Collection Set: 0,4ms
[2022-11-30T15:04:09.639+0100][gc,phases     ] GC(15)   Other: 0,4ms
[2022-11-30T15:04:09.639+0100][gc,heap       ] GC(15) Eden regions: 46->0(45)
[2022-11-30T15:04:09.639+0100][gc,heap       ] GC(15) Survivor regions: 5->6(7)
[2022-11-30T15:04:09.639+0100][gc,heap       ] GC(15) Old regions: 24->25
[2022-11-30T15:04:09.639+0100][gc,heap       ] GC(15) Humongous regions: 129->129
[2022-11-30T15:04:09.639+0100][gc,metaspace  ] GC(15) Metaspace: 45257K(48256K)->45257K(48256K) NonClass: 39402K(40960K)->39402K(40960K) Class: 5854K(7296K)->5854K(7296K)
[2022-11-30T15:04:09.639+0100][gc            ] GC(15) Pause Young (Normal) (G1 Evacuation Pause) 202M->158M(1024M) 24,298ms
[2022-11-30T15:04:09.640+0100][gc,cpu        ] GC(15) User=0,04s Sys=0,00s Real=0,03s
[2022-11-30T15:05:14.706+0100][gc,start      ] GC(16) Pause Young (Normal) (G1 Evacuation Pause)
[2022-11-30T15:05:14.706+0100][gc,task       ] GC(16) Using 4 workers of 4 for evacuation
[2022-11-30T15:05:14.741+0100][gc,mmu        ] GC(16) MMU target violated: 21,0ms (20,0ms/21,0ms)
[2022-11-30T15:05:14.741+0100][gc,phases     ] GC(16)   Pre Evacuate Collection Set: 0,0ms
[2022-11-30T15:05:14.741+0100][gc,phases     ] GC(16)   Evacuate Collection Set: 34,0ms
[2022-11-30T15:05:14.741+0100][gc,phases     ] GC(16)   Post Evacuate Collection Set: 0,9ms
[2022-11-30T15:05:14.741+0100][gc,phases     ] GC(16)   Other: 0,4ms
[2022-11-30T15:05:14.741+0100][gc,heap       ] GC(16) Eden regions: 45->0(47)
[2022-11-30T15:05:14.741+0100][gc,heap       ] GC(16) Survivor regions: 6->4(7)
[2022-11-30T15:05:14.741+0100][gc,heap       ] GC(16) Old regions: 25->29
[2022-11-30T15:05:14.741+0100][gc,heap       ] GC(16) Humongous regions: 129->129
[2022-11-30T15:05:14.741+0100][gc,metaspace  ] GC(16) Metaspace: 45326K(48256K)->45326K(48256K) NonClass: 39471K(40960K)->39471K(40960K) Class: 5854K(7296K)->5854K(7296K)
[2022-11-30T15:05:14.741+0100][gc            ] GC(16) Pause Young (Normal) (G1 Evacuation Pause) 203M->160M(1024M) 35,676ms
[2022-11-30T15:05:14.741+0100][gc,cpu        ] GC(16) User=0,04s Sys=0,00s Real=0,04s
[2022-11-30T15:06:16.275+0100][gc,start      ] GC(17) Pause Young (Normal) (G1 Evacuation Pause)
[2022-11-30T15:06:16.275+0100][gc,task       ] GC(17) Using 4 workers of 4 for evacuation
[2022-11-30T15:06:16.298+0100][gc,mmu        ] GC(17) MMU target violated: 21,0ms (20,0ms/21,0ms)
[2022-11-30T15:06:16.298+0100][gc,phases     ] GC(17)   Pre Evacuate Collection Set: 0,0ms
[2022-11-30T15:06:16.298+0100][gc,phases     ] GC(17)   Evacuate Collection Set: 22,4ms
[2022-11-30T15:06:16.298+0100][gc,phases     ] GC(17)   Post Evacuate Collection Set: 0,5ms
[2022-11-30T15:06:16.298+0100][gc,phases     ] GC(17)   Other: 0,3ms
[2022-11-30T15:06:16.298+0100][gc,heap       ] GC(17) Eden regions: 47->0(47)
[2022-11-30T15:06:16.298+0100][gc,heap       ] GC(17) Survivor regions: 4->4(7)
[2022-11-30T15:06:16.298+0100][gc,heap       ] GC(17) Old regions: 29->31
[2022-11-30T15:06:16.298+0100][gc,heap       ] GC(17) Humongous regions: 129->129
[2022-11-30T15:06:16.298+0100][gc,metaspace  ] GC(17) Metaspace: 45375K(48512K)->45375K(48512K) NonClass: 39520K(41216K)->39520K(41216K) Class: 5854K(7296K)->5854K(7296K)
[2022-11-30T15:06:16.298+0100][gc            ] GC(17) Pause Young (Normal) (G1 Evacuation Pause) 207M->161M(1024M) 23,299ms
[2022-11-30T15:06:16.298+0100][gc,cpu        ] GC(17) User=0,03s Sys=0,00s Real=0,02s
[2022-11-30T15:07:08.780+0100][gc,start      ] GC(18) Pause Young (Normal) (G1 Evacuation Pause)
[2022-11-30T15:07:08.780+0100][gc,task       ] GC(18) Using 4 workers of 4 for evacuation
[2022-11-30T15:07:08.804+0100][gc,mmu        ] GC(18) MMU target violated: 21,0ms (20,0ms/21,0ms)
[2022-11-30T15:07:08.804+0100][gc,phases     ] GC(18)   Pre Evacuate Collection Set: 0,0ms
[2022-11-30T15:07:08.804+0100][gc,phases     ] GC(18)   Evacuate Collection Set: 23,3ms
[2022-11-30T15:07:08.804+0100][gc,phases     ] GC(18)   Post Evacuate Collection Set: 0,5ms
[2022-11-30T15:07:08.804+0100][gc,phases     ] GC(18)   Other: 0,3ms
[2022-11-30T15:07:08.804+0100][gc,heap       ] GC(18) Eden regions: 47->0(46)
[2022-11-30T15:07:08.804+0100][gc,heap       ] GC(18) Survivor regions: 4->5(7)
[2022-11-30T15:07:08.804+0100][gc,heap       ] GC(18) Old regions: 31->31
[2022-11-30T15:07:08.804+0100][gc,heap       ] GC(18) Humongous regions: 129->129
[2022-11-30T15:07:08.804+0100][gc,metaspace  ] GC(18) Metaspace: 45403K(48512K)->45403K(48512K) NonClass: 39548K(41216K)->39548K(41216K) Class: 5854K(7296K)->5854K(7296K)
[2022-11-30T15:07:08.804+0100][gc            ] GC(18) Pause Young (Normal) (G1 Evacuation Pause) 208M->162M(1024M) 24,159ms
[2022-11-30T15:07:08.804+0100][gc,cpu        ] GC(18) User=0,02s Sys=0,00s Real=0,02s
[2022-11-30T15:07:52.384+0100][gc,start      ] GC(19) Pause Young (Normal) (G1 Evacuation Pause)
[2022-11-30T15:07:52.384+0100][gc,task       ] GC(19) Using 4 workers of 4 for evacuation
[2022-11-30T15:07:52.408+0100][gc,mmu        ] GC(19) MMU target violated: 21,0ms (20,0ms/21,0ms)
[2022-11-30T15:07:52.408+0100][gc,phases     ] GC(19)   Pre Evacuate Collection Set: 0,0ms
[2022-11-30T15:07:52.409+0100][gc,phases     ] GC(19)   Evacuate Collection Set: 22,6ms
[2022-11-30T15:07:52.409+0100][gc,phases     ] GC(19)   Post Evacuate Collection Set: 0,6ms
[2022-11-30T15:07:52.409+0100][gc,phases     ] GC(19)   Other: 0,6ms
[2022-11-30T15:07:52.409+0100][gc,heap       ] GC(19) Eden regions: 46->0(46)
[2022-11-30T15:07:52.409+0100][gc,heap       ] GC(19) Survivor regions: 5->5(7)
[2022-11-30T15:07:52.409+0100][gc,heap       ] GC(19) Old regions: 31->32
[2022-11-30T15:07:52.409+0100][gc,heap       ] GC(19) Humongous regions: 129->129
[2022-11-30T15:07:52.409+0100][gc,metaspace  ] GC(19) Metaspace: 45410K(48512K)->45410K(48512K) NonClass: 39555K(41216K)->39555K(41216K) Class: 5854K(7296K)->5854K(7296K)
[2022-11-30T15:07:52.409+0100][gc            ] GC(19) Pause Young (Normal) (G1 Evacuation Pause) 208M->163M(1024M) 24,853ms
[2022-11-30T15:07:52.409+0100][gc,cpu        ] GC(19) User=0,03s Sys=0,01s Real=0,03s
[2022-11-30T15:08:33.388+0100][gc,start      ] GC(20) Pause Young (Normal) (G1 Evacuation Pause)
[2022-11-30T15:08:33.388+0100][gc,task       ] GC(20) Using 4 workers of 4 for evacuation
[2022-11-30T15:08:33.410+0100][gc,mmu        ] GC(20) MMU target violated: 21,0ms (20,0ms/21,0ms)
[2022-11-30T15:08:33.411+0100][gc,phases     ] GC(20)   Pre Evacuate Collection Set: 0,0ms
[2022-11-30T15:08:33.411+0100][gc,phases     ] GC(20)   Evacuate Collection Set: 22,1ms
[2022-11-30T15:08:33.411+0100][gc,phases     ] GC(20)   Post Evacuate Collection Set: 0,5ms
[2022-11-30T15:08:33.411+0100][gc,phases     ] GC(20)   Other: 0,4ms
[2022-11-30T15:08:33.411+0100][gc,heap       ] GC(20) Eden regions: 46->0(47)
[2022-11-30T15:08:33.411+0100][gc,heap       ] GC(20) Survivor regions: 5->4(7)
[2022-11-30T15:08:33.411+0100][gc,heap       ] GC(20) Old regions: 32->34
[2022-11-30T15:08:33.411+0100][gc,heap       ] GC(20) Humongous regions: 129->129
[2022-11-30T15:08:33.411+0100][gc,metaspace  ] GC(20) Metaspace: 45419K(48512K)->45419K(48512K) NonClass: 39564K(41216K)->39564K(41216K) Class: 5854K(7296K)->5854K(7296K)
[2022-11-30T15:08:33.411+0100][gc            ] GC(20) Pause Young (Normal) (G1 Evacuation Pause) 209M->165M(1024M) 23,460ms
[2022-11-30T15:08:33.411+0100][gc,cpu        ] GC(20) User=0,04s Sys=0,00s Real=0,02s
[2022-11-30T15:09:08.868+0100][gc,start      ] GC(21) Pause Young (Normal) (G1 Evacuation Pause)
[2022-11-30T15:09:08.868+0100][gc,task       ] GC(21) Using 4 workers of 4 for evacuation
[2022-11-30T15:09:08.894+0100][gc,mmu        ] GC(21) MMU target violated: 21,0ms (20,0ms/21,0ms)
[2022-11-30T15:09:08.894+0100][gc,phases     ] GC(21)   Pre Evacuate Collection Set: 0,0ms
[2022-11-30T15:09:08.894+0100][gc,phases     ] GC(21)   Evacuate Collection Set: 24,4ms
[2022-11-30T15:09:08.894+0100][gc,phases     ] GC(21)   Post Evacuate Collection Set: 0,6ms
[2022-11-30T15:09:08.894+0100][gc,phases     ] GC(21)   Other: 0,3ms
[2022-11-30T15:09:08.894+0100][gc,heap       ] GC(21) Eden regions: 47->0(46)
[2022-11-30T15:09:08.894+0100][gc,heap       ] GC(21) Survivor regions: 4->5(7)
[2022-11-30T15:09:08.894+0100][gc,heap       ] GC(21) Old regions: 34->34
[2022-11-30T15:09:08.894+0100][gc,heap       ] GC(21) Humongous regions: 129->129
[2022-11-30T15:09:08.894+0100][gc,metaspace  ] GC(21) Metaspace: 45434K(48512K)->45434K(48512K) NonClass: 39579K(41216K)->39579K(41216K) Class: 5854K(7296K)->5854K(7296K)
[2022-11-30T15:09:08.894+0100][gc            ] GC(21) Pause Young (Normal) (G1 Evacuation Pause) 212M->165M(1024M) 25,454ms
[2022-11-30T15:09:08.894+0100][gc,cpu        ] GC(21) User=0,04s Sys=0,00s Real=0,02s
[2022-11-30T15:09:44.307+0100][gc,start      ] GC(22) Pause Young (Normal) (G1 Evacuation Pause)
[2022-11-30T15:09:44.307+0100][gc,task       ] GC(22) Using 4 workers of 4 for evacuation
[2022-11-30T15:09:44.324+0100][gc,phases     ] GC(22)   Pre Evacuate Collection Set: 0,3ms
[2022-11-30T15:09:44.324+0100][gc,phases     ] GC(22)   Evacuate Collection Set: 15,8ms
[2022-11-30T15:09:44.324+0100][gc,phases     ] GC(22)   Post Evacuate Collection Set: 0,5ms
[2022-11-30T15:09:44.324+0100][gc,phases     ] GC(22)   Other: 0,3ms
[2022-11-30T15:09:44.324+0100][gc,heap       ] GC(22) Eden regions: 46->0(47)
[2022-11-30T15:09:44.324+0100][gc,heap       ] GC(22) Survivor regions: 5->5(7)
[2022-11-30T15:09:44.324+0100][gc,heap       ] GC(22) Old regions: 34->35
[2022-11-30T15:09:44.324+0100][gc,heap       ] GC(22) Humongous regions: 129->129
[2022-11-30T15:09:44.324+0100][gc,metaspace  ] GC(22) Metaspace: 45437K(48512K)->45437K(48512K) NonClass: 39582K(41216K)->39582K(41216K) Class: 5854K(7296K)->5854K(7296K)
[2022-11-30T15:09:44.324+0100][gc            ] GC(22) Pause Young (Normal) (G1 Evacuation Pause) 211M->166M(1024M) 17,016ms
[2022-11-30T15:09:44.324+0100][gc,cpu        ] GC(22) User=0,03s Sys=0,00s Real=0,02s
[2022-11-30T15:10:16.445+0100][gc,start      ] GC(23) Pause Young (Normal) (G1 Evacuation Pause)
[2022-11-30T15:10:16.445+0100][gc,task       ] GC(23) Using 4 workers of 4 for evacuation
[2022-11-30T15:10:16.465+0100][gc,mmu        ] GC(23) MMU target violated: 20,4ms (20,0ms/21,0ms)
[2022-11-30T15:10:16.465+0100][gc,phases     ] GC(23)   Pre Evacuate Collection Set: 0,0ms
[2022-11-30T15:10:16.465+0100][gc,phases     ] GC(23)   Evacuate Collection Set: 19,6ms
[2022-11-30T15:10:16.465+0100][gc,phases     ] GC(23)   Post Evacuate Collection Set: 0,6ms
[2022-11-30T15:10:16.465+0100][gc,phases     ] GC(23)   Other: 0,3ms
[2022-11-30T15:10:16.465+0100][gc,heap       ] GC(23) Eden regions: 47->0(49)
[2022-11-30T15:10:16.465+0100][gc,heap       ] GC(23) Survivor regions: 5->4(7)
[2022-11-30T15:10:16.465+0100][gc,heap       ] GC(23) Old regions: 35->36
[2022-11-30T15:10:16.465+0100][gc,heap       ] GC(23) Humongous regions: 129->129
[2022-11-30T15:10:16.465+0100][gc,metaspace  ] GC(23) Metaspace: 45454K(48512K)->45454K(48512K) NonClass: 39599K(41216K)->39599K(41216K) Class: 5854K(7296K)->5854K(7296K)
[2022-11-30T15:10:16.465+0100][gc            ] GC(23) Pause Young (Normal) (G1 Evacuation Pause) 213M->167M(1024M) 20,701ms
[2022-11-30T15:10:16.465+0100][gc,cpu        ] GC(23) User=0,03s Sys=0,00s Real=0,02s
[2022-11-30T15:10:50.934+0100][gc,start      ] GC(24) Pause Young (Normal) (G1 Evacuation Pause)
[2022-11-30T15:10:50.934+0100][gc,task       ] GC(24) Using 4 workers of 4 for evacuation
[2022-11-30T15:10:50.958+0100][gc,mmu        ] GC(24) MMU target violated: 21,0ms (20,0ms/21,0ms)
[2022-11-30T15:10:50.958+0100][gc,phases     ] GC(24)   Pre Evacuate Collection Set: 0,0ms
[2022-11-30T15:10:50.958+0100][gc,phases     ] GC(24)   Evacuate Collection Set: 23,3ms
[2022-11-30T15:10:50.958+0100][gc,phases     ] GC(24)   Post Evacuate Collection Set: 0,4ms
[2022-11-30T15:10:50.958+0100][gc,phases     ] GC(24)   Other: 0,3ms
[2022-11-30T15:10:50.958+0100][gc,heap       ] GC(24) Eden regions: 49->0(49)
[2022-11-30T15:10:50.958+0100][gc,heap       ] GC(24) Survivor regions: 4->5(7)
[2022-11-30T15:10:50.958+0100][gc,heap       ] GC(24) Old regions: 36->36
[2022-11-30T15:10:50.958+0100][gc,heap       ] GC(24) Humongous regions: 129->129
[2022-11-30T15:10:50.958+0100][gc,metaspace  ] GC(24) Metaspace: 45461K(48512K)->45461K(48512K) NonClass: 39606K(41216K)->39606K(41216K) Class: 5854K(7296K)->5854K(7296K)
[2022-11-30T15:10:50.958+0100][gc            ] GC(24) Pause Young (Normal) (G1 Evacuation Pause) 216M->168M(1024M) 24,400ms
[2022-11-30T15:10:50.958+0100][gc,cpu        ] GC(24) User=0,04s Sys=0,00s Real=0,02s
[2022-11-30T15:11:23.478+0100][gc,start      ] GC(25) Pause Young (Normal) (G1 Evacuation Pause)
[2022-11-30T15:11:23.478+0100][gc,task       ] GC(25) Using 4 workers of 4 for evacuation
[2022-11-30T15:11:23.506+0100][gc,mmu        ] GC(25) MMU target violated: 21,0ms (20,0ms/21,0ms)
[2022-11-30T15:11:23.506+0100][gc,phases     ] GC(25)   Pre Evacuate Collection Set: 0,0ms
[2022-11-30T15:11:23.506+0100][gc,phases     ] GC(25)   Evacuate Collection Set: 26,9ms
[2022-11-30T15:11:23.506+0100][gc,phases     ] GC(25)   Post Evacuate Collection Set: 0,5ms
[2022-11-30T15:11:23.506+0100][gc,phases     ] GC(25)   Other: 0,8ms
[2022-11-30T15:11:23.506+0100][gc,heap       ] GC(25) Eden regions: 49->0(48)
[2022-11-30T15:11:23.506+0100][gc,heap       ] GC(25) Survivor regions: 5->5(7)
[2022-11-30T15:11:23.506+0100][gc,heap       ] GC(25) Old regions: 36->37
[2022-11-30T15:11:23.506+0100][gc,heap       ] GC(25) Humongous regions: 129->129
[2022-11-30T15:11:23.506+0100][gc,metaspace  ] GC(25) Metaspace: 45463K(48512K)->45463K(48512K) NonClass: 39608K(41216K)->39608K(41216K) Class: 5854K(7296K)->5854K(7296K)
[2022-11-30T15:11:23.507+0100][gc            ] GC(25) Pause Young (Normal) (G1 Evacuation Pause) 217M->168M(1024M) 28,623ms
[2022-11-30T15:11:23.507+0100][gc,cpu        ] GC(25) User=0,04s Sys=0,00s Real=0,03s
[2022-11-30T15:11:55.282+0100][gc,start      ] GC(26) Pause Young (Normal) (G1 Evacuation Pause)
[2022-11-30T15:11:55.282+0100][gc,task       ] GC(26) Using 4 workers of 4 for evacuation
[2022-11-30T15:11:55.302+0100][gc,mmu        ] GC(26) MMU target violated: 20,3ms (20,0ms/21,0ms)
[2022-11-30T15:11:55.302+0100][gc,phases     ] GC(26)   Pre Evacuate Collection Set: 0,0ms
[2022-11-30T15:11:55.302+0100][gc,phases     ] GC(26)   Evacuate Collection Set: 19,7ms
[2022-11-30T15:11:55.302+0100][gc,phases     ] GC(26)   Post Evacuate Collection Set: 0,5ms
[2022-11-30T15:11:55.302+0100][gc,phases     ] GC(26)   Other: 0,3ms
[2022-11-30T15:11:55.302+0100][gc,heap       ] GC(26) Eden regions: 48->0(50)
[2022-11-30T15:11:55.302+0100][gc,heap       ] GC(26) Survivor regions: 5->5(7)
[2022-11-30T15:11:55.302+0100][gc,heap       ] GC(26) Old regions: 37->38
[2022-11-30T15:11:55.302+0100][gc,heap       ] GC(26) Humongous regions: 129->129
[2022-11-30T15:11:55.302+0100][gc,metaspace  ] GC(26) Metaspace: 45470K(48512K)->45470K(48512K) NonClass: 39615K(41216K)->39615K(41216K) Class: 5854K(7296K)->5854K(7296K)
[2022-11-30T15:11:55.302+0100][gc            ] GC(26) Pause Young (Normal) (G1 Evacuation Pause) 216M->169M(1024M) 20,628ms
[2022-11-30T15:11:55.302+0100][gc,cpu        ] GC(26) User=0,03s Sys=0,01s Real=0,02s
[2022-11-30T15:12:25.144+0100][gc,start      ] GC(27) Pause Young (Normal) (G1 Evacuation Pause)
[2022-11-30T15:12:25.144+0100][gc,task       ] GC(27) Using 4 workers of 4 for evacuation
[2022-11-30T15:12:25.169+0100][gc,mmu        ] GC(27) MMU target violated: 21,0ms (20,0ms/21,0ms)
[2022-11-30T15:12:25.169+0100][gc,phases     ] GC(27)   Pre Evacuate Collection Set: 0,0ms
[2022-11-30T15:12:25.169+0100][gc,phases     ] GC(27)   Evacuate Collection Set: 24,5ms
[2022-11-30T15:12:25.170+0100][gc,phases     ] GC(27)   Post Evacuate Collection Set: 0,4ms
[2022-11-30T15:12:25.170+0100][gc,phases     ] GC(27)   Other: 0,4ms
[2022-11-30T15:12:25.170+0100][gc,heap       ] GC(27) Eden regions: 46->0(52)
[2022-11-30T15:12:25.170+0100][gc,heap       ] GC(27) Survivor regions: 5->5(7)
[2022-11-30T15:12:25.170+0100][gc,heap       ] GC(27) Old regions: 38->39
[2022-11-30T15:12:25.170+0100][gc,heap       ] GC(27) Humongous regions: 129->129
[2022-11-30T15:12:25.170+0100][gc,metaspace  ] GC(27) Metaspace: 45491K(48512K)->45491K(48512K) NonClass: 39636K(41216K)->39636K(41216K) Class: 5854K(7296K)->5854K(7296K)
[2022-11-30T15:12:25.170+0100][gc            ] GC(27) Pause Young (Normal) (G1 Evacuation Pause) 215M->170M(1024M) 25,555ms
[2022-11-30T15:12:25.170+0100][gc,cpu        ] GC(27) User=0,03s Sys=0,00s Real=0,03s
[2022-11-30T15:12:58.799+0100][gc,start      ] GC(28) Pause Young (Normal) (G1 Evacuation Pause)
[2022-11-30T15:12:58.799+0100][gc,task       ] GC(28) Using 4 workers of 4 for evacuation
[2022-11-30T15:12:58.845+0100][gc,mmu        ] GC(28) MMU target violated: 21,0ms (20,0ms/21,0ms)
[2022-11-30T15:12:58.845+0100][gc,phases     ] GC(28)   Pre Evacuate Collection Set: 0,0ms
[2022-11-30T15:12:58.845+0100][gc,phases     ] GC(28)   Evacuate Collection Set: 44,9ms
[2022-11-30T15:12:58.845+0100][gc,phases     ] GC(28)   Post Evacuate Collection Set: 0,5ms
[2022-11-30T15:12:58.845+0100][gc,phases     ] GC(28)   Other: 0,3ms
[2022-11-30T15:12:58.845+0100][gc,heap       ] GC(28) Eden regions: 47->0(46)
[2022-11-30T15:12:58.845+0100][gc,heap       ] GC(28) Survivor regions: 5->5(7)
[2022-11-30T15:12:58.845+0100][gc,heap       ] GC(28) Old regions: 39->40
[2022-11-30T15:12:58.845+0100][gc,heap       ] GC(28) Humongous regions: 129->129
[2022-11-30T15:12:58.845+0100][gc,metaspace  ] GC(28) Metaspace: 45498K(48768K)->45498K(48768K) NonClass: 39643K(41472K)->39643K(41472K) Class: 5854K(7296K)->5854K(7296K)
[2022-11-30T15:12:58.845+0100][gc            ] GC(28) Pause Young (Normal) (G1 Evacuation Pause) 217M->171M(1024M) 45,910ms
[2022-11-30T15:12:58.845+0100][gc,cpu        ] GC(28) User=0,04s Sys=0,00s Real=0,05s
[2022-11-30T15:13:34.111+0100][gc,start      ] GC(29) Pause Young (Normal) (G1 Evacuation Pause)
[2022-11-30T15:13:34.112+0100][gc,task       ] GC(29) Using 4 workers of 4 for evacuation
[2022-11-30T15:13:34.138+0100][gc,mmu        ] GC(29) MMU target violated: 21,0ms (20,0ms/21,0ms)
[2022-11-30T15:13:34.138+0100][gc,phases     ] GC(29)   Pre Evacuate Collection Set: 0,0ms
[2022-11-30T15:13:34.138+0100][gc,phases     ] GC(29)   Evacuate Collection Set: 24,5ms
[2022-11-30T15:13:34.138+0100][gc,phases     ] GC(29)   Post Evacuate Collection Set: 1,4ms
[2022-11-30T15:13:34.138+0100][gc,phases     ] GC(29)   Other: 1,8ms
[2022-11-30T15:13:34.138+0100][gc,heap       ] GC(29) Eden regions: 46->0(47)
[2022-11-30T15:13:34.138+0100][gc,heap       ] GC(29) Survivor regions: 5->4(7)
[2022-11-30T15:13:34.138+0100][gc,heap       ] GC(29) Old regions: 40->41
[2022-11-30T15:13:34.138+0100][gc,heap       ] GC(29) Humongous regions: 129->129
[2022-11-30T15:13:34.138+0100][gc,metaspace  ] GC(29) Metaspace: 45498K(48768K)->45498K(48768K) NonClass: 39643K(41472K)->39643K(41472K) Class: 5854K(7296K)->5854K(7296K)
[2022-11-30T15:13:34.138+0100][gc            ] GC(29) Pause Young (Normal) (G1 Evacuation Pause) 217M->171M(1024M) 27,816ms
[2022-11-30T15:13:34.138+0100][gc,cpu        ] GC(29) User=0,03s Sys=0,00s Real=0,02s
[2022-11-30T15:14:10.261+0100][gc,start      ] GC(30) Pause Young (Normal) (G1 Evacuation Pause)
[2022-11-30T15:14:10.261+0100][gc,task       ] GC(30) Using 4 workers of 4 for evacuation
[2022-11-30T15:14:10.279+0100][gc,phases     ] GC(30)   Pre Evacuate Collection Set: 0,0ms
[2022-11-30T15:14:10.279+0100][gc,phases     ] GC(30)   Evacuate Collection Set: 17,7ms
[2022-11-30T15:14:10.279+0100][gc,phases     ] GC(30)   Post Evacuate Collection Set: 0,7ms
[2022-11-30T15:14:10.280+0100][gc,phases     ] GC(30)   Other: 0,3ms
[2022-11-30T15:14:10.280+0100][gc,heap       ] GC(30) Eden regions: 47->0(47)
[2022-11-30T15:14:10.280+0100][gc,heap       ] GC(30) Survivor regions: 4->4(7)
[2022-11-30T15:14:10.280+0100][gc,heap       ] GC(30) Old regions: 41->42
[2022-11-30T15:14:10.280+0100][gc,heap       ] GC(30) Humongous regions: 129->129
[2022-11-30T15:14:10.280+0100][gc,metaspace  ] GC(30) Metaspace: 45498K(48768K)->45498K(48768K) NonClass: 39643K(41472K)->39643K(41472K) Class: 5854K(7296K)->5854K(7296K)
[2022-11-30T15:14:10.280+0100][gc            ] GC(30) Pause Young (Normal) (G1 Evacuation Pause) 218M->172M(1024M) 18,949ms
[2022-11-30T15:14:10.280+0100][gc,cpu        ] GC(30) User=0,04s Sys=0,00s Real=0,02s
[2022-11-30T15:14:44.115+0100][gc,start      ] GC(31) Pause Young (Normal) (G1 Evacuation Pause)
[2022-11-30T15:14:44.115+0100][gc,task       ] GC(31) Using 4 workers of 4 for evacuation
[2022-11-30T15:14:44.127+0100][gc,phases     ] GC(31)   Pre Evacuate Collection Set: 0,0ms
[2022-11-30T15:14:44.127+0100][gc,phases     ] GC(31)   Evacuate Collection Set: 10,7ms
[2022-11-30T15:14:44.127+0100][gc,phases     ] GC(31)   Post Evacuate Collection Set: 0,5ms
[2022-11-30T15:14:44.127+0100][gc,phases     ] GC(31)   Other: 0,3ms
[2022-11-30T15:14:44.127+0100][gc,heap       ] GC(31) Eden regions: 47->0(52)
[2022-11-30T15:14:44.127+0100][gc,heap       ] GC(31) Survivor regions: 4->5(7)
[2022-11-30T15:14:44.127+0100][gc,heap       ] GC(31) Old regions: 42->42
[2022-11-30T15:14:44.127+0100][gc,heap       ] GC(31) Humongous regions: 129->129
[2022-11-30T15:14:44.127+0100][gc,metaspace  ] GC(31) Metaspace: 45498K(48768K)->45498K(48768K) NonClass: 39643K(41472K)->39643K(41472K) Class: 5854K(7296K)->5854K(7296K)
[2022-11-30T15:14:44.127+0100][gc            ] GC(31) Pause Young (Normal) (G1 Evacuation Pause) 219M->173M(1024M) 11,934ms
[2022-11-30T15:14:44.127+0100][gc,cpu        ] GC(31) User=0,02s Sys=0,00s Real=0,02s
[2022-11-30T15:15:17.884+0100][gc,start      ] GC(32) Pause Young (Normal) (G1 Evacuation Pause)
[2022-11-30T15:15:17.884+0100][gc,task       ] GC(32) Using 4 workers of 4 for evacuation
[2022-11-30T15:15:17.900+0100][gc,phases     ] GC(32)   Pre Evacuate Collection Set: 0,0ms
[2022-11-30T15:15:17.900+0100][gc,phases     ] GC(32)   Evacuate Collection Set: 15,2ms
[2022-11-30T15:15:17.900+0100][gc,phases     ] GC(32)   Post Evacuate Collection Set: 0,6ms
[2022-11-30T15:15:17.900+0100][gc,phases     ] GC(32)   Other: 0,3ms
[2022-11-30T15:15:17.900+0100][gc,heap       ] GC(32) Eden regions: 52->0(88)
[2022-11-30T15:15:17.900+0100][gc,heap       ] GC(32) Survivor regions: 5->5(8)
[2022-11-30T15:15:17.900+0100][gc,heap       ] GC(32) Old regions: 42->42
[2022-11-30T15:15:17.900+0100][gc,heap       ] GC(32) Humongous regions: 129->129
[2022-11-30T15:15:17.900+0100][gc,metaspace  ] GC(32) Metaspace: 45498K(48768K)->45498K(48768K) NonClass: 39643K(41472K)->39643K(41472K) Class: 5854K(7296K)->5854K(7296K)
[2022-11-30T15:15:17.900+0100][gc            ] GC(32) Pause Young (Normal) (G1 Evacuation Pause) 225M->173M(1024M) 16,207ms
[2022-11-30T15:15:17.900+0100][gc,cpu        ] GC(32) User=0,02s Sys=0,00s Real=0,02s
[2022-11-30T15:16:18.445+0100][gc,start      ] GC(33) Pause Young (Normal) (G1 Evacuation Pause)
[2022-11-30T15:16:18.445+0100][gc,task       ] GC(33) Using 4 workers of 4 for evacuation
[2022-11-30T15:16:18.500+0100][gc,mmu        ] GC(33) MMU target violated: 21,0ms (20,0ms/21,0ms)
[2022-11-30T15:16:18.500+0100][gc,phases     ] GC(33)   Pre Evacuate Collection Set: 0,0ms
[2022-11-30T15:16:18.501+0100][gc,phases     ] GC(33)   Evacuate Collection Set: 54,0ms
[2022-11-30T15:16:18.501+0100][gc,phases     ] GC(33)   Post Evacuate Collection Set: 0,5ms
[2022-11-30T15:16:18.501+0100][gc,phases     ] GC(33)   Other: 0,7ms
[2022-11-30T15:16:18.501+0100][gc,heap       ] GC(33) Eden regions: 88->0(46)
[2022-11-30T15:16:18.501+0100][gc,heap       ] GC(33) Survivor regions: 5->6(12)
[2022-11-30T15:16:18.501+0100][gc,heap       ] GC(33) Old regions: 42->42
[2022-11-30T15:16:18.501+0100][gc,heap       ] GC(33) Humongous regions: 129->129
[2022-11-30T15:16:18.501+0100][gc,metaspace  ] GC(33) Metaspace: 45524K(48768K)->45524K(48768K) NonClass: 39669K(41472K)->39669K(41472K) Class: 5854K(7296K)->5854K(7296K)
[2022-11-30T15:16:18.501+0100][gc            ] GC(33) Pause Young (Normal) (G1 Evacuation Pause) 261M->174M(1024M) 55,621ms
[2022-11-30T15:16:18.501+0100][gc,cpu        ] GC(33) User=0,04s Sys=0,00s Real=0,06s
[2022-11-30T15:16:51.383+0100][gc,start      ] GC(34) Pause Young (Normal) (G1 Evacuation Pause)
[2022-11-30T15:16:51.383+0100][gc,task       ] GC(34) Using 4 workers of 4 for evacuation
[2022-11-30T15:16:51.408+0100][gc,mmu        ] GC(34) MMU target violated: 21,0ms (20,0ms/21,0ms)
[2022-11-30T15:16:51.408+0100][gc,phases     ] GC(34)   Pre Evacuate Collection Set: 0,0ms
[2022-11-30T15:16:51.408+0100][gc,phases     ] GC(34)   Evacuate Collection Set: 24,1ms
[2022-11-30T15:16:51.408+0100][gc,phases     ] GC(34)   Post Evacuate Collection Set: 0,5ms
[2022-11-30T15:16:51.408+0100][gc,phases     ] GC(34)   Other: 0,3ms
[2022-11-30T15:16:51.408+0100][gc,heap       ] GC(34) Eden regions: 46->0(47)
[2022-11-30T15:16:51.408+0100][gc,heap       ] GC(34) Survivor regions: 6->4(7)
[2022-11-30T15:16:51.408+0100][gc,heap       ] GC(34) Old regions: 42->44
[2022-11-30T15:16:51.408+0100][gc,heap       ] GC(34) Humongous regions: 129->129
[2022-11-30T15:16:51.408+0100][gc,metaspace  ] GC(34) Metaspace: 45527K(48768K)->45527K(48768K) NonClass: 39672K(41472K)->39672K(41472K) Class: 5854K(7296K)->5854K(7296K)
[2022-11-30T15:16:51.408+0100][gc            ] GC(34) Pause Young (Normal) (G1 Evacuation Pause) 220M->175M(1024M) 25,004ms
[2022-11-30T15:16:51.408+0100][gc,cpu        ] GC(34) User=0,03s Sys=0,01s Real=0,03s
[2022-11-30T15:17:20.711+0100][gc,start      ] GC(35) Pause Young (Normal) (G1 Evacuation Pause)
[2022-11-30T15:17:20.711+0100][gc,task       ] GC(35) Using 4 workers of 4 for evacuation
[2022-11-30T15:17:20.731+0100][gc,phases     ] GC(35)   Pre Evacuate Collection Set: 0,0ms
[2022-11-30T15:17:20.731+0100][gc,phases     ] GC(35)   Evacuate Collection Set: 18,9ms
[2022-11-30T15:17:20.731+0100][gc,phases     ] GC(35)   Post Evacuate Collection Set: 0,4ms
[2022-11-30T15:17:20.731+0100][gc,phases     ] GC(35)   Other: 0,3ms
[2022-11-30T15:17:20.731+0100][gc,heap       ] GC(35) Eden regions: 47->0(49)
[2022-11-30T15:17:20.731+0100][gc,heap       ] GC(35) Survivor regions: 4->5(7)
[2022-11-30T15:17:20.731+0100][gc,heap       ] GC(35) Old regions: 44->44
[2022-11-30T15:17:20.731+0100][gc,heap       ] GC(35) Humongous regions: 129->129
[2022-11-30T15:17:20.731+0100][gc,metaspace  ] GC(35) Metaspace: 45527K(48768K)->45527K(48768K) NonClass: 39672K(41472K)->39672K(41472K) Class: 5854K(7296K)->5854K(7296K)
[2022-11-30T15:17:20.731+0100][gc            ] GC(35) Pause Young (Normal) (G1 Evacuation Pause) 222M->175M(1024M) 20,154ms
[2022-11-30T15:17:20.731+0100][gc,cpu        ] GC(35) User=0,03s Sys=0,00s Real=0,02s
[2022-11-30T15:17:51.066+0100][gc,start      ] GC(36) Pause Young (Normal) (G1 Evacuation Pause)
[2022-11-30T15:17:51.066+0100][gc,task       ] GC(36) Using 4 workers of 4 for evacuation
[2022-11-30T15:17:51.099+0100][gc,mmu        ] GC(36) MMU target violated: 21,0ms (20,0ms/21,0ms)
[2022-11-30T15:17:51.099+0100][gc,phases     ] GC(36)   Pre Evacuate Collection Set: 0,0ms
[2022-11-30T15:17:51.099+0100][gc,phases     ] GC(36)   Evacuate Collection Set: 30,3ms
[2022-11-30T15:17:51.099+0100][gc,phases     ] GC(36)   Post Evacuate Collection Set: 2,8ms
[2022-11-30T15:17:51.099+0100][gc,phases     ] GC(36)   Other: 0,4ms
[2022-11-30T15:17:51.099+0100][gc,heap       ] GC(36) Eden regions: 49->0(46)
[2022-11-30T15:17:51.099+0100][gc,heap       ] GC(36) Survivor regions: 5->5(7)
[2022-11-30T15:17:51.099+0100][gc,heap       ] GC(36) Old regions: 44->45
[2022-11-30T15:17:51.099+0100][gc,heap       ] GC(36) Humongous regions: 129->129
[2022-11-30T15:17:51.099+0100][gc,metaspace  ] GC(36) Metaspace: 45529K(48768K)->45529K(48768K) NonClass: 39674K(41472K)->39674K(41472K) Class: 5854K(7296K)->5854K(7296K)
[2022-11-30T15:17:51.099+0100][gc            ] GC(36) Pause Young (Normal) (G1 Evacuation Pause) 224M->175M(1024M) 33,676ms
[2022-11-30T15:17:51.099+0100][gc,cpu        ] GC(36) User=0,06s Sys=0,00s Real=0,04s
[2022-11-30T15:18:21.866+0100][gc,start      ] GC(37) Pause Young (Normal) (G1 Evacuation Pause)
[2022-11-30T15:18:21.867+0100][gc,task       ] GC(37) Using 4 workers of 4 for evacuation
[2022-11-30T15:18:21.919+0100][gc,mmu        ] GC(37) MMU target violated: 21,0ms (20,0ms/21,0ms)
[2022-11-30T15:18:21.919+0100][gc,phases     ] GC(37)   Pre Evacuate Collection Set: 0,0ms
[2022-11-30T15:18:21.919+0100][gc,phases     ] GC(37)   Evacuate Collection Set: 42,0ms
[2022-11-30T15:18:21.919+0100][gc,phases     ] GC(37)   Post Evacuate Collection Set: 10,5ms
[2022-11-30T15:18:21.919+0100][gc,phases     ] GC(37)   Other: 0,4ms
[2022-11-30T15:18:21.919+0100][gc,heap       ] GC(37) Eden regions: 46->0(46)
[2022-11-30T15:18:21.919+0100][gc,heap       ] GC(37) Survivor regions: 5->5(7)
[2022-11-30T15:18:21.919+0100][gc,heap       ] GC(37) Old regions: 45->45
[2022-11-30T15:18:21.919+0100][gc,heap       ] GC(37) Humongous regions: 129->129
[2022-11-30T15:18:21.919+0100][gc,metaspace  ] GC(37) Metaspace: 45534K(48768K)->45534K(48768K) NonClass: 39680K(41472K)->39680K(41472K) Class: 5854K(7296K)->5854K(7296K)
[2022-11-30T15:18:21.919+0100][gc            ] GC(37) Pause Young (Normal) (G1 Evacuation Pause) 221M->176M(1024M) 52,971ms
[2022-11-30T15:18:21.919+0100][gc,cpu        ] GC(37) User=0,03s Sys=0,00s Real=0,06s
[2022-11-30T15:18:56.149+0100][gc,start      ] GC(38) Pause Young (Normal) (G1 Evacuation Pause)
[2022-11-30T15:18:56.149+0100][gc,task       ] GC(38) Using 4 workers of 4 for evacuation
[2022-11-30T15:18:56.168+0100][gc,phases     ] GC(38)   Pre Evacuate Collection Set: 0,3ms
[2022-11-30T15:18:56.168+0100][gc,phases     ] GC(38)   Evacuate Collection Set: 17,8ms
[2022-11-30T15:18:56.168+0100][gc,phases     ] GC(38)   Post Evacuate Collection Set: 0,5ms
[2022-11-30T15:18:56.168+0100][gc,phases     ] GC(38)   Other: 0,3ms
[2022-11-30T15:18:56.168+0100][gc,heap       ] GC(38) Eden regions: 46->0(46)
[2022-11-30T15:18:56.168+0100][gc,heap       ] GC(38) Survivor regions: 5->5(7)
[2022-11-30T15:18:56.168+0100][gc,heap       ] GC(38) Old regions: 45->46
[2022-11-30T15:18:56.168+0100][gc,heap       ] GC(38) Humongous regions: 129->129
[2022-11-30T15:18:56.168+0100][gc,metaspace  ] GC(38) Metaspace: 45535K(48768K)->45535K(48768K) NonClass: 39680K(41472K)->39680K(41472K) Class: 5854K(7296K)->5854K(7296K)
[2022-11-30T15:18:56.168+0100][gc            ] GC(38) Pause Young (Normal) (G1 Evacuation Pause) 222M->177M(1024M) 19,035ms
[2022-11-30T15:18:56.168+0100][gc,cpu        ] GC(38) User=0,03s Sys=0,00s Real=0,02s
[2022-11-30T15:19:23.338+0100][gc,start      ] GC(39) Pause Young (Normal) (G1 Evacuation Pause)
[2022-11-30T15:19:23.338+0100][gc,task       ] GC(39) Using 4 workers of 4 for evacuation
[2022-11-30T15:19:23.362+0100][gc,mmu        ] GC(39) MMU target violated: 21,0ms (20,0ms/21,0ms)
[2022-11-30T15:19:23.363+0100][gc,phases     ] GC(39)   Pre Evacuate Collection Set: 0,0ms
[2022-11-30T15:19:23.363+0100][gc,phases     ] GC(39)   Evacuate Collection Set: 24,0ms
[2022-11-30T15:19:23.363+0100][gc,phases     ] GC(39)   Post Evacuate Collection Set: 0,5ms
[2022-11-30T15:19:23.363+0100][gc,phases     ] GC(39)   Other: 0,5ms
[2022-11-30T15:19:23.363+0100][gc,heap       ] GC(39) Eden regions: 46->0(46)
[2022-11-30T15:19:23.363+0100][gc,heap       ] GC(39) Survivor regions: 5->5(7)
[2022-11-30T15:19:23.363+0100][gc,heap       ] GC(39) Old regions: 46->46
[2022-11-30T15:19:23.363+0100][gc,heap       ] GC(39) Humongous regions: 129->129
[2022-11-30T15:19:23.363+0100][gc,metaspace  ] GC(39) Metaspace: 45537K(48768K)->45537K(48768K) NonClass: 39682K(41472K)->39682K(41472K) Class: 5854K(7296K)->5854K(7296K)
[2022-11-30T15:19:23.363+0100][gc            ] GC(39) Pause Young (Normal) (G1 Evacuation Pause) 223M->177M(1024M) 25,433ms
[2022-11-30T15:19:23.363+0100][gc,cpu        ] GC(39) User=0,02s Sys=0,00s Real=0,03s
[2022-11-30T15:19:57.726+0100][gc,start      ] GC(40) Pause Young (Normal) (G1 Evacuation Pause)
[2022-11-30T15:19:57.726+0100][gc,task       ] GC(40) Using 4 workers of 4 for evacuation
[2022-11-30T15:19:57.745+0100][gc,phases     ] GC(40)   Pre Evacuate Collection Set: 0,0ms
[2022-11-30T15:19:57.745+0100][gc,phases     ] GC(40)   Evacuate Collection Set: 16,7ms
[2022-11-30T15:19:57.745+0100][gc,phases     ] GC(40)   Post Evacuate Collection Set: 1,3ms
[2022-11-30T15:19:57.745+0100][gc,phases     ] GC(40)   Other: 0,5ms
[2022-11-30T15:19:57.745+0100][gc,heap       ] GC(40) Eden regions: 46->0(48)
[2022-11-30T15:19:57.745+0100][gc,heap       ] GC(40) Survivor regions: 5->4(7)
[2022-11-30T15:19:57.745+0100][gc,heap       ] GC(40) Old regions: 46->47
[2022-11-30T15:19:57.745+0100][gc,heap       ] GC(40) Humongous regions: 129->129
[2022-11-30T15:19:57.745+0100][gc,metaspace  ] GC(40) Metaspace: 45539K(48768K)->45539K(48768K) NonClass: 39684K(41472K)->39684K(41472K) Class: 5854K(7296K)->5854K(7296K)
[2022-11-30T15:19:57.745+0100][gc            ] GC(40) Pause Young (Normal) (G1 Evacuation Pause) 223M->177M(1024M) 18,681ms
[2022-11-30T15:19:57.745+0100][gc,cpu        ] GC(40) User=0,03s Sys=0,01s Real=0,02s
[2022-11-30T15:20:27.026+0100][gc,start      ] GC(41) Pause Young (Normal) (G1 Evacuation Pause)
[2022-11-30T15:20:27.026+0100][gc,task       ] GC(41) Using 4 workers of 4 for evacuation
[2022-11-30T15:20:27.043+0100][gc,phases     ] GC(41)   Pre Evacuate Collection Set: 0,0ms
[2022-11-30T15:20:27.043+0100][gc,phases     ] GC(41)   Evacuate Collection Set: 16,5ms
[2022-11-30T15:20:27.043+0100][gc,phases     ] GC(41)   Post Evacuate Collection Set: 0,4ms
[2022-11-30T15:20:27.044+0100][gc,phases     ] GC(41)   Other: 0,2ms
[2022-11-30T15:20:27.044+0100][gc,heap       ] GC(41) Eden regions: 48->0(53)
[2022-11-30T15:20:27.044+0100][gc,heap       ] GC(41) Survivor regions: 4->5(7)
[2022-11-30T15:20:27.044+0100][gc,heap       ] GC(41) Old regions: 47->47
[2022-11-30T15:20:27.044+0100][gc,heap       ] GC(41) Humongous regions: 129->129
[2022-11-30T15:20:27.044+0100][gc,metaspace  ] GC(41) Metaspace: 45539K(48768K)->45539K(48768K) NonClass: 39684K(41472K)->39684K(41472K) Class: 5854K(7296K)->5854K(7296K)
[2022-11-30T15:20:27.044+0100][gc            ] GC(41) Pause Young (Normal) (G1 Evacuation Pause) 225M->178M(1024M) 17,920ms
[2022-11-30T15:20:27.044+0100][gc,cpu        ] GC(41) User=0,03s Sys=0,00s Real=0,02s
[2022-11-30T15:20:59.389+0100][gc,start      ] GC(42) Pause Young (Normal) (G1 Evacuation Pause)
[2022-11-30T15:20:59.389+0100][gc,task       ] GC(42) Using 4 workers of 4 for evacuation
[2022-11-30T15:20:59.412+0100][gc,mmu        ] GC(42) MMU target violated: 21,0ms (20,0ms/21,0ms)
[2022-11-30T15:20:59.412+0100][gc,phases     ] GC(42)   Pre Evacuate Collection Set: 0,0ms
[2022-11-30T15:20:59.412+0100][gc,phases     ] GC(42)   Evacuate Collection Set: 22,6ms
[2022-11-30T15:20:59.412+0100][gc,phases     ] GC(42)   Post Evacuate Collection Set: 0,5ms
[2022-11-30T15:20:59.413+0100][gc,phases     ] GC(42)   Other: 0,8ms
[2022-11-30T15:20:59.413+0100][gc,heap       ] GC(42) Eden regions: 53->0(54)
[2022-11-30T15:20:59.413+0100][gc,heap       ] GC(42) Survivor regions: 5->5(8)
[2022-11-30T15:20:59.413+0100][gc,heap       ] GC(42) Old regions: 47->47
[2022-11-30T15:20:59.413+0100][gc,heap       ] GC(42) Humongous regions: 129->129
[2022-11-30T15:20:59.413+0100][gc,metaspace  ] GC(42) Metaspace: 45555K(48768K)->45555K(48768K) NonClass: 39700K(41472K)->39700K(41472K) Class: 5854K(7296K)->5854K(7296K)
[2022-11-30T15:20:59.413+0100][gc            ] GC(42) Pause Young (Normal) (G1 Evacuation Pause) 231M->178M(1024M) 24,197ms
[2022-11-30T15:20:59.413+0100][gc,cpu        ] GC(42) User=0,03s Sys=0,00s Real=0,02s
[2022-11-30T15:21:39.157+0100][gc,start      ] GC(43) Pause Young (Normal) (G1 Evacuation Pause)
[2022-11-30T15:21:39.158+0100][gc,task       ] GC(43) Using 4 workers of 4 for evacuation
[2022-11-30T15:21:39.189+0100][gc,mmu        ] GC(43) MMU target violated: 21,0ms (20,0ms/21,0ms)
[2022-11-30T15:21:39.189+0100][gc,phases     ] GC(43)   Pre Evacuate Collection Set: 0,0ms
[2022-11-30T15:21:39.189+0100][gc,phases     ] GC(43)   Evacuate Collection Set: 30,5ms
[2022-11-30T15:21:39.189+0100][gc,phases     ] GC(43)   Post Evacuate Collection Set: 0,4ms
[2022-11-30T15:21:39.189+0100][gc,phases     ] GC(43)   Other: 0,3ms
[2022-11-30T15:21:39.189+0100][gc,heap       ] GC(43) Eden regions: 54->0(54)
[2022-11-30T15:21:39.189+0100][gc,heap       ] GC(43) Survivor regions: 5->5(8)
[2022-11-30T15:21:39.189+0100][gc,heap       ] GC(43) Old regions: 47->48
[2022-11-30T15:21:39.189+0100][gc,heap       ] GC(43) Humongous regions: 129->129
[2022-11-30T15:21:39.189+0100][gc,metaspace  ] GC(43) Metaspace: 45557K(48768K)->45557K(48768K) NonClass: 39702K(41472K)->39702K(41472K) Class: 5854K(7296K)->5854K(7296K)
[2022-11-30T15:21:39.189+0100][gc            ] GC(43) Pause Young (Normal) (G1 Evacuation Pause) 232M->179M(1024M) 31,343ms
[2022-11-30T15:21:39.189+0100][gc,cpu        ] GC(43) User=0,03s Sys=0,00s Real=0,04s
[2022-11-30T15:22:06.052+0100][gc,start      ] GC(44) Pause Young (Normal) (G1 Evacuation Pause)
[2022-11-30T15:22:06.052+0100][gc,task       ] GC(44) Using 4 workers of 4 for evacuation
[2022-11-30T15:22:06.076+0100][gc,mmu        ] GC(44) MMU target violated: 21,0ms (20,0ms/21,0ms)
[2022-11-30T15:22:06.076+0100][gc,phases     ] GC(44)   Pre Evacuate Collection Set: 0,0ms
[2022-11-30T15:22:06.076+0100][gc,phases     ] GC(44)   Evacuate Collection Set: 22,2ms
[2022-11-30T15:22:06.076+0100][gc,phases     ] GC(44)   Post Evacuate Collection Set: 0,6ms
[2022-11-30T15:22:06.076+0100][gc,phases     ] GC(44)   Other: 0,3ms
[2022-11-30T15:22:06.076+0100][gc,heap       ] GC(44) Eden regions: 54->0(55)
[2022-11-30T15:22:06.076+0100][gc,heap       ] GC(44) Survivor regions: 5->5(8)
[2022-11-30T15:22:06.076+0100][gc,heap       ] GC(44) Old regions: 48->48
[2022-11-30T15:22:06.076+0100][gc,heap       ] GC(44) Humongous regions: 129->129
[2022-11-30T15:22:06.076+0100][gc,metaspace  ] GC(44) Metaspace: 45557K(48768K)->45557K(48768K) NonClass: 39702K(41472K)->39702K(41472K) Class: 5854K(7296K)->5854K(7296K)
[2022-11-30T15:22:06.076+0100][gc            ] GC(44) Pause Young (Normal) (G1 Evacuation Pause) 233M->180M(1024M) 23,354ms
[2022-11-30T15:22:06.076+0100][gc,cpu        ] GC(44) User=0,02s Sys=0,00s Real=0,02s
[2022-11-30T15:22:38.617+0100][gc,start      ] GC(45) Pause Young (Normal) (G1 Evacuation Pause)
[2022-11-30T15:22:38.617+0100][gc,task       ] GC(45) Using 4 workers of 4 for evacuation
[2022-11-30T15:22:38.645+0100][gc,mmu        ] GC(45) MMU target violated: 21,0ms (20,0ms/21,0ms)
[2022-11-30T15:22:38.645+0100][gc,phases     ] GC(45)   Pre Evacuate Collection Set: 0,0ms
[2022-11-30T15:22:38.645+0100][gc,phases     ] GC(45)   Evacuate Collection Set: 26,8ms
[2022-11-30T15:22:38.645+0100][gc,phases     ] GC(45)   Post Evacuate Collection Set: 0,4ms
[2022-11-30T15:22:38.645+0100][gc,phases     ] GC(45)   Other: 0,3ms
[2022-11-30T15:22:38.645+0100][gc,heap       ] GC(45) Eden regions: 55->0(55)
[2022-11-30T15:22:38.645+0100][gc,heap       ] GC(45) Survivor regions: 5->5(8)
[2022-11-30T15:22:38.645+0100][gc,heap       ] GC(45) Old regions: 48->49
[2022-11-30T15:22:38.645+0100][gc,heap       ] GC(45) Humongous regions: 129->129
[2022-11-30T15:22:38.645+0100][gc,metaspace  ] GC(45) Metaspace: 45557K(48768K)->45557K(48768K) NonClass: 39702K(41472K)->39702K(41472K) Class: 5854K(7296K)->5854K(7296K)
[2022-11-30T15:22:38.645+0100][gc            ] GC(45) Pause Young (Normal) (G1 Evacuation Pause) 235M->180M(1024M) 27,635ms
[2022-11-30T15:22:38.645+0100][gc,cpu        ] GC(45) User=0,04s Sys=0,00s Real=0,03s
[2022-11-30T15:23:09.084+0100][gc,start      ] GC(46) Pause Young (Normal) (G1 Evacuation Pause)
[2022-11-30T15:23:09.084+0100][gc,task       ] GC(46) Using 4 workers of 4 for evacuation
[2022-11-30T15:23:09.116+0100][gc,mmu        ] GC(46) MMU target violated: 21,0ms (20,0ms/21,0ms)
[2022-11-30T15:23:09.116+0100][gc,phases     ] GC(46)   Pre Evacuate Collection Set: 0,0ms
[2022-11-30T15:23:09.116+0100][gc,phases     ] GC(46)   Evacuate Collection Set: 32,0ms
[2022-11-30T15:23:09.116+0100][gc,phases     ] GC(46)   Post Evacuate Collection Set: 0,5ms
[2022-11-30T15:23:09.116+0100][gc,phases     ] GC(46)   Other: 0,3ms
[2022-11-30T15:23:09.116+0100][gc,heap       ] GC(46) Eden regions: 55->0(55)
[2022-11-30T15:23:09.116+0100][gc,heap       ] GC(46) Survivor regions: 5->5(8)
[2022-11-30T15:23:09.116+0100][gc,heap       ] GC(46) Old regions: 49->49
[2022-11-30T15:23:09.116+0100][gc,heap       ] GC(46) Humongous regions: 129->129
[2022-11-30T15:23:09.116+0100][gc,metaspace  ] GC(46) Metaspace: 45557K(48768K)->45557K(48768K) NonClass: 39702K(41472K)->39702K(41472K) Class: 5854K(7296K)->5854K(7296K)
[2022-11-30T15:23:09.117+0100][gc            ] GC(46) Pause Young (Normal) (G1 Evacuation Pause) 235M->181M(1024M) 32,960ms
[2022-11-30T15:23:09.117+0100][gc,cpu        ] GC(46) User=0,03s Sys=0,00s Real=0,03s
[2022-11-30T15:23:41.315+0100][gc,start      ] GC(47) Pause Young (Normal) (G1 Evacuation Pause)
[2022-11-30T15:23:41.315+0100][gc,task       ] GC(47) Using 4 workers of 4 for evacuation
[2022-11-30T15:23:41.357+0100][gc,mmu        ] GC(47) MMU target violated: 21,0ms (20,0ms/21,0ms)
[2022-11-30T15:23:41.357+0100][gc,phases     ] GC(47)   Pre Evacuate Collection Set: 0,0ms
[2022-11-30T15:23:41.357+0100][gc,phases     ] GC(47)   Evacuate Collection Set: 41,1ms
[2022-11-30T15:23:41.357+0100][gc,phases     ] GC(47)   Post Evacuate Collection Set: 0,4ms
[2022-11-30T15:23:41.357+0100][gc,phases     ] GC(47)   Other: 0,3ms
[2022-11-30T15:23:41.357+0100][gc,heap       ] GC(47) Eden regions: 55->0(55)
[2022-11-30T15:23:41.357+0100][gc,heap       ] GC(47) Survivor regions: 5->5(8)
[2022-11-30T15:23:41.357+0100][gc,heap       ] GC(47) Old regions: 49->50
[2022-11-30T15:23:41.357+0100][gc,heap       ] GC(47) Humongous regions: 129->129
[2022-11-30T15:23:41.357+0100][gc,metaspace  ] GC(47) Metaspace: 45566K(48768K)->45566K(48768K) NonClass: 39711K(41472K)->39711K(41472K) Class: 5854K(7296K)->5854K(7296K)
[2022-11-30T15:23:41.357+0100][gc            ] GC(47) Pause Young (Normal) (G1 Evacuation Pause) 236M->181M(1024M) 42,080ms
[2022-11-30T15:23:41.357+0100][gc,cpu        ] GC(47) User=0,04s Sys=0,01s Real=0,04s
[2022-11-30T15:24:17.311+0100][gc,start      ] GC(48) Pause Young (Normal) (G1 Evacuation Pause)
[2022-11-30T15:24:17.311+0100][gc,task       ] GC(48) Using 4 workers of 4 for evacuation
[2022-11-30T15:24:17.347+0100][gc,mmu        ] GC(48) MMU target violated: 21,0ms (20,0ms/21,0ms)
[2022-11-30T15:24:17.347+0100][gc,phases     ] GC(48)   Pre Evacuate Collection Set: 0,0ms
[2022-11-30T15:24:17.347+0100][gc,phases     ] GC(48)   Evacuate Collection Set: 35,2ms
[2022-11-30T15:24:17.347+0100][gc,phases     ] GC(48)   Post Evacuate Collection Set: 0,5ms
[2022-11-30T15:24:17.347+0100][gc,phases     ] GC(48)   Other: 0,3ms
[2022-11-30T15:24:17.347+0100][gc,heap       ] GC(48) Eden regions: 54->0(54)
[2022-11-30T15:24:17.347+0100][gc,heap       ] GC(48) Survivor regions: 5->5(8)
[2022-11-30T15:24:17.347+0100][gc,heap       ] GC(48) Old regions: 50->51
[2022-11-30T15:24:17.347+0100][gc,heap       ] GC(48) Humongous regions: 129->129
[2022-11-30T15:24:17.347+0100][gc,metaspace  ] GC(48) Metaspace: 45568K(48768K)->45568K(48768K) NonClass: 39713K(41472K)->39713K(41472K) Class: 5854K(7296K)->5854K(7296K)
[2022-11-30T15:24:17.347+0100][gc            ] GC(48) Pause Young (Normal) (G1 Evacuation Pause) 235M->182M(1024M) 36,122ms
[2022-11-30T15:24:17.347+0100][gc,cpu        ] GC(48) User=0,04s Sys=0,00s Real=0,04s
[2022-11-30T15:24:43.471+0100][gc,start      ] GC(49) Pause Young (Normal) (G1 Evacuation Pause)
[2022-11-30T15:24:43.471+0100][gc,task       ] GC(49) Using 4 workers of 4 for evacuation
[2022-11-30T15:24:43.494+0100][gc,mmu        ] GC(49) MMU target violated: 21,0ms (20,0ms/21,0ms)
[2022-11-30T15:24:43.494+0100][gc,phases     ] GC(49)   Pre Evacuate Collection Set: 0,0ms
[2022-11-30T15:24:43.494+0100][gc,phases     ] GC(49)   Evacuate Collection Set: 21,8ms
[2022-11-30T15:24:43.494+0100][gc,phases     ] GC(49)   Post Evacuate Collection Set: 0,4ms
[2022-11-30T15:24:43.494+0100][gc,phases     ] GC(49)   Other: 0,3ms
[2022-11-30T15:24:43.494+0100][gc,heap       ] GC(49) Eden regions: 47->0(53)
[2022-11-30T15:24:43.494+0100][gc,heap       ] GC(49) Survivor regions: 5->5(7)
[2022-11-30T15:24:43.494+0100][gc,heap       ] GC(49) Old regions: 51->52
[2022-11-30T15:24:43.494+0100][gc,heap       ] GC(49) Humongous regions: 129->129
[2022-11-30T15:24:43.494+0100][gc,metaspace  ] GC(49) Metaspace: 45571K(48768K)->45571K(48768K) NonClass: 39716K(41472K)->39716K(41472K) Class: 5854K(7296K)->5854K(7296K)
[2022-11-30T15:24:43.494+0100][gc            ] GC(49) Pause Young (Normal) (G1 Evacuation Pause) 229M->183M(1024M) 22,732ms
[2022-11-30T15:24:43.494+0100][gc,cpu        ] GC(49) User=0,02s Sys=0,00s Real=0,02s
[2022-11-30T15:25:06.690+0100][gc,start      ] GC(50) Pause Young (Normal) (G1 Evacuation Pause)
[2022-11-30T15:25:06.690+0100][gc,task       ] GC(50) Using 4 workers of 4 for evacuation
[2022-11-30T15:25:06.728+0100][gc,mmu        ] GC(50) MMU target violated: 21,0ms (20,0ms/21,0ms)
[2022-11-30T15:25:06.728+0100][gc,phases     ] GC(50)   Pre Evacuate Collection Set: 0,0ms
[2022-11-30T15:25:06.728+0100][gc,phases     ] GC(50)   Evacuate Collection Set: 35,4ms
[2022-11-30T15:25:06.728+0100][gc,phases     ] GC(50)   Post Evacuate Collection Set: 2,3ms
[2022-11-30T15:25:06.728+0100][gc,phases     ] GC(50)   Other: 0,4ms
[2022-11-30T15:25:06.728+0100][gc,heap       ] GC(50) Eden regions: 53->0(46)
[2022-11-30T15:25:06.728+0100][gc,heap       ] GC(50) Survivor regions: 5->5(8)
[2022-11-30T15:25:06.728+0100][gc,heap       ] GC(50) Old regions: 52->52
[2022-11-30T15:25:06.728+0100][gc,heap       ] GC(50) Humongous regions: 129->129
[2022-11-30T15:25:06.728+0100][gc,metaspace  ] GC(50) Metaspace: 45571K(48768K)->45571K(48768K) NonClass: 39716K(41472K)->39716K(41472K) Class: 5854K(7296K)->5854K(7296K)
[2022-11-30T15:25:06.728+0100][gc            ] GC(50) Pause Young (Normal) (G1 Evacuation Pause) 236M->183M(1024M) 38,283ms
[2022-11-30T15:25:06.728+0100][gc,cpu        ] GC(50) User=0,04s Sys=0,00s Real=0,04s
[2022-11-30T15:25:34.839+0100][gc,start      ] GC(51) Pause Young (Normal) (G1 Evacuation Pause)
[2022-11-30T15:25:34.839+0100][gc,task       ] GC(51) Using 4 workers of 4 for evacuation
[2022-11-30T15:25:34.864+0100][gc,mmu        ] GC(51) MMU target violated: 21,0ms (20,0ms/21,0ms)
[2022-11-30T15:25:34.864+0100][gc,phases     ] GC(51)   Pre Evacuate Collection Set: 0,1ms
[2022-11-30T15:25:34.865+0100][gc,phases     ] GC(51)   Evacuate Collection Set: 24,8ms
[2022-11-30T15:25:34.865+0100][gc,phases     ] GC(51)   Post Evacuate Collection Set: 0,5ms
[2022-11-30T15:25:34.865+0100][gc,phases     ] GC(51)   Other: 0,4ms
[2022-11-30T15:25:34.865+0100][gc,heap       ] GC(51) Eden regions: 46->0(47)
[2022-11-30T15:25:34.865+0100][gc,heap       ] GC(51) Survivor regions: 5->4(7)
[2022-11-30T15:25:34.865+0100][gc,heap       ] GC(51) Old regions: 52->53
[2022-11-30T15:25:34.865+0100][gc,heap       ] GC(51) Humongous regions: 129->129
[2022-11-30T15:25:34.865+0100][gc,metaspace  ] GC(51) Metaspace: 45578K(48768K)->45578K(48768K) NonClass: 39723K(41472K)->39723K(41472K) Class: 5854K(7296K)->5854K(7296K)
[2022-11-30T15:25:34.865+0100][gc            ] GC(51) Pause Young (Normal) (G1 Evacuation Pause) 229M->183M(1024M) 26,535ms
[2022-11-30T15:25:34.865+0100][gc,cpu        ] GC(51) User=0,04s Sys=0,00s Real=0,03s
[2022-11-30T15:25:58.782+0100][gc,start      ] GC(52) Pause Young (Normal) (G1 Evacuation Pause)
[2022-11-30T15:25:58.782+0100][gc,task       ] GC(52) Using 4 workers of 4 for evacuation
[2022-11-30T15:25:58.794+0100][gc,phases     ] GC(52)   Pre Evacuate Collection Set: 0,0ms
[2022-11-30T15:25:58.794+0100][gc,phases     ] GC(52)   Evacuate Collection Set: 11,3ms
[2022-11-30T15:25:58.794+0100][gc,phases     ] GC(52)   Post Evacuate Collection Set: 0,5ms
[2022-11-30T15:25:58.794+0100][gc,phases     ] GC(52)   Other: 0,3ms
[2022-11-30T15:25:58.794+0100][gc,heap       ] GC(52) Eden regions: 47->0(49)
[2022-11-30T15:25:58.794+0100][gc,heap       ] GC(52) Survivor regions: 4->4(7)
[2022-11-30T15:25:58.794+0100][gc,heap       ] GC(52) Old regions: 53->53
[2022-11-30T15:25:58.794+0100][gc,heap       ] GC(52) Humongous regions: 129->129
[2022-11-30T15:25:58.794+0100][gc,metaspace  ] GC(52) Metaspace: 45587K(48768K)->45587K(48768K) NonClass: 39732K(41472K)->39732K(41472K) Class: 5854K(7296K)->5854K(7296K)
[2022-11-30T15:25:58.794+0100][gc            ] GC(52) Pause Young (Normal) (G1 Evacuation Pause) 230M->184M(1024M) 12,522ms
[2022-11-30T15:25:58.794+0100][gc,cpu        ] GC(52) User=0,02s Sys=0,01s Real=0,01s
[2022-11-30T15:26:20.936+0100][gc,start      ] GC(53) Pause Young (Normal) (G1 Evacuation Pause)
[2022-11-30T15:26:20.936+0100][gc,task       ] GC(53) Using 4 workers of 4 for evacuation
[2022-11-30T15:26:20.953+0100][gc,phases     ] GC(53)   Pre Evacuate Collection Set: 0,0ms
[2022-11-30T15:26:20.953+0100][gc,phases     ] GC(53)   Evacuate Collection Set: 16,1ms
[2022-11-30T15:26:20.953+0100][gc,phases     ] GC(53)   Post Evacuate Collection Set: 0,4ms
[2022-11-30T15:26:20.953+0100][gc,phases     ] GC(53)   Other: 0,3ms
[2022-11-30T15:26:20.953+0100][gc,heap       ] GC(53) Eden regions: 49->0(51)
[2022-11-30T15:26:20.953+0100][gc,heap       ] GC(53) Survivor regions: 4->5(7)
[2022-11-30T15:26:20.953+0100][gc,heap       ] GC(53) Old regions: 53->53
[2022-11-30T15:26:20.953+0100][gc,heap       ] GC(53) Humongous regions: 129->129
[2022-11-30T15:26:20.953+0100][gc,metaspace  ] GC(53) Metaspace: 45587K(48768K)->45587K(48768K) NonClass: 39732K(41472K)->39732K(41472K) Class: 5854K(7296K)->5854K(7296K)
[2022-11-30T15:26:20.953+0100][gc            ] GC(53) Pause Young (Normal) (G1 Evacuation Pause) 233M->184M(1024M) 16,944ms
[2022-11-30T15:26:20.953+0100][gc,cpu        ] GC(53) User=0,03s Sys=0,00s Real=0,02s
[2022-11-30T15:26:46.677+0100][gc,start      ] GC(54) Pause Young (Normal) (G1 Evacuation Pause)
[2022-11-30T15:26:46.677+0100][gc,task       ] GC(54) Using 4 workers of 4 for evacuation
[2022-11-30T15:26:46.694+0100][gc,phases     ] GC(54)   Pre Evacuate Collection Set: 0,0ms
[2022-11-30T15:26:46.694+0100][gc,phases     ] GC(54)   Evacuate Collection Set: 15,4ms
[2022-11-30T15:26:46.694+0100][gc,phases     ] GC(54)   Post Evacuate Collection Set: 2,0ms
[2022-11-30T15:26:46.694+0100][gc,phases     ] GC(54)   Other: 0,2ms
[2022-11-30T15:26:46.694+0100][gc,heap       ] GC(54) Eden regions: 50->0(52)
[2022-11-30T15:26:46.694+0100][gc,heap       ] GC(54) Survivor regions: 5->4(7)
[2022-11-30T15:26:46.694+0100][gc,heap       ] GC(54) Old regions: 53->54
[2022-11-30T15:26:46.695+0100][gc,heap       ] GC(54) Humongous regions: 129->129
[2022-11-30T15:26:46.695+0100][gc,metaspace  ] GC(54) Metaspace: 45588K(48768K)->45588K(48768K) NonClass: 39733K(41472K)->39733K(41472K) Class: 5854K(7296K)->5854K(7296K)
[2022-11-30T15:26:46.695+0100][gc            ] GC(54) Pause Young (Normal) (G1 Evacuation Pause) 234M->184M(1024M) 17,801ms
[2022-11-30T15:26:46.695+0100][gc,cpu        ] GC(54) User=0,02s Sys=0,00s Real=0,02s
[2022-11-30T15:27:12.699+0100][gc,start      ] GC(55) Pause Young (Normal) (G1 Evacuation Pause)
[2022-11-30T15:27:12.699+0100][gc,task       ] GC(55) Using 4 workers of 4 for evacuation
[2022-11-30T15:27:12.735+0100][gc,mmu        ] GC(55) MMU target violated: 21,0ms (20,0ms/21,0ms)
[2022-11-30T15:27:12.735+0100][gc,phases     ] GC(55)   Pre Evacuate Collection Set: 0,0ms
[2022-11-30T15:27:12.735+0100][gc,phases     ] GC(55)   Evacuate Collection Set: 36,1ms
[2022-11-30T15:27:12.735+0100][gc,phases     ] GC(55)   Post Evacuate Collection Set: 0,5ms
[2022-11-30T15:27:12.736+0100][gc,phases     ] GC(55)   Other: 0,3ms
[2022-11-30T15:27:12.736+0100][gc,heap       ] GC(55) Eden regions: 52->0(49)
[2022-11-30T15:27:12.736+0100][gc,heap       ] GC(55) Survivor regions: 4->4(7)
[2022-11-30T15:27:12.736+0100][gc,heap       ] GC(55) Old regions: 54->55
[2022-11-30T15:27:12.736+0100][gc,heap       ] GC(55) Humongous regions: 129->129
[2022-11-30T15:27:12.736+0100][gc,metaspace  ] GC(55) Metaspace: 45588K(48768K)->45588K(48768K) NonClass: 39733K(41472K)->39733K(41472K) Class: 5854K(7296K)->5854K(7296K)
[2022-11-30T15:27:12.736+0100][gc            ] GC(55) Pause Young (Normal) (G1 Evacuation Pause) 236M->185M(1024M) 37,099ms
[2022-11-30T15:27:12.736+0100][gc,cpu        ] GC(55) User=0,04s Sys=0,00s Real=0,04s
[2022-11-30T15:27:36.551+0100][gc,start      ] GC(56) Pause Young (Normal) (G1 Evacuation Pause)
[2022-11-30T15:27:36.551+0100][gc,task       ] GC(56) Using 4 workers of 4 for evacuation
[2022-11-30T15:27:36.564+0100][gc,phases     ] GC(56)   Pre Evacuate Collection Set: 0,0ms
[2022-11-30T15:27:36.564+0100][gc,phases     ] GC(56)   Evacuate Collection Set: 12,0ms
[2022-11-30T15:27:36.564+0100][gc,phases     ] GC(56)   Post Evacuate Collection Set: 0,5ms
[2022-11-30T15:27:36.564+0100][gc,phases     ] GC(56)   Other: 0,3ms
[2022-11-30T15:27:36.564+0100][gc,heap       ] GC(56) Eden regions: 49->0(50)
[2022-11-30T15:27:36.564+0100][gc,heap       ] GC(56) Survivor regions: 4->4(7)
[2022-11-30T15:27:36.564+0100][gc,heap       ] GC(56) Old regions: 55->55
[2022-11-30T15:27:36.564+0100][gc,heap       ] GC(56) Humongous regions: 129->129
[2022-11-30T15:27:36.564+0100][gc,metaspace  ] GC(56) Metaspace: 45588K(48768K)->45588K(48768K) NonClass: 39733K(41472K)->39733K(41472K) Class: 5854K(7296K)->5854K(7296K)
[2022-11-30T15:27:36.564+0100][gc            ] GC(56) Pause Young (Normal) (G1 Evacuation Pause) 234M->185M(1024M) 12,995ms
[2022-11-30T15:27:36.564+0100][gc,cpu        ] GC(56) User=0,03s Sys=0,00s Real=0,01s
[2022-11-30T15:28:01.356+0100][gc,start      ] GC(57) Pause Young (Normal) (G1 Evacuation Pause)
[2022-11-30T15:28:01.356+0100][gc,task       ] GC(57) Using 4 workers of 4 for evacuation
[2022-11-30T15:28:01.367+0100][gc,phases     ] GC(57)   Pre Evacuate Collection Set: 0,0ms
[2022-11-30T15:28:01.367+0100][gc,phases     ] GC(57)   Evacuate Collection Set: 10,1ms
[2022-11-30T15:28:01.367+0100][gc,phases     ] GC(57)   Post Evacuate Collection Set: 0,7ms
[2022-11-30T15:28:01.367+0100][gc,phases     ] GC(57)   Other: 0,3ms
[2022-11-30T15:28:01.367+0100][gc,heap       ] GC(57) Eden regions: 49->0(51)
[2022-11-30T15:28:01.367+0100][gc,heap       ] GC(57) Survivor regions: 4->4(7)
[2022-11-30T15:28:01.367+0100][gc,heap       ] GC(57) Old regions: 55->55
[2022-11-30T15:28:01.367+0100][gc,heap       ] GC(57) Humongous regions: 129->129
[2022-11-30T15:28:01.367+0100][gc,metaspace  ] GC(57) Metaspace: 45588K(48768K)->45588K(48768K) NonClass: 39733K(41472K)->39733K(41472K) Class: 5854K(7296K)->5854K(7296K)
[2022-11-30T15:28:01.367+0100][gc            ] GC(57) Pause Young (Normal) (G1 Evacuation Pause) 234M->186M(1024M) 11,240ms
[2022-11-30T15:28:01.368+0100][gc,cpu        ] GC(57) User=0,03s Sys=0,00s Real=0,02s
[2022-11-30T15:28:25.046+0100][gc,start      ] GC(58) Pause Young (Normal) (G1 Evacuation Pause)
[2022-11-30T15:28:25.046+0100][gc,task       ] GC(58) Using 4 workers of 4 for evacuation
[2022-11-30T15:28:25.132+0100][gc,mmu        ] GC(58) MMU target violated: 21,0ms (20,0ms/21,0ms)
[2022-11-30T15:28:25.132+0100][gc,phases     ] GC(58)   Pre Evacuate Collection Set: 0,0ms
[2022-11-30T15:28:25.132+0100][gc,phases     ] GC(58)   Evacuate Collection Set: 85,7ms
[2022-11-30T15:28:25.133+0100][gc,phases     ] GC(58)   Post Evacuate Collection Set: 0,4ms
[2022-11-30T15:28:25.133+0100][gc,phases     ] GC(58)   Other: 0,3ms
[2022-11-30T15:28:25.133+0100][gc,heap       ] GC(58) Eden regions: 51->0(47)
[2022-11-30T15:28:25.133+0100][gc,heap       ] GC(58) Survivor regions: 4->4(7)
[2022-11-30T15:28:25.133+0100][gc,heap       ] GC(58) Old regions: 55->56
[2022-11-30T15:28:25.133+0100][gc,heap       ] GC(58) Humongous regions: 129->129
[2022-11-30T15:28:25.133+0100][gc,metaspace  ] GC(58) Metaspace: 45589K(48768K)->45589K(48768K) NonClass: 39734K(41472K)->39734K(41472K) Class: 5854K(7296K)->5854K(7296K)
[2022-11-30T15:28:25.133+0100][gc            ] GC(58) Pause Young (Normal) (G1 Evacuation Pause) 237M->186M(1024M) 86,815ms
[2022-11-30T15:28:25.133+0100][gc,cpu        ] GC(58) User=0,03s Sys=0,00s Real=0,09s
[2022-11-30T15:28:48.931+0100][gc,start      ] GC(59) Pause Young (Normal) (G1 Evacuation Pause)
[2022-11-30T15:28:48.931+0100][gc,task       ] GC(59) Using 4 workers of 4 for evacuation
[2022-11-30T15:28:48.948+0100][gc,phases     ] GC(59)   Pre Evacuate Collection Set: 0,0ms
[2022-11-30T15:28:48.948+0100][gc,phases     ] GC(59)   Evacuate Collection Set: 16,1ms
[2022-11-30T15:28:48.948+0100][gc,phases     ] GC(59)   Post Evacuate Collection Set: 0,6ms
[2022-11-30T15:28:48.948+0100][gc,phases     ] GC(59)   Other: 0,3ms
[2022-11-30T15:28:48.948+0100][gc,heap       ] GC(59) Eden regions: 47->0(47)
[2022-11-30T15:28:48.948+0100][gc,heap       ] GC(59) Survivor regions: 4->4(7)
[2022-11-30T15:28:48.948+0100][gc,heap       ] GC(59) Old regions: 56->56
[2022-11-30T15:28:48.948+0100][gc,heap       ] GC(59) Humongous regions: 129->129
[2022-11-30T15:28:48.948+0100][gc,metaspace  ] GC(59) Metaspace: 45600K(48768K)->45600K(48768K) NonClass: 39746K(41472K)->39746K(41472K) Class: 5854K(7296K)->5854K(7296K)
[2022-11-30T15:28:48.948+0100][gc            ] GC(59) Pause Young (Normal) (G1 Evacuation Pause) 233M->186M(1024M) 17,143ms
[2022-11-30T15:28:48.948+0100][gc,cpu        ] GC(59) User=0,03s Sys=0,00s Real=0,02s
[2022-11-30T15:49:43.901+0100][gc,start      ] GC(60) Pause Young (Normal) (G1 Evacuation Pause)
[2022-11-30T15:49:43.901+0100][gc,task       ] GC(60) Using 4 workers of 4 for evacuation
[2022-11-30T15:49:43.952+0100][gc,mmu        ] GC(60) MMU target violated: 21,0ms (20,0ms/21,0ms)
[2022-11-30T15:49:43.953+0100][gc,phases     ] GC(60)   Pre Evacuate Collection Set: 0,0ms
[2022-11-30T15:49:43.953+0100][gc,phases     ] GC(60)   Evacuate Collection Set: 50,7ms
[2022-11-30T15:49:43.953+0100][gc,phases     ] GC(60)   Post Evacuate Collection Set: 0,6ms
[2022-11-30T15:49:43.953+0100][gc,phases     ] GC(60)   Other: 0,3ms
[2022-11-30T15:49:43.953+0100][gc,heap       ] GC(60) Eden regions: 47->0(45)
[2022-11-30T15:49:43.953+0100][gc,heap       ] GC(60) Survivor regions: 4->6(7)
[2022-11-30T15:49:43.953+0100][gc,heap       ] GC(60) Old regions: 56->56
[2022-11-30T15:49:43.953+0100][gc,heap       ] GC(60) Humongous regions: 129->129
[2022-11-30T15:49:43.953+0100][gc,metaspace  ] GC(60) Metaspace: 45669K(48768K)->45669K(48768K) NonClass: 39807K(41472K)->39807K(41472K) Class: 5861K(7296K)->5861K(7296K)
[2022-11-30T15:49:43.953+0100][gc            ] GC(60) Pause Young (Normal) (G1 Evacuation Pause) 233M->189M(1024M) 51,764ms
[2022-11-30T15:49:43.953+0100][gc,cpu        ] GC(60) User=0,05s Sys=0,00s Real=0,05s
[2022-11-30T15:50:11.076+0100][gc,start      ] GC(61) Pause Young (Normal) (G1 Evacuation Pause)
[2022-11-30T15:50:11.076+0100][gc,task       ] GC(61) Using 4 workers of 4 for evacuation
[2022-11-30T15:50:11.121+0100][gc,mmu        ] GC(61) MMU target violated: 21,0ms (20,0ms/21,0ms)
[2022-11-30T15:50:11.122+0100][gc,phases     ] GC(61)   Pre Evacuate Collection Set: 0,0ms
[2022-11-30T15:50:11.122+0100][gc,phases     ] GC(61)   Evacuate Collection Set: 45,0ms
[2022-11-30T15:50:11.122+0100][gc,phases     ] GC(61)   Post Evacuate Collection Set: 0,6ms
[2022-11-30T15:50:11.122+0100][gc,phases     ] GC(61)   Other: 0,6ms
[2022-11-30T15:50:11.122+0100][gc,heap       ] GC(61) Eden regions: 45->0(46)
[2022-11-30T15:50:11.122+0100][gc,heap       ] GC(61) Survivor regions: 6->5(7)
[2022-11-30T15:50:11.122+0100][gc,heap       ] GC(61) Old regions: 56->58
[2022-11-30T15:50:11.122+0100][gc,heap       ] GC(61) Humongous regions: 129->129
[2022-11-30T15:50:11.122+0100][gc,metaspace  ] GC(61) Metaspace: 45670K(48768K)->45670K(48768K) NonClass: 39808K(41472K)->39808K(41472K) Class: 5861K(7296K)->5861K(7296K)
[2022-11-30T15:50:11.122+0100][gc            ] GC(61) Pause Young (Normal) (G1 Evacuation Pause) 234M->189M(1024M) 46,605ms
[2022-11-30T15:50:11.122+0100][gc,cpu        ] GC(61) User=0,04s Sys=0,00s Real=0,05s
[2022-11-30T15:50:34.551+0100][gc,start      ] GC(62) Pause Young (Normal) (G1 Evacuation Pause)
[2022-11-30T15:50:34.551+0100][gc,task       ] GC(62) Using 4 workers of 4 for evacuation
[2022-11-30T15:50:34.579+0100][gc,mmu        ] GC(62) MMU target violated: 21,0ms (20,0ms/21,0ms)
[2022-11-30T15:50:34.579+0100][gc,phases     ] GC(62)   Pre Evacuate Collection Set: 0,1ms
[2022-11-30T15:50:34.579+0100][gc,phases     ] GC(62)   Evacuate Collection Set: 27,9ms
[2022-11-30T15:50:34.579+0100][gc,phases     ] GC(62)   Post Evacuate Collection Set: 0,5ms
[2022-11-30T15:50:34.579+0100][gc,phases     ] GC(62)   Other: 0,3ms
[2022-11-30T15:50:34.579+0100][gc,heap       ] GC(62) Eden regions: 46->0(46)
[2022-11-30T15:50:34.579+0100][gc,heap       ] GC(62) Survivor regions: 5->5(7)
[2022-11-30T15:50:34.579+0100][gc,heap       ] GC(62) Old regions: 58->59
[2022-11-30T15:50:34.579+0100][gc,heap       ] GC(62) Humongous regions: 129->129
[2022-11-30T15:50:34.579+0100][gc,metaspace  ] GC(62) Metaspace: 45670K(48768K)->45670K(48768K) NonClass: 39808K(41472K)->39808K(41472K) Class: 5861K(7296K)->5861K(7296K)
[2022-11-30T15:50:34.579+0100][gc            ] GC(62) Pause Young (Normal) (G1 Evacuation Pause) 235M->191M(1024M) 28,870ms
[2022-11-30T15:50:34.579+0100][gc,cpu        ] GC(62) User=0,04s Sys=0,00s Real=0,03s
[2022-11-30T15:50:56.775+0100][gc,start      ] GC(63) Pause Young (Normal) (G1 Evacuation Pause)
[2022-11-30T15:50:56.775+0100][gc,task       ] GC(63) Using 4 workers of 4 for evacuation
[2022-11-30T15:50:56.802+0100][gc,mmu        ] GC(63) MMU target violated: 21,0ms (20,0ms/21,0ms)
[2022-11-30T15:50:56.802+0100][gc,phases     ] GC(63)   Pre Evacuate Collection Set: 0,0ms
[2022-11-30T15:50:56.802+0100][gc,phases     ] GC(63)   Evacuate Collection Set: 26,1ms
[2022-11-30T15:50:56.802+0100][gc,phases     ] GC(63)   Post Evacuate Collection Set: 0,5ms
[2022-11-30T15:50:56.802+0100][gc,phases     ] GC(63)   Other: 0,3ms
[2022-11-30T15:50:56.802+0100][gc,heap       ] GC(63) Eden regions: 46->0(46)
[2022-11-30T15:50:56.802+0100][gc,heap       ] GC(63) Survivor regions: 5->5(7)
[2022-11-30T15:50:56.802+0100][gc,heap       ] GC(63) Old regions: 59->60
[2022-11-30T15:50:56.802+0100][gc,heap       ] GC(63) Humongous regions: 129->129
[2022-11-30T15:50:56.802+0100][gc,metaspace  ] GC(63) Metaspace: 45672K(48768K)->45672K(48768K) NonClass: 39810K(41472K)->39810K(41472K) Class: 5861K(7296K)->5861K(7296K)
[2022-11-30T15:50:56.802+0100][gc            ] GC(63) Pause Young (Normal) (G1 Evacuation Pause) 237M->191M(1024M) 27,123ms
[2022-11-30T15:50:56.802+0100][gc,cpu        ] GC(63) User=0,02s Sys=0,01s Real=0,03s
[2022-11-30T15:51:17.980+0100][gc,start      ] GC(64) Pause Young (Normal) (G1 Evacuation Pause)
[2022-11-30T15:51:17.980+0100][gc,task       ] GC(64) Using 4 workers of 4 for evacuation
[2022-11-30T15:51:18.004+0100][gc,mmu        ] GC(64) MMU target violated: 21,0ms (20,0ms/21,0ms)
[2022-11-30T15:51:18.004+0100][gc,phases     ] GC(64)   Pre Evacuate Collection Set: 0,0ms
[2022-11-30T15:51:18.004+0100][gc,phases     ] GC(64)   Evacuate Collection Set: 22,7ms
[2022-11-30T15:51:18.004+0100][gc,phases     ] GC(64)   Post Evacuate Collection Set: 0,6ms
[2022-11-30T15:51:18.004+0100][gc,phases     ] GC(64)   Other: 0,4ms
[2022-11-30T15:51:18.004+0100][gc,heap       ] GC(64) Eden regions: 46->0(48)
[2022-11-30T15:51:18.004+0100][gc,heap       ] GC(64) Survivor regions: 5->3(7)
[2022-11-30T15:51:18.004+0100][gc,heap       ] GC(64) Old regions: 60->62
[2022-11-30T15:51:18.004+0100][gc,heap       ] GC(64) Humongous regions: 129->129
[2022-11-30T15:51:18.004+0100][gc,metaspace  ] GC(64) Metaspace: 45679K(48768K)->45679K(48768K) NonClass: 39817K(41472K)->39817K(41472K) Class: 5861K(7296K)->5861K(7296K)
[2022-11-30T15:51:18.004+0100][gc            ] GC(64) Pause Young (Normal) (G1 Evacuation Pause) 237M->191M(1024M) 23,945ms
[2022-11-30T15:51:18.004+0100][gc,cpu        ] GC(64) User=0,03s Sys=0,00s Real=0,03s
[2022-11-30T15:51:38.526+0100][gc,start      ] GC(65) Pause Young (Normal) (G1 Evacuation Pause)
[2022-11-30T15:51:38.526+0100][gc,task       ] GC(65) Using 4 workers of 4 for evacuation
[2022-11-30T15:51:38.544+0100][gc,phases     ] GC(65)   Pre Evacuate Collection Set: 0,0ms
[2022-11-30T15:51:38.544+0100][gc,phases     ] GC(65)   Evacuate Collection Set: 13,4ms
[2022-11-30T15:51:38.544+0100][gc,phases     ] GC(65)   Post Evacuate Collection Set: 3,9ms
[2022-11-30T15:51:38.544+0100][gc,phases     ] GC(65)   Other: 0,3ms
[2022-11-30T15:51:38.544+0100][gc,heap       ] GC(65) Eden regions: 48->0(47)
[2022-11-30T15:51:38.544+0100][gc,heap       ] GC(65) Survivor regions: 3->4(7)
[2022-11-30T15:51:38.544+0100][gc,heap       ] GC(65) Old regions: 62->62
[2022-11-30T15:51:38.544+0100][gc,heap       ] GC(65) Humongous regions: 129->129
[2022-11-30T15:51:38.544+0100][gc,metaspace  ] GC(65) Metaspace: 45679K(48768K)->45679K(48768K) NonClass: 39817K(41472K)->39817K(41472K) Class: 5861K(7296K)->5861K(7296K)
[2022-11-30T15:51:38.544+0100][gc            ] GC(65) Pause Young (Normal) (G1 Evacuation Pause) 239M->192M(1024M) 17,989ms
[2022-11-30T15:51:38.544+0100][gc,cpu        ] GC(65) User=0,02s Sys=0,01s Real=0,02s
[2022-11-30T15:52:00.324+0100][gc,start      ] GC(66) Pause Young (Normal) (G1 Evacuation Pause)
[2022-11-30T15:52:00.324+0100][gc,task       ] GC(66) Using 4 workers of 4 for evacuation
[2022-11-30T15:52:00.349+0100][gc,mmu        ] GC(66) MMU target violated: 21,0ms (20,0ms/21,0ms)
[2022-11-30T15:52:00.349+0100][gc,phases     ] GC(66)   Pre Evacuate Collection Set: 0,0ms
[2022-11-30T15:52:00.349+0100][gc,phases     ] GC(66)   Evacuate Collection Set: 24,8ms
[2022-11-30T15:52:00.350+0100][gc,phases     ] GC(66)   Post Evacuate Collection Set: 0,5ms
[2022-11-30T15:52:00.350+0100][gc,phases     ] GC(66)   Other: 0,4ms
[2022-11-30T15:52:00.350+0100][gc,heap       ] GC(66) Eden regions: 47->0(47)
[2022-11-30T15:52:00.350+0100][gc,heap       ] GC(66) Survivor regions: 4->4(7)
[2022-11-30T15:52:00.350+0100][gc,heap       ] GC(66) Old regions: 62->62
[2022-11-30T15:52:00.350+0100][gc,heap       ] GC(66) Humongous regions: 129->129
[2022-11-30T15:52:00.350+0100][gc,metaspace  ] GC(66) Metaspace: 45680K(48768K)->45680K(48768K) NonClass: 39818K(41472K)->39818K(41472K) Class: 5861K(7296K)->5861K(7296K)
[2022-11-30T15:52:00.350+0100][gc            ] GC(66) Pause Young (Normal) (G1 Evacuation Pause) 239M->192M(1024M) 26,089ms
[2022-11-30T15:52:00.350+0100][gc,cpu        ] GC(66) User=0,03s Sys=0,00s Real=0,03s
[2022-11-30T15:52:21.287+0100][gc,start      ] GC(67) Pause Young (Normal) (G1 Evacuation Pause)
[2022-11-30T15:52:21.287+0100][gc,task       ] GC(67) Using 4 workers of 4 for evacuation
[2022-11-30T15:52:21.320+0100][gc,mmu        ] GC(67) MMU target violated: 21,0ms (20,0ms/21,0ms)
[2022-11-30T15:52:21.320+0100][gc,phases     ] GC(67)   Pre Evacuate Collection Set: 0,0ms
[2022-11-30T15:52:21.320+0100][gc,phases     ] GC(67)   Evacuate Collection Set: 32,4ms
[2022-11-30T15:52:21.320+0100][gc,phases     ] GC(67)   Post Evacuate Collection Set: 0,5ms
[2022-11-30T15:52:21.320+0100][gc,phases     ] GC(67)   Other: 0,3ms
[2022-11-30T15:52:21.320+0100][gc,heap       ] GC(67) Eden regions: 47->0(47)
[2022-11-30T15:52:21.320+0100][gc,heap       ] GC(67) Survivor regions: 4->4(7)
[2022-11-30T15:52:21.320+0100][gc,heap       ] GC(67) Old regions: 62->62
[2022-11-30T15:52:21.320+0100][gc,heap       ] GC(67) Humongous regions: 129->129
[2022-11-30T15:52:21.320+0100][gc,metaspace  ] GC(67) Metaspace: 45683K(48768K)->45683K(48768K) NonClass: 39821K(41472K)->39821K(41472K) Class: 5861K(7296K)->5861K(7296K)
[2022-11-30T15:52:21.320+0100][gc            ] GC(67) Pause Young (Normal) (G1 Evacuation Pause) 239M->193M(1024M) 33,450ms
[2022-11-30T15:52:21.320+0100][gc,cpu        ] GC(67) User=0,02s Sys=0,00s Real=0,03s
[2022-11-30T15:52:41.345+0100][gc,start      ] GC(68) Pause Young (Normal) (G1 Evacuation Pause)
[2022-11-30T15:52:41.345+0100][gc,task       ] GC(68) Using 4 workers of 4 for evacuation
[2022-11-30T15:52:41.367+0100][gc,mmu        ] GC(68) MMU target violated: 21,0ms (20,0ms/21,0ms)
[2022-11-30T15:52:41.367+0100][gc,phases     ] GC(68)   Pre Evacuate Collection Set: 0,0ms
[2022-11-30T15:52:41.367+0100][gc,phases     ] GC(68)   Evacuate Collection Set: 21,0ms
[2022-11-30T15:52:41.367+0100][gc,phases     ] GC(68)   Post Evacuate Collection Set: 0,3ms
[2022-11-30T15:52:41.367+0100][gc,phases     ] GC(68)   Other: 0,4ms
[2022-11-30T15:52:41.367+0100][gc,heap       ] GC(68) Eden regions: 47->0(47)
[2022-11-30T15:52:41.367+0100][gc,heap       ] GC(68) Survivor regions: 4->4(7)
[2022-11-30T15:52:41.367+0100][gc,heap       ] GC(68) Old regions: 62->63
[2022-11-30T15:52:41.367+0100][gc,heap       ] GC(68) Humongous regions: 129->129
[2022-11-30T15:52:41.367+0100][gc,metaspace  ] GC(68) Metaspace: 45687K(48768K)->45687K(48768K) NonClass: 39825K(41472K)->39825K(41472K) Class: 5861K(7296K)->5861K(7296K)
[2022-11-30T15:52:41.367+0100][gc            ] GC(68) Pause Young (Normal) (G1 Evacuation Pause) 240M->193M(1024M) 21,961ms
[2022-11-30T15:52:41.367+0100][gc,cpu        ] GC(68) User=0,03s Sys=0,00s Real=0,02s
[2022-11-30T15:52:59.998+0100][gc,start      ] GC(69) Pause Young (Normal) (G1 Evacuation Pause)
[2022-11-30T15:52:59.998+0100][gc,task       ] GC(69) Using 4 workers of 4 for evacuation
[2022-11-30T15:53:00.011+0100][gc,phases     ] GC(69)   Pre Evacuate Collection Set: 0,0ms
[2022-11-30T15:53:00.012+0100][gc,phases     ] GC(69)   Evacuate Collection Set: 12,3ms
[2022-11-30T15:53:00.012+0100][gc,phases     ] GC(69)   Post Evacuate Collection Set: 0,5ms
[2022-11-30T15:53:00.012+0100][gc,phases     ] GC(69)   Other: 0,3ms
[2022-11-30T15:53:00.012+0100][gc,heap       ] GC(69) Eden regions: 47->0(48)
[2022-11-30T15:53:00.012+0100][gc,heap       ] GC(69) Survivor regions: 4->4(7)
[2022-11-30T15:53:00.012+0100][gc,heap       ] GC(69) Old regions: 63->63
[2022-11-30T15:53:00.012+0100][gc,heap       ] GC(69) Humongous regions: 129->129
[2022-11-30T15:53:00.012+0100][gc,metaspace  ] GC(69) Metaspace: 45687K(48768K)->45687K(48768K) NonClass: 39825K(41472K)->39825K(41472K) Class: 5861K(7296K)->5861K(7296K)
[2022-11-30T15:53:00.012+0100][gc            ] GC(69) Pause Young (Normal) (G1 Evacuation Pause) 240M->193M(1024M) 13,240ms
[2022-11-30T15:53:00.012+0100][gc,cpu        ] GC(69) User=0,02s Sys=0,00s Real=0,01s
[2022-11-30T15:53:19.261+0100][gc,start      ] GC(70) Pause Young (Normal) (G1 Evacuation Pause)
[2022-11-30T15:53:19.261+0100][gc,task       ] GC(70) Using 4 workers of 4 for evacuation
[2022-11-30T15:53:19.282+0100][gc,mmu        ] GC(70) MMU target violated: 21,0ms (20,0ms/21,0ms)
[2022-11-30T15:53:19.283+0100][gc,phases     ] GC(70)   Pre Evacuate Collection Set: 0,0ms
[2022-11-30T15:53:19.283+0100][gc,phases     ] GC(70)   Evacuate Collection Set: 20,8ms
[2022-11-30T15:53:19.283+0100][gc,phases     ] GC(70)   Post Evacuate Collection Set: 0,5ms
[2022-11-30T15:53:19.283+0100][gc,phases     ] GC(70)   Other: 0,6ms
[2022-11-30T15:53:19.283+0100][gc,heap       ] GC(70) Eden regions: 48->0(50)
[2022-11-30T15:53:19.283+0100][gc,heap       ] GC(70) Survivor regions: 4->4(7)
[2022-11-30T15:53:19.283+0100][gc,heap       ] GC(70) Old regions: 63->63
[2022-11-30T15:53:19.283+0100][gc,heap       ] GC(70) Humongous regions: 129->129
[2022-11-30T15:53:19.283+0100][gc,metaspace  ] GC(70) Metaspace: 45687K(48768K)->45687K(48768K) NonClass: 39825K(41472K)->39825K(41472K) Class: 5861K(7296K)->5861K(7296K)
[2022-11-30T15:53:19.283+0100][gc            ] GC(70) Pause Young (Normal) (G1 Evacuation Pause) 241M->194M(1024M) 22,112ms
[2022-11-30T15:53:19.283+0100][gc,cpu        ] GC(70) User=0,04s Sys=0,00s Real=0,02s
[2022-11-30T15:53:41.144+0100][gc,start      ] GC(71) Pause Young (Normal) (G1 Evacuation Pause)
[2022-11-30T15:53:41.144+0100][gc,task       ] GC(71) Using 4 workers of 4 for evacuation
[2022-11-30T15:53:41.160+0100][gc,phases     ] GC(71)   Pre Evacuate Collection Set: 0,0ms
[2022-11-30T15:53:41.160+0100][gc,phases     ] GC(71)   Evacuate Collection Set: 15,2ms
[2022-11-30T15:53:41.160+0100][gc,phases     ] GC(71)   Post Evacuate Collection Set: 0,4ms
[2022-11-30T15:53:41.160+0100][gc,phases     ] GC(71)   Other: 0,3ms
[2022-11-30T15:53:41.160+0100][gc,heap       ] GC(71) Eden regions: 50->0(52)
[2022-11-30T15:53:41.160+0100][gc,heap       ] GC(71) Survivor regions: 4->4(7)
[2022-11-30T15:53:41.160+0100][gc,heap       ] GC(71) Old regions: 63->63
[2022-11-30T15:53:41.160+0100][gc,heap       ] GC(71) Humongous regions: 129->129
[2022-11-30T15:53:41.160+0100][gc,metaspace  ] GC(71) Metaspace: 45693K(48768K)->45693K(48768K) NonClass: 39831K(41472K)->39831K(41472K) Class: 5861K(7296K)->5861K(7296K)
[2022-11-30T15:53:41.160+0100][gc            ] GC(71) Pause Young (Normal) (G1 Evacuation Pause) 244M->194M(1024M) 16,117ms
[2022-11-30T15:53:41.160+0100][gc,cpu        ] GC(71) User=0,02s Sys=0,00s Real=0,01s
[2022-11-30T15:54:03.946+0100][gc,start      ] GC(72) Pause Young (Normal) (G1 Evacuation Pause)
[2022-11-30T15:54:03.946+0100][gc,task       ] GC(72) Using 4 workers of 4 for evacuation
[2022-11-30T15:54:03.970+0100][gc,mmu        ] GC(72) MMU target violated: 21,0ms (20,0ms/21,0ms)
[2022-11-30T15:54:03.970+0100][gc,phases     ] GC(72)   Pre Evacuate Collection Set: 0,0ms
[2022-11-30T15:54:03.970+0100][gc,phases     ] GC(72)   Evacuate Collection Set: 22,3ms
[2022-11-30T15:54:03.970+0100][gc,phases     ] GC(72)   Post Evacuate Collection Set: 1,3ms
[2022-11-30T15:54:03.970+0100][gc,phases     ] GC(72)   Other: 0,3ms
[2022-11-30T15:54:03.970+0100][gc,heap       ] GC(72) Eden regions: 52->0(52)
[2022-11-30T15:54:03.970+0100][gc,heap       ] GC(72) Survivor regions: 4->4(7)
[2022-11-30T15:54:03.970+0100][gc,heap       ] GC(72) Old regions: 63->64
[2022-11-30T15:54:03.970+0100][gc,heap       ] GC(72) Humongous regions: 129->129
[2022-11-30T15:54:03.970+0100][gc,metaspace  ] GC(72) Metaspace: 45693K(48768K)->45693K(48768K) NonClass: 39831K(41472K)->39831K(41472K) Class: 5861K(7296K)->5861K(7296K)
[2022-11-30T15:54:03.970+0100][gc            ] GC(72) Pause Young (Normal) (G1 Evacuation Pause) 246M->194M(1024M) 24,061ms
[2022-11-30T15:54:03.970+0100][gc,cpu        ] GC(72) User=0,03s Sys=0,00s Real=0,02s
[2022-11-30T15:54:23.462+0100][gc,start      ] GC(73) Pause Young (Normal) (G1 Evacuation Pause)
[2022-11-30T15:54:23.462+0100][gc,task       ] GC(73) Using 4 workers of 4 for evacuation
[2022-11-30T15:54:23.488+0100][gc,mmu        ] GC(73) MMU target violated: 21,0ms (20,0ms/21,0ms)
[2022-11-30T15:54:23.488+0100][gc,phases     ] GC(73)   Pre Evacuate Collection Set: 0,1ms
[2022-11-30T15:54:23.489+0100][gc,phases     ] GC(73)   Evacuate Collection Set: 25,8ms
[2022-11-30T15:54:23.489+0100][gc,phases     ] GC(73)   Post Evacuate Collection Set: 0,6ms
[2022-11-30T15:54:23.489+0100][gc,phases     ] GC(73)   Other: 0,4ms
[2022-11-30T15:54:23.489+0100][gc,heap       ] GC(73) Eden regions: 51->0(52)
[2022-11-30T15:54:23.489+0100][gc,heap       ] GC(73) Survivor regions: 4->4(7)
[2022-11-30T15:54:23.489+0100][gc,heap       ] GC(73) Old regions: 64->64
[2022-11-30T15:54:23.489+0100][gc,heap       ] GC(73) Humongous regions: 129->129
[2022-11-30T15:54:23.489+0100][gc,metaspace  ] GC(73) Metaspace: 45693K(48768K)->45693K(48768K) NonClass: 39831K(41472K)->39831K(41472K) Class: 5861K(7296K)->5861K(7296K)
[2022-11-30T15:54:23.489+0100][gc            ] GC(73) Pause Young (Normal) (G1 Evacuation Pause) 245M->195M(1024M) 27,179ms
[2022-11-30T15:54:23.489+0100][gc,cpu        ] GC(73) User=0,04s Sys=0,00s Real=0,03s
[2022-11-30T15:54:47.452+0100][gc,start      ] GC(74) Pause Young (Normal) (G1 Evacuation Pause)
[2022-11-30T15:54:47.452+0100][gc,task       ] GC(74) Using 4 workers of 4 for evacuation
[2022-11-30T15:54:47.486+0100][gc,mmu        ] GC(74) MMU target violated: 21,0ms (20,0ms/21,0ms)
[2022-11-30T15:54:47.486+0100][gc,phases     ] GC(74)   Pre Evacuate Collection Set: 0,0ms
[2022-11-30T15:54:47.486+0100][gc,phases     ] GC(74)   Evacuate Collection Set: 33,0ms
[2022-11-30T15:54:47.486+0100][gc,phases     ] GC(74)   Post Evacuate Collection Set: 0,5ms
[2022-11-30T15:54:47.486+0100][gc,phases     ] GC(74)   Other: 0,3ms
[2022-11-30T15:54:47.486+0100][gc,heap       ] GC(74) Eden regions: 52->0(54)
[2022-11-30T15:54:47.486+0100][gc,heap       ] GC(74) Survivor regions: 4->5(7)
[2022-11-30T15:54:47.486+0100][gc,heap       ] GC(74) Old regions: 64->64
[2022-11-30T15:54:47.486+0100][gc,heap       ] GC(74) Humongous regions: 129->129
[2022-11-30T15:54:47.486+0100][gc,metaspace  ] GC(74) Metaspace: 45693K(48768K)->45693K(48768K) NonClass: 39832K(41472K)->39832K(41472K) Class: 5861K(7296K)->5861K(7296K)
[2022-11-30T15:54:47.486+0100][gc            ] GC(74) Pause Young (Normal) (G1 Evacuation Pause) 247M->195M(1024M) 33,943ms
[2022-11-30T15:54:47.486+0100][gc,cpu        ] GC(74) User=0,03s Sys=0,01s Real=0,04s
[2022-11-30T15:55:11.614+0100][gc,start      ] GC(75) Pause Young (Normal) (G1 Evacuation Pause)
[2022-11-30T15:55:11.615+0100][gc,task       ] GC(75) Using 4 workers of 4 for evacuation
[2022-11-30T15:55:11.636+0100][gc,mmu        ] GC(75) MMU target violated: 21,0ms (20,0ms/21,0ms)
[2022-11-30T15:55:11.637+0100][gc,phases     ] GC(75)   Pre Evacuate Collection Set: 0,1ms
[2022-11-30T15:55:11.637+0100][gc,phases     ] GC(75)   Evacuate Collection Set: 21,2ms
[2022-11-30T15:55:11.637+0100][gc,phases     ] GC(75)   Post Evacuate Collection Set: 0,5ms
[2022-11-30T15:55:11.637+0100][gc,phases     ] GC(75)   Other: 0,3ms
[2022-11-30T15:55:11.637+0100][gc,heap       ] GC(75) Eden regions: 53->0(54)
[2022-11-30T15:55:11.637+0100][gc,heap       ] GC(75) Survivor regions: 5->5(8)
[2022-11-30T15:55:11.637+0100][gc,heap       ] GC(75) Old regions: 64->64
[2022-11-30T15:55:11.637+0100][gc,heap       ] GC(75) Humongous regions: 129->129
[2022-11-30T15:55:11.637+0100][gc,metaspace  ] GC(75) Metaspace: 45694K(48768K)->45694K(48768K) NonClass: 39832K(41472K)->39832K(41472K) Class: 5861K(7296K)->5861K(7296K)
[2022-11-30T15:55:11.637+0100][gc            ] GC(75) Pause Young (Normal) (G1 Evacuation Pause) 248M->196M(1024M) 22,178ms
[2022-11-30T15:55:11.637+0100][gc,cpu        ] GC(75) User=0,03s Sys=0,00s Real=0,03s
[2022-11-30T15:55:34.651+0100][gc,start      ] GC(76) Pause Young (Normal) (G1 Evacuation Pause)
[2022-11-30T15:55:34.651+0100][gc,task       ] GC(76) Using 4 workers of 4 for evacuation
[2022-11-30T15:55:34.690+0100][gc,mmu        ] GC(76) MMU target violated: 21,0ms (20,0ms/21,0ms)
[2022-11-30T15:55:34.690+0100][gc,phases     ] GC(76)   Pre Evacuate Collection Set: 0,0ms
[2022-11-30T15:55:34.691+0100][gc,phases     ] GC(76)   Evacuate Collection Set: 35,6ms
[2022-11-30T15:55:34.691+0100][gc,phases     ] GC(76)   Post Evacuate Collection Set: 3,2ms
[2022-11-30T15:55:34.691+0100][gc,phases     ] GC(76)   Other: 0,4ms
[2022-11-30T15:55:34.691+0100][gc,heap       ] GC(76) Eden regions: 53->0(50)
[2022-11-30T15:55:34.691+0100][gc,heap       ] GC(76) Survivor regions: 5->5(8)
[2022-11-30T15:55:34.691+0100][gc,heap       ] GC(76) Old regions: 64->65
[2022-11-30T15:55:34.691+0100][gc,heap       ] GC(76) Humongous regions: 129->129
[2022-11-30T15:55:34.691+0100][gc,metaspace  ] GC(76) Metaspace: 45694K(48768K)->45694K(48768K) NonClass: 39832K(41472K)->39832K(41472K) Class: 5861K(7296K)->5861K(7296K)
[2022-11-30T15:55:34.691+0100][gc            ] GC(76) Pause Young (Normal) (G1 Evacuation Pause) 249M->197M(1024M) 39,830ms
[2022-11-30T15:55:34.691+0100][gc,cpu        ] GC(76) User=0,04s Sys=0,00s Real=0,04s
[2022-11-30T15:55:56.802+0100][gc,start      ] GC(77) Pause Young (Normal) (G1 Evacuation Pause)
[2022-11-30T15:55:56.802+0100][gc,task       ] GC(77) Using 4 workers of 4 for evacuation
[2022-11-30T15:55:56.824+0100][gc,mmu        ] GC(77) MMU target violated: 21,0ms (20,0ms/21,0ms)
[2022-11-30T15:55:56.825+0100][gc,phases     ] GC(77)   Pre Evacuate Collection Set: 0,0ms
[2022-11-30T15:55:56.825+0100][gc,phases     ] GC(77)   Evacuate Collection Set: 21,6ms
[2022-11-30T15:55:56.825+0100][gc,phases     ] GC(77)   Post Evacuate Collection Set: 0,7ms
[2022-11-30T15:55:56.825+0100][gc,phases     ] GC(77)   Other: 0,5ms
[2022-11-30T15:55:56.825+0100][gc,heap       ] GC(77) Eden regions: 46->0(49)
[2022-11-30T15:55:56.825+0100][gc,heap       ] GC(77) Survivor regions: 5->5(7)
[2022-11-30T15:55:56.825+0100][gc,heap       ] GC(77) Old regions: 65->66
[2022-11-30T15:55:56.825+0100][gc,heap       ] GC(77) Humongous regions: 129->129
[2022-11-30T15:55:56.825+0100][gc,metaspace  ] GC(77) Metaspace: 45715K(49024K)->45715K(49024K) NonClass: 39853K(41728K)->39853K(41728K) Class: 5861K(7296K)->5861K(7296K)
[2022-11-30T15:55:56.825+0100][gc            ] GC(77) Pause Young (Normal) (G1 Evacuation Pause) 243M->197M(1024M) 23,110ms
[2022-11-30T15:55:56.825+0100][gc,cpu        ] GC(77) User=0,03s Sys=0,00s Real=0,03s
[2022-11-30T15:56:15.649+0100][gc,start      ] GC(78) Pause Young (Normal) (G1 Evacuation Pause)
[2022-11-30T15:56:15.649+0100][gc,task       ] GC(78) Using 4 workers of 4 for evacuation
[2022-11-30T15:56:15.679+0100][gc,mmu        ] GC(78) MMU target violated: 21,0ms (20,0ms/21,0ms)
[2022-11-30T15:56:15.679+0100][gc,phases     ] GC(78)   Pre Evacuate Collection Set: 0,1ms
[2022-11-30T15:56:15.679+0100][gc,phases     ] GC(78)   Evacuate Collection Set: 29,5ms
[2022-11-30T15:56:15.679+0100][gc,phases     ] GC(78)   Post Evacuate Collection Set: 0,4ms
[2022-11-30T15:56:15.679+0100][gc,phases     ] GC(78)   Other: 0,3ms
[2022-11-30T15:56:15.679+0100][gc,heap       ] GC(78) Eden regions: 49->0(47)
[2022-11-30T15:56:15.679+0100][gc,heap       ] GC(78) Survivor regions: 5->4(7)
[2022-11-30T15:56:15.679+0100][gc,heap       ] GC(78) Old regions: 66->67
[2022-11-30T15:56:15.679+0100][gc,heap       ] GC(78) Humongous regions: 129->129
[2022-11-30T15:56:15.679+0100][gc,metaspace  ] GC(78) Metaspace: 45722K(49024K)->45722K(49024K) NonClass: 39860K(41728K)->39860K(41728K) Class: 5861K(7296K)->5861K(7296K)
[2022-11-30T15:56:15.679+0100][gc            ] GC(78) Pause Young (Normal) (G1 Evacuation Pause) 246M->198M(1024M) 30,595ms
[2022-11-30T15:56:15.680+0100][gc,cpu        ] GC(78) User=0,05s Sys=0,00s Real=0,03s
[2022-11-30T15:56:34.449+0100][gc,start      ] GC(79) Pause Young (Normal) (G1 Evacuation Pause)
[2022-11-30T15:56:34.449+0100][gc,task       ] GC(79) Using 4 workers of 4 for evacuation
[2022-11-30T15:56:34.476+0100][gc,mmu        ] GC(79) MMU target violated: 21,0ms (20,0ms/21,0ms)
[2022-11-30T15:56:34.476+0100][gc,phases     ] GC(79)   Pre Evacuate Collection Set: 0,0ms
[2022-11-30T15:56:34.476+0100][gc,phases     ] GC(79)   Evacuate Collection Set: 25,7ms
[2022-11-30T15:56:34.476+0100][gc,phases     ] GC(79)   Post Evacuate Collection Set: 0,6ms
[2022-11-30T15:56:34.476+0100][gc,phases     ] GC(79)   Other: 0,4ms
[2022-11-30T15:56:34.476+0100][gc,heap       ] GC(79) Eden regions: 47->0(47)
[2022-11-30T15:56:34.476+0100][gc,heap       ] GC(79) Survivor regions: 4->4(7)
[2022-11-30T15:56:34.476+0100][gc,heap       ] GC(79) Old regions: 67->67
[2022-11-30T15:56:34.476+0100][gc,heap       ] GC(79) Humongous regions: 129->129
[2022-11-30T15:56:34.476+0100][gc,metaspace  ] GC(79) Metaspace: 45722K(49024K)->45722K(49024K) NonClass: 39860K(41728K)->39860K(41728K) Class: 5861K(7296K)->5861K(7296K)
[2022-11-30T15:56:34.476+0100][gc            ] GC(79) Pause Young (Normal) (G1 Evacuation Pause) 245M->198M(1024M) 27,228ms
[2022-11-30T15:56:34.476+0100][gc,cpu        ] GC(79) User=0,03s Sys=0,00s Real=0,03s
[2022-11-30T15:56:52.048+0100][gc,start      ] GC(80) Pause Young (Normal) (G1 Evacuation Pause)
[2022-11-30T15:56:52.048+0100][gc,task       ] GC(80) Using 4 workers of 4 for evacuation
[2022-11-30T15:56:52.081+0100][gc,mmu        ] GC(80) MMU target violated: 21,0ms (20,0ms/21,0ms)
[2022-11-30T15:56:52.081+0100][gc,phases     ] GC(80)   Pre Evacuate Collection Set: 0,0ms
[2022-11-30T15:56:52.081+0100][gc,phases     ] GC(80)   Evacuate Collection Set: 31,6ms
[2022-11-30T15:56:52.081+0100][gc,phases     ] GC(80)   Post Evacuate Collection Set: 0,5ms
[2022-11-30T15:56:52.081+0100][gc,phases     ] GC(80)   Other: 0,3ms
[2022-11-30T15:56:52.081+0100][gc,heap       ] GC(80) Eden regions: 47->0(46)
[2022-11-30T15:56:52.081+0100][gc,heap       ] GC(80) Survivor regions: 4->5(7)
[2022-11-30T15:56:52.081+0100][gc,heap       ] GC(80) Old regions: 67->68
[2022-11-30T15:56:52.081+0100][gc,heap       ] GC(80) Humongous regions: 129->129
[2022-11-30T15:56:52.081+0100][gc,metaspace  ] GC(80) Metaspace: 45722K(49024K)->45722K(49024K) NonClass: 39860K(41728K)->39860K(41728K) Class: 5861K(7296K)->5861K(7296K)
[2022-11-30T15:56:52.081+0100][gc            ] GC(80) Pause Young (Normal) (G1 Evacuation Pause) 245M->199M(1024M) 32,828ms
[2022-11-30T15:56:52.081+0100][gc,cpu        ] GC(80) User=0,04s Sys=0,00s Real=0,03s
[2022-11-30T15:57:10.699+0100][gc,start      ] GC(81) Pause Young (Normal) (G1 Evacuation Pause)
[2022-11-30T15:57:10.699+0100][gc,task       ] GC(81) Using 4 workers of 4 for evacuation
[2022-11-30T15:57:10.713+0100][gc,phases     ] GC(81)   Pre Evacuate Collection Set: 0,0ms
[2022-11-30T15:57:10.714+0100][gc,phases     ] GC(81)   Evacuate Collection Set: 12,1ms
[2022-11-30T15:57:10.714+0100][gc,phases     ] GC(81)   Post Evacuate Collection Set: 1,8ms
[2022-11-30T15:57:10.714+0100][gc,phases     ] GC(81)   Other: 0,3ms
[2022-11-30T15:57:10.714+0100][gc,heap       ] GC(81) Eden regions: 46->0(47)
[2022-11-30T15:57:10.714+0100][gc,heap       ] GC(81) Survivor regions: 5->4(7)
[2022-11-30T15:57:10.714+0100][gc,heap       ] GC(81) Old regions: 68->69
[2022-11-30T15:57:10.714+0100][gc,heap       ] GC(81) Humongous regions: 129->129
[2022-11-30T15:57:10.714+0100][gc,metaspace  ] GC(81) Metaspace: 45722K(49024K)->45722K(49024K) NonClass: 39860K(41728K)->39860K(41728K) Class: 5861K(7296K)->5861K(7296K)
[2022-11-30T15:57:10.714+0100][gc            ] GC(81) Pause Young (Normal) (G1 Evacuation Pause) 245M->199M(1024M) 14,797ms
[2022-11-30T15:57:10.714+0100][gc,cpu        ] GC(81) User=0,03s Sys=0,00s Real=0,01s
[2022-11-30T15:57:27.806+0100][gc,start      ] GC(82) Pause Young (Normal) (G1 Evacuation Pause)
[2022-11-30T15:57:27.806+0100][gc,task       ] GC(82) Using 4 workers of 4 for evacuation
[2022-11-30T15:57:27.830+0100][gc,mmu        ] GC(82) MMU target violated: 21,0ms (20,0ms/21,0ms)
[2022-11-30T15:57:27.830+0100][gc,phases     ] GC(82)   Pre Evacuate Collection Set: 0,0ms
[2022-11-30T15:57:27.830+0100][gc,phases     ] GC(82)   Evacuate Collection Set: 23,3ms
[2022-11-30T15:57:27.830+0100][gc,phases     ] GC(82)   Post Evacuate Collection Set: 0,4ms
[2022-11-30T15:57:27.830+0100][gc,phases     ] GC(82)   Other: 0,4ms
[2022-11-30T15:57:27.830+0100][gc,heap       ] GC(82) Eden regions: 47->0(47)
[2022-11-30T15:57:27.830+0100][gc,heap       ] GC(82) Survivor regions: 4->4(7)
[2022-11-30T15:57:27.830+0100][gc,heap       ] GC(82) Old regions: 69->69
[2022-11-30T15:57:27.830+0100][gc,heap       ] GC(82) Humongous regions: 129->129
[2022-11-30T15:57:27.830+0100][gc,metaspace  ] GC(82) Metaspace: 45752K(49024K)->45752K(49024K) NonClass: 39890K(41728K)->39890K(41728K) Class: 5861K(7296K)->5861K(7296K)
[2022-11-30T15:57:27.830+0100][gc            ] GC(82) Pause Young (Normal) (G1 Evacuation Pause) 246M->200M(1024M) 24,202ms
[2022-11-30T15:57:27.830+0100][gc,cpu        ] GC(82) User=0,04s Sys=0,00s Real=0,02s
[2022-11-30T15:57:46.629+0100][gc,start      ] GC(83) Pause Young (Normal) (G1 Evacuation Pause)
[2022-11-30T15:57:46.629+0100][gc,task       ] GC(83) Using 4 workers of 4 for evacuation
[2022-11-30T15:57:46.642+0100][gc,phases     ] GC(83)   Pre Evacuate Collection Set: 0,0ms
[2022-11-30T15:57:46.642+0100][gc,phases     ] GC(83)   Evacuate Collection Set: 11,7ms
[2022-11-30T15:57:46.642+0100][gc,phases     ] GC(83)   Post Evacuate Collection Set: 0,6ms
[2022-11-30T15:57:46.642+0100][gc,phases     ] GC(83)   Other: 0,3ms
[2022-11-30T15:57:46.642+0100][gc,heap       ] GC(83) Eden regions: 47->0(51)
[2022-11-30T15:57:46.642+0100][gc,heap       ] GC(83) Survivor regions: 4->5(7)
[2022-11-30T15:57:46.642+0100][gc,heap       ] GC(83) Old regions: 69->69
[2022-11-30T15:57:46.642+0100][gc,heap       ] GC(83) Humongous regions: 129->129
[2022-11-30T15:57:46.642+0100][gc,metaspace  ] GC(83) Metaspace: 45758K(49024K)->45758K(49024K) NonClass: 39895K(41728K)->39895K(41728K) Class: 5862K(7296K)->5862K(7296K)
[2022-11-30T15:57:46.642+0100][gc            ] GC(83) Pause Young (Normal) (G1 Evacuation Pause) 247M->200M(1024M) 12,725ms
[2022-11-30T15:57:46.642+0100][gc,cpu        ] GC(83) User=0,03s Sys=0,00s Real=0,01s
[2022-11-30T15:58:04.982+0100][gc,start      ] GC(84) Pause Young (Normal) (G1 Evacuation Pause)
[2022-11-30T15:58:04.982+0100][gc,task       ] GC(84) Using 4 workers of 4 for evacuation
[2022-11-30T15:58:05.010+0100][gc,mmu        ] GC(84) MMU target violated: 21,0ms (20,0ms/21,0ms)
[2022-11-30T15:58:05.012+0100][gc,phases     ] GC(84)   Pre Evacuate Collection Set: 0,0ms
[2022-11-30T15:58:05.012+0100][gc,phases     ] GC(84)   Evacuate Collection Set: 26,8ms
[2022-11-30T15:58:05.012+0100][gc,phases     ] GC(84)   Post Evacuate Collection Set: 0,8ms
[2022-11-30T15:58:05.012+0100][gc,phases     ] GC(84)   Other: 1,8ms
[2022-11-30T15:58:05.012+0100][gc,heap       ] GC(84) Eden regions: 51->0(50)
[2022-11-30T15:58:05.012+0100][gc,heap       ] GC(84) Survivor regions: 5->5(7)
[2022-11-30T15:58:05.012+0100][gc,heap       ] GC(84) Old regions: 69->70
[2022-11-30T15:58:05.012+0100][gc,heap       ] GC(84) Humongous regions: 129->129
[2022-11-30T15:58:05.012+0100][gc,metaspace  ] GC(84) Metaspace: 45758K(49024K)->45758K(49024K) NonClass: 39895K(41728K)->39895K(41728K) Class: 5862K(7296K)->5862K(7296K)
[2022-11-30T15:58:05.012+0100][gc            ] GC(84) Pause Young (Normal) (G1 Evacuation Pause) 251M->201M(1024M) 29,883ms
[2022-11-30T15:58:05.012+0100][gc,cpu        ] GC(84) User=0,04s Sys=0,01s Real=0,03s
[2022-11-30T15:58:21.825+0100][gc,start      ] GC(85) Pause Young (Normal) (G1 Evacuation Pause)
[2022-11-30T15:58:21.825+0100][gc,task       ] GC(85) Using 4 workers of 4 for evacuation
[2022-11-30T15:58:21.844+0100][gc,phases     ] GC(85)   Pre Evacuate Collection Set: 0,0ms
[2022-11-30T15:58:21.844+0100][gc,phases     ] GC(85)   Evacuate Collection Set: 17,9ms
[2022-11-30T15:58:21.844+0100][gc,phases     ] GC(85)   Post Evacuate Collection Set: 0,4ms
[2022-11-30T15:58:21.844+0100][gc,phases     ] GC(85)   Other: 0,3ms
[2022-11-30T15:58:21.844+0100][gc,heap       ] GC(85) Eden regions: 46->0(51)
[2022-11-30T15:58:21.844+0100][gc,heap       ] GC(85) Survivor regions: 5->5(7)
[2022-11-30T15:58:21.844+0100][gc,heap       ] GC(85) Old regions: 70->70
[2022-11-30T15:58:21.844+0100][gc,heap       ] GC(85) Humongous regions: 129->129
[2022-11-30T15:58:21.844+0100][gc,metaspace  ] GC(85) Metaspace: 45758K(49024K)->45758K(49024K) NonClass: 39895K(41728K)->39895K(41728K) Class: 5862K(7296K)->5862K(7296K)
[2022-11-30T15:58:21.844+0100][gc            ] GC(85) Pause Young (Normal) (G1 Evacuation Pause) 247M->201M(1024M) 19,312ms
[2022-11-30T15:58:21.844+0100][gc,cpu        ] GC(85) User=0,03s Sys=0,00s Real=0,02s
[2022-11-30T15:58:41.810+0100][gc,start      ] GC(86) Pause Young (Normal) (G1 Evacuation Pause)
[2022-11-30T15:58:41.810+0100][gc,task       ] GC(86) Using 4 workers of 4 for evacuation
[2022-11-30T15:58:41.830+0100][gc,phases     ] GC(86)   Pre Evacuate Collection Set: 0,1ms
[2022-11-30T15:58:41.830+0100][gc,phases     ] GC(86)   Evacuate Collection Set: 18,4ms
[2022-11-30T15:58:41.830+0100][gc,phases     ] GC(86)   Post Evacuate Collection Set: 0,6ms
[2022-11-30T15:58:41.834+0100][gc,phases     ] GC(86)   Other: 0,3ms
[2022-11-30T15:58:41.834+0100][gc,heap       ] GC(86) Eden regions: 47->0(56)
[2022-11-30T15:58:41.834+0100][gc,heap       ] GC(86) Survivor regions: 5->5(7)
[2022-11-30T15:58:41.834+0100][gc,heap       ] GC(86) Old regions: 70->71
[2022-11-30T15:58:41.834+0100][gc,heap       ] GC(86) Humongous regions: 129->129
[2022-11-30T15:58:41.834+0100][gc,metaspace  ] GC(86) Metaspace: 45758K(49024K)->45758K(49024K) NonClass: 39895K(41728K)->39895K(41728K) Class: 5862K(7296K)->5862K(7296K)
[2022-11-30T15:58:41.834+0100][gc            ] GC(86) Pause Young (Normal) (G1 Evacuation Pause) 248M->202M(1024M) 23,855ms
[2022-11-30T15:58:41.834+0100][gc,cpu        ] GC(86) User=0,04s Sys=0,00s Real=0,02s
[2022-11-30T15:59:06.852+0100][gc,start      ] GC(87) Pause Young (Normal) (G1 Evacuation Pause)
[2022-11-30T15:59:06.852+0100][gc,task       ] GC(87) Using 4 workers of 4 for evacuation
[2022-11-30T15:59:06.878+0100][gc,mmu        ] GC(87) MMU target violated: 21,0ms (20,0ms/21,0ms)
[2022-11-30T15:59:06.879+0100][gc,phases     ] GC(87)   Pre Evacuate Collection Set: 0,0ms
[2022-11-30T15:59:06.879+0100][gc,phases     ] GC(87)   Evacuate Collection Set: 25,1ms
[2022-11-30T15:59:06.879+0100][gc,phases     ] GC(87)   Post Evacuate Collection Set: 0,7ms
[2022-11-30T15:59:06.879+0100][gc,phases     ] GC(87)   Other: 0,3ms
[2022-11-30T15:59:06.879+0100][gc,heap       ] GC(87) Eden regions: 56->0(55)
[2022-11-30T15:59:06.879+0100][gc,heap       ] GC(87) Survivor regions: 5->5(8)
[2022-11-30T15:59:06.879+0100][gc,heap       ] GC(87) Old regions: 71->71
[2022-11-30T15:59:06.879+0100][gc,heap       ] GC(87) Humongous regions: 129->129
[2022-11-30T15:59:06.879+0100][gc,metaspace  ] GC(87) Metaspace: 45758K(49024K)->45758K(49024K) NonClass: 39895K(41728K)->39895K(41728K) Class: 5862K(7296K)->5862K(7296K)
[2022-11-30T15:59:06.879+0100][gc            ] GC(87) Pause Young (Normal) (G1 Evacuation Pause) 258M->202M(1024M) 26,242ms
[2022-11-30T15:59:06.879+0100][gc,cpu        ] GC(87) User=0,04s Sys=0,00s Real=0,03s
[2022-11-30T15:59:24.662+0100][gc,start      ] GC(88) Pause Young (Normal) (G1 Evacuation Pause)
[2022-11-30T15:59:24.662+0100][gc,task       ] GC(88) Using 4 workers of 4 for evacuation
[2022-11-30T15:59:24.684+0100][gc,mmu        ] GC(88) MMU target violated: 21,0ms (20,0ms/21,0ms)
[2022-11-30T15:59:24.684+0100][gc,phases     ] GC(88)   Pre Evacuate Collection Set: 0,0ms
[2022-11-30T15:59:24.684+0100][gc,phases     ] GC(88)   Evacuate Collection Set: 21,4ms
[2022-11-30T15:59:24.684+0100][gc,phases     ] GC(88)   Post Evacuate Collection Set: 0,5ms
[2022-11-30T15:59:24.684+0100][gc,phases     ] GC(88)   Other: 0,4ms
[2022-11-30T15:59:24.684+0100][gc,heap       ] GC(88) Eden regions: 48->0(51)
[2022-11-30T15:59:24.684+0100][gc,heap       ] GC(88) Survivor regions: 5->4(7)
[2022-11-30T15:59:24.684+0100][gc,heap       ] GC(88) Old regions: 71->72
[2022-11-30T15:59:24.684+0100][gc,heap       ] GC(88) Humongous regions: 129->129
[2022-11-30T15:59:24.684+0100][gc,metaspace  ] GC(88) Metaspace: 45761K(49024K)->45761K(49024K) NonClass: 39898K(41728K)->39898K(41728K) Class: 5862K(7296K)->5862K(7296K)
[2022-11-30T15:59:24.684+0100][gc            ] GC(88) Pause Young (Normal) (G1 Evacuation Pause) 250M->202M(1024M) 22,670ms
[2022-11-30T15:59:24.684+0100][gc,cpu        ] GC(88) User=0,03s Sys=0,00s Real=0,03s
[2022-11-30T15:59:47.005+0100][gc,start      ] GC(89) Pause Young (Normal) (G1 Evacuation Pause)
[2022-11-30T15:59:47.005+0100][gc,task       ] GC(89) Using 4 workers of 4 for evacuation
[2022-11-30T15:59:47.033+0100][gc,mmu        ] GC(89) MMU target violated: 21,0ms (20,0ms/21,0ms)
[2022-11-30T15:59:47.033+0100][gc,phases     ] GC(89)   Pre Evacuate Collection Set: 0,0ms
[2022-11-30T15:59:47.033+0100][gc,phases     ] GC(89)   Evacuate Collection Set: 27,2ms
[2022-11-30T15:59:47.033+0100][gc,phases     ] GC(89)   Post Evacuate Collection Set: 0,5ms
[2022-11-30T15:59:47.033+0100][gc,phases     ] GC(89)   Other: 0,4ms
[2022-11-30T15:59:47.033+0100][gc,heap       ] GC(89) Eden regions: 51->0(51)
[2022-11-30T15:59:47.033+0100][gc,heap       ] GC(89) Survivor regions: 4->5(7)
[2022-11-30T15:59:47.033+0100][gc,heap       ] GC(89) Old regions: 72->72
[2022-11-30T15:59:47.033+0100][gc,heap       ] GC(89) Humongous regions: 129->129
[2022-11-30T15:59:47.033+0100][gc,metaspace  ] GC(89) Metaspace: 45761K(49024K)->45761K(49024K) NonClass: 39898K(41728K)->39898K(41728K) Class: 5862K(7296K)->5862K(7296K)
[2022-11-30T15:59:47.033+0100][gc            ] GC(89) Pause Young (Normal) (G1 Evacuation Pause) 253M->203M(1024M) 28,359ms
[2022-11-30T15:59:47.033+0100][gc,cpu        ] GC(89) User=0,04s Sys=0,00s Real=0,02s
[2022-11-30T16:00:05.630+0100][gc,start      ] GC(90) Pause Young (Normal) (G1 Evacuation Pause)
[2022-11-30T16:00:05.630+0100][gc,task       ] GC(90) Using 4 workers of 4 for evacuation
[2022-11-30T16:00:05.640+0100][gc,phases     ] GC(90)   Pre Evacuate Collection Set: 0,0ms
[2022-11-30T16:00:05.640+0100][gc,phases     ] GC(90)   Evacuate Collection Set: 9,4ms
[2022-11-30T16:00:05.640+0100][gc,phases     ] GC(90)   Post Evacuate Collection Set: 0,6ms
[2022-11-30T16:00:05.640+0100][gc,phases     ] GC(90)   Other: 0,3ms
[2022-11-30T16:00:05.640+0100][gc,heap       ] GC(90) Eden regions: 51->0(54)
[2022-11-30T16:00:05.640+0100][gc,heap       ] GC(90) Survivor regions: 5->4(7)
[2022-11-30T16:00:05.640+0100][gc,heap       ] GC(90) Old regions: 72->72
[2022-11-30T16:00:05.640+0100][gc,heap       ] GC(90) Humongous regions: 129->129
[2022-11-30T16:00:05.640+0100][gc,metaspace  ] GC(90) Metaspace: 45761K(49024K)->45761K(49024K) NonClass: 39898K(41728K)->39898K(41728K) Class: 5862K(7296K)->5862K(7296K)
[2022-11-30T16:00:05.640+0100][gc            ] GC(90) Pause Young (Normal) (G1 Evacuation Pause) 254M->203M(1024M) 10,796ms
[2022-11-30T16:00:05.640+0100][gc,cpu        ] GC(90) User=0,03s Sys=0,00s Real=0,01s
[2022-11-30T16:00:28.686+0100][gc,start      ] GC(91) Pause Young (Normal) (G1 Evacuation Pause)
[2022-11-30T16:00:28.686+0100][gc,task       ] GC(91) Using 4 workers of 4 for evacuation
[2022-11-30T16:00:28.712+0100][gc,mmu        ] GC(91) MMU target violated: 21,0ms (20,0ms/21,0ms)
[2022-11-30T16:00:28.712+0100][gc,phases     ] GC(91)   Pre Evacuate Collection Set: 0,0ms
[2022-11-30T16:00:28.712+0100][gc,phases     ] GC(91)   Evacuate Collection Set: 25,0ms
[2022-11-30T16:00:28.712+0100][gc,phases     ] GC(91)   Post Evacuate Collection Set: 0,7ms
[2022-11-30T16:00:28.713+0100][gc,phases     ] GC(91)   Other: 0,7ms
[2022-11-30T16:00:28.713+0100][gc,heap       ] GC(91) Eden regions: 54->0(53)
[2022-11-30T16:00:28.713+0100][gc,heap       ] GC(91) Survivor regions: 4->5(8)
[2022-11-30T16:00:28.713+0100][gc,heap       ] GC(91) Old regions: 72->72
[2022-11-30T16:00:28.713+0100][gc,heap       ] GC(91) Humongous regions: 129->129
[2022-11-30T16:00:28.713+0100][gc,metaspace  ] GC(91) Metaspace: 45765K(49024K)->45765K(49024K) NonClass: 39902K(41728K)->39902K(41728K) Class: 5862K(7296K)->5862K(7296K)
[2022-11-30T16:00:28.713+0100][gc            ] GC(91) Pause Young (Normal) (G1 Evacuation Pause) 257M->203M(1024M) 26,799ms
[2022-11-30T16:00:28.713+0100][gc,cpu        ] GC(91) User=0,03s Sys=0,00s Real=0,02s
[2022-11-30T16:00:49.336+0100][gc,start      ] GC(92) Pause Young (Normal) (G1 Evacuation Pause)
[2022-11-30T16:00:49.336+0100][gc,task       ] GC(92) Using 4 workers of 4 for evacuation
[2022-11-30T16:00:49.367+0100][gc,mmu        ] GC(92) MMU target violated: 21,0ms (20,0ms/21,0ms)
[2022-11-30T16:00:49.367+0100][gc,phases     ] GC(92)   Pre Evacuate Collection Set: 0,0ms
[2022-11-30T16:00:49.367+0100][gc,phases     ] GC(92)   Evacuate Collection Set: 29,8ms
[2022-11-30T16:00:49.367+0100][gc,phases     ] GC(92)   Post Evacuate Collection Set: 0,6ms
[2022-11-30T16:00:49.367+0100][gc,phases     ] GC(92)   Other: 0,3ms
[2022-11-30T16:00:49.367+0100][gc,heap       ] GC(92) Eden regions: 53->0(50)
[2022-11-30T16:00:49.367+0100][gc,heap       ] GC(92) Survivor regions: 5->5(8)
[2022-11-30T16:00:49.367+0100][gc,heap       ] GC(92) Old regions: 72->72
[2022-11-30T16:00:49.367+0100][gc,heap       ] GC(92) Humongous regions: 129->129
[2022-11-30T16:00:49.367+0100][gc,metaspace  ] GC(92) Metaspace: 45765K(49024K)->45765K(49024K) NonClass: 39902K(41728K)->39902K(41728K) Class: 5862K(7296K)->5862K(7296K)
[2022-11-30T16:00:49.367+0100][gc            ] GC(92) Pause Young (Normal) (G1 Evacuation Pause) 256M->204M(1024M) 30,825ms
[2022-11-30T16:00:49.367+0100][gc,cpu        ] GC(92) User=0,04s Sys=0,00s Real=0,03s
[2022-11-30T16:01:10.062+0100][gc,start      ] GC(93) Pause Young (Normal) (G1 Evacuation Pause)
[2022-11-30T16:01:10.062+0100][gc,task       ] GC(93) Using 4 workers of 4 for evacuation
[2022-11-30T16:01:10.073+0100][gc,phases     ] GC(93)   Pre Evacuate Collection Set: 0,0ms
[2022-11-30T16:01:10.073+0100][gc,phases     ] GC(93)   Evacuate Collection Set: 10,3ms
[2022-11-30T16:01:10.073+0100][gc,phases     ] GC(93)   Post Evacuate Collection Set: 0,6ms
[2022-11-30T16:01:10.073+0100][gc,phases     ] GC(93)   Other: 0,3ms
[2022-11-30T16:01:10.073+0100][gc,heap       ] GC(93) Eden regions: 50->0(52)
[2022-11-30T16:01:10.073+0100][gc,heap       ] GC(93) Survivor regions: 5->4(7)
[2022-11-30T16:01:10.073+0100][gc,heap       ] GC(93) Old regions: 72->73
[2022-11-30T16:01:10.073+0100][gc,heap       ] GC(93) Humongous regions: 129->129
[2022-11-30T16:01:10.073+0100][gc,metaspace  ] GC(93) Metaspace: 45765K(49024K)->45765K(49024K) NonClass: 39902K(41728K)->39902K(41728K) Class: 5862K(7296K)->5862K(7296K)
[2022-11-30T16:01:10.073+0100][gc            ] GC(93) Pause Young (Normal) (G1 Evacuation Pause) 254M->204M(1024M) 11,296ms
[2022-11-30T16:01:10.073+0100][gc,cpu        ] GC(93) User=0,03s Sys=0,00s Real=0,01s
[2022-11-30T16:01:29.769+0100][gc,start      ] GC(94) Pause Young (Normal) (G1 Evacuation Pause)
[2022-11-30T16:01:29.769+0100][gc,task       ] GC(94) Using 4 workers of 4 for evacuation
[2022-11-30T16:01:29.889+0100][gc,mmu        ] GC(94) MMU target violated: 21,0ms (20,0ms/21,0ms)
[2022-11-30T16:01:29.889+0100][gc,phases     ] GC(94)   Pre Evacuate Collection Set: 0,0ms
[2022-11-30T16:01:29.889+0100][gc,phases     ] GC(94)   Evacuate Collection Set: 118,8ms
[2022-11-30T16:01:29.889+0100][gc,phases     ] GC(94)   Post Evacuate Collection Set: 0,4ms
[2022-11-30T16:01:29.889+0100][gc,phases     ] GC(94)   Other: 0,3ms
[2022-11-30T16:01:29.889+0100][gc,heap       ] GC(94) Eden regions: 52->0(47)
[2022-11-30T16:01:29.889+0100][gc,heap       ] GC(94) Survivor regions: 4->4(7)
[2022-11-30T16:01:29.889+0100][gc,heap       ] GC(94) Old regions: 73->74
[2022-11-30T16:01:29.889+0100][gc,heap       ] GC(94) Humongous regions: 129->129
[2022-11-30T16:01:29.889+0100][gc,metaspace  ] GC(94) Metaspace: 45769K(49024K)->45769K(49024K) NonClass: 39906K(41728K)->39906K(41728K) Class: 5862K(7296K)->5862K(7296K)
[2022-11-30T16:01:29.889+0100][gc            ] GC(94) Pause Young (Normal) (G1 Evacuation Pause) 256M->204M(1024M) 119,694ms
[2022-11-30T16:01:29.889+0100][gc,cpu        ] GC(94) User=0,03s Sys=0,01s Real=0,12s
[2022-11-30T16:01:53.145+0100][gc,start      ] GC(95) Pause Young (Normal) (G1 Evacuation Pause)
[2022-11-30T16:01:53.145+0100][gc,task       ] GC(95) Using 4 workers of 4 for evacuation
[2022-11-30T16:01:53.169+0100][gc,mmu        ] GC(95) MMU target violated: 21,0ms (20,0ms/21,0ms)
[2022-11-30T16:01:53.169+0100][gc,phases     ] GC(95)   Pre Evacuate Collection Set: 0,1ms
[2022-11-30T16:01:53.169+0100][gc,phases     ] GC(95)   Evacuate Collection Set: 23,2ms
[2022-11-30T16:01:53.169+0100][gc,phases     ] GC(95)   Post Evacuate Collection Set: 0,6ms
[2022-11-30T16:01:53.169+0100][gc,phases     ] GC(95)   Other: 0,4ms
[2022-11-30T16:01:53.169+0100][gc,heap       ] GC(95) Eden regions: 47->0(46)
[2022-11-30T16:01:53.169+0100][gc,heap       ] GC(95) Survivor regions: 4->5(7)
[2022-11-30T16:01:53.169+0100][gc,heap       ] GC(95) Old regions: 74->74
[2022-11-30T16:01:53.169+0100][gc,heap       ] GC(95) Humongous regions: 129->129
[2022-11-30T16:01:53.169+0100][gc,metaspace  ] GC(95) Metaspace: 45769K(49024K)->45769K(49024K) NonClass: 39906K(41728K)->39906K(41728K) Class: 5862K(7296K)->5862K(7296K)
[2022-11-30T16:01:53.169+0100][gc            ] GC(95) Pause Young (Normal) (G1 Evacuation Pause) 251M->205M(1024M) 24,448ms
[2022-11-30T16:01:53.169+0100][gc,cpu        ] GC(95) User=0,03s Sys=0,00s Real=0,02s
[2022-11-30T16:02:12.843+0100][gc,start      ] GC(96) Pause Young (Normal) (G1 Evacuation Pause)
[2022-11-30T16:02:12.843+0100][gc,task       ] GC(96) Using 4 workers of 4 for evacuation
[2022-11-30T16:02:12.860+0100][gc,phases     ] GC(96)   Pre Evacuate Collection Set: 0,0ms
[2022-11-30T16:02:12.860+0100][gc,phases     ] GC(96)   Evacuate Collection Set: 16,4ms
[2022-11-30T16:02:12.860+0100][gc,phases     ] GC(96)   Post Evacuate Collection Set: 0,4ms
[2022-11-30T16:02:12.860+0100][gc,phases     ] GC(96)   Other: 0,3ms
[2022-11-30T16:02:12.860+0100][gc,heap       ] GC(96) Eden regions: 46->0(47)
[2022-11-30T16:02:12.860+0100][gc,heap       ] GC(96) Survivor regions: 5->4(7)
[2022-11-30T16:02:12.860+0100][gc,heap       ] GC(96) Old regions: 74->74
[2022-11-30T16:02:12.860+0100][gc,heap       ] GC(96) Humongous regions: 129->129
[2022-11-30T16:02:12.860+0100][gc,metaspace  ] GC(96) Metaspace: 45769K(49024K)->45769K(49024K) NonClass: 39906K(41728K)->39906K(41728K) Class: 5862K(7296K)->5862K(7296K)
[2022-11-30T16:02:12.860+0100][gc            ] GC(96) Pause Young (Normal) (G1 Evacuation Pause) 251M->205M(1024M) 17,392ms
[2022-11-30T16:02:12.860+0100][gc,cpu        ] GC(96) User=0,03s Sys=0,00s Real=0,02s
[2022-11-30T16:02:31.361+0100][gc,start      ] GC(97) Pause Young (Normal) (G1 Evacuation Pause)
[2022-11-30T16:02:31.361+0100][gc,task       ] GC(97) Using 4 workers of 4 for evacuation
[2022-11-30T16:02:31.381+0100][gc,mmu        ] GC(97) MMU target violated: 20,4ms (20,0ms/21,0ms)
[2022-11-30T16:02:31.382+0100][gc,phases     ] GC(97)   Pre Evacuate Collection Set: 0,1ms
[2022-11-30T16:02:31.382+0100][gc,phases     ] GC(97)   Evacuate Collection Set: 18,5ms
[2022-11-30T16:02:31.382+0100][gc,phases     ] GC(97)   Post Evacuate Collection Set: 1,7ms
[2022-11-30T16:02:31.382+0100][gc,phases     ] GC(97)   Other: 0,4ms
[2022-11-30T16:02:31.382+0100][gc,heap       ] GC(97) Eden regions: 47->0(47)
[2022-11-30T16:02:31.382+0100][gc,heap       ] GC(97) Survivor regions: 4->4(7)
[2022-11-30T16:02:31.382+0100][gc,heap       ] GC(97) Old regions: 74->75
[2022-11-30T16:02:31.382+0100][gc,heap       ] GC(97) Humongous regions: 129->129
[2022-11-30T16:02:31.382+0100][gc,metaspace  ] GC(97) Metaspace: 45776K(49024K)->45776K(49024K) NonClass: 39913K(41728K)->39913K(41728K) Class: 5862K(7296K)->5862K(7296K)
[2022-11-30T16:02:31.382+0100][gc            ] GC(97) Pause Young (Normal) (G1 Evacuation Pause) 252M->205M(1024M) 20,765ms
[2022-11-30T16:02:31.382+0100][gc,cpu        ] GC(97) User=0,03s Sys=0,00s Real=0,02s
[2022-11-30T16:02:49.138+0100][gc,start      ] GC(98) Pause Young (Normal) (G1 Evacuation Pause)
[2022-11-30T16:02:49.138+0100][gc,task       ] GC(98) Using 4 workers of 4 for evacuation
[2022-11-30T16:02:49.165+0100][gc,mmu        ] GC(98) MMU target violated: 21,0ms (20,0ms/21,0ms)
[2022-11-30T16:02:49.165+0100][gc,phases     ] GC(98)   Pre Evacuate Collection Set: 0,0ms
[2022-11-30T16:02:49.165+0100][gc,phases     ] GC(98)   Evacuate Collection Set: 26,3ms
[2022-11-30T16:02:49.165+0100][gc,phases     ] GC(98)   Post Evacuate Collection Set: 0,5ms
[2022-11-30T16:02:49.165+0100][gc,phases     ] GC(98)   Other: 0,3ms
[2022-11-30T16:02:49.165+0100][gc,heap       ] GC(98) Eden regions: 47->0(47)
[2022-11-30T16:02:49.165+0100][gc,heap       ] GC(98) Survivor regions: 4->4(7)
[2022-11-30T16:02:49.165+0100][gc,heap       ] GC(98) Old regions: 75->75
[2022-11-30T16:02:49.165+0100][gc,heap       ] GC(98) Humongous regions: 129->129
[2022-11-30T16:02:49.165+0100][gc,metaspace  ] GC(98) Metaspace: 45776K(49024K)->45776K(49024K) NonClass: 39913K(41728K)->39913K(41728K) Class: 5862K(7296K)->5862K(7296K)
[2022-11-30T16:02:49.165+0100][gc            ] GC(98) Pause Young (Normal) (G1 Evacuation Pause) 252M->206M(1024M) 27,209ms
[2022-11-30T16:02:49.165+0100][gc,cpu        ] GC(98) User=0,03s Sys=0,00s Real=0,03s
[2022-11-30T16:03:08.365+0100][gc,start      ] GC(99) Pause Young (Normal) (G1 Evacuation Pause)
[2022-11-30T16:03:08.365+0100][gc,task       ] GC(99) Using 4 workers of 4 for evacuation
[2022-11-30T16:03:08.382+0100][gc,phases     ] GC(99)   Pre Evacuate Collection Set: 0,0ms
[2022-11-30T16:03:08.384+0100][gc,phases     ] GC(99)   Evacuate Collection Set: 15,4ms
[2022-11-30T16:03:08.384+0100][gc,phases     ] GC(99)   Post Evacuate Collection Set: 1,6ms
[2022-11-30T16:03:08.384+0100][gc,phases     ] GC(99)   Other: 0,3ms
[2022-11-30T16:03:08.384+0100][gc,heap       ] GC(99) Eden regions: 47->0(47)
[2022-11-30T16:03:08.384+0100][gc,heap       ] GC(99) Survivor regions: 4->4(7)
[2022-11-30T16:03:08.384+0100][gc,heap       ] GC(99) Old regions: 75->75
[2022-11-30T16:03:08.384+0100][gc,heap       ] GC(99) Humongous regions: 129->129
[2022-11-30T16:03:08.384+0100][gc,metaspace  ] GC(99) Metaspace: 45780K(49024K)->45780K(49024K) NonClass: 39917K(41728K)->39917K(41728K) Class: 5862K(7296K)->5862K(7296K)
[2022-11-30T16:03:08.384+0100][gc            ] GC(99) Pause Young (Normal) (G1 Evacuation Pause) 253M->206M(1024M) 19,099ms
[2022-11-30T16:03:08.384+0100][gc,cpu        ] GC(99) User=0,03s Sys=0,00s Real=0,02s
[2022-11-30T16:03:24.549+0100][gc,start      ] GC(100) Pause Young (Normal) (G1 Evacuation Pause)
[2022-11-30T16:03:24.549+0100][gc,task       ] GC(100) Using 4 workers of 4 for evacuation
[2022-11-30T16:03:24.571+0100][gc,mmu        ] GC(100) MMU target violated: 21,0ms (20,0ms/21,0ms)
[2022-11-30T16:03:24.571+0100][gc,phases     ] GC(100)   Pre Evacuate Collection Set: 0,0ms
[2022-11-30T16:03:24.571+0100][gc,phases     ] GC(100)   Evacuate Collection Set: 21,6ms
[2022-11-30T16:03:24.572+0100][gc,phases     ] GC(100)   Post Evacuate Collection Set: 0,4ms
[2022-11-30T16:03:24.572+0100][gc,phases     ] GC(100)   Other: 0,4ms
[2022-11-30T16:03:24.572+0100][gc,heap       ] GC(100) Eden regions: 47->0(47)
[2022-11-30T16:03:24.572+0100][gc,heap       ] GC(100) Survivor regions: 4->4(7)
[2022-11-30T16:03:24.572+0100][gc,heap       ] GC(100) Old regions: 75->76
[2022-11-30T16:03:24.572+0100][gc,heap       ] GC(100) Humongous regions: 129->129
[2022-11-30T16:03:24.572+0100][gc,metaspace  ] GC(100) Metaspace: 45780K(49024K)->45780K(49024K) NonClass: 39917K(41728K)->39917K(41728K) Class: 5862K(7296K)->5862K(7296K)
[2022-11-30T16:03:24.572+0100][gc            ] GC(100) Pause Young (Normal) (G1 Evacuation Pause) 253M->206M(1024M) 22,783ms
[2022-11-30T16:03:24.572+0100][gc,cpu        ] GC(100) User=0,03s Sys=0,00s Real=0,02s
[2022-11-30T16:03:46.608+0100][gc,start      ] GC(101) Pause Young (Normal) (G1 Evacuation Pause)
[2022-11-30T16:03:46.608+0100][gc,task       ] GC(101) Using 4 workers of 4 for evacuation
[2022-11-30T16:03:46.641+0100][gc,mmu        ] GC(101) MMU target violated: 21,0ms (20,0ms/21,0ms)
[2022-11-30T16:03:46.641+0100][gc,phases     ] GC(101)   Pre Evacuate Collection Set: 0,0ms
[2022-11-30T16:03:46.641+0100][gc,phases     ] GC(101)   Evacuate Collection Set: 32,3ms
[2022-11-30T16:03:46.641+0100][gc,phases     ] GC(101)   Post Evacuate Collection Set: 0,4ms
[2022-11-30T16:03:46.641+0100][gc,phases     ] GC(101)   Other: 0,3ms
[2022-11-30T16:03:46.641+0100][gc,heap       ] GC(101) Eden regions: 47->0(47)
[2022-11-30T16:03:46.641+0100][gc,heap       ] GC(101) Survivor regions: 4->4(7)
[2022-11-30T16:03:46.641+0100][gc,heap       ] GC(101) Old regions: 76->76
[2022-11-30T16:03:46.641+0100][gc,heap       ] GC(101) Humongous regions: 129->129
[2022-11-30T16:03:46.641+0100][gc,metaspace  ] GC(101) Metaspace: 45780K(49024K)->45780K(49024K) NonClass: 39917K(41728K)->39917K(41728K) Class: 5862K(7296K)->5862K(7296K)
[2022-11-30T16:03:46.641+0100][gc            ] GC(101) Pause Young (Normal) (G1 Evacuation Pause) 253M->207M(1024M) 33,437ms
[2022-11-30T16:03:46.641+0100][gc,cpu        ] GC(101) User=0,04s Sys=0,00s Real=0,03s
[2022-11-30T16:04:05.173+0100][gc,start      ] GC(102) Pause Young (Normal) (G1 Evacuation Pause)
[2022-11-30T16:04:05.173+0100][gc,task       ] GC(102) Using 4 workers of 4 for evacuation
[2022-11-30T16:04:05.215+0100][gc,mmu        ] GC(102) MMU target violated: 21,0ms (20,0ms/21,0ms)
[2022-11-30T16:04:05.215+0100][gc,phases     ] GC(102)   Pre Evacuate Collection Set: 0,0ms
[2022-11-30T16:04:05.215+0100][gc,phases     ] GC(102)   Evacuate Collection Set: 41,2ms
[2022-11-30T16:04:05.215+0100][gc,phases     ] GC(102)   Post Evacuate Collection Set: 0,5ms
[2022-11-30T16:04:05.215+0100][gc,phases     ] GC(102)   Other: 0,3ms
[2022-11-30T16:04:05.215+0100][gc,heap       ] GC(102) Eden regions: 47->0(47)
[2022-11-30T16:04:05.215+0100][gc,heap       ] GC(102) Survivor regions: 4->4(7)
[2022-11-30T16:04:05.215+0100][gc,heap       ] GC(102) Old regions: 76->77
[2022-11-30T16:04:05.215+0100][gc,heap       ] GC(102) Humongous regions: 129->129
[2022-11-30T16:04:05.215+0100][gc,metaspace  ] GC(102) Metaspace: 45780K(49024K)->45780K(49024K) NonClass: 39917K(41728K)->39917K(41728K) Class: 5862K(7296K)->5862K(7296K)
[2022-11-30T16:04:05.215+0100][gc            ] GC(102) Pause Young (Normal) (G1 Evacuation Pause) 254M->207M(1024M) 42,043ms
[2022-11-30T16:04:05.215+0100][gc,cpu        ] GC(102) User=0,04s Sys=0,00s Real=0,04s
[2022-11-30T16:04:21.891+0100][gc,start      ] GC(103) Pause Young (Normal) (G1 Evacuation Pause)
[2022-11-30T16:04:21.891+0100][gc,task       ] GC(103) Using 4 workers of 4 for evacuation
[2022-11-30T16:04:21.906+0100][gc,phases     ] GC(103)   Pre Evacuate Collection Set: 0,0ms
[2022-11-30T16:04:21.906+0100][gc,phases     ] GC(103)   Evacuate Collection Set: 13,6ms
[2022-11-30T16:04:21.906+0100][gc,phases     ] GC(103)   Post Evacuate Collection Set: 0,6ms
[2022-11-30T16:04:21.906+0100][gc,phases     ] GC(103)   Other: 0,3ms
[2022-11-30T16:04:21.906+0100][gc,heap       ] GC(103) Eden regions: 47->0(47)
[2022-11-30T16:04:21.906+0100][gc,heap       ] GC(103) Survivor regions: 4->4(7)
[2022-11-30T16:04:21.906+0100][gc,heap       ] GC(103) Old regions: 77->77
[2022-11-30T16:04:21.906+0100][gc,heap       ] GC(103) Humongous regions: 129->129
[2022-11-30T16:04:21.906+0100][gc,metaspace  ] GC(103) Metaspace: 45780K(49024K)->45780K(49024K) NonClass: 39917K(41728K)->39917K(41728K) Class: 5862K(7296K)->5862K(7296K)
[2022-11-30T16:04:21.906+0100][gc            ] GC(103) Pause Young (Normal) (G1 Evacuation Pause) 254M->208M(1024M) 14,923ms
[2022-11-30T16:04:21.906+0100][gc,cpu        ] GC(103) User=0,03s Sys=0,00s Real=0,02s
[2022-11-30T16:04:39.106+0100][gc,start      ] GC(104) Pause Young (Normal) (G1 Evacuation Pause)
[2022-11-30T16:04:39.106+0100][gc,task       ] GC(104) Using 4 workers of 4 for evacuation
[2022-11-30T16:04:39.138+0100][gc,mmu        ] GC(104) MMU target violated: 21,0ms (20,0ms/21,0ms)
[2022-11-30T16:04:39.139+0100][gc,phases     ] GC(104)   Pre Evacuate Collection Set: 0,0ms
[2022-11-30T16:04:39.139+0100][gc,phases     ] GC(104)   Evacuate Collection Set: 31,1ms
[2022-11-30T16:04:39.139+0100][gc,phases     ] GC(104)   Post Evacuate Collection Set: 1,4ms
[2022-11-30T16:04:39.139+0100][gc,phases     ] GC(104)   Other: 0,4ms
[2022-11-30T16:04:39.139+0100][gc,heap       ] GC(104) Eden regions: 47->0(47)
[2022-11-30T16:04:39.139+0100][gc,heap       ] GC(104) Survivor regions: 4->5(7)
[2022-11-30T16:04:39.139+0100][gc,heap       ] GC(104) Old regions: 77->77
[2022-11-30T16:04:39.139+0100][gc,heap       ] GC(104) Humongous regions: 129->129
[2022-11-30T16:04:39.139+0100][gc,metaspace  ] GC(104) Metaspace: 45780K(49024K)->45780K(49024K) NonClass: 39917K(41728K)->39917K(41728K) Class: 5862K(7296K)->5862K(7296K)
[2022-11-30T16:04:39.139+0100][gc            ] GC(104) Pause Young (Normal) (G1 Evacuation Pause) 255M->208M(1024M) 33,171ms
[2022-11-30T16:04:39.139+0100][gc,cpu        ] GC(104) User=0,04s Sys=0,00s Real=0,03s
[2022-11-30T16:05:04.209+0100][gc,start      ] GC(105) Pause Young (Normal) (G1 Evacuation Pause)
[2022-11-30T16:05:04.210+0100][gc,task       ] GC(105) Using 4 workers of 4 for evacuation
[2022-11-30T16:05:04.229+0100][gc,phases     ] GC(105)   Pre Evacuate Collection Set: 0,0ms
[2022-11-30T16:05:04.229+0100][gc,phases     ] GC(105)   Evacuate Collection Set: 18,7ms
[2022-11-30T16:05:04.229+0100][gc,phases     ] GC(105)   Post Evacuate Collection Set: 0,4ms
[2022-11-30T16:05:04.229+0100][gc,phases     ] GC(105)   Other: 0,3ms
[2022-11-30T16:05:04.229+0100][gc,heap       ] GC(105) Eden regions: 47->0(48)
[2022-11-30T16:05:04.229+0100][gc,heap       ] GC(105) Survivor regions: 5->5(7)
[2022-11-30T16:05:04.229+0100][gc,heap       ] GC(105) Old regions: 77->77
[2022-11-30T16:05:04.229+0100][gc,heap       ] GC(105) Humongous regions: 129->129
[2022-11-30T16:05:04.229+0100][gc,metaspace  ] GC(105) Metaspace: 45780K(49024K)->45780K(49024K) NonClass: 39917K(41728K)->39917K(41728K) Class: 5862K(7296K)->5862K(7296K)
[2022-11-30T16:05:04.229+0100][gc            ] GC(105) Pause Young (Normal) (G1 Evacuation Pause) 255M->208M(1024M) 19,584ms
[2022-11-30T16:05:04.229+0100][gc,cpu        ] GC(105) User=0,04s Sys=0,00s Real=0,02s
[2022-11-30T16:05:25.346+0100][gc,start      ] GC(106) Pause Young (Normal) (G1 Evacuation Pause)
[2022-11-30T16:05:25.347+0100][gc,task       ] GC(106) Using 4 workers of 4 for evacuation
[2022-11-30T16:05:25.385+0100][gc,mmu        ] GC(106) MMU target violated: 21,0ms (20,0ms/21,0ms)
[2022-11-30T16:05:25.385+0100][gc,phases     ] GC(106)   Pre Evacuate Collection Set: 0,0ms
[2022-11-30T16:05:25.385+0100][gc,phases     ] GC(106)   Evacuate Collection Set: 37,3ms
[2022-11-30T16:05:25.385+0100][gc,phases     ] GC(106)   Post Evacuate Collection Set: 0,4ms
[2022-11-30T16:05:25.385+0100][gc,phases     ] GC(106)   Other: 0,4ms
[2022-11-30T16:05:25.385+0100][gc,heap       ] GC(106) Eden regions: 48->0(47)
[2022-11-30T16:05:25.385+0100][gc,heap       ] GC(106) Survivor regions: 5->5(7)
[2022-11-30T16:05:25.385+0100][gc,heap       ] GC(106) Old regions: 77->78
[2022-11-30T16:05:25.385+0100][gc,heap       ] GC(106) Humongous regions: 129->129
[2022-11-30T16:05:25.385+0100][gc,metaspace  ] GC(106) Metaspace: 45785K(49024K)->45785K(49024K) NonClass: 39922K(41728K)->39922K(41728K) Class: 5862K(7296K)->5862K(7296K)
[2022-11-30T16:05:25.385+0100][gc            ] GC(106) Pause Young (Normal) (G1 Evacuation Pause) 256M->209M(1024M) 38,231ms
[2022-11-30T16:05:25.385+0100][gc,cpu        ] GC(106) User=0,03s Sys=0,00s Real=0,04s
[2022-11-30T16:05:42.926+0100][gc,start      ] GC(107) Pause Young (Normal) (G1 Evacuation Pause)
[2022-11-30T16:05:42.926+0100][gc,task       ] GC(107) Using 4 workers of 4 for evacuation
[2022-11-30T16:05:42.943+0100][gc,phases     ] GC(107)   Pre Evacuate Collection Set: 0,1ms
[2022-11-30T16:05:42.943+0100][gc,phases     ] GC(107)   Evacuate Collection Set: 16,5ms
[2022-11-30T16:05:42.943+0100][gc,phases     ] GC(107)   Post Evacuate Collection Set: 0,5ms
[2022-11-30T16:05:42.943+0100][gc,phases     ] GC(107)   Other: 0,3ms
[2022-11-30T16:05:42.943+0100][gc,heap       ] GC(107) Eden regions: 46->0(47)
[2022-11-30T16:05:42.943+0100][gc,heap       ] GC(107) Survivor regions: 5->4(7)
[2022-11-30T16:05:42.943+0100][gc,heap       ] GC(107) Old regions: 78->78
[2022-11-30T16:05:42.943+0100][gc,heap       ] GC(107) Humongous regions: 129->129
[2022-11-30T16:05:42.943+0100][gc,metaspace  ] GC(107) Metaspace: 45785K(49024K)->45785K(49024K) NonClass: 39922K(41728K)->39922K(41728K) Class: 5862K(7296K)->5862K(7296K)
[2022-11-30T16:05:42.943+0100][gc            ] GC(107) Pause Young (Normal) (G1 Evacuation Pause) 255M->209M(1024M) 17,452ms
[2022-11-30T16:05:42.943+0100][gc,cpu        ] GC(107) User=0,04s Sys=0,00s Real=0,01s
[2022-11-30T16:06:01.354+0100][gc,start      ] GC(108) Pause Young (Normal) (G1 Evacuation Pause)
[2022-11-30T16:06:01.354+0100][gc,task       ] GC(108) Using 4 workers of 4 for evacuation
[2022-11-30T16:06:01.393+0100][gc,mmu        ] GC(108) MMU target violated: 21,0ms (20,0ms/21,0ms)
[2022-11-30T16:06:01.393+0100][gc,phases     ] GC(108)   Pre Evacuate Collection Set: 0,0ms
[2022-11-30T16:06:01.393+0100][gc,phases     ] GC(108)   Evacuate Collection Set: 37,7ms
[2022-11-30T16:06:01.393+0100][gc,phases     ] GC(108)   Post Evacuate Collection Set: 0,4ms
[2022-11-30T16:06:01.393+0100][gc,phases     ] GC(108)   Other: 0,3ms
[2022-11-30T16:06:01.393+0100][gc,heap       ] GC(108) Eden regions: 47->0(47)
[2022-11-30T16:06:01.393+0100][gc,heap       ] GC(108) Survivor regions: 4->4(7)
[2022-11-30T16:06:01.393+0100][gc,heap       ] GC(108) Old regions: 78->79
[2022-11-30T16:06:01.393+0100][gc,heap       ] GC(108) Humongous regions: 129->129
[2022-11-30T16:06:01.393+0100][gc,metaspace  ] GC(108) Metaspace: 45785K(49024K)->45785K(49024K) NonClass: 39922K(41728K)->39922K(41728K) Class: 5862K(7296K)->5862K(7296K)
[2022-11-30T16:06:01.393+0100][gc            ] GC(108) Pause Young (Normal) (G1 Evacuation Pause) 256M->209M(1024M) 38,547ms
[2022-11-30T16:06:01.393+0100][gc,cpu        ] GC(108) User=0,03s Sys=0,00s Real=0,04s
[2022-11-30T16:06:19.266+0100][gc,start      ] GC(109) Pause Young (Normal) (G1 Evacuation Pause)
[2022-11-30T16:06:19.266+0100][gc,task       ] GC(109) Using 4 workers of 4 for evacuation
[2022-11-30T16:06:19.300+0100][gc,mmu        ] GC(109) MMU target violated: 21,0ms (20,0ms/21,0ms)
[2022-11-30T16:06:19.300+0100][gc,phases     ] GC(109)   Pre Evacuate Collection Set: 0,1ms
[2022-11-30T16:06:19.300+0100][gc,phases     ] GC(109)   Evacuate Collection Set: 25,0ms
[2022-11-30T16:06:19.300+0100][gc,phases     ] GC(109)   Post Evacuate Collection Set: 8,4ms
[2022-11-30T16:06:19.300+0100][gc,phases     ] GC(109)   Other: 0,7ms
[2022-11-30T16:06:19.300+0100][gc,heap       ] GC(109) Eden regions: 47->0(44)
[2022-11-30T16:06:19.300+0100][gc,heap       ] GC(109) Survivor regions: 4->7(7)
[2022-11-30T16:06:19.300+0100][gc,heap       ] GC(109) Old regions: 79->79
[2022-11-30T16:06:19.300+0100][gc,heap       ] GC(109) Humongous regions: 129->129
[2022-11-30T16:06:19.300+0100][gc,metaspace  ] GC(109) Metaspace: 45804K(49024K)->45804K(49024K) NonClass: 39936K(41728K)->39936K(41728K) Class: 5868K(7296K)->5868K(7296K)
[2022-11-30T16:06:19.300+0100][gc            ] GC(109) Pause Young (Normal) (G1 Evacuation Pause) 256M->213M(1024M) 34,228ms
[2022-11-30T16:06:19.300+0100][gc,cpu        ] GC(109) User=0,05s Sys=0,00s Real=0,03s
[2022-11-30T16:06:34.962+0100][gc,start      ] GC(110) Pause Young (Normal) (G1 Evacuation Pause)
[2022-11-30T16:06:34.962+0100][gc,task       ] GC(110) Using 4 workers of 4 for evacuation
[2022-11-30T16:06:35.024+0100][gc,mmu        ] GC(110) MMU target violated: 21,0ms (20,0ms/21,0ms)
[2022-11-30T16:06:35.024+0100][gc,phases     ] GC(110)   Pre Evacuate Collection Set: 0,1ms
[2022-11-30T16:06:35.024+0100][gc,phases     ] GC(110)   Evacuate Collection Set: 60,3ms
[2022-11-30T16:06:35.024+0100][gc,phases     ] GC(110)   Post Evacuate Collection Set: 0,4ms
[2022-11-30T16:06:35.024+0100][gc,phases     ] GC(110)   Other: 0,5ms
[2022-11-30T16:06:35.024+0100][gc,heap       ] GC(110) Eden regions: 44->0(50)
[2022-11-30T16:06:35.024+0100][gc,heap       ] GC(110) Survivor regions: 7->1(7)
[2022-11-30T16:06:35.024+0100][gc,heap       ] GC(110) Old regions: 79->86
[2022-11-30T16:06:35.024+0100][gc,heap       ] GC(110) Humongous regions: 129->129
[2022-11-30T16:06:35.024+0100][gc,metaspace  ] GC(110) Metaspace: 45806K(49024K)->45806K(49024K) NonClass: 39938K(41728K)->39938K(41728K) Class: 5868K(7296K)->5868K(7296K)
[2022-11-30T16:06:35.024+0100][gc            ] GC(110) Pause Young (Normal) (G1 Evacuation Pause) 257M->214M(1024M) 61,408ms
[2022-11-30T16:06:35.024+0100][gc,cpu        ] GC(110) User=0,05s Sys=0,01s Real=0,06s
[2022-11-30T16:06:56.742+0100][gc,start      ] GC(111) Pause Young (Normal) (G1 Evacuation Pause)
[2022-11-30T16:06:56.742+0100][gc,task       ] GC(111) Using 4 workers of 4 for evacuation
[2022-11-30T16:06:56.759+0100][gc,phases     ] GC(111)   Pre Evacuate Collection Set: 0,0ms
[2022-11-30T16:06:56.759+0100][gc,phases     ] GC(111)   Evacuate Collection Set: 16,6ms
[2022-11-30T16:06:56.759+0100][gc,phases     ] GC(111)   Post Evacuate Collection Set: 0,4ms
[2022-11-30T16:06:56.759+0100][gc,phases     ] GC(111)   Other: 0,2ms
[2022-11-30T16:06:56.759+0100][gc,heap       ] GC(111) Eden regions: 50->0(50)
[2022-11-30T16:06:56.759+0100][gc,heap       ] GC(111) Survivor regions: 1->1(7)
[2022-11-30T16:06:56.759+0100][gc,heap       ] GC(111) Old regions: 86->86
[2022-11-30T16:06:56.759+0100][gc,heap       ] GC(111) Humongous regions: 129->129
[2022-11-30T16:06:56.759+0100][gc,metaspace  ] GC(111) Metaspace: 45807K(49024K)->45807K(49024K) NonClass: 39938K(41728K)->39938K(41728K) Class: 5868K(7296K)->5868K(7296K)
[2022-11-30T16:06:56.759+0100][gc            ] GC(111) Pause Young (Normal) (G1 Evacuation Pause) 264M->213M(1024M) 17,395ms
[2022-11-30T16:06:56.759+0100][gc,cpu        ] GC(111) User=0,02s Sys=0,00s Real=0,02s
[2022-11-30T16:07:16.130+0100][gc,start      ] GC(112) Pause Young (Normal) (G1 Evacuation Pause)
[2022-11-30T16:07:16.130+0100][gc,task       ] GC(112) Using 4 workers of 4 for evacuation
[2022-11-30T16:07:16.140+0100][gc,phases     ] GC(112)   Pre Evacuate Collection Set: 0,0ms
[2022-11-30T16:07:16.140+0100][gc,phases     ] GC(112)   Evacuate Collection Set: 9,5ms
[2022-11-30T16:07:16.140+0100][gc,phases     ] GC(112)   Post Evacuate Collection Set: 0,5ms
[2022-11-30T16:07:16.140+0100][gc,phases     ] GC(112)   Other: 0,2ms
[2022-11-30T16:07:16.141+0100][gc,heap       ] GC(112) Eden regions: 50->0(50)
[2022-11-30T16:07:16.141+0100][gc,heap       ] GC(112) Survivor regions: 1->1(7)
[2022-11-30T16:07:16.141+0100][gc,heap       ] GC(112) Old regions: 86->86
[2022-11-30T16:07:16.141+0100][gc,heap       ] GC(112) Humongous regions: 129->129
[2022-11-30T16:07:16.141+0100][gc,metaspace  ] GC(112) Metaspace: 45807K(49024K)->45807K(49024K) NonClass: 39938K(41728K)->39938K(41728K) Class: 5868K(7296K)->5868K(7296K)
[2022-11-30T16:07:16.141+0100][gc            ] GC(112) Pause Young (Normal) (G1 Evacuation Pause) 263M->213M(1024M) 10,462ms
[2022-11-30T16:07:16.141+0100][gc,cpu        ] GC(112) User=0,00s Sys=0,00s Real=0,01s
[2022-11-30T16:07:35.257+0100][gc,start      ] GC(113) Pause Young (Normal) (G1 Evacuation Pause)
[2022-11-30T16:07:35.257+0100][gc,task       ] GC(113) Using 4 workers of 4 for evacuation
[2022-11-30T16:07:35.280+0100][gc,mmu        ] GC(113) MMU target violated: 21,0ms (20,0ms/21,0ms)
[2022-11-30T16:07:35.281+0100][gc,phases     ] GC(113)   Pre Evacuate Collection Set: 0,0ms
[2022-11-30T16:07:35.281+0100][gc,phases     ] GC(113)   Evacuate Collection Set: 22,9ms
[2022-11-30T16:07:35.281+0100][gc,phases     ] GC(113)   Post Evacuate Collection Set: 0,5ms
[2022-11-30T16:07:35.281+0100][gc,phases     ] GC(113)   Other: 0,3ms
[2022-11-30T16:07:35.281+0100][gc,heap       ] GC(113) Eden regions: 50->0(49)
[2022-11-30T16:07:35.281+0100][gc,heap       ] GC(113) Survivor regions: 1->2(7)
[2022-11-30T16:07:35.281+0100][gc,heap       ] GC(113) Old regions: 86->86
[2022-11-30T16:07:35.281+0100][gc,heap       ] GC(113) Humongous regions: 129->129
[2022-11-30T16:07:35.281+0100][gc,metaspace  ] GC(113) Metaspace: 45807K(49024K)->45807K(49024K) NonClass: 39938K(41728K)->39938K(41728K) Class: 5868K(7296K)->5868K(7296K)
[2022-11-30T16:07:35.281+0100][gc            ] GC(113) Pause Young (Normal) (G1 Evacuation Pause) 263M->214M(1024M) 23,803ms
[2022-11-30T16:07:35.281+0100][gc,cpu        ] GC(113) User=0,02s Sys=0,00s Real=0,02s
[2022-11-30T16:07:55.275+0100][gc,start      ] GC(114) Pause Young (Normal) (G1 Evacuation Pause)
[2022-11-30T16:07:55.275+0100][gc,task       ] GC(114) Using 4 workers of 4 for evacuation
[2022-11-30T16:07:55.294+0100][gc,phases     ] GC(114)   Pre Evacuate Collection Set: 0,0ms
[2022-11-30T16:07:55.294+0100][gc,phases     ] GC(114)   Evacuate Collection Set: 17,9ms
[2022-11-30T16:07:55.294+0100][gc,phases     ] GC(114)   Post Evacuate Collection Set: 0,6ms
[2022-11-30T16:07:55.294+0100][gc,phases     ] GC(114)   Other: 0,3ms
[2022-11-30T16:07:55.294+0100][gc,heap       ] GC(114) Eden regions: 49->0(51)
[2022-11-30T16:07:55.295+0100][gc,heap       ] GC(114) Survivor regions: 2->2(7)
[2022-11-30T16:07:55.295+0100][gc,heap       ] GC(114) Old regions: 86->86
[2022-11-30T16:07:55.295+0100][gc,heap       ] GC(114) Humongous regions: 129->129
[2022-11-30T16:07:55.295+0100][gc,metaspace  ] GC(114) Metaspace: 45807K(49024K)->45807K(49024K) NonClass: 39939K(41728K)->39939K(41728K) Class: 5868K(7296K)->5868K(7296K)
[2022-11-30T16:07:55.295+0100][gc            ] GC(114) Pause Young (Normal) (G1 Evacuation Pause) 263M->214M(1024M) 19,254ms
[2022-11-30T16:07:55.295+0100][gc,cpu        ] GC(114) User=0,03s Sys=0,00s Real=0,02s
[2022-11-30T16:08:14.445+0100][gc,start      ] GC(115) Pause Young (Normal) (G1 Evacuation Pause)
[2022-11-30T16:08:14.445+0100][gc,task       ] GC(115) Using 4 workers of 4 for evacuation
[2022-11-30T16:08:14.457+0100][gc,phases     ] GC(115)   Pre Evacuate Collection Set: 0,0ms
[2022-11-30T16:08:14.457+0100][gc,phases     ] GC(115)   Evacuate Collection Set: 11,5ms
[2022-11-30T16:08:14.458+0100][gc,phases     ] GC(115)   Post Evacuate Collection Set: 0,4ms
[2022-11-30T16:08:14.458+0100][gc,phases     ] GC(115)   Other: 0,2ms
[2022-11-30T16:08:14.458+0100][gc,heap       ] GC(115) Eden regions: 51->0(54)
[2022-11-30T16:08:14.458+0100][gc,heap       ] GC(115) Survivor regions: 2->2(7)
[2022-11-30T16:08:14.458+0100][gc,heap       ] GC(115) Old regions: 86->86
[2022-11-30T16:08:14.458+0100][gc,heap       ] GC(115) Humongous regions: 129->129
[2022-11-30T16:08:14.458+0100][gc,metaspace  ] GC(115) Metaspace: 45807K(49024K)->45807K(49024K) NonClass: 39939K(41728K)->39939K(41728K) Class: 5868K(7296K)->5868K(7296K)
[2022-11-30T16:08:14.458+0100][gc            ] GC(115) Pause Young (Normal) (G1 Evacuation Pause) 265M->215M(1024M) 12,359ms
[2022-11-30T16:08:14.458+0100][gc,cpu        ] GC(115) User=0,01s Sys=0,00s Real=0,01s
[2022-11-30T16:08:35.629+0100][gc,start      ] GC(116) Pause Young (Normal) (G1 Evacuation Pause)
[2022-11-30T16:08:35.629+0100][gc,task       ] GC(116) Using 4 workers of 4 for evacuation
[2022-11-30T16:08:35.636+0100][gc,phases     ] GC(116)   Pre Evacuate Collection Set: 0,0ms
[2022-11-30T16:08:35.636+0100][gc,phases     ] GC(116)   Evacuate Collection Set: 6,4ms
[2022-11-30T16:08:35.637+0100][gc,phases     ] GC(116)   Post Evacuate Collection Set: 0,6ms
[2022-11-30T16:08:35.637+0100][gc,phases     ] GC(116)   Other: 0,3ms
[2022-11-30T16:08:35.637+0100][gc,heap       ] GC(116) Eden regions: 54->0(57)
[2022-11-30T16:08:35.637+0100][gc,heap       ] GC(116) Survivor regions: 2->3(7)
[2022-11-30T16:08:35.637+0100][gc,heap       ] GC(116) Old regions: 86->86
[2022-11-30T16:08:35.637+0100][gc,heap       ] GC(116) Humongous regions: 129->129
[2022-11-30T16:08:35.637+0100][gc,metaspace  ] GC(116) Metaspace: 45809K(49024K)->45809K(49024K) NonClass: 39941K(41728K)->39941K(41728K) Class: 5868K(7296K)->5868K(7296K)
[2022-11-30T16:08:35.637+0100][gc            ] GC(116) Pause Young (Normal) (G1 Evacuation Pause) 269M->215M(1024M) 7,415ms
[2022-11-30T16:08:35.637+0100][gc,cpu        ] GC(116) User=0,01s Sys=0,00s Real=0,01s
[2022-11-30T16:08:58.860+0100][gc,start      ] GC(117) Pause Young (Normal) (G1 Evacuation Pause)
[2022-11-30T16:08:58.860+0100][gc,task       ] GC(117) Using 4 workers of 4 for evacuation
[2022-11-30T16:08:58.874+0100][gc,phases     ] GC(117)   Pre Evacuate Collection Set: 0,0ms
[2022-11-30T16:08:58.874+0100][gc,phases     ] GC(117)   Evacuate Collection Set: 13,5ms
[2022-11-30T16:08:58.874+0100][gc,phases     ] GC(117)   Post Evacuate Collection Set: 0,4ms
[2022-11-30T16:08:58.874+0100][gc,phases     ] GC(117)   Other: 0,3ms
[2022-11-30T16:08:58.874+0100][gc,heap       ] GC(117) Eden regions: 57->0(56)
[2022-11-30T16:08:58.874+0100][gc,heap       ] GC(117) Survivor regions: 3->3(8)
[2022-11-30T16:08:58.874+0100][gc,heap       ] GC(117) Old regions: 86->86
[2022-11-30T16:08:58.874+0100][gc,heap       ] GC(117) Humongous regions: 129->129
[2022-11-30T16:08:58.874+0100][gc,metaspace  ] GC(117) Metaspace: 45810K(49024K)->45810K(49024K) NonClass: 39941K(41728K)->39941K(41728K) Class: 5868K(7296K)->5868K(7296K)
[2022-11-30T16:08:58.874+0100][gc            ] GC(117) Pause Young (Normal) (G1 Evacuation Pause) 272M->215M(1024M) 14,298ms
[2022-11-30T16:08:58.874+0100][gc,cpu        ] GC(117) User=0,01s Sys=0,00s Real=0,01s
[2022-11-30T16:09:27.262+0100][gc,start      ] GC(118) Pause Young (Normal) (G1 Evacuation Pause)
[2022-11-30T16:09:27.262+0100][gc,task       ] GC(118) Using 4 workers of 4 for evacuation
[2022-11-30T16:09:27.379+0100][gc,mmu        ] GC(118) MMU target violated: 21,0ms (20,0ms/21,0ms)
[2022-11-30T16:09:27.379+0100][gc,phases     ] GC(118)   Pre Evacuate Collection Set: 0,0ms
[2022-11-30T16:09:27.379+0100][gc,phases     ] GC(118)   Evacuate Collection Set: 116,9ms
[2022-11-30T16:09:27.379+0100][gc,phases     ] GC(118)   Post Evacuate Collection Set: 0,5ms
[2022-11-30T16:09:27.380+0100][gc,phases     ] GC(118)   Other: 0,3ms
[2022-11-30T16:09:27.380+0100][gc,heap       ] GC(118) Eden regions: 56->0(47)
[2022-11-30T16:09:27.380+0100][gc,heap       ] GC(118) Survivor regions: 3->4(8)
[2022-11-30T16:09:27.380+0100][gc,heap       ] GC(118) Old regions: 86->86
[2022-11-30T16:09:27.380+0100][gc,heap       ] GC(118) Humongous regions: 129->129
[2022-11-30T16:09:27.380+0100][gc,metaspace  ] GC(118) Metaspace: 45812K(49024K)->45812K(49024K) NonClass: 39944K(41728K)->39944K(41728K) Class: 5868K(7296K)->5868K(7296K)
[2022-11-30T16:09:27.380+0100][gc            ] GC(118) Pause Young (Normal) (G1 Evacuation Pause) 271M->216M(1024M) 118,058ms
[2022-11-30T16:09:27.380+0100][gc,cpu        ] GC(118) User=0,12s Sys=0,01s Real=0,12s
[2022-11-30T16:09:53.045+0100][gc,start      ] GC(119) Pause Young (Normal) (G1 Evacuation Pause)
[2022-11-30T16:09:53.045+0100][gc,task       ] GC(119) Using 4 workers of 4 for evacuation
[2022-11-30T16:09:53.057+0100][gc,phases     ] GC(119)   Pre Evacuate Collection Set: 0,0ms
[2022-11-30T16:09:53.057+0100][gc,phases     ] GC(119)   Evacuate Collection Set: 11,3ms
[2022-11-30T16:09:53.057+0100][gc,phases     ] GC(119)   Post Evacuate Collection Set: 0,3ms
[2022-11-30T16:09:53.057+0100][gc,phases     ] GC(119)   Other: 0,2ms
[2022-11-30T16:09:53.057+0100][gc,heap       ] GC(119) Eden regions: 47->0(47)
[2022-11-30T16:09:53.057+0100][gc,heap       ] GC(119) Survivor regions: 4->4(7)
[2022-11-30T16:09:53.057+0100][gc,heap       ] GC(119) Old regions: 86->86
[2022-11-30T16:09:53.057+0100][gc,heap       ] GC(119) Humongous regions: 129->129
[2022-11-30T16:09:53.057+0100][gc,metaspace  ] GC(119) Metaspace: 45830K(49024K)->45830K(49024K) NonClass: 39962K(41728K)->39962K(41728K) Class: 5868K(7296K)->5868K(7296K)
[2022-11-30T16:09:53.057+0100][gc            ] GC(119) Pause Young (Normal) (G1 Evacuation Pause) 263M->217M(1024M) 12,007ms
[2022-11-30T16:09:53.057+0100][gc,cpu        ] GC(119) User=0,02s Sys=0,00s Real=0,01s
[2022-11-30T16:10:10.799+0100][gc,start      ] GC(120) Pause Young (Normal) (G1 Evacuation Pause)
[2022-11-30T16:10:10.799+0100][gc,task       ] GC(120) Using 4 workers of 4 for evacuation
[2022-11-30T16:10:10.809+0100][gc,phases     ] GC(120)   Pre Evacuate Collection Set: 0,0ms
[2022-11-30T16:10:10.809+0100][gc,phases     ] GC(120)   Evacuate Collection Set: 9,5ms
[2022-11-30T16:10:10.809+0100][gc,phases     ] GC(120)   Post Evacuate Collection Set: 0,5ms
[2022-11-30T16:10:10.809+0100][gc,phases     ] GC(120)   Other: 0,2ms
[2022-11-30T16:10:10.809+0100][gc,heap       ] GC(120) Eden regions: 47->0(47)
[2022-11-30T16:10:10.809+0100][gc,heap       ] GC(120) Survivor regions: 4->4(7)
[2022-11-30T16:10:10.809+0100][gc,heap       ] GC(120) Old regions: 86->86
[2022-11-30T16:10:10.809+0100][gc,heap       ] GC(120) Humongous regions: 129->129
[2022-11-30T16:10:10.809+0100][gc,metaspace  ] GC(120) Metaspace: 45832K(49024K)->45832K(49024K) NonClass: 39964K(41728K)->39964K(41728K) Class: 5868K(7296K)->5868K(7296K)
[2022-11-30T16:10:10.809+0100][gc            ] GC(120) Pause Young (Normal) (G1 Evacuation Pause) 264M->217M(1024M) 10,705ms
[2022-11-30T16:10:10.810+0100][gc,cpu        ] GC(120) User=0,02s Sys=0,00s Real=0,01s
[2022-11-30T16:10:29.549+0100][gc,start      ] GC(121) Pause Young (Normal) (G1 Evacuation Pause)
[2022-11-30T16:10:29.549+0100][gc,task       ] GC(121) Using 4 workers of 4 for evacuation
[2022-11-30T16:10:29.563+0100][gc,phases     ] GC(121)   Pre Evacuate Collection Set: 0,0ms
[2022-11-30T16:10:29.563+0100][gc,phases     ] GC(121)   Evacuate Collection Set: 12,9ms
[2022-11-30T16:10:29.563+0100][gc,phases     ] GC(121)   Post Evacuate Collection Set: 0,5ms
[2022-11-30T16:10:29.563+0100][gc,phases     ] GC(121)   Other: 0,3ms
[2022-11-30T16:10:29.563+0100][gc,heap       ] GC(121) Eden regions: 47->0(49)
[2022-11-30T16:10:29.563+0100][gc,heap       ] GC(121) Survivor regions: 4->4(7)
[2022-11-30T16:10:29.563+0100][gc,heap       ] GC(121) Old regions: 86->86
[2022-11-30T16:10:29.563+0100][gc,heap       ] GC(121) Humongous regions: 129->129
[2022-11-30T16:10:29.563+0100][gc,metaspace  ] GC(121) Metaspace: 45832K(49024K)->45832K(49024K) NonClass: 39964K(41728K)->39964K(41728K) Class: 5868K(7296K)->5868K(7296K)
[2022-11-30T16:10:29.563+0100][gc            ] GC(121) Pause Young (Normal) (G1 Evacuation Pause) 264M->217M(1024M) 13,920ms
[2022-11-30T16:10:29.563+0100][gc,cpu        ] GC(121) User=0,02s Sys=0,00s Real=0,01s
[2022-11-30T16:10:46.584+0100][gc,start      ] GC(122) Pause Young (Normal) (G1 Evacuation Pause)
[2022-11-30T16:10:46.584+0100][gc,task       ] GC(122) Using 4 workers of 4 for evacuation
[2022-11-30T16:10:46.608+0100][gc,mmu        ] GC(122) MMU target violated: 21,0ms (20,0ms/21,0ms)
[2022-11-30T16:10:46.608+0100][gc,phases     ] GC(122)   Pre Evacuate Collection Set: 0,0ms
[2022-11-30T16:10:46.608+0100][gc,phases     ] GC(122)   Evacuate Collection Set: 22,8ms
[2022-11-30T16:10:46.608+0100][gc,phases     ] GC(122)   Post Evacuate Collection Set: 0,8ms
[2022-11-30T16:10:46.608+0100][gc,phases     ] GC(122)   Other: 0,7ms
[2022-11-30T16:10:46.608+0100][gc,heap       ] GC(122) Eden regions: 48->0(49)
[2022-11-30T16:10:46.608+0100][gc,heap       ] GC(122) Survivor regions: 4->4(7)
[2022-11-30T16:10:46.608+0100][gc,heap       ] GC(122) Old regions: 86->87
[2022-11-30T16:10:46.608+0100][gc,heap       ] GC(122) Humongous regions: 129->129
[2022-11-30T16:10:46.608+0100][gc,metaspace  ] GC(122) Metaspace: 45832K(49024K)->45832K(49024K) NonClass: 39964K(41728K)->39964K(41728K) Class: 5868K(7296K)->5868K(7296K)
[2022-11-30T16:10:46.609+0100][gc            ] GC(122) Pause Young (Normal) (G1 Evacuation Pause) 265M->217M(1024M) 24,646ms
[2022-11-30T16:10:46.609+0100][gc,cpu        ] GC(122) User=0,03s Sys=0,01s Real=0,02s
[2022-11-30T16:11:04.563+0100][gc,start      ] GC(123) Pause Young (Normal) (G1 Evacuation Pause)
[2022-11-30T16:11:04.564+0100][gc,task       ] GC(123) Using 4 workers of 4 for evacuation
[2022-11-30T16:11:04.582+0100][gc,phases     ] GC(123)   Pre Evacuate Collection Set: 0,0ms
[2022-11-30T16:11:04.582+0100][gc,phases     ] GC(123)   Evacuate Collection Set: 18,0ms
[2022-11-30T16:11:04.582+0100][gc,phases     ] GC(123)   Post Evacuate Collection Set: 0,5ms
[2022-11-30T16:11:04.582+0100][gc,phases     ] GC(123)   Other: 0,3ms
[2022-11-30T16:11:04.582+0100][gc,heap       ] GC(123) Eden regions: 48->0(51)
[2022-11-30T16:11:04.583+0100][gc,heap       ] GC(123) Survivor regions: 4->4(7)
[2022-11-30T16:11:04.583+0100][gc,heap       ] GC(123) Old regions: 87->87
[2022-11-30T16:11:04.583+0100][gc,heap       ] GC(123) Humongous regions: 129->129
[2022-11-30T16:11:04.583+0100][gc,metaspace  ] GC(123) Metaspace: 45832K(49024K)->45832K(49024K) NonClass: 39964K(41728K)->39964K(41728K) Class: 5868K(7296K)->5868K(7296K)
[2022-11-30T16:11:04.583+0100][gc            ] GC(123) Pause Young (Normal) (G1 Evacuation Pause) 265M->218M(1024M) 19,191ms
[2022-11-30T16:11:04.583+0100][gc,cpu        ] GC(123) User=0,03s Sys=0,00s Real=0,02s
[2022-11-30T16:11:31.251+0100][gc,start      ] GC(124) Pause Young (Normal) (G1 Evacuation Pause)
[2022-11-30T16:11:31.251+0100][gc,task       ] GC(124) Using 4 workers of 4 for evacuation
[2022-11-30T16:11:31.264+0100][gc,phases     ] GC(124)   Pre Evacuate Collection Set: 0,0ms
[2022-11-30T16:11:31.264+0100][gc,phases     ] GC(124)   Evacuate Collection Set: 12,2ms
[2022-11-30T16:11:31.264+0100][gc,phases     ] GC(124)   Post Evacuate Collection Set: 0,5ms
[2022-11-30T16:11:31.264+0100][gc,phases     ] GC(124)   Other: 0,3ms
[2022-11-30T16:11:31.264+0100][gc,heap       ] GC(124) Eden regions: 51->0(53)
[2022-11-30T16:11:31.264+0100][gc,heap       ] GC(124) Survivor regions: 4->4(7)
[2022-11-30T16:11:31.264+0100][gc,heap       ] GC(124) Old regions: 87->87
[2022-11-30T16:11:31.264+0100][gc,heap       ] GC(124) Humongous regions: 129->129
[2022-11-30T16:11:31.264+0100][gc,metaspace  ] GC(124) Metaspace: 45834K(49024K)->45834K(49024K) NonClass: 39966K(41728K)->39966K(41728K) Class: 5868K(7296K)->5868K(7296K)
[2022-11-30T16:11:31.264+0100][gc            ] GC(124) Pause Young (Normal) (G1 Evacuation Pause) 269M->218M(1024M) 13,562ms
[2022-11-30T16:11:31.264+0100][gc,cpu        ] GC(124) User=0,03s Sys=0,00s Real=0,02s
[2022-11-30T16:11:55.025+0100][gc,start      ] GC(125) Pause Young (Normal) (G1 Evacuation Pause)
[2022-11-30T16:11:55.025+0100][gc,task       ] GC(125) Using 4 workers of 4 for evacuation
[2022-11-30T16:11:55.042+0100][gc,phases     ] GC(125)   Pre Evacuate Collection Set: 0,0ms
[2022-11-30T16:11:55.042+0100][gc,phases     ] GC(125)   Evacuate Collection Set: 15,8ms
[2022-11-30T16:11:55.042+0100][gc,phases     ] GC(125)   Post Evacuate Collection Set: 0,6ms
[2022-11-30T16:11:55.042+0100][gc,phases     ] GC(125)   Other: 0,3ms
[2022-11-30T16:11:55.042+0100][gc,heap       ] GC(125) Eden regions: 53->0(56)
[2022-11-30T16:11:55.042+0100][gc,heap       ] GC(125) Survivor regions: 4->5(8)
[2022-11-30T16:11:55.042+0100][gc,heap       ] GC(125) Old regions: 87->87
[2022-11-30T16:11:55.042+0100][gc,heap       ] GC(125) Humongous regions: 129->129
[2022-11-30T16:11:55.042+0100][gc,metaspace  ] GC(125) Metaspace: 45835K(49024K)->45835K(49024K) NonClass: 39966K(41728K)->39966K(41728K) Class: 5868K(7296K)->5868K(7296K)
[2022-11-30T16:11:55.042+0100][gc            ] GC(125) Pause Young (Normal) (G1 Evacuation Pause) 271M->218M(1024M) 16,814ms
[2022-11-30T16:11:55.042+0100][gc,cpu        ] GC(125) User=0,02s Sys=0,00s Real=0,01s
[2022-11-30T16:12:13.923+0100][gc,start      ] GC(126) Pause Young (Normal) (G1 Evacuation Pause)
[2022-11-30T16:12:13.923+0100][gc,task       ] GC(126) Using 4 workers of 4 for evacuation
[2022-11-30T16:12:13.945+0100][gc,mmu        ] GC(126) MMU target violated: 21,0ms (20,0ms/21,0ms)
[2022-11-30T16:12:13.946+0100][gc,phases     ] GC(126)   Pre Evacuate Collection Set: 0,0ms
[2022-11-30T16:12:13.946+0100][gc,phases     ] GC(126)   Evacuate Collection Set: 21,0ms
[2022-11-30T16:12:13.946+0100][gc,phases     ] GC(126)   Post Evacuate Collection Set: 1,3ms
[2022-11-30T16:12:13.946+0100][gc,phases     ] GC(126)   Other: 0,3ms
[2022-11-30T16:12:13.946+0100][gc,heap       ] GC(126) Eden regions: 55->0(57)
[2022-11-30T16:12:13.946+0100][gc,heap       ] GC(126) Survivor regions: 5->5(8)
[2022-11-30T16:12:13.946+0100][gc,heap       ] GC(126) Old regions: 87->87
[2022-11-30T16:12:13.946+0100][gc,heap       ] GC(126) Humongous regions: 129->129
[2022-11-30T16:12:13.946+0100][gc,metaspace  ] GC(126) Metaspace: 45835K(49024K)->45835K(49024K) NonClass: 39966K(41728K)->39966K(41728K) Class: 5868K(7296K)->5868K(7296K)
[2022-11-30T16:12:13.946+0100][gc            ] GC(126) Pause Young (Normal) (G1 Evacuation Pause) 273M->219M(1024M) 22,724ms
[2022-11-30T16:12:13.946+0100][gc,cpu        ] GC(126) User=0,03s Sys=0,00s Real=0,03s
[2022-11-30T16:12:35.394+0100][gc,start      ] GC(127) Pause Young (Normal) (G1 Evacuation Pause)
[2022-11-30T16:12:35.394+0100][gc,task       ] GC(127) Using 4 workers of 4 for evacuation
[2022-11-30T16:12:35.410+0100][gc,phases     ] GC(127)   Pre Evacuate Collection Set: 0,0ms
[2022-11-30T16:12:35.410+0100][gc,phases     ] GC(127)   Evacuate Collection Set: 15,2ms
[2022-11-30T16:12:35.410+0100][gc,phases     ] GC(127)   Post Evacuate Collection Set: 0,5ms
[2022-11-30T16:12:35.410+0100][gc,phases     ] GC(127)   Other: 0,3ms
[2022-11-30T16:12:35.410+0100][gc,heap       ] GC(127) Eden regions: 54->0(58)
[2022-11-30T16:12:35.410+0100][gc,heap       ] GC(127) Survivor regions: 5->5(8)
[2022-11-30T16:12:35.410+0100][gc,heap       ] GC(127) Old regions: 87->88
[2022-11-30T16:12:35.410+0100][gc,heap       ] GC(127) Humongous regions: 129->129
[2022-11-30T16:12:35.410+0100][gc,metaspace  ] GC(127) Metaspace: 45836K(49024K)->45836K(49024K) NonClass: 39967K(41728K)->39967K(41728K) Class: 5868K(7296K)->5868K(7296K)
[2022-11-30T16:12:35.410+0100][gc            ] GC(127) Pause Young (Normal) (G1 Evacuation Pause) 273M->219M(1024M) 16,202ms
[2022-11-30T16:12:35.410+0100][gc,cpu        ] GC(127) User=0,03s Sys=0,00s Real=0,02s
[2022-11-30T16:12:58.783+0100][gc,start      ] GC(128) Pause Young (Normal) (G1 Evacuation Pause)
[2022-11-30T16:12:58.783+0100][gc,task       ] GC(128) Using 4 workers of 4 for evacuation
[2022-11-30T16:12:58.795+0100][gc,phases     ] GC(128)   Pre Evacuate Collection Set: 0,0ms
[2022-11-30T16:12:58.795+0100][gc,phases     ] GC(128)   Evacuate Collection Set: 10,9ms
[2022-11-30T16:12:58.795+0100][gc,phases     ] GC(128)   Post Evacuate Collection Set: 0,5ms
[2022-11-30T16:12:58.795+0100][gc,phases     ] GC(128)   Other: 0,3ms
[2022-11-30T16:12:58.795+0100][gc,heap       ] GC(128) Eden regions: 56->0(63)
[2022-11-30T16:12:58.795+0100][gc,heap       ] GC(128) Survivor regions: 5->5(8)
[2022-11-30T16:12:58.795+0100][gc,heap       ] GC(128) Old regions: 88->88
[2022-11-30T16:12:58.795+0100][gc,heap       ] GC(128) Humongous regions: 129->129
[2022-11-30T16:12:58.795+0100][gc,metaspace  ] GC(128) Metaspace: 45836K(49024K)->45836K(49024K) NonClass: 39967K(41728K)->39967K(41728K) Class: 5868K(7296K)->5868K(7296K)
[2022-11-30T16:12:58.795+0100][gc            ] GC(128) Pause Young (Normal) (G1 Evacuation Pause) 275M->219M(1024M) 11,858ms
[2022-11-30T16:12:58.795+0100][gc,cpu        ] GC(128) User=0,03s Sys=0,00s Real=0,01s
[2022-11-30T16:13:22.399+0100][gc,start      ] GC(129) Pause Young (Normal) (G1 Evacuation Pause)
[2022-11-30T16:13:22.399+0100][gc,task       ] GC(129) Using 4 workers of 4 for evacuation
[2022-11-30T16:13:22.414+0100][gc,phases     ] GC(129)   Pre Evacuate Collection Set: 0,0ms
[2022-11-30T16:13:22.415+0100][gc,phases     ] GC(129)   Evacuate Collection Set: 14,3ms
[2022-11-30T16:13:22.415+0100][gc,phases     ] GC(129)   Post Evacuate Collection Set: 0,5ms
[2022-11-30T16:13:22.415+0100][gc,phases     ] GC(129)   Other: 0,3ms
[2022-11-30T16:13:22.415+0100][gc,heap       ] GC(129) Eden regions: 63->0(65)
[2022-11-30T16:13:22.415+0100][gc,heap       ] GC(129) Survivor regions: 5->5(9)
[2022-11-30T16:13:22.415+0100][gc,heap       ] GC(129) Old regions: 88->88
[2022-11-30T16:13:22.415+0100][gc,heap       ] GC(129) Humongous regions: 129->129
[2022-11-30T16:13:22.415+0100][gc,metaspace  ] GC(129) Metaspace: 45837K(49024K)->45837K(49024K) NonClass: 39969K(41728K)->39969K(41728K) Class: 5868K(7296K)->5868K(7296K)
[2022-11-30T16:13:22.415+0100][gc            ] GC(129) Pause Young (Normal) (G1 Evacuation Pause) 282M->220M(1024M) 15,521ms
[2022-11-30T16:13:22.415+0100][gc,cpu        ] GC(129) User=0,02s Sys=0,00s Real=0,01s
[2022-11-30T16:13:47.956+0100][gc,start      ] GC(130) Pause Young (Normal) (G1 Evacuation Pause)
[2022-11-30T16:13:47.956+0100][gc,task       ] GC(130) Using 4 workers of 4 for evacuation
[2022-11-30T16:13:47.966+0100][gc,phases     ] GC(130)   Pre Evacuate Collection Set: 0,0ms
[2022-11-30T16:13:47.966+0100][gc,phases     ] GC(130)   Evacuate Collection Set: 9,6ms
[2022-11-30T16:13:47.966+0100][gc,phases     ] GC(130)   Post Evacuate Collection Set: 0,6ms
[2022-11-30T16:13:47.966+0100][gc,phases     ] GC(130)   Other: 0,3ms
[2022-11-30T16:13:47.966+0100][gc,heap       ] GC(130) Eden regions: 64->0(69)
[2022-11-30T16:13:47.966+0100][gc,heap       ] GC(130) Survivor regions: 5->5(9)
[2022-11-30T16:13:47.966+0100][gc,heap       ] GC(130) Old regions: 88->88
[2022-11-30T16:13:47.966+0100][gc,heap       ] GC(130) Humongous regions: 129->129
[2022-11-30T16:13:47.966+0100][gc,metaspace  ] GC(130) Metaspace: 45844K(49024K)->45844K(49024K) NonClass: 39976K(41728K)->39976K(41728K) Class: 5868K(7296K)->5868K(7296K)
[2022-11-30T16:13:47.966+0100][gc            ] GC(130) Pause Young (Normal) (G1 Evacuation Pause) 284M->220M(1024M) 10,659ms
[2022-11-30T16:13:47.967+0100][gc,cpu        ] GC(130) User=0,03s Sys=0,00s Real=0,02s
[2022-11-30T16:14:15.305+0100][gc,start      ] GC(131) Pause Young (Normal) (G1 Evacuation Pause)
[2022-11-30T16:14:15.305+0100][gc,task       ] GC(131) Using 4 workers of 4 for evacuation
[2022-11-30T16:14:15.315+0100][gc,phases     ] GC(131)   Pre Evacuate Collection Set: 0,0ms
[2022-11-30T16:14:15.315+0100][gc,phases     ] GC(131)   Evacuate Collection Set: 9,2ms
[2022-11-30T16:14:15.315+0100][gc,phases     ] GC(131)   Post Evacuate Collection Set: 0,5ms
[2022-11-30T16:14:15.315+0100][gc,phases     ] GC(131)   Other: 0,2ms
[2022-11-30T16:14:15.315+0100][gc,heap       ] GC(131) Eden regions: 69->0(73)
[2022-11-30T16:14:15.315+0100][gc,heap       ] GC(131) Survivor regions: 5->6(10)
[2022-11-30T16:14:15.315+0100][gc,heap       ] GC(131) Old regions: 88->88
[2022-11-30T16:14:15.315+0100][gc,heap       ] GC(131) Humongous regions: 129->129
[2022-11-30T16:14:15.315+0100][gc,metaspace  ] GC(131) Metaspace: 45844K(49024K)->45844K(49024K) NonClass: 39976K(41728K)->39976K(41728K) Class: 5868K(7296K)->5868K(7296K)
[2022-11-30T16:14:15.315+0100][gc            ] GC(131) Pause Young (Normal) (G1 Evacuation Pause) 289M->220M(1024M) 10,100ms
[2022-11-30T16:14:15.315+0100][gc,cpu        ] GC(131) User=0,03s Sys=0,01s Real=0,00s
[2022-11-30T16:14:46.748+0100][gc,start      ] GC(132) Pause Young (Normal) (G1 Evacuation Pause)
[2022-11-30T16:14:46.748+0100][gc,task       ] GC(132) Using 4 workers of 4 for evacuation
[2022-11-30T16:14:46.764+0100][gc,phases     ] GC(132)   Pre Evacuate Collection Set: 0,0ms
[2022-11-30T16:14:46.764+0100][gc,phases     ] GC(132)   Evacuate Collection Set: 13,9ms
[2022-11-30T16:14:46.764+0100][gc,phases     ] GC(132)   Post Evacuate Collection Set: 1,7ms
[2022-11-30T16:14:46.764+0100][gc,phases     ] GC(132)   Other: 0,3ms
[2022-11-30T16:14:46.764+0100][gc,heap       ] GC(132) Eden regions: 73->0(75)
[2022-11-30T16:14:46.764+0100][gc,heap       ] GC(132) Survivor regions: 6->6(10)
[2022-11-30T16:14:46.764+0100][gc,heap       ] GC(132) Old regions: 88->89
[2022-11-30T16:14:46.764+0100][gc,heap       ] GC(132) Humongous regions: 129->129
[2022-11-30T16:14:46.764+0100][gc,metaspace  ] GC(132) Metaspace: 45844K(49024K)->45844K(49024K) NonClass: 39976K(41728K)->39976K(41728K) Class: 5868K(7296K)->5868K(7296K)
[2022-11-30T16:14:46.764+0100][gc            ] GC(132) Pause Young (Normal) (G1 Evacuation Pause) 293M->221M(1024M) 16,017ms
[2022-11-30T16:14:46.764+0100][gc,cpu        ] GC(132) User=0,03s Sys=0,00s Real=0,02s
[2022-11-30T16:15:12.362+0100][gc,start      ] GC(133) Pause Young (Normal) (G1 Evacuation Pause)
[2022-11-30T16:15:12.362+0100][gc,task       ] GC(133) Using 4 workers of 4 for evacuation
[2022-11-30T16:15:12.371+0100][gc,phases     ] GC(133)   Pre Evacuate Collection Set: 0,0ms
[2022-11-30T16:15:12.371+0100][gc,phases     ] GC(133)   Evacuate Collection Set: 8,4ms
[2022-11-30T16:15:12.371+0100][gc,phases     ] GC(133)   Post Evacuate Collection Set: 0,4ms
[2022-11-30T16:15:12.371+0100][gc,phases     ] GC(133)   Other: 0,2ms
[2022-11-30T16:15:12.371+0100][gc,heap       ] GC(133) Eden regions: 75->0(80)
[2022-11-30T16:15:12.371+0100][gc,heap       ] GC(133) Survivor regions: 6->5(11)
[2022-11-30T16:15:12.371+0100][gc,heap       ] GC(133) Old regions: 89->89
[2022-11-30T16:15:12.371+0100][gc,heap       ] GC(133) Humongous regions: 129->129
[2022-11-30T16:15:12.371+0100][gc,metaspace  ] GC(133) Metaspace: 45844K(49024K)->45844K(49024K) NonClass: 39976K(41728K)->39976K(41728K) Class: 5868K(7296K)->5868K(7296K)
[2022-11-30T16:15:12.371+0100][gc            ] GC(133) Pause Young (Normal) (G1 Evacuation Pause) 296M->221M(1024M) 9,153ms
[2022-11-30T16:15:12.372+0100][gc,cpu        ] GC(133) User=0,03s Sys=0,01s Real=0,01s
[2022-11-30T16:15:44.134+0100][gc,start      ] GC(134) Pause Young (Normal) (G1 Evacuation Pause)
[2022-11-30T16:15:44.134+0100][gc,task       ] GC(134) Using 4 workers of 4 for evacuation
[2022-11-30T16:15:44.145+0100][gc,phases     ] GC(134)   Pre Evacuate Collection Set: 0,0ms
[2022-11-30T16:15:44.146+0100][gc,phases     ] GC(134)   Evacuate Collection Set: 11,1ms
[2022-11-30T16:15:44.146+0100][gc,phases     ] GC(134)   Post Evacuate Collection Set: 0,5ms
[2022-11-30T16:15:44.146+0100][gc,phases     ] GC(134)   Other: 0,3ms
[2022-11-30T16:15:44.146+0100][gc,heap       ] GC(134) Eden regions: 80->0(83)
[2022-11-30T16:15:44.146+0100][gc,heap       ] GC(134) Survivor regions: 5->6(11)
[2022-11-30T16:15:44.146+0100][gc,heap       ] GC(134) Old regions: 89->90
[2022-11-30T16:15:44.146+0100][gc,heap       ] GC(134) Humongous regions: 129->129
[2022-11-30T16:15:44.146+0100][gc,metaspace  ] GC(134) Metaspace: 45844K(49024K)->45844K(49024K) NonClass: 39976K(41728K)->39976K(41728K) Class: 5868K(7296K)->5868K(7296K)
[2022-11-30T16:15:44.146+0100][gc            ] GC(134) Pause Young (Normal) (G1 Evacuation Pause) 301M->222M(1024M) 12,136ms
[2022-11-30T16:15:44.146+0100][gc,cpu        ] GC(134) User=0,03s Sys=0,00s Real=0,02s
[2022-11-30T16:16:13.077+0100][gc,start      ] GC(135) Pause Young (Normal) (G1 Evacuation Pause)
[2022-11-30T16:16:13.077+0100][gc,task       ] GC(135) Using 4 workers of 4 for evacuation
[2022-11-30T16:16:13.109+0100][gc,mmu        ] GC(135) MMU target violated: 21,0ms (20,0ms/21,0ms)
[2022-11-30T16:16:13.109+0100][gc,phases     ] GC(135)   Pre Evacuate Collection Set: 0,1ms
[2022-11-30T16:16:13.109+0100][gc,phases     ] GC(135)   Evacuate Collection Set: 31,1ms
[2022-11-30T16:16:13.109+0100][gc,phases     ] GC(135)   Post Evacuate Collection Set: 0,6ms
[2022-11-30T16:16:13.109+0100][gc,phases     ] GC(135)   Other: 0,4ms
[2022-11-30T16:16:13.109+0100][gc,heap       ] GC(135) Eden regions: 83->0(74)
[2022-11-30T16:16:13.109+0100][gc,heap       ] GC(135) Survivor regions: 6->6(12)
[2022-11-30T16:16:13.109+0100][gc,heap       ] GC(135) Old regions: 90->90
[2022-11-30T16:16:13.109+0100][gc,heap       ] GC(135) Humongous regions: 129->129
[2022-11-30T16:16:13.109+0100][gc,metaspace  ] GC(135) Metaspace: 45845K(49024K)->45845K(49024K) NonClass: 39977K(41728K)->39977K(41728K) Class: 5868K(7296K)->5868K(7296K)
[2022-11-30T16:16:13.109+0100][gc            ] GC(135) Pause Young (Normal) (G1 Evacuation Pause) 305M->222M(1024M) 32,185ms
[2022-11-30T16:16:13.109+0100][gc,cpu        ] GC(135) User=0,03s Sys=0,00s Real=0,03s
[2022-11-30T16:16:34.925+0100][gc,start      ] GC(136) Pause Young (Normal) (G1 Evacuation Pause)
[2022-11-30T16:16:34.925+0100][gc,task       ] GC(136) Using 4 workers of 4 for evacuation
[2022-11-30T16:16:34.941+0100][gc,phases     ] GC(136)   Pre Evacuate Collection Set: 0,0ms
[2022-11-30T16:16:34.941+0100][gc,phases     ] GC(136)   Evacuate Collection Set: 13,6ms
[2022-11-30T16:16:34.941+0100][gc,phases     ] GC(136)   Post Evacuate Collection Set: 2,1ms
[2022-11-30T16:16:34.942+0100][gc,phases     ] GC(136)   Other: 0,3ms
[2022-11-30T16:16:34.942+0100][gc,heap       ] GC(136) Eden regions: 74->0(77)
[2022-11-30T16:16:34.942+0100][gc,heap       ] GC(136) Survivor regions: 6->6(10)
[2022-11-30T16:16:34.942+0100][gc,heap       ] GC(136) Old regions: 90->90
[2022-11-30T16:16:34.942+0100][gc,heap       ] GC(136) Humongous regions: 129->129
[2022-11-30T16:16:34.942+0100][gc,metaspace  ] GC(136) Metaspace: 45846K(49024K)->45846K(49024K) NonClass: 39978K(41728K)->39978K(41728K) Class: 5868K(7296K)->5868K(7296K)
[2022-11-30T16:16:34.942+0100][gc            ] GC(136) Pause Young (Normal) (G1 Evacuation Pause) 296M->223M(1024M) 16,380ms
[2022-11-30T16:16:34.942+0100][gc,cpu        ] GC(136) User=0,03s Sys=0,00s Real=0,01s
[2022-11-30T16:16:59.524+0100][gc,start      ] GC(137) Pause Young (Normal) (G1 Evacuation Pause)
[2022-11-30T16:16:59.524+0100][gc,task       ] GC(137) Using 4 workers of 4 for evacuation
[2022-11-30T16:16:59.541+0100][gc,phases     ] GC(137)   Pre Evacuate Collection Set: 0,0ms
[2022-11-30T16:16:59.541+0100][gc,phases     ] GC(137)   Evacuate Collection Set: 16,0ms
[2022-11-30T16:16:59.541+0100][gc,phases     ] GC(137)   Post Evacuate Collection Set: 0,4ms
[2022-11-30T16:16:59.541+0100][gc,phases     ] GC(137)   Other: 0,3ms
[2022-11-30T16:16:59.541+0100][gc,heap       ] GC(137) Eden regions: 77->0(81)
[2022-11-30T16:16:59.541+0100][gc,heap       ] GC(137) Survivor regions: 6->6(11)
[2022-11-30T16:16:59.541+0100][gc,heap       ] GC(137) Old regions: 90->91
[2022-11-30T16:16:59.541+0100][gc,heap       ] GC(137) Humongous regions: 129->129
[2022-11-30T16:16:59.541+0100][gc,metaspace  ] GC(137) Metaspace: 45846K(49024K)->45846K(49024K) NonClass: 39978K(41728K)->39978K(41728K) Class: 5868K(7296K)->5868K(7296K)
[2022-11-30T16:16:59.541+0100][gc            ] GC(137) Pause Young (Normal) (G1 Evacuation Pause) 300M->223M(1024M) 16,884ms
[2022-11-30T16:16:59.541+0100][gc,cpu        ] GC(137) User=0,03s Sys=0,00s Real=0,01s
[2022-11-30T16:17:26.000+0100][gc,start      ] GC(138) Pause Young (Normal) (G1 Evacuation Pause)
[2022-11-30T16:17:26.000+0100][gc,task       ] GC(138) Using 4 workers of 4 for evacuation
[2022-11-30T16:17:26.011+0100][gc,phases     ] GC(138)   Pre Evacuate Collection Set: 0,0ms
[2022-11-30T16:17:26.011+0100][gc,phases     ] GC(138)   Evacuate Collection Set: 11,0ms
[2022-11-30T16:17:26.011+0100][gc,phases     ] GC(138)   Post Evacuate Collection Set: 0,5ms
[2022-11-30T16:17:26.011+0100][gc,phases     ] GC(138)   Other: 0,2ms
[2022-11-30T16:17:26.011+0100][gc,heap       ] GC(138) Eden regions: 81->0(85)
[2022-11-30T16:17:26.011+0100][gc,heap       ] GC(138) Survivor regions: 6->6(11)
[2022-11-30T16:17:26.011+0100][gc,heap       ] GC(138) Old regions: 91->91
[2022-11-30T16:17:26.011+0100][gc,heap       ] GC(138) Humongous regions: 129->129
[2022-11-30T16:17:26.011+0100][gc,metaspace  ] GC(138) Metaspace: 45846K(49024K)->45846K(49024K) NonClass: 39978K(41728K)->39978K(41728K) Class: 5868K(7296K)->5868K(7296K)
[2022-11-30T16:17:26.012+0100][gc            ] GC(138) Pause Young (Normal) (G1 Evacuation Pause) 304M->223M(1024M) 11,982ms
[2022-11-30T16:17:26.012+0100][gc,cpu        ] GC(138) User=0,03s Sys=0,00s Real=0,01s
[2022-11-30T16:17:54.903+0100][gc,start      ] GC(139) Pause Young (Normal) (G1 Evacuation Pause)
[2022-11-30T16:17:54.903+0100][gc,task       ] GC(139) Using 4 workers of 4 for evacuation
[2022-11-30T16:17:54.918+0100][gc,phases     ] GC(139)   Pre Evacuate Collection Set: 0,0ms
[2022-11-30T16:17:54.918+0100][gc,phases     ] GC(139)   Evacuate Collection Set: 12,1ms
[2022-11-30T16:17:54.918+0100][gc,phases     ] GC(139)   Post Evacuate Collection Set: 2,2ms
[2022-11-30T16:17:54.918+0100][gc,phases     ] GC(139)   Other: 0,3ms
[2022-11-30T16:17:54.918+0100][gc,heap       ] GC(139) Eden regions: 85->0(88)
[2022-11-30T16:17:54.918+0100][gc,heap       ] GC(139) Survivor regions: 6->6(12)
[2022-11-30T16:17:54.918+0100][gc,heap       ] GC(139) Old regions: 91->91
[2022-11-30T16:17:54.918+0100][gc,heap       ] GC(139) Humongous regions: 129->129
[2022-11-30T16:17:54.918+0100][gc,metaspace  ] GC(139) Metaspace: 45851K(49024K)->45851K(49024K) NonClass: 39983K(41728K)->39983K(41728K) Class: 5868K(7296K)->5868K(7296K)
[2022-11-30T16:17:54.918+0100][gc            ] GC(139) Pause Young (Normal) (G1 Evacuation Pause) 308M->224M(1024M) 14,706ms
[2022-11-30T16:17:54.918+0100][gc,cpu        ] GC(139) User=0,04s Sys=0,00s Real=0,02s
[2022-11-30T16:18:25.706+0100][gc,start      ] GC(140) Pause Young (Normal) (G1 Evacuation Pause)
[2022-11-30T16:18:25.706+0100][gc,task       ] GC(140) Using 4 workers of 4 for evacuation
[2022-11-30T16:18:25.722+0100][gc,phases     ] GC(140)   Pre Evacuate Collection Set: 0,0ms
[2022-11-30T16:18:25.722+0100][gc,phases     ] GC(140)   Evacuate Collection Set: 14,3ms
[2022-11-30T16:18:25.722+0100][gc,phases     ] GC(140)   Post Evacuate Collection Set: 1,0ms
[2022-11-30T16:18:25.722+0100][gc,phases     ] GC(140)   Other: 0,3ms
[2022-11-30T16:18:25.722+0100][gc,heap       ] GC(140) Eden regions: 88->0(92)
[2022-11-30T16:18:25.722+0100][gc,heap       ] GC(140) Survivor regions: 6->7(12)
[2022-11-30T16:18:25.722+0100][gc,heap       ] GC(140) Old regions: 91->92
[2022-11-30T16:18:25.722+0100][gc,heap       ] GC(140) Humongous regions: 129->129
[2022-11-30T16:18:25.722+0100][gc,metaspace  ] GC(140) Metaspace: 45851K(49024K)->45851K(49024K) NonClass: 39983K(41728K)->39983K(41728K) Class: 5868K(7296K)->5868K(7296K)
[2022-11-30T16:18:25.722+0100][gc            ] GC(140) Pause Young (Normal) (G1 Evacuation Pause) 312M->225M(1024M) 16,002ms
[2022-11-30T16:18:25.722+0100][gc,cpu        ] GC(140) User=0,04s Sys=0,00s Real=0,01s
[2022-11-30T16:19:16.709+0100][gc,start      ] GC(141) Pause Young (Normal) (G1 Evacuation Pause)
[2022-11-30T16:19:16.709+0100][gc,task       ] GC(141) Using 4 workers of 4 for evacuation
[2022-11-30T16:19:16.771+0100][gc,mmu        ] GC(141) MMU target violated: 21,0ms (20,0ms/21,0ms)
[2022-11-30T16:19:16.771+0100][gc,phases     ] GC(141)   Pre Evacuate Collection Set: 0,0ms
[2022-11-30T16:19:16.771+0100][gc,phases     ] GC(141)   Evacuate Collection Set: 58,8ms
[2022-11-30T16:19:16.771+0100][gc,phases     ] GC(141)   Post Evacuate Collection Set: 2,9ms
[2022-11-30T16:19:16.771+0100][gc,phases     ] GC(141)   Other: 0,4ms
[2022-11-30T16:19:16.771+0100][gc,heap       ] GC(141) Eden regions: 92->0(64)
[2022-11-30T16:19:16.771+0100][gc,heap       ] GC(141) Survivor regions: 7->7(13)
[2022-11-30T16:19:16.771+0100][gc,heap       ] GC(141) Old regions: 92->92
[2022-11-30T16:19:16.771+0100][gc,heap       ] GC(141) Humongous regions: 129->129
[2022-11-30T16:19:16.771+0100][gc,metaspace  ] GC(141) Metaspace: 45854K(49024K)->45854K(49024K) NonClass: 39985K(41728K)->39985K(41728K) Class: 5868K(7296K)->5868K(7296K)
[2022-11-30T16:19:16.771+0100][gc            ] GC(141) Pause Young (Normal) (G1 Evacuation Pause) 317M->225M(1024M) 62,266ms
[2022-11-30T16:19:16.771+0100][gc,cpu        ] GC(141) User=0,03s Sys=0,00s Real=0,06s
[2022-11-30T16:19:54.789+0100][gc,start      ] GC(142) Pause Young (Normal) (G1 Evacuation Pause)
[2022-11-30T16:19:54.790+0100][gc,task       ] GC(142) Using 4 workers of 4 for evacuation
[2022-11-30T16:19:54.841+0100][gc,mmu        ] GC(142) MMU target violated: 21,0ms (20,0ms/21,0ms)
[2022-11-30T16:19:54.842+0100][gc,phases     ] GC(142)   Pre Evacuate Collection Set: 0,0ms
[2022-11-30T16:19:54.842+0100][gc,phases     ] GC(142)   Evacuate Collection Set: 49,8ms
[2022-11-30T16:19:54.842+0100][gc,phases     ] GC(142)   Post Evacuate Collection Set: 1,5ms
[2022-11-30T16:19:54.842+0100][gc,phases     ] GC(142)   Other: 1,3ms
[2022-11-30T16:19:54.842+0100][gc,heap       ] GC(142) Eden regions: 64->0(45)
[2022-11-30T16:19:54.842+0100][gc,heap       ] GC(142) Survivor regions: 7->6(9)
[2022-11-30T16:19:54.842+0100][gc,heap       ] GC(142) Old regions: 92->93
[2022-11-30T16:19:54.842+0100][gc,heap       ] GC(142) Humongous regions: 129->129
[2022-11-30T16:19:54.842+0100][gc,metaspace  ] GC(142) Metaspace: 45854K(49024K)->45854K(49024K) NonClass: 39985K(41728K)->39985K(41728K) Class: 5868K(7296K)->5868K(7296K)
[2022-11-30T16:19:54.842+0100][gc            ] GC(142) Pause Young (Normal) (G1 Evacuation Pause) 289M->225M(1024M) 52,729ms
[2022-11-30T16:19:54.842+0100][gc,cpu        ] GC(142) User=0,05s Sys=0,00s Real=0,05s
[2022-11-30T16:20:08.514+0100][gc,start      ] GC(143) Pause Young (Normal) (G1 Evacuation Pause)
[2022-11-30T16:20:08.514+0100][gc,task       ] GC(143) Using 4 workers of 4 for evacuation
[2022-11-30T16:20:08.527+0100][gc,phases     ] GC(143)   Pre Evacuate Collection Set: 0,0ms
[2022-11-30T16:20:08.527+0100][gc,phases     ] GC(143)   Evacuate Collection Set: 12,6ms
[2022-11-30T16:20:08.527+0100][gc,phases     ] GC(143)   Post Evacuate Collection Set: 0,4ms
[2022-11-30T16:20:08.527+0100][gc,phases     ] GC(143)   Other: 0,3ms
[2022-11-30T16:20:08.527+0100][gc,heap       ] GC(143) Eden regions: 45->0(56)
[2022-11-30T16:20:08.527+0100][gc,heap       ] GC(143) Survivor regions: 6->4(7)
[2022-11-30T16:20:08.527+0100][gc,heap       ] GC(143) Old regions: 93->95
[2022-11-30T16:20:08.527+0100][gc,heap       ] GC(143) Humongous regions: 129->129
[2022-11-30T16:20:08.527+0100][gc,metaspace  ] GC(143) Metaspace: 45854K(49024K)->45854K(49024K) NonClass: 39986K(41728K)->39986K(41728K) Class: 5868K(7296K)->5868K(7296K)
[2022-11-30T16:20:08.527+0100][gc            ] GC(143) Pause Young (Normal) (G1 Evacuation Pause) 270M->226M(1024M) 13,446ms
[2022-11-30T16:20:08.527+0100][gc,cpu        ] GC(143) User=0,04s Sys=0,00s Real=0,02s
[2022-11-30T16:20:25.159+0100][gc,start      ] GC(144) Pause Young (Normal) (G1 Evacuation Pause)
[2022-11-30T16:20:25.159+0100][gc,task       ] GC(144) Using 4 workers of 4 for evacuation
[2022-11-30T16:20:25.169+0100][gc,phases     ] GC(144)   Pre Evacuate Collection Set: 0,1ms
[2022-11-30T16:20:25.170+0100][gc,phases     ] GC(144)   Evacuate Collection Set: 9,7ms
[2022-11-30T16:20:25.170+0100][gc,phases     ] GC(144)   Post Evacuate Collection Set: 0,5ms
[2022-11-30T16:20:25.170+0100][gc,phases     ] GC(144)   Other: 0,2ms
[2022-11-30T16:20:25.170+0100][gc,heap       ] GC(144) Eden regions: 56->0(59)
[2022-11-30T16:20:25.170+0100][gc,heap       ] GC(144) Survivor regions: 4->5(8)
[2022-11-30T16:20:25.170+0100][gc,heap       ] GC(144) Old regions: 95->95
[2022-11-30T16:20:25.170+0100][gc,heap       ] GC(144) Humongous regions: 129->129
[2022-11-30T16:20:25.170+0100][gc,metaspace  ] GC(144) Metaspace: 45854K(49024K)->45854K(49024K) NonClass: 39986K(41728K)->39986K(41728K) Class: 5868K(7296K)->5868K(7296K)
[2022-11-30T16:20:25.170+0100][gc            ] GC(144) Pause Young (Normal) (G1 Evacuation Pause) 282M->226M(1024M) 11,175ms
[2022-11-30T16:20:25.170+0100][gc,cpu        ] GC(144) User=0,02s Sys=0,00s Real=0,01s
[2022-11-30T16:20:46.318+0100][gc,start      ] GC(145) Pause Young (Normal) (G1 Evacuation Pause)
[2022-11-30T16:20:46.318+0100][gc,task       ] GC(145) Using 4 workers of 4 for evacuation
[2022-11-30T16:20:46.338+0100][gc,phases     ] GC(145)   Pre Evacuate Collection Set: 0,0ms
[2022-11-30T16:20:46.338+0100][gc,phases     ] GC(145)   Evacuate Collection Set: 19,2ms
[2022-11-30T16:20:46.338+0100][gc,phases     ] GC(145)   Post Evacuate Collection Set: 0,4ms
[2022-11-30T16:20:46.338+0100][gc,phases     ] GC(145)   Other: 0,3ms
[2022-11-30T16:20:46.338+0100][gc,heap       ] GC(145) Eden regions: 59->0(63)
[2022-11-30T16:20:46.338+0100][gc,heap       ] GC(145) Survivor regions: 5->5(8)
[2022-11-30T16:20:46.338+0100][gc,heap       ] GC(145) Old regions: 95->95
[2022-11-30T16:20:46.338+0100][gc,heap       ] GC(145) Humongous regions: 129->129
[2022-11-30T16:20:46.338+0100][gc,metaspace  ] GC(145) Metaspace: 45854K(49024K)->45854K(49024K) NonClass: 39986K(41728K)->39986K(41728K) Class: 5868K(7296K)->5868K(7296K)
[2022-11-30T16:20:46.338+0100][gc            ] GC(145) Pause Young (Normal) (G1 Evacuation Pause) 285M->226M(1024M) 20,397ms
[2022-11-30T16:20:46.339+0100][gc,cpu        ] GC(145) User=0,04s Sys=0,00s Real=0,02s
[2022-11-30T16:21:06.969+0100][gc,start      ] GC(146) Pause Young (Normal) (G1 Evacuation Pause)
[2022-11-30T16:21:06.969+0100][gc,task       ] GC(146) Using 4 workers of 4 for evacuation
[2022-11-30T16:21:06.980+0100][gc,phases     ] GC(146)   Pre Evacuate Collection Set: 0,0ms
[2022-11-30T16:21:06.980+0100][gc,phases     ] GC(146)   Evacuate Collection Set: 10,4ms
[2022-11-30T16:21:06.980+0100][gc,phases     ] GC(146)   Post Evacuate Collection Set: 0,5ms
[2022-11-30T16:21:06.980+0100][gc,phases     ] GC(146)   Other: 0,2ms
[2022-11-30T16:21:06.980+0100][gc,heap       ] GC(146) Eden regions: 63->0(70)
[2022-11-30T16:21:06.980+0100][gc,heap       ] GC(146) Survivor regions: 5->5(9)
[2022-11-30T16:21:06.980+0100][gc,heap       ] GC(146) Old regions: 95->95
[2022-11-30T16:21:06.980+0100][gc,heap       ] GC(146) Humongous regions: 129->129
[2022-11-30T16:21:06.980+0100][gc,metaspace  ] GC(146) Metaspace: 45854K(49024K)->45854K(49024K) NonClass: 39986K(41728K)->39986K(41728K) Class: 5868K(7296K)->5868K(7296K)
[2022-11-30T16:21:06.980+0100][gc            ] GC(146) Pause Young (Normal) (G1 Evacuation Pause) 289M->226M(1024M) 11,303ms
[2022-11-30T16:21:06.980+0100][gc,cpu        ] GC(146) User=0,02s Sys=0,00s Real=0,01s
[2022-11-30T16:21:29.915+0100][gc,start      ] GC(147) Pause Young (Normal) (G1 Evacuation Pause)
[2022-11-30T16:21:29.915+0100][gc,task       ] GC(147) Using 4 workers of 4 for evacuation
[2022-11-30T16:21:29.935+0100][gc,phases     ] GC(147)   Pre Evacuate Collection Set: 0,0ms
[2022-11-30T16:21:29.935+0100][gc,phases     ] GC(147)   Evacuate Collection Set: 17,1ms
[2022-11-30T16:21:29.935+0100][gc,phases     ] GC(147)   Post Evacuate Collection Set: 2,0ms
[2022-11-30T16:21:29.935+0100][gc,phases     ] GC(147)   Other: 0,2ms
[2022-11-30T16:21:29.935+0100][gc,heap       ] GC(147) Eden regions: 70->0(73)
[2022-11-30T16:21:29.935+0100][gc,heap       ] GC(147) Survivor regions: 5->6(10)
[2022-11-30T16:21:29.935+0100][gc,heap       ] GC(147) Old regions: 95->95
[2022-11-30T16:21:29.935+0100][gc,heap       ] GC(147) Humongous regions: 129->129
[2022-11-30T16:21:29.935+0100][gc,metaspace  ] GC(147) Metaspace: 45857K(49024K)->45857K(49024K) NonClass: 39989K(41728K)->39989K(41728K) Class: 5868K(7296K)->5868K(7296K)
[2022-11-30T16:21:29.935+0100][gc            ] GC(147) Pause Young (Normal) (G1 Evacuation Pause) 296M->227M(1024M) 19,539ms
[2022-11-30T16:21:29.935+0100][gc,cpu        ] GC(147) User=0,02s Sys=0,00s Real=0,02s
[2022-11-30T16:21:55.664+0100][gc,start      ] GC(148) Pause Young (Normal) (G1 Evacuation Pause)
[2022-11-30T16:21:55.664+0100][gc,task       ] GC(148) Using 4 workers of 4 for evacuation
[2022-11-30T16:21:55.682+0100][gc,phases     ] GC(148)   Pre Evacuate Collection Set: 0,0ms
[2022-11-30T16:21:55.682+0100][gc,phases     ] GC(148)   Evacuate Collection Set: 15,2ms
[2022-11-30T16:21:55.682+0100][gc,phases     ] GC(148)   Post Evacuate Collection Set: 3,2ms
[2022-11-30T16:21:55.682+0100][gc,phases     ] GC(148)   Other: 0,3ms
[2022-11-30T16:21:55.682+0100][gc,heap       ] GC(148) Eden regions: 73->0(71)
[2022-11-30T16:21:55.682+0100][gc,heap       ] GC(148) Survivor regions: 6->6(10)
[2022-11-30T16:21:55.682+0100][gc,heap       ] GC(148) Old regions: 95->95
[2022-11-30T16:21:55.682+0100][gc,heap       ] GC(148) Humongous regions: 129->129
[2022-11-30T16:21:55.682+0100][gc,metaspace  ] GC(148) Metaspace: 45857K(49024K)->45857K(49024K) NonClass: 39989K(41728K)->39989K(41728K) Class: 5868K(7296K)->5868K(7296K)
[2022-11-30T16:21:55.683+0100][gc            ] GC(148) Pause Young (Normal) (G1 Evacuation Pause) 300M->228M(1024M) 18,873ms
[2022-11-30T16:21:55.683+0100][gc,cpu        ] GC(148) User=0,02s Sys=0,00s Real=0,02s
[2022-11-30T16:22:22.931+0100][gc,start      ] GC(149) Pause Young (Normal) (G1 Evacuation Pause)
[2022-11-30T16:22:22.931+0100][gc,task       ] GC(149) Using 4 workers of 4 for evacuation
[2022-11-30T16:22:22.949+0100][gc,phases     ] GC(149)   Pre Evacuate Collection Set: 0,0ms
[2022-11-30T16:22:22.949+0100][gc,phases     ] GC(149)   Evacuate Collection Set: 16,5ms
[2022-11-30T16:22:22.949+0100][gc,phases     ] GC(149)   Post Evacuate Collection Set: 0,5ms
[2022-11-30T16:22:22.949+0100][gc,phases     ] GC(149)   Other: 0,3ms
[2022-11-30T16:22:22.949+0100][gc,heap       ] GC(149) Eden regions: 71->0(76)
[2022-11-30T16:22:22.949+0100][gc,heap       ] GC(149) Survivor regions: 6->6(10)
[2022-11-30T16:22:22.949+0100][gc,heap       ] GC(149) Old regions: 95->95
[2022-11-30T16:22:22.949+0100][gc,heap       ] GC(149) Humongous regions: 129->129
[2022-11-30T16:22:22.949+0100][gc,metaspace  ] GC(149) Metaspace: 45857K(49024K)->45857K(49024K) NonClass: 39989K(41728K)->39989K(41728K) Class: 5868K(7296K)->5868K(7296K)
[2022-11-30T16:22:22.949+0100][gc            ] GC(149) Pause Young (Normal) (G1 Evacuation Pause) 299M->228M(1024M) 17,492ms
[2022-11-30T16:22:22.949+0100][gc,cpu        ] GC(149) User=0,03s Sys=0,00s Real=0,02s
[2022-11-30T16:22:49.132+0100][gc,start      ] GC(150) Pause Young (Normal) (G1 Evacuation Pause)
[2022-11-30T16:22:49.132+0100][gc,task       ] GC(150) Using 4 workers of 4 for evacuation
[2022-11-30T16:22:49.158+0100][gc,mmu        ] GC(150) MMU target violated: 21,0ms (20,0ms/21,0ms)
[2022-11-30T16:22:49.158+0100][gc,phases     ] GC(150)   Pre Evacuate Collection Set: 0,0ms
[2022-11-30T16:22:49.158+0100][gc,phases     ] GC(150)   Evacuate Collection Set: 25,9ms
[2022-11-30T16:22:49.158+0100][gc,phases     ] GC(150)   Post Evacuate Collection Set: 0,7ms
[2022-11-30T16:22:49.159+0100][gc,phases     ] GC(150)   Other: 0,3ms
[2022-11-30T16:22:49.159+0100][gc,heap       ] GC(150) Eden regions: 76->0(72)
[2022-11-30T16:22:49.159+0100][gc,heap       ] GC(150) Survivor regions: 6->6(11)
[2022-11-30T16:22:49.159+0100][gc,heap       ] GC(150) Old regions: 95->95
[2022-11-30T16:22:49.159+0100][gc,heap       ] GC(150) Humongous regions: 129->129
[2022-11-30T16:22:49.159+0100][gc,metaspace  ] GC(150) Metaspace: 45858K(49024K)->45858K(49024K) NonClass: 39990K(41728K)->39990K(41728K) Class: 5868K(7296K)->5868K(7296K)
[2022-11-30T16:22:49.159+0100][gc            ] GC(150) Pause Young (Normal) (G1 Evacuation Pause) 304M->228M(1024M) 27,013ms
[2022-11-30T16:22:49.159+0100][gc,cpu        ] GC(150) User=0,03s Sys=0,00s Real=0,03s
[2022-11-30T16:23:10.729+0100][gc,start      ] GC(151) Pause Young (Normal) (G1 Evacuation Pause)
[2022-11-30T16:23:10.729+0100][gc,task       ] GC(151) Using 4 workers of 4 for evacuation
[2022-11-30T16:23:10.742+0100][gc,phases     ] GC(151)   Pre Evacuate Collection Set: 0,0ms
[2022-11-30T16:23:10.742+0100][gc,phases     ] GC(151)   Evacuate Collection Set: 12,9ms
[2022-11-30T16:23:10.742+0100][gc,phases     ] GC(151)   Post Evacuate Collection Set: 0,5ms
[2022-11-30T16:23:10.742+0100][gc,phases     ] GC(151)   Other: 0,3ms
[2022-11-30T16:23:10.743+0100][gc,heap       ] GC(151) Eden regions: 72->0(75)
[2022-11-30T16:23:10.743+0100][gc,heap       ] GC(151) Survivor regions: 6->6(10)
[2022-11-30T16:23:10.743+0100][gc,heap       ] GC(151) Old regions: 95->96
[2022-11-30T16:23:10.743+0100][gc,heap       ] GC(151) Humongous regions: 129->129
[2022-11-30T16:23:10.743+0100][gc,metaspace  ] GC(151) Metaspace: 45858K(49024K)->45858K(49024K) NonClass: 39990K(41728K)->39990K(41728K) Class: 5868K(7296K)->5868K(7296K)
[2022-11-30T16:23:10.743+0100][gc            ] GC(151) Pause Young (Normal) (G1 Evacuation Pause) 300M->229M(1024M) 14,119ms
[2022-11-30T16:23:10.743+0100][gc,cpu        ] GC(151) User=0,02s Sys=0,00s Real=0,01s
[2022-11-30T16:23:38.878+0100][gc,start      ] GC(152) Pause Young (Normal) (G1 Evacuation Pause)
[2022-11-30T16:23:38.878+0100][gc,task       ] GC(152) Using 4 workers of 4 for evacuation
[2022-11-30T16:23:38.907+0100][gc,mmu        ] GC(152) MMU target violated: 21,0ms (20,0ms/21,0ms)
[2022-11-30T16:23:38.907+0100][gc,phases     ] GC(152)   Pre Evacuate Collection Set: 0,0ms
[2022-11-30T16:23:38.907+0100][gc,phases     ] GC(152)   Evacuate Collection Set: 28,6ms
[2022-11-30T16:23:38.907+0100][gc,phases     ] GC(152)   Post Evacuate Collection Set: 0,4ms
[2022-11-30T16:23:38.907+0100][gc,phases     ] GC(152)   Other: 0,3ms
[2022-11-30T16:23:38.907+0100][gc,heap       ] GC(152) Eden regions: 75->0(74)
[2022-11-30T16:23:38.907+0100][gc,heap       ] GC(152) Survivor regions: 6->6(11)
[2022-11-30T16:23:38.907+0100][gc,heap       ] GC(152) Old regions: 96->96
[2022-11-30T16:23:38.907+0100][gc,heap       ] GC(152) Humongous regions: 129->129
[2022-11-30T16:23:38.907+0100][gc,metaspace  ] GC(152) Metaspace: 45858K(49024K)->45858K(49024K) NonClass: 39990K(41728K)->39990K(41728K) Class: 5868K(7296K)->5868K(7296K)
[2022-11-30T16:23:38.907+0100][gc            ] GC(152) Pause Young (Normal) (G1 Evacuation Pause) 304M->229M(1024M) 29,535ms
[2022-11-30T16:23:38.907+0100][gc,cpu        ] GC(152) User=0,03s Sys=0,00s Real=0,03s
[2022-11-30T16:24:20.410+0100][gc,start      ] GC(153) Pause Young (Normal) (G1 Evacuation Pause)
[2022-11-30T16:24:20.410+0100][gc,task       ] GC(153) Using 4 workers of 4 for evacuation
[2022-11-30T16:24:20.438+0100][gc,mmu        ] GC(153) MMU target violated: 21,0ms (20,0ms/21,0ms)
[2022-11-30T16:24:20.438+0100][gc,phases     ] GC(153)   Pre Evacuate Collection Set: 0,0ms
[2022-11-30T16:24:20.439+0100][gc,phases     ] GC(153)   Evacuate Collection Set: 25,8ms
[2022-11-30T16:24:20.439+0100][gc,phases     ] GC(153)   Post Evacuate Collection Set: 2,3ms
[2022-11-30T16:24:20.439+0100][gc,phases     ] GC(153)   Other: 0,4ms
[2022-11-30T16:24:20.439+0100][gc,heap       ] GC(153) Eden regions: 74->0(75)
[2022-11-30T16:24:20.439+0100][gc,heap       ] GC(153) Survivor regions: 6->6(10)
[2022-11-30T16:24:20.439+0100][gc,heap       ] GC(153) Old regions: 96->97
[2022-11-30T16:24:20.439+0100][gc,heap       ] GC(153) Humongous regions: 129->129
[2022-11-30T16:24:20.439+0100][gc,metaspace  ] GC(153) Metaspace: 45858K(49024K)->45858K(49024K) NonClass: 39990K(41728K)->39990K(41728K) Class: 5868K(7296K)->5868K(7296K)
[2022-11-30T16:24:20.439+0100][gc            ] GC(153) Pause Young (Normal) (G1 Evacuation Pause) 303M->229M(1024M) 28,796ms
[2022-11-30T16:24:20.439+0100][gc,cpu        ] GC(153) User=0,04s Sys=0,00s Real=0,03s
[2022-11-30T16:24:55.852+0100][gc,start      ] GC(154) Pause Young (Normal) (G1 Evacuation Pause)
[2022-11-30T16:24:55.852+0100][gc,task       ] GC(154) Using 4 workers of 4 for evacuation
[2022-11-30T16:24:55.887+0100][gc,mmu        ] GC(154) MMU target violated: 21,0ms (20,0ms/21,0ms)
[2022-11-30T16:24:55.887+0100][gc,phases     ] GC(154)   Pre Evacuate Collection Set: 0,0ms
[2022-11-30T16:24:55.887+0100][gc,phases     ] GC(154)   Evacuate Collection Set: 34,5ms
[2022-11-30T16:24:55.887+0100][gc,phases     ] GC(154)   Post Evacuate Collection Set: 0,4ms
[2022-11-30T16:24:55.887+0100][gc,phases     ] GC(154)   Other: 0,3ms
[2022-11-30T16:24:55.887+0100][gc,heap       ] GC(154) Eden regions: 75->0(74)
[2022-11-30T16:24:55.887+0100][gc,heap       ] GC(154) Survivor regions: 6->7(11)
[2022-11-30T16:24:55.887+0100][gc,heap       ] GC(154) Old regions: 97->97
[2022-11-30T16:24:55.887+0100][gc,heap       ] GC(154) Humongous regions: 129->129
[2022-11-30T16:24:55.887+0100][gc,metaspace  ] GC(154) Metaspace: 45859K(49024K)->45859K(49024K) NonClass: 39991K(41728K)->39991K(41728K) Class: 5868K(7296K)->5868K(7296K)
[2022-11-30T16:24:55.888+0100][gc            ] GC(154) Pause Young (Normal) (G1 Evacuation Pause) 304M->230M(1024M) 35,388ms
[2022-11-30T16:24:55.888+0100][gc,cpu        ] GC(154) User=0,03s Sys=0,00s Real=0,04s
[2022-11-30T16:25:27.836+0100][gc,start      ] GC(155) Pause Young (Normal) (G1 Evacuation Pause)
[2022-11-30T16:25:27.836+0100][gc,task       ] GC(155) Using 4 workers of 4 for evacuation
[2022-11-30T16:25:27.879+0100][gc,mmu        ] GC(155) MMU target violated: 21,0ms (20,0ms/21,0ms)
[2022-11-30T16:25:27.879+0100][gc,phases     ] GC(155)   Pre Evacuate Collection Set: 0,1ms
[2022-11-30T16:25:27.879+0100][gc,phases     ] GC(155)   Evacuate Collection Set: 42,7ms
[2022-11-30T16:25:27.880+0100][gc,phases     ] GC(155)   Post Evacuate Collection Set: 0,6ms
[2022-11-30T16:25:27.880+0100][gc,phases     ] GC(155)   Other: 0,4ms
[2022-11-30T16:25:27.880+0100][gc,heap       ] GC(155) Eden regions: 74->0(44)
[2022-11-30T16:25:27.880+0100][gc,heap       ] GC(155) Survivor regions: 7->7(11)
[2022-11-30T16:25:27.880+0100][gc,heap       ] GC(155) Old regions: 97->97
[2022-11-30T16:25:27.880+0100][gc,heap       ] GC(155) Humongous regions: 129->129
[2022-11-30T16:25:27.880+0100][gc,metaspace  ] GC(155) Metaspace: 45859K(49024K)->45859K(49024K) NonClass: 39991K(41728K)->39991K(41728K) Class: 5868K(7296K)->5868K(7296K)
[2022-11-30T16:25:27.880+0100][gc            ] GC(155) Pause Young (Normal) (G1 Evacuation Pause) 304M->231M(1024M) 44,100ms
[2022-11-30T16:25:27.880+0100][gc,cpu        ] GC(155) User=0,04s Sys=0,00s Real=0,05s
[2022-11-30T16:25:47.860+0100][gc,start      ] GC(156) Pause Young (Normal) (G1 Evacuation Pause)
[2022-11-30T16:25:47.860+0100][gc,task       ] GC(156) Using 4 workers of 4 for evacuation
[2022-11-30T16:25:47.887+0100][gc,mmu        ] GC(156) MMU target violated: 21,0ms (20,0ms/21,0ms)
[2022-11-30T16:25:47.888+0100][gc,phases     ] GC(156)   Pre Evacuate Collection Set: 0,0ms
[2022-11-30T16:25:47.888+0100][gc,phases     ] GC(156)   Evacuate Collection Set: 27,0ms
[2022-11-30T16:25:47.888+0100][gc,phases     ] GC(156)   Post Evacuate Collection Set: 0,6ms
[2022-11-30T16:25:47.888+0100][gc,phases     ] GC(156)   Other: 0,3ms
[2022-11-30T16:25:47.888+0100][gc,heap       ] GC(156) Eden regions: 44->0(53)
[2022-11-30T16:25:47.888+0100][gc,heap       ] GC(156) Survivor regions: 7->4(7)
[2022-11-30T16:25:47.888+0100][gc,heap       ] GC(156) Old regions: 97->100
[2022-11-30T16:25:47.888+0100][gc,heap       ] GC(156) Humongous regions: 129->129
[2022-11-30T16:25:47.888+0100][gc,metaspace  ] GC(156) Metaspace: 45860K(49024K)->45860K(49024K) NonClass: 39992K(41728K)->39992K(41728K) Class: 5868K(7296K)->5868K(7296K)
[2022-11-30T16:25:47.888+0100][gc            ] GC(156) Pause Young (Normal) (G1 Evacuation Pause) 275M->230M(1024M) 28,036ms
[2022-11-30T16:25:47.888+0100][gc,cpu        ] GC(156) User=0,04s Sys=0,00s Real=0,03s
[2022-11-30T16:26:05.145+0100][gc,start      ] GC(157) Pause Young (Normal) (G1 Evacuation Pause)
[2022-11-30T16:26:05.145+0100][gc,task       ] GC(157) Using 4 workers of 4 for evacuation
[2022-11-30T16:26:05.163+0100][gc,phases     ] GC(157)   Pre Evacuate Collection Set: 0,1ms
[2022-11-30T16:26:05.163+0100][gc,phases     ] GC(157)   Evacuate Collection Set: 17,6ms
[2022-11-30T16:26:05.163+0100][gc,phases     ] GC(157)   Post Evacuate Collection Set: 0,6ms
[2022-11-30T16:26:05.163+0100][gc,phases     ] GC(157)   Other: 0,3ms
[2022-11-30T16:26:05.163+0100][gc,heap       ] GC(157) Eden regions: 53->0(53)
[2022-11-30T16:26:05.163+0100][gc,heap       ] GC(157) Survivor regions: 4->5(8)
[2022-11-30T16:26:05.163+0100][gc,heap       ] GC(157) Old regions: 100->100
[2022-11-30T16:26:05.164+0100][gc,heap       ] GC(157) Humongous regions: 129->129
[2022-11-30T16:26:05.164+0100][gc,metaspace  ] GC(157) Metaspace: 45860K(49024K)->45860K(49024K) NonClass: 39992K(41728K)->39992K(41728K) Class: 5868K(7296K)->5868K(7296K)
[2022-11-30T16:26:05.164+0100][gc            ] GC(157) Pause Young (Normal) (G1 Evacuation Pause) 283M->231M(1024M) 18,677ms
[2022-11-30T16:26:05.164+0100][gc,cpu        ] GC(157) User=0,03s Sys=0,00s Real=0,01s
[2022-11-30T16:26:23.279+0100][gc,start      ] GC(158) Pause Young (Normal) (G1 Evacuation Pause)
[2022-11-30T16:26:23.279+0100][gc,task       ] GC(158) Using 4 workers of 4 for evacuation
[2022-11-30T16:26:23.315+0100][gc,mmu        ] GC(158) MMU target violated: 21,0ms (20,0ms/21,0ms)
[2022-11-30T16:26:23.315+0100][gc,phases     ] GC(158)   Pre Evacuate Collection Set: 0,0ms
[2022-11-30T16:26:23.315+0100][gc,phases     ] GC(158)   Evacuate Collection Set: 35,1ms
[2022-11-30T16:26:23.315+0100][gc,phases     ] GC(158)   Post Evacuate Collection Set: 0,4ms
[2022-11-30T16:26:23.316+0100][gc,phases     ] GC(158)   Other: 0,4ms
[2022-11-30T16:26:23.316+0100][gc,heap       ] GC(158) Eden regions: 53->0(52)
[2022-11-30T16:26:23.316+0100][gc,heap       ] GC(158) Survivor regions: 5->5(8)
[2022-11-30T16:26:23.316+0100][gc,heap       ] GC(158) Old regions: 100->100
[2022-11-30T16:26:23.316+0100][gc,heap       ] GC(158) Humongous regions: 129->129
[2022-11-30T16:26:23.316+0100][gc,metaspace  ] GC(158) Metaspace: 45861K(49024K)->45861K(49024K) NonClass: 39992K(41728K)->39992K(41728K) Class: 5868K(7296K)->5868K(7296K)
[2022-11-30T16:26:23.316+0100][gc            ] GC(158) Pause Young (Normal) (G1 Evacuation Pause) 284M->231M(1024M) 36,329ms
[2022-11-30T16:26:23.316+0100][gc,cpu        ] GC(158) User=0,04s Sys=0,00s Real=0,03s
[2022-11-30T16:26:41.916+0100][gc,start      ] GC(159) Pause Young (Normal) (G1 Evacuation Pause)
[2022-11-30T16:26:41.916+0100][gc,task       ] GC(159) Using 4 workers of 4 for evacuation
[2022-11-30T16:26:41.968+0100][gc,mmu        ] GC(159) MMU target violated: 21,0ms (20,0ms/21,0ms)
[2022-11-30T16:26:41.968+0100][gc,phases     ] GC(159)   Pre Evacuate Collection Set: 0,0ms
[2022-11-30T16:26:41.968+0100][gc,phases     ] GC(159)   Evacuate Collection Set: 51,4ms
[2022-11-30T16:26:41.968+0100][gc,phases     ] GC(159)   Post Evacuate Collection Set: 0,5ms
[2022-11-30T16:26:41.968+0100][gc,phases     ] GC(159)   Other: 0,3ms
[2022-11-30T16:26:41.968+0100][gc,heap       ] GC(159) Eden regions: 49->0(46)
[2022-11-30T16:26:41.968+0100][gc,heap       ] GC(159) Survivor regions: 5->5(7)
[2022-11-30T16:26:41.968+0100][gc,heap       ] GC(159) Old regions: 100->101
[2022-11-30T16:26:41.968+0100][gc,heap       ] GC(159) Humongous regions: 129->129
[2022-11-30T16:26:41.968+0100][gc,metaspace  ] GC(159) Metaspace: 45861K(49024K)->45861K(49024K) NonClass: 39992K(41728K)->39992K(41728K) Class: 5868K(7296K)->5868K(7296K)
[2022-11-30T16:26:41.968+0100][gc            ] GC(159) Pause Young (Normal) (G1 Evacuation Pause) 280M->232M(1024M) 52,268ms
[2022-11-30T16:26:41.968+0100][gc,cpu        ] GC(159) User=0,04s Sys=0,00s Real=0,05s
[2022-11-30T16:27:05.204+0100][gc,start      ] GC(160) Pause Young (Normal) (G1 Evacuation Pause)
[2022-11-30T16:27:05.204+0100][gc,task       ] GC(160) Using 4 workers of 4 for evacuation
[2022-11-30T16:27:05.229+0100][gc,mmu        ] GC(160) MMU target violated: 21,0ms (20,0ms/21,0ms)
[2022-11-30T16:27:05.230+0100][gc,phases     ] GC(160)   Pre Evacuate Collection Set: 0,0ms
[2022-11-30T16:27:05.230+0100][gc,phases     ] GC(160)   Evacuate Collection Set: 25,1ms
[2022-11-30T16:27:05.230+0100][gc,phases     ] GC(160)   Post Evacuate Collection Set: 0,5ms
[2022-11-30T16:27:05.230+0100][gc,phases     ] GC(160)   Other: 0,4ms
[2022-11-30T16:27:05.230+0100][gc,heap       ] GC(160) Eden regions: 46->0(47)
[2022-11-30T16:27:05.230+0100][gc,heap       ] GC(160) Survivor regions: 5->4(7)
[2022-11-30T16:27:05.230+0100][gc,heap       ] GC(160) Old regions: 101->101
[2022-11-30T16:27:05.230+0100][gc,heap       ] GC(160) Humongous regions: 129->129
[2022-11-30T16:27:05.230+0100][gc,metaspace  ] GC(160) Metaspace: 45861K(49024K)->45861K(49024K) NonClass: 39992K(41728K)->39992K(41728K) Class: 5868K(7296K)->5868K(7296K)
[2022-11-30T16:27:05.230+0100][gc            ] GC(160) Pause Young (Normal) (G1 Evacuation Pause) 278M->232M(1024M) 26,283ms
[2022-11-30T16:27:05.230+0100][gc,cpu        ] GC(160) User=0,03s Sys=0,00s Real=0,03s
[2022-11-30T16:27:27.142+0100][gc,start      ] GC(161) Pause Young (Normal) (G1 Evacuation Pause)
[2022-11-30T16:27:27.142+0100][gc,task       ] GC(161) Using 4 workers of 4 for evacuation
[2022-11-30T16:27:27.194+0100][gc,mmu        ] GC(161) MMU target violated: 21,0ms (20,0ms/21,0ms)
[2022-11-30T16:27:27.194+0100][gc,phases     ] GC(161)   Pre Evacuate Collection Set: 0,0ms
[2022-11-30T16:27:27.194+0100][gc,phases     ] GC(161)   Evacuate Collection Set: 51,1ms
[2022-11-30T16:27:27.194+0100][gc,phases     ] GC(161)   Post Evacuate Collection Set: 0,5ms
[2022-11-30T16:27:27.194+0100][gc,phases     ] GC(161)   Other: 0,3ms
[2022-11-30T16:27:27.194+0100][gc,heap       ] GC(161) Eden regions: 47->0(47)
[2022-11-30T16:27:27.194+0100][gc,heap       ] GC(161) Survivor regions: 4->4(7)
[2022-11-30T16:27:27.194+0100][gc,heap       ] GC(161) Old regions: 101->102
[2022-11-30T16:27:27.194+0100][gc,heap       ] GC(161) Humongous regions: 129->129
[2022-11-30T16:27:27.194+0100][gc,metaspace  ] GC(161) Metaspace: 45861K(49024K)->45861K(49024K) NonClass: 39992K(41728K)->39992K(41728K) Class: 5868K(7296K)->5868K(7296K)
[2022-11-30T16:27:27.194+0100][gc            ] GC(161) Pause Young (Normal) (G1 Evacuation Pause) 279M->232M(1024M) 52,050ms
[2022-11-30T16:27:27.194+0100][gc,cpu        ] GC(161) User=0,03s Sys=0,00s Real=0,05s
[2022-11-30T16:27:51.780+0100][gc,start      ] GC(162) Pause Young (Normal) (G1 Evacuation Pause)
[2022-11-30T16:27:51.780+0100][gc,task       ] GC(162) Using 4 workers of 4 for evacuation
[2022-11-30T16:27:51.810+0100][gc,mmu        ] GC(162) MMU target violated: 21,0ms (20,0ms/21,0ms)
[2022-11-30T16:27:51.810+0100][gc,phases     ] GC(162)   Pre Evacuate Collection Set: 0,0ms
[2022-11-30T16:27:51.810+0100][gc,phases     ] GC(162)   Evacuate Collection Set: 29,0ms
[2022-11-30T16:27:51.810+0100][gc,phases     ] GC(162)   Post Evacuate Collection Set: 0,7ms
[2022-11-30T16:27:51.810+0100][gc,phases     ] GC(162)   Other: 0,4ms
[2022-11-30T16:27:51.810+0100][gc,heap       ] GC(162) Eden regions: 47->0(47)
[2022-11-30T16:27:51.810+0100][gc,heap       ] GC(162) Survivor regions: 4->4(7)
[2022-11-30T16:27:51.810+0100][gc,heap       ] GC(162) Old regions: 102->102
[2022-11-30T16:27:51.810+0100][gc,heap       ] GC(162) Humongous regions: 129->129
[2022-11-30T16:27:51.810+0100][gc,metaspace  ] GC(162) Metaspace: 45861K(49024K)->45861K(49024K) NonClass: 39992K(41728K)->39992K(41728K) Class: 5868K(7296K)->5868K(7296K)
[2022-11-30T16:27:51.810+0100][gc            ] GC(162) Pause Young (Normal) (G1 Evacuation Pause) 279M->233M(1024M) 30,218ms
[2022-11-30T16:27:51.810+0100][gc,cpu        ] GC(162) User=0,04s Sys=0,00s Real=0,03s
[2022-11-30T16:28:05.055+0100][gc,start      ] GC(163) Pause Young (Normal) (G1 Evacuation Pause)
[2022-11-30T16:28:05.055+0100][gc,task       ] GC(163) Using 4 workers of 4 for evacuation
[2022-11-30T16:28:05.073+0100][gc,phases     ] GC(163)   Pre Evacuate Collection Set: 0,0ms
[2022-11-30T16:28:05.074+0100][gc,phases     ] GC(163)   Evacuate Collection Set: 16,8ms
[2022-11-30T16:28:05.074+0100][gc,phases     ] GC(163)   Post Evacuate Collection Set: 1,0ms
[2022-11-30T16:28:05.074+0100][gc,phases     ] GC(163)   Other: 0,3ms
[2022-11-30T16:28:05.074+0100][gc,heap       ] GC(163) Eden regions: 47->0(47)
[2022-11-30T16:28:05.074+0100][gc,heap       ] GC(163) Survivor regions: 4->4(7)
[2022-11-30T16:28:05.074+0100][gc,heap       ] GC(163) Old regions: 102->103
[2022-11-30T16:28:05.074+0100][gc,heap       ] GC(163) Humongous regions: 129->129
[2022-11-30T16:28:05.074+0100][gc,metaspace  ] GC(163) Metaspace: 45861K(49024K)->45861K(49024K) NonClass: 39992K(41728K)->39992K(41728K) Class: 5868K(7296K)->5868K(7296K)
[2022-11-30T16:28:05.074+0100][gc            ] GC(163) Pause Young (Normal) (G1 Evacuation Pause) 280M->233M(1024M) 18,896ms
[2022-11-30T16:28:05.074+0100][gc,cpu        ] GC(163) User=0,03s Sys=0,00s Real=0,02s
[2022-11-30T16:28:18.921+0100][gc,start      ] GC(164) Pause Young (Normal) (G1 Evacuation Pause)
[2022-11-30T16:28:18.921+0100][gc,task       ] GC(164) Using 4 workers of 4 for evacuation
[2022-11-30T16:28:18.941+0100][gc,phases     ] GC(164)   Pre Evacuate Collection Set: 0,0ms
[2022-11-30T16:28:18.941+0100][gc,phases     ] GC(164)   Evacuate Collection Set: 18,8ms
[2022-11-30T16:28:18.941+0100][gc,phases     ] GC(164)   Post Evacuate Collection Set: 0,5ms
[2022-11-30T16:28:18.941+0100][gc,phases     ] GC(164)   Other: 0,2ms
[2022-11-30T16:28:18.941+0100][gc,heap       ] GC(164) Eden regions: 47->0(47)
[2022-11-30T16:28:18.941+0100][gc,heap       ] GC(164) Survivor regions: 4->4(7)
[2022-11-30T16:28:18.941+0100][gc,heap       ] GC(164) Old regions: 103->103
[2022-11-30T16:28:18.941+0100][gc,heap       ] GC(164) Humongous regions: 129->129
[2022-11-30T16:28:18.941+0100][gc,metaspace  ] GC(164) Metaspace: 45861K(49024K)->45861K(49024K) NonClass: 39992K(41728K)->39992K(41728K) Class: 5868K(7296K)->5868K(7296K)
[2022-11-30T16:28:18.941+0100][gc            ] GC(164) Pause Young (Normal) (G1 Evacuation Pause) 280M->233M(1024M) 19,794ms
[2022-11-30T16:28:18.941+0100][gc,cpu        ] GC(164) User=0,03s Sys=0,00s Real=0,02s
[2022-11-30T16:28:37.725+0100][gc,start      ] GC(165) Pause Young (Normal) (G1 Evacuation Pause)
[2022-11-30T16:28:37.725+0100][gc,task       ] GC(165) Using 4 workers of 4 for evacuation
[2022-11-30T16:28:37.751+0100][gc,mmu        ] GC(165) MMU target violated: 21,0ms (20,0ms/21,0ms)
[2022-11-30T16:28:37.751+0100][gc,phases     ] GC(165)   Pre Evacuate Collection Set: 0,0ms
[2022-11-30T16:28:37.751+0100][gc,phases     ] GC(165)   Evacuate Collection Set: 25,1ms
[2022-11-30T16:28:37.751+0100][gc,phases     ] GC(165)   Post Evacuate Collection Set: 0,4ms
[2022-11-30T16:28:37.751+0100][gc,phases     ] GC(165)   Other: 0,3ms
[2022-11-30T16:28:37.751+0100][gc,heap       ] GC(165) Eden regions: 47->0(47)
[2022-11-30T16:28:37.751+0100][gc,heap       ] GC(165) Survivor regions: 4->4(7)
[2022-11-30T16:28:37.751+0100][gc,heap       ] GC(165) Old regions: 103->103
[2022-11-30T16:28:37.751+0100][gc,heap       ] GC(165) Humongous regions: 129->129
[2022-11-30T16:28:37.751+0100][gc,metaspace  ] GC(165) Metaspace: 45861K(49024K)->45861K(49024K) NonClass: 39992K(41728K)->39992K(41728K) Class: 5868K(7296K)->5868K(7296K)
[2022-11-30T16:28:37.751+0100][gc            ] GC(165) Pause Young (Normal) (G1 Evacuation Pause) 280M->234M(1024M) 26,029ms
[2022-11-30T16:28:37.752+0100][gc,cpu        ] GC(165) User=0,03s Sys=0,00s Real=0,02s
[2022-11-30T16:28:50.575+0100][gc,start      ] GC(166) Pause Young (Normal) (G1 Evacuation Pause)
[2022-11-30T16:28:50.575+0100][gc,task       ] GC(166) Using 4 workers of 4 for evacuation
[2022-11-30T16:28:50.585+0100][gc,phases     ] GC(166)   Pre Evacuate Collection Set: 0,0ms
[2022-11-30T16:28:50.585+0100][gc,phases     ] GC(166)   Evacuate Collection Set: 8,4ms
[2022-11-30T16:28:50.585+0100][gc,phases     ] GC(166)   Post Evacuate Collection Set: 0,6ms
[2022-11-30T16:28:50.585+0100][gc,phases     ] GC(166)   Other: 0,3ms
[2022-11-30T16:28:50.585+0100][gc,heap       ] GC(166) Eden regions: 47->0(49)
[2022-11-30T16:28:50.585+0100][gc,heap       ] GC(166) Survivor regions: 4->4(7)
[2022-11-30T16:28:50.585+0100][gc,heap       ] GC(166) Old regions: 103->103
[2022-11-30T16:28:50.585+0100][gc,heap       ] GC(166) Humongous regions: 129->129
[2022-11-30T16:28:50.585+0100][gc,metaspace  ] GC(166) Metaspace: 45861K(49024K)->45861K(49024K) NonClass: 39992K(41728K)->39992K(41728K) Class: 5868K(7296K)->5868K(7296K)
[2022-11-30T16:28:50.585+0100][gc            ] GC(166) Pause Young (Normal) (G1 Evacuation Pause) 281M->234M(1024M) 9,493ms
[2022-11-30T16:28:50.585+0100][gc,cpu        ] GC(166) User=0,03s Sys=0,00s Real=0,02s
[2022-11-30T16:29:07.777+0100][gc,start      ] GC(167) Pause Young (Normal) (G1 Evacuation Pause)
[2022-11-30T16:29:07.777+0100][gc,task       ] GC(167) Using 4 workers of 4 for evacuation
[2022-11-30T16:29:07.793+0100][gc,phases     ] GC(167)   Pre Evacuate Collection Set: 0,0ms
[2022-11-30T16:29:07.793+0100][gc,phases     ] GC(167)   Evacuate Collection Set: 15,2ms
[2022-11-30T16:29:07.793+0100][gc,phases     ] GC(167)   Post Evacuate Collection Set: 0,4ms
[2022-11-30T16:29:07.793+0100][gc,phases     ] GC(167)   Other: 0,3ms
[2022-11-30T16:29:07.793+0100][gc,heap       ] GC(167) Eden regions: 49->0(50)
[2022-11-30T16:29:07.793+0100][gc,heap       ] GC(167) Survivor regions: 4->4(7)
[2022-11-30T16:29:07.793+0100][gc,heap       ] GC(167) Old regions: 103->104
[2022-11-30T16:29:07.793+0100][gc,heap       ] GC(167) Humongous regions: 129->129
[2022-11-30T16:29:07.793+0100][gc,metaspace  ] GC(167) Metaspace: 45861K(49024K)->45861K(49024K) NonClass: 39992K(41728K)->39992K(41728K) Class: 5868K(7296K)->5868K(7296K)
[2022-11-30T16:29:07.793+0100][gc            ] GC(167) Pause Young (Normal) (G1 Evacuation Pause) 283M->234M(1024M) 16,088ms
[2022-11-30T16:29:07.793+0100][gc,cpu        ] GC(167) User=0,03s Sys=0,00s Real=0,01s
[2022-11-30T16:29:23.285+0100][gc,start      ] GC(168) Pause Young (Normal) (G1 Evacuation Pause)
[2022-11-30T16:29:23.285+0100][gc,task       ] GC(168) Using 4 workers of 4 for evacuation
[2022-11-30T16:29:23.322+0100][gc,mmu        ] GC(168) MMU target violated: 21,0ms (20,0ms/21,0ms)
[2022-11-30T16:29:23.322+0100][gc,phases     ] GC(168)   Pre Evacuate Collection Set: 0,0ms
[2022-11-30T16:29:23.322+0100][gc,phases     ] GC(168)   Evacuate Collection Set: 36,6ms
[2022-11-30T16:29:23.322+0100][gc,phases     ] GC(168)   Post Evacuate Collection Set: 0,4ms
[2022-11-30T16:29:23.322+0100][gc,phases     ] GC(168)   Other: 0,3ms
[2022-11-30T16:29:23.322+0100][gc,heap       ] GC(168) Eden regions: 50->0(49)
[2022-11-30T16:29:23.322+0100][gc,heap       ] GC(168) Survivor regions: 4->4(7)
[2022-11-30T16:29:23.322+0100][gc,heap       ] GC(168) Old regions: 104->104
[2022-11-30T16:29:23.322+0100][gc,heap       ] GC(168) Humongous regions: 129->129
[2022-11-30T16:29:23.322+0100][gc,metaspace  ] GC(168) Metaspace: 45861K(49024K)->45861K(49024K) NonClass: 39992K(41728K)->39992K(41728K) Class: 5868K(7296K)->5868K(7296K)
[2022-11-30T16:29:23.322+0100][gc            ] GC(168) Pause Young (Normal) (G1 Evacuation Pause) 284M->235M(1024M) 37,352ms
[2022-11-30T16:29:23.322+0100][gc,cpu        ] GC(168) User=0,03s Sys=0,00s Real=0,03s
[2022-11-30T16:29:40.793+0100][gc,start      ] GC(169) Pause Young (Normal) (G1 Evacuation Pause)
[2022-11-30T16:29:40.793+0100][gc,task       ] GC(169) Using 4 workers of 4 for evacuation
[2022-11-30T16:29:40.826+0100][gc,mmu        ] GC(169) MMU target violated: 21,0ms (20,0ms/21,0ms)
[2022-11-30T16:29:40.826+0100][gc,phases     ] GC(169)   Pre Evacuate Collection Set: 0,0ms
[2022-11-30T16:29:40.826+0100][gc,phases     ] GC(169)   Evacuate Collection Set: 19,5ms
[2022-11-30T16:29:40.826+0100][gc,phases     ] GC(169)   Post Evacuate Collection Set: 12,6ms
[2022-11-30T16:29:40.826+0100][gc,phases     ] GC(169)   Other: 0,3ms
[2022-11-30T16:29:40.826+0100][gc,heap       ] GC(169) Eden regions: 49->0(47)
[2022-11-30T16:29:40.826+0100][gc,heap       ] GC(169) Survivor regions: 4->4(7)
[2022-11-30T16:29:40.826+0100][gc,heap       ] GC(169) Old regions: 104->105
[2022-11-30T16:29:40.826+0100][gc,heap       ] GC(169) Humongous regions: 129->129
[2022-11-30T16:29:40.826+0100][gc,metaspace  ] GC(169) Metaspace: 45861K(49024K)->45861K(49024K) NonClass: 39992K(41728K)->39992K(41728K) Class: 5868K(7296K)->5868K(7296K)
[2022-11-30T16:29:40.826+0100][gc            ] GC(169) Pause Young (Normal) (G1 Evacuation Pause) 284M->235M(1024M) 32,520ms
[2022-11-30T16:29:40.826+0100][gc,cpu        ] GC(169) User=0,03s Sys=0,00s Real=0,04s
[2022-11-30T16:29:58.538+0100][gc,start      ] GC(170) Pause Young (Normal) (G1 Evacuation Pause)
[2022-11-30T16:29:58.538+0100][gc,task       ] GC(170) Using 4 workers of 4 for evacuation
[2022-11-30T16:29:58.561+0100][gc,mmu        ] GC(170) MMU target violated: 21,0ms (20,0ms/21,0ms)
[2022-11-30T16:29:58.561+0100][gc,phases     ] GC(170)   Pre Evacuate Collection Set: 0,0ms
[2022-11-30T16:29:58.561+0100][gc,phases     ] GC(170)   Evacuate Collection Set: 22,1ms
[2022-11-30T16:29:58.561+0100][gc,phases     ] GC(170)   Post Evacuate Collection Set: 0,6ms
[2022-11-30T16:29:58.561+0100][gc,phases     ] GC(170)   Other: 0,3ms
[2022-11-30T16:29:58.561+0100][gc,heap       ] GC(170) Eden regions: 47->0(47)
[2022-11-30T16:29:58.561+0100][gc,heap       ] GC(170) Survivor regions: 4->4(7)
[2022-11-30T16:29:58.561+0100][gc,heap       ] GC(170) Old regions: 105->105
[2022-11-30T16:29:58.561+0100][gc,heap       ] GC(170) Humongous regions: 129->129
[2022-11-30T16:29:58.561+0100][gc,metaspace  ] GC(170) Metaspace: 45861K(49024K)->45861K(49024K) NonClass: 39992K(41728K)->39992K(41728K) Class: 5868K(7296K)->5868K(7296K)
[2022-11-30T16:29:58.561+0100][gc            ] GC(170) Pause Young (Normal) (G1 Evacuation Pause) 282M->236M(1024M) 23,167ms
[2022-11-30T16:29:58.561+0100][gc,cpu        ] GC(170) User=0,03s Sys=0,00s Real=0,02s
[2022-11-30T16:30:15.005+0100][gc,start      ] GC(171) Pause Young (Normal) (G1 Evacuation Pause)
[2022-11-30T16:30:15.005+0100][gc,task       ] GC(171) Using 4 workers of 4 for evacuation
[2022-11-30T16:30:15.016+0100][gc,phases     ] GC(171)   Pre Evacuate Collection Set: 0,0ms
[2022-11-30T16:30:15.016+0100][gc,phases     ] GC(171)   Evacuate Collection Set: 10,8ms
[2022-11-30T16:30:15.016+0100][gc,phases     ] GC(171)   Post Evacuate Collection Set: 0,5ms
[2022-11-30T16:30:15.016+0100][gc,phases     ] GC(171)   Other: 0,3ms
[2022-11-30T16:30:15.016+0100][gc,heap       ] GC(171) Eden regions: 47->0(49)
[2022-11-30T16:30:15.016+0100][gc,heap       ] GC(171) Survivor regions: 4->4(7)
[2022-11-30T16:30:15.016+0100][gc,heap       ] GC(171) Old regions: 105->105
[2022-11-30T16:30:15.016+0100][gc,heap       ] GC(171) Humongous regions: 129->129
[2022-11-30T16:30:15.016+0100][gc,metaspace  ] GC(171) Metaspace: 45861K(49024K)->45861K(49024K) NonClass: 39992K(41728K)->39992K(41728K) Class: 5868K(7296K)->5868K(7296K)
[2022-11-30T16:30:15.016+0100][gc            ] GC(171) Pause Young (Normal) (G1 Evacuation Pause) 283M->236M(1024M) 11,826ms
[2022-11-30T16:30:15.016+0100][gc,cpu        ] GC(171) User=0,02s Sys=0,00s Real=0,01s
[2022-11-30T16:30:33.595+0100][gc,start      ] GC(172) Pause Young (Normal) (G1 Evacuation Pause)
[2022-11-30T16:30:33.595+0100][gc,task       ] GC(172) Using 4 workers of 4 for evacuation
[2022-11-30T16:30:33.626+0100][gc,mmu        ] GC(172) MMU target violated: 21,0ms (20,0ms/21,0ms)
[2022-11-30T16:30:33.626+0100][gc,phases     ] GC(172)   Pre Evacuate Collection Set: 0,0ms
[2022-11-30T16:30:33.626+0100][gc,phases     ] GC(172)   Evacuate Collection Set: 30,0ms
[2022-11-30T16:30:33.626+0100][gc,phases     ] GC(172)   Post Evacuate Collection Set: 0,4ms
[2022-11-30T16:30:33.626+0100][gc,phases     ] GC(172)   Other: 0,3ms
[2022-11-30T16:30:33.626+0100][gc,heap       ] GC(172) Eden regions: 49->0(49)
[2022-11-30T16:30:33.626+0100][gc,heap       ] GC(172) Survivor regions: 4->4(7)
[2022-11-30T16:30:33.626+0100][gc,heap       ] GC(172) Old regions: 105->106
[2022-11-30T16:30:33.626+0100][gc,heap       ] GC(172) Humongous regions: 129->129
[2022-11-30T16:30:33.626+0100][gc,metaspace  ] GC(172) Metaspace: 45861K(49024K)->45861K(49024K) NonClass: 39992K(41728K)->39992K(41728K) Class: 5868K(7296K)->5868K(7296K)
[2022-11-30T16:30:33.626+0100][gc            ] GC(172) Pause Young (Normal) (G1 Evacuation Pause) 285M->236M(1024M) 30,931ms
[2022-11-30T16:30:33.626+0100][gc,cpu        ] GC(172) User=0,03s Sys=0,00s Real=0,04s
[2022-11-30T16:30:49.362+0100][gc,start      ] GC(173) Pause Young (Normal) (G1 Evacuation Pause)
[2022-11-30T16:30:49.362+0100][gc,task       ] GC(173) Using 4 workers of 4 for evacuation
[2022-11-30T16:30:49.404+0100][gc,mmu        ] GC(173) MMU target violated: 21,0ms (20,0ms/21,0ms)
[2022-11-30T16:30:49.405+0100][gc,phases     ] GC(173)   Pre Evacuate Collection Set: 0,0ms
[2022-11-30T16:30:49.405+0100][gc,phases     ] GC(173)   Evacuate Collection Set: 41,7ms
[2022-11-30T16:30:49.405+0100][gc,phases     ] GC(173)   Post Evacuate Collection Set: 0,4ms
[2022-11-30T16:30:49.405+0100][gc,phases     ] GC(173)   Other: 0,3ms
[2022-11-30T16:30:49.405+0100][gc,heap       ] GC(173) Eden regions: 49->0(47)
[2022-11-30T16:30:49.405+0100][gc,heap       ] GC(173) Survivor regions: 4->5(7)
[2022-11-30T16:30:49.405+0100][gc,heap       ] GC(173) Old regions: 106->106
[2022-11-30T16:30:49.405+0100][gc,heap       ] GC(173) Humongous regions: 129->129
[2022-11-30T16:30:49.405+0100][gc,metaspace  ] GC(173) Metaspace: 45861K(49024K)->45861K(49024K) NonClass: 39992K(41728K)->39992K(41728K) Class: 5868K(7296K)->5868K(7296K)
[2022-11-30T16:30:49.405+0100][gc            ] GC(173) Pause Young (Normal) (G1 Evacuation Pause) 285M->237M(1024M) 42,845ms
[2022-11-30T16:30:49.405+0100][gc,cpu        ] GC(173) User=0,03s Sys=0,00s Real=0,05s
[2022-11-30T16:31:06.915+0100][gc,start      ] GC(174) Pause Young (Normal) (G1 Evacuation Pause)
[2022-11-30T16:31:06.915+0100][gc,task       ] GC(174) Using 4 workers of 4 for evacuation
[2022-11-30T16:31:06.935+0100][gc,mmu        ] GC(174) MMU target violated: 20,0ms (20,0ms/21,0ms)
[2022-11-30T16:31:06.935+0100][gc,phases     ] GC(174)   Pre Evacuate Collection Set: 0,0ms
[2022-11-30T16:31:06.935+0100][gc,phases     ] GC(174)   Evacuate Collection Set: 19,4ms
[2022-11-30T16:31:06.935+0100][gc,phases     ] GC(174)   Post Evacuate Collection Set: 0,4ms
[2022-11-30T16:31:06.935+0100][gc,phases     ] GC(174)   Other: 0,4ms
[2022-11-30T16:31:06.935+0100][gc,heap       ] GC(174) Eden regions: 46->0(47)
[2022-11-30T16:31:06.935+0100][gc,heap       ] GC(174) Survivor regions: 5->4(7)
[2022-11-30T16:31:06.935+0100][gc,heap       ] GC(174) Old regions: 106->106
[2022-11-30T16:31:06.935+0100][gc,heap       ] GC(174) Humongous regions: 129->129
[2022-11-30T16:31:06.935+0100][gc,metaspace  ] GC(174) Metaspace: 45861K(49024K)->45861K(49024K) NonClass: 39992K(41728K)->39992K(41728K) Class: 5868K(7296K)->5868K(7296K)
[2022-11-30T16:31:06.935+0100][gc            ] GC(174) Pause Young (Normal) (G1 Evacuation Pause) 283M->237M(1024M) 20,643ms
[2022-11-30T16:31:06.935+0100][gc,cpu        ] GC(174) User=0,02s Sys=0,00s Real=0,02s
[2022-11-30T16:31:22.829+0100][gc,start      ] GC(175) Pause Young (Normal) (G1 Evacuation Pause)
[2022-11-30T16:31:22.830+0100][gc,task       ] GC(175) Using 4 workers of 4 for evacuation
[2022-11-30T16:31:22.839+0100][gc,phases     ] GC(175)   Pre Evacuate Collection Set: 0,0ms
[2022-11-30T16:31:22.839+0100][gc,phases     ] GC(175)   Evacuate Collection Set: 9,0ms
[2022-11-30T16:31:22.839+0100][gc,phases     ] GC(175)   Post Evacuate Collection Set: 0,5ms
[2022-11-30T16:31:22.839+0100][gc,phases     ] GC(175)   Other: 0,3ms
[2022-11-30T16:31:22.839+0100][gc,heap       ] GC(175) Eden regions: 47->0(49)
[2022-11-30T16:31:22.839+0100][gc,heap       ] GC(175) Survivor regions: 4->4(7)
[2022-11-30T16:31:22.839+0100][gc,heap       ] GC(175) Old regions: 106->106
[2022-11-30T16:31:22.839+0100][gc,heap       ] GC(175) Humongous regions: 129->129
[2022-11-30T16:31:22.839+0100][gc,metaspace  ] GC(175) Metaspace: 45861K(49024K)->45861K(49024K) NonClass: 39992K(41728K)->39992K(41728K) Class: 5868K(7296K)->5868K(7296K)
[2022-11-30T16:31:22.839+0100][gc            ] GC(175) Pause Young (Normal) (G1 Evacuation Pause) 284M->237M(1024M) 9,968ms
[2022-11-30T16:31:22.839+0100][gc,cpu        ] GC(175) User=0,02s Sys=0,00s Real=0,01s
[2022-11-30T16:31:37.170+0100][gc,start      ] GC(176) Pause Young (Normal) (G1 Evacuation Pause)
[2022-11-30T16:31:37.170+0100][gc,task       ] GC(176) Using 4 workers of 4 for evacuation
[2022-11-30T16:31:37.191+0100][gc,mmu        ] GC(176) MMU target violated: 21,0ms (20,0ms/21,0ms)
[2022-11-30T16:31:37.191+0100][gc,phases     ] GC(176)   Pre Evacuate Collection Set: 0,0ms
[2022-11-30T16:31:37.191+0100][gc,phases     ] GC(176)   Evacuate Collection Set: 20,9ms
[2022-11-30T16:31:37.191+0100][gc,phases     ] GC(176)   Post Evacuate Collection Set: 0,4ms
[2022-11-30T16:31:37.191+0100][gc,phases     ] GC(176)   Other: 0,3ms
[2022-11-30T16:31:37.191+0100][gc,heap       ] GC(176) Eden regions: 49->0(50)
[2022-11-30T16:31:37.191+0100][gc,heap       ] GC(176) Survivor regions: 4->4(7)
[2022-11-30T16:31:37.191+0100][gc,heap       ] GC(176) Old regions: 106->107
[2022-11-30T16:31:37.192+0100][gc,heap       ] GC(176) Humongous regions: 129->129
[2022-11-30T16:31:37.192+0100][gc,metaspace  ] GC(176) Metaspace: 45862K(49024K)->45862K(49024K) NonClass: 39994K(41728K)->39994K(41728K) Class: 5868K(7296K)->5868K(7296K)
[2022-11-30T16:31:37.192+0100][gc            ] GC(176) Pause Young (Normal) (G1 Evacuation Pause) 286M->237M(1024M) 21,793ms
[2022-11-30T16:31:37.192+0100][gc,cpu        ] GC(176) User=0,03s Sys=0,00s Real=0,02s
[2022-11-30T16:31:51.190+0100][gc,start      ] GC(177) Pause Young (Normal) (G1 Evacuation Pause)
[2022-11-30T16:31:51.190+0100][gc,task       ] GC(177) Using 4 workers of 4 for evacuation
[2022-11-30T16:31:51.210+0100][gc,mmu        ] GC(177) MMU target violated: 20,6ms (20,0ms/21,0ms)
[2022-11-30T16:31:51.211+0100][gc,phases     ] GC(177)   Pre Evacuate Collection Set: 0,0ms
[2022-11-30T16:31:51.211+0100][gc,phases     ] GC(177)   Evacuate Collection Set: 20,0ms
[2022-11-30T16:31:51.211+0100][gc,phases     ] GC(177)   Post Evacuate Collection Set: 0,4ms
[2022-11-30T16:31:51.211+0100][gc,phases     ] GC(177)   Other: 0,4ms
[2022-11-30T16:31:51.211+0100][gc,heap       ] GC(177) Eden regions: 49->0(52)
[2022-11-30T16:31:51.211+0100][gc,heap       ] GC(177) Survivor regions: 4->4(7)
[2022-11-30T16:31:51.211+0100][gc,heap       ] GC(177) Old regions: 107->107
[2022-11-30T16:31:51.211+0100][gc,heap       ] GC(177) Humongous regions: 129->129
[2022-11-30T16:31:51.211+0100][gc,metaspace  ] GC(177) Metaspace: 45862K(49024K)->45862K(49024K) NonClass: 39994K(41728K)->39994K(41728K) Class: 5868K(7296K)->5868K(7296K)
[2022-11-30T16:31:51.211+0100][gc            ] GC(177) Pause Young (Normal) (G1 Evacuation Pause) 286M->238M(1024M) 21,178ms
[2022-11-30T16:31:51.211+0100][gc,cpu        ] GC(177) User=0,03s Sys=0,00s Real=0,02s
[2022-11-30T16:32:05.819+0100][gc,start      ] GC(178) Pause Young (Normal) (G1 Evacuation Pause)
[2022-11-30T16:32:05.819+0100][gc,task       ] GC(178) Using 4 workers of 4 for evacuation
[2022-11-30T16:32:05.834+0100][gc,phases     ] GC(178)   Pre Evacuate Collection Set: 0,0ms
[2022-11-30T16:32:05.834+0100][gc,phases     ] GC(178)   Evacuate Collection Set: 14,7ms
[2022-11-30T16:32:05.834+0100][gc,phases     ] GC(178)   Post Evacuate Collection Set: 0,4ms
[2022-11-30T16:32:05.834+0100][gc,phases     ] GC(178)   Other: 0,3ms
[2022-11-30T16:32:05.834+0100][gc,heap       ] GC(178) Eden regions: 51->0(54)
[2022-11-30T16:32:05.834+0100][gc,heap       ] GC(178) Survivor regions: 4->4(7)
[2022-11-30T16:32:05.834+0100][gc,heap       ] GC(178) Old regions: 107->107
[2022-11-30T16:32:05.834+0100][gc,heap       ] GC(178) Humongous regions: 129->129
[2022-11-30T16:32:05.834+0100][gc,metaspace  ] GC(178) Metaspace: 45862K(49024K)->45862K(49024K) NonClass: 39994K(41728K)->39994K(41728K) Class: 5868K(7296K)->5868K(7296K)
[2022-11-30T16:32:05.834+0100][gc            ] GC(178) Pause Young (Normal) (G1 Evacuation Pause) 289M->238M(1024M) 15,871ms
[2022-11-30T16:32:05.834+0100][gc,cpu        ] GC(178) User=0,03s Sys=0,00s Real=0,01s
[2022-11-30T16:32:19.608+0100][gc,start      ] GC(179) Pause Young (Normal) (G1 Evacuation Pause)
[2022-11-30T16:32:19.608+0100][gc,task       ] GC(179) Using 4 workers of 4 for evacuation
[2022-11-30T16:32:19.621+0100][gc,phases     ] GC(179)   Pre Evacuate Collection Set: 0,0ms
[2022-11-30T16:32:19.621+0100][gc,phases     ] GC(179)   Evacuate Collection Set: 12,3ms
[2022-11-30T16:32:19.621+0100][gc,phases     ] GC(179)   Post Evacuate Collection Set: 0,6ms
[2022-11-30T16:32:19.621+0100][gc,phases     ] GC(179)   Other: 0,3ms
[2022-11-30T16:32:19.621+0100][gc,heap       ] GC(179) Eden regions: 53->0(57)
[2022-11-30T16:32:19.621+0100][gc,heap       ] GC(179) Survivor regions: 4->5(8)
[2022-11-30T16:32:19.621+0100][gc,heap       ] GC(179) Old regions: 107->107
[2022-11-30T16:32:19.621+0100][gc,heap       ] GC(179) Humongous regions: 129->129
[2022-11-30T16:32:19.622+0100][gc,metaspace  ] GC(179) Metaspace: 45862K(49024K)->45862K(49024K) NonClass: 39994K(41728K)->39994K(41728K) Class: 5868K(7296K)->5868K(7296K)
[2022-11-30T16:32:19.622+0100][gc            ] GC(179) Pause Young (Normal) (G1 Evacuation Pause) 291M->238M(1024M) 13,358ms
[2022-11-30T16:32:19.622+0100][gc,cpu        ] GC(179) User=0,02s Sys=0,00s Real=0,01s
[2022-11-30T16:32:33.697+0100][gc,start      ] GC(180) Pause Young (Normal) (G1 Evacuation Pause)
[2022-11-30T16:32:33.697+0100][gc,task       ] GC(180) Using 4 workers of 4 for evacuation
[2022-11-30T16:32:33.714+0100][gc,phases     ] GC(180)   Pre Evacuate Collection Set: 0,0ms
[2022-11-30T16:32:33.714+0100][gc,phases     ] GC(180)   Evacuate Collection Set: 15,7ms
[2022-11-30T16:32:33.714+0100][gc,phases     ] GC(180)   Post Evacuate Collection Set: 0,6ms
[2022-11-30T16:32:33.714+0100][gc,phases     ] GC(180)   Other: 0,3ms
[2022-11-30T16:32:33.714+0100][gc,heap       ] GC(180) Eden regions: 57->0(58)
[2022-11-30T16:32:33.714+0100][gc,heap       ] GC(180) Survivor regions: 5->5(8)
[2022-11-30T16:32:33.714+0100][gc,heap       ] GC(180) Old regions: 107->107
[2022-11-30T16:32:33.714+0100][gc,heap       ] GC(180) Humongous regions: 129->129
[2022-11-30T16:32:33.714+0100][gc,metaspace  ] GC(180) Metaspace: 45862K(49024K)->45862K(49024K) NonClass: 39994K(41728K)->39994K(41728K) Class: 5868K(7296K)->5868K(7296K)
[2022-11-30T16:32:33.714+0100][gc            ] GC(180) Pause Young (Normal) (G1 Evacuation Pause) 295M->239M(1024M) 16,711ms
[2022-11-30T16:32:33.714+0100][gc,cpu        ] GC(180) User=0,03s Sys=0,00s Real=0,01s
[2022-11-30T16:32:49.258+0100][gc,start      ] GC(181) Pause Young (Normal) (G1 Evacuation Pause)
[2022-11-30T16:32:49.258+0100][gc,task       ] GC(181) Using 4 workers of 4 for evacuation
[2022-11-30T16:32:49.298+0100][gc,mmu        ] GC(181) MMU target violated: 21,0ms (20,0ms/21,0ms)
[2022-11-30T16:32:49.298+0100][gc,phases     ] GC(181)   Pre Evacuate Collection Set: 0,0ms
[2022-11-30T16:32:49.298+0100][gc,phases     ] GC(181)   Evacuate Collection Set: 39,7ms
[2022-11-30T16:32:49.298+0100][gc,phases     ] GC(181)   Post Evacuate Collection Set: 0,9ms
[2022-11-30T16:32:49.299+0100][gc,phases     ] GC(181)   Other: 0,3ms
[2022-11-30T16:32:49.299+0100][gc,heap       ] GC(181) Eden regions: 56->0(51)
[2022-11-30T16:32:49.299+0100][gc,heap       ] GC(181) Survivor regions: 5->5(8)
[2022-11-30T16:32:49.299+0100][gc,heap       ] GC(181) Old regions: 107->108
[2022-11-30T16:32:49.299+0100][gc,heap       ] GC(181) Humongous regions: 129->129
[2022-11-30T16:32:49.299+0100][gc,metaspace  ] GC(181) Metaspace: 45862K(49024K)->45862K(49024K) NonClass: 39994K(41728K)->39994K(41728K) Class: 5868K(7296K)->5868K(7296K)
[2022-11-30T16:32:49.299+0100][gc            ] GC(181) Pause Young (Normal) (G1 Evacuation Pause) 295M->239M(1024M) 41,068ms
[2022-11-30T16:32:49.299+0100][gc,cpu        ] GC(181) User=0,03s Sys=0,00s Real=0,04s
[2022-11-30T16:33:02.244+0100][gc,start      ] GC(182) Pause Young (Normal) (G1 Evacuation Pause)
[2022-11-30T16:33:02.244+0100][gc,task       ] GC(182) Using 4 workers of 4 for evacuation
[2022-11-30T16:33:02.259+0100][gc,phases     ] GC(182)   Pre Evacuate Collection Set: 0,0ms
[2022-11-30T16:33:02.259+0100][gc,phases     ] GC(182)   Evacuate Collection Set: 14,0ms
[2022-11-30T16:33:02.259+0100][gc,phases     ] GC(182)   Post Evacuate Collection Set: 1,2ms
[2022-11-30T16:33:02.260+0100][gc,phases     ] GC(182)   Other: 0,3ms
[2022-11-30T16:33:02.260+0100][gc,heap       ] GC(182) Eden regions: 49->0(53)
[2022-11-30T16:33:02.260+0100][gc,heap       ] GC(182) Survivor regions: 5->4(7)
[2022-11-30T16:33:02.260+0100][gc,heap       ] GC(182) Old regions: 108->109
[2022-11-30T16:33:02.260+0100][gc,heap       ] GC(182) Humongous regions: 129->129
[2022-11-30T16:33:02.260+0100][gc,metaspace  ] GC(182) Metaspace: 45862K(49024K)->45862K(49024K) NonClass: 39994K(41728K)->39994K(41728K) Class: 5868K(7296K)->5868K(7296K)
[2022-11-30T16:33:02.260+0100][gc            ] GC(182) Pause Young (Normal) (G1 Evacuation Pause) 288M->239M(1024M) 15,643ms
[2022-11-30T16:33:02.260+0100][gc,cpu        ] GC(182) User=0,03s Sys=0,00s Real=0,01s
[2022-11-30T16:33:15.677+0100][gc,start      ] GC(183) Pause Young (Normal) (G1 Evacuation Pause)
[2022-11-30T16:33:15.677+0100][gc,task       ] GC(183) Using 4 workers of 4 for evacuation
[2022-11-30T16:33:15.708+0100][gc,mmu        ] GC(183) MMU target violated: 21,0ms (20,0ms/21,0ms)
[2022-11-30T16:33:15.708+0100][gc,phases     ] GC(183)   Pre Evacuate Collection Set: 0,0ms
[2022-11-30T16:33:15.708+0100][gc,phases     ] GC(183)   Evacuate Collection Set: 30,2ms
[2022-11-30T16:33:15.708+0100][gc,phases     ] GC(183)   Post Evacuate Collection Set: 0,5ms
[2022-11-30T16:33:15.708+0100][gc,phases     ] GC(183)   Other: 0,3ms
[2022-11-30T16:33:15.708+0100][gc,heap       ] GC(183) Eden regions: 53->0(53)
[2022-11-30T16:33:15.708+0100][gc,heap       ] GC(183) Survivor regions: 4->5(8)
[2022-11-30T16:33:15.708+0100][gc,heap       ] GC(183) Old regions: 109->109
[2022-11-30T16:33:15.708+0100][gc,heap       ] GC(183) Humongous regions: 129->129
[2022-11-30T16:33:15.708+0100][gc,metaspace  ] GC(183) Metaspace: 45862K(49024K)->45862K(49024K) NonClass: 39994K(41728K)->39994K(41728K) Class: 5868K(7296K)->5868K(7296K)
[2022-11-30T16:33:15.708+0100][gc            ] GC(183) Pause Young (Normal) (G1 Evacuation Pause) 292M->240M(1024M) 31,122ms
[2022-11-30T16:33:15.708+0100][gc,cpu        ] GC(183) User=0,03s Sys=0,00s Real=0,03s
[2022-11-30T16:33:29.378+0100][gc,start      ] GC(184) Pause Young (Normal) (G1 Evacuation Pause)
[2022-11-30T16:33:29.378+0100][gc,task       ] GC(184) Using 4 workers of 4 for evacuation
[2022-11-30T16:33:29.392+0100][gc,phases     ] GC(184)   Pre Evacuate Collection Set: 0,0ms
[2022-11-30T16:33:29.392+0100][gc,phases     ] GC(184)   Evacuate Collection Set: 13,4ms
[2022-11-30T16:33:29.392+0100][gc,phases     ] GC(184)   Post Evacuate Collection Set: 0,7ms
[2022-11-30T16:33:29.392+0100][gc,phases     ] GC(184)   Other: 0,3ms
[2022-11-30T16:33:29.393+0100][gc,heap       ] GC(184) Eden regions: 52->0(56)
[2022-11-30T16:33:29.393+0100][gc,heap       ] GC(184) Survivor regions: 5->5(8)
[2022-11-30T16:33:29.393+0100][gc,heap       ] GC(184) Old regions: 109->109
[2022-11-30T16:33:29.393+0100][gc,heap       ] GC(184) Humongous regions: 129->129
[2022-11-30T16:33:29.393+0100][gc,metaspace  ] GC(184) Metaspace: 45862K(49024K)->45862K(49024K) NonClass: 39994K(41728K)->39994K(41728K) Class: 5868K(7296K)->5868K(7296K)
[2022-11-30T16:33:29.393+0100][gc            ] GC(184) Pause Young (Normal) (G1 Evacuation Pause) 292M->240M(1024M) 14,807ms
[2022-11-30T16:33:29.393+0100][gc,cpu        ] GC(184) User=0,02s Sys=0,00s Real=0,01s
[2022-11-30T16:33:45.041+0100][gc,start      ] GC(185) Pause Young (Normal) (G1 Evacuation Pause)
[2022-11-30T16:33:45.042+0100][gc,task       ] GC(185) Using 4 workers of 4 for evacuation
[2022-11-30T16:33:45.064+0100][gc,mmu        ] GC(185) MMU target violated: 21,0ms (20,0ms/21,0ms)
[2022-11-30T16:33:45.064+0100][gc,phases     ] GC(185)   Pre Evacuate Collection Set: 0,0ms
[2022-11-30T16:33:45.064+0100][gc,phases     ] GC(185)   Evacuate Collection Set: 21,9ms
[2022-11-30T16:33:45.064+0100][gc,phases     ] GC(185)   Post Evacuate Collection Set: 0,6ms
[2022-11-30T16:33:45.065+0100][gc,phases     ] GC(185)   Other: 0,4ms
[2022-11-30T16:33:45.065+0100][gc,heap       ] GC(185) Eden regions: 54->0(56)
[2022-11-30T16:33:45.065+0100][gc,heap       ] GC(185) Survivor regions: 5->5(8)
[2022-11-30T16:33:45.065+0100][gc,heap       ] GC(185) Old regions: 109->109
[2022-11-30T16:33:45.066+0100][gc,heap       ] GC(185) Humongous regions: 129->129
[2022-11-30T16:33:45.066+0100][gc,metaspace  ] GC(185) Metaspace: 45862K(49024K)->45862K(49024K) NonClass: 39994K(41728K)->39994K(41728K) Class: 5868K(7296K)->5868K(7296K)
[2022-11-30T16:33:45.066+0100][gc            ] GC(185) Pause Young (Normal) (G1 Evacuation Pause) 294M->241M(1024M) 24,968ms
[2022-11-30T16:33:45.066+0100][gc,cpu        ] GC(185) User=0,03s Sys=0,00s Real=0,03s
[2022-11-30T16:34:02.279+0100][gc,start      ] GC(186) Pause Young (Normal) (G1 Evacuation Pause)
[2022-11-30T16:34:02.279+0100][gc,task       ] GC(186) Using 4 workers of 4 for evacuation
[2022-11-30T16:34:02.315+0100][gc,mmu        ] GC(186) MMU target violated: 21,0ms (20,0ms/21,0ms)
[2022-11-30T16:34:02.315+0100][gc,phases     ] GC(186)   Pre Evacuate Collection Set: 0,1ms
[2022-11-30T16:34:02.315+0100][gc,phases     ] GC(186)   Evacuate Collection Set: 31,8ms
[2022-11-30T16:34:02.315+0100][gc,phases     ] GC(186)   Post Evacuate Collection Set: 4,2ms
[2022-11-30T16:34:02.315+0100][gc,phases     ] GC(186)   Other: 0,4ms
[2022-11-30T16:34:02.315+0100][gc,heap       ] GC(186) Eden regions: 56->0(48)
[2022-11-30T16:34:02.315+0100][gc,heap       ] GC(186) Survivor regions: 5->5(8)
[2022-11-30T16:34:02.315+0100][gc,heap       ] GC(186) Old regions: 109->109
[2022-11-30T16:34:02.315+0100][gc,heap       ] GC(186) Humongous regions: 129->129
[2022-11-30T16:34:02.315+0100][gc,metaspace  ] GC(186) Metaspace: 45862K(49024K)->45862K(49024K) NonClass: 39994K(41728K)->39994K(41728K) Class: 5868K(7296K)->5868K(7296K)
[2022-11-30T16:34:02.315+0100][gc            ] GC(186) Pause Young (Normal) (G1 Evacuation Pause) 297M->241M(1024M) 36,476ms
[2022-11-30T16:34:02.315+0100][gc,cpu        ] GC(186) User=0,04s Sys=0,00s Real=0,03s
[2022-11-30T16:34:14.668+0100][gc,start      ] GC(187) Pause Young (Normal) (G1 Evacuation Pause)
[2022-11-30T16:34:14.668+0100][gc,task       ] GC(187) Using 4 workers of 4 for evacuation
[2022-11-30T16:34:14.701+0100][gc,mmu        ] GC(187) MMU target violated: 21,0ms (20,0ms/21,0ms)
[2022-11-30T16:34:14.701+0100][gc,phases     ] GC(187)   Pre Evacuate Collection Set: 0,0ms
[2022-11-30T16:34:14.701+0100][gc,phases     ] GC(187)   Evacuate Collection Set: 32,1ms
[2022-11-30T16:34:14.701+0100][gc,phases     ] GC(187)   Post Evacuate Collection Set: 0,5ms
[2022-11-30T16:34:14.701+0100][gc,phases     ] GC(187)   Other: 0,4ms
[2022-11-30T16:34:14.701+0100][gc,heap       ] GC(187) Eden regions: 48->0(50)
[2022-11-30T16:34:14.701+0100][gc,heap       ] GC(187) Survivor regions: 5->5(7)
[2022-11-30T16:34:14.701+0100][gc,heap       ] GC(187) Old regions: 109->110
[2022-11-30T16:34:14.701+0100][gc,heap       ] GC(187) Humongous regions: 129->129
[2022-11-30T16:34:14.701+0100][gc,metaspace  ] GC(187) Metaspace: 45862K(49024K)->45862K(49024K) NonClass: 39994K(41728K)->39994K(41728K) Class: 5868K(7296K)->5868K(7296K)
[2022-11-30T16:34:14.701+0100][gc            ] GC(187) Pause Young (Normal) (G1 Evacuation Pause) 289M->241M(1024M) 33,681ms
[2022-11-30T16:34:14.701+0100][gc,cpu        ] GC(187) User=0,05s Sys=0,00s Real=0,03s
[2022-11-30T16:34:30.988+0100][gc,start      ] GC(188) Pause Young (Normal) (G1 Evacuation Pause)
[2022-11-30T16:34:30.988+0100][gc,task       ] GC(188) Using 4 workers of 4 for evacuation
[2022-11-30T16:34:31.017+0100][gc,mmu        ] GC(188) MMU target violated: 21,0ms (20,0ms/21,0ms)
[2022-11-30T16:34:31.017+0100][gc,phases     ] GC(188)   Pre Evacuate Collection Set: 0,0ms
[2022-11-30T16:34:31.017+0100][gc,phases     ] GC(188)   Evacuate Collection Set: 28,5ms
[2022-11-30T16:34:31.017+0100][gc,phases     ] GC(188)   Post Evacuate Collection Set: 0,5ms
[2022-11-30T16:34:31.017+0100][gc,phases     ] GC(188)   Other: 0,3ms
[2022-11-30T16:34:31.017+0100][gc,heap       ] GC(188) Eden regions: 50->0(47)
[2022-11-30T16:34:31.017+0100][gc,heap       ] GC(188) Survivor regions: 5->4(7)
[2022-11-30T16:34:31.017+0100][gc,heap       ] GC(188) Old regions: 110->111
[2022-11-30T16:34:31.017+0100][gc,heap       ] GC(188) Humongous regions: 129->129
[2022-11-30T16:34:31.017+0100][gc,metaspace  ] GC(188) Metaspace: 45862K(49024K)->45862K(49024K) NonClass: 39994K(41728K)->39994K(41728K) Class: 5868K(7296K)->5868K(7296K)
[2022-11-30T16:34:31.017+0100][gc            ] GC(188) Pause Young (Normal) (G1 Evacuation Pause) 291M->241M(1024M) 29,404ms
[2022-11-30T16:34:31.017+0100][gc,cpu        ] GC(188) User=0,03s Sys=0,00s Real=0,03s
[2022-11-30T16:34:45.163+0100][gc,start      ] GC(189) Pause Young (Normal) (G1 Evacuation Pause)
[2022-11-30T16:34:45.163+0100][gc,task       ] GC(189) Using 4 workers of 4 for evacuation
[2022-11-30T16:34:45.179+0100][gc,phases     ] GC(189)   Pre Evacuate Collection Set: 0,0ms
[2022-11-30T16:34:45.179+0100][gc,phases     ] GC(189)   Evacuate Collection Set: 15,9ms
[2022-11-30T16:34:45.179+0100][gc,phases     ] GC(189)   Post Evacuate Collection Set: 0,5ms
[2022-11-30T16:34:45.179+0100][gc,phases     ] GC(189)   Other: 0,3ms
[2022-11-30T16:34:45.179+0100][gc,heap       ] GC(189) Eden regions: 47->0(49)
[2022-11-30T16:34:45.179+0100][gc,heap       ] GC(189) Survivor regions: 4->4(7)
[2022-11-30T16:34:45.179+0100][gc,heap       ] GC(189) Old regions: 111->111
[2022-11-30T16:34:45.179+0100][gc,heap       ] GC(189) Humongous regions: 129->129
[2022-11-30T16:34:45.179+0100][gc,metaspace  ] GC(189) Metaspace: 45862K(49024K)->45862K(49024K) NonClass: 39994K(41728K)->39994K(41728K) Class: 5868K(7296K)->5868K(7296K)
[2022-11-30T16:34:45.179+0100][gc            ] GC(189) Pause Young (Normal) (G1 Evacuation Pause) 288M->241M(1024M) 16,872ms
[2022-11-30T16:34:45.179+0100][gc,cpu        ] GC(189) User=0,02s Sys=0,00s Real=0,02s
[2022-11-30T16:35:00.304+0100][gc,start      ] GC(190) Pause Young (Normal) (G1 Evacuation Pause)
[2022-11-30T16:35:00.304+0100][gc,task       ] GC(190) Using 4 workers of 4 for evacuation
[2022-11-30T16:35:00.325+0100][gc,mmu        ] GC(190) MMU target violated: 21,0ms (20,0ms/21,0ms)
[2022-11-30T16:35:00.326+0100][gc,phases     ] GC(190)   Pre Evacuate Collection Set: 0,0ms
[2022-11-30T16:35:00.326+0100][gc,phases     ] GC(190)   Evacuate Collection Set: 20,6ms
[2022-11-30T16:35:00.326+0100][gc,phases     ] GC(190)   Post Evacuate Collection Set: 0,5ms
[2022-11-30T16:35:00.326+0100][gc,phases     ] GC(190)   Other: 0,3ms
[2022-11-30T16:35:00.326+0100][gc,heap       ] GC(190) Eden regions: 49->0(49)
[2022-11-30T16:35:00.326+0100][gc,heap       ] GC(190) Survivor regions: 4->4(7)
[2022-11-30T16:35:00.326+0100][gc,heap       ] GC(190) Old regions: 111->111
[2022-11-30T16:35:00.326+0100][gc,heap       ] GC(190) Humongous regions: 129->129
[2022-11-30T16:35:00.326+0100][gc,metaspace  ] GC(190) Metaspace: 45862K(49024K)->45862K(49024K) NonClass: 39994K(41728K)->39994K(41728K) Class: 5868K(7296K)->5868K(7296K)
[2022-11-30T16:35:00.326+0100][gc            ] GC(190) Pause Young (Normal) (G1 Evacuation Pause) 290M->242M(1024M) 21,876ms
[2022-11-30T16:35:00.326+0100][gc,cpu        ] GC(190) User=0,02s Sys=0,00s Real=0,02s
[2022-11-30T16:35:15.911+0100][gc,start      ] GC(191) Pause Young (Normal) (G1 Evacuation Pause)
[2022-11-30T16:35:15.911+0100][gc,task       ] GC(191) Using 4 workers of 4 for evacuation
[2022-11-30T16:35:15.932+0100][gc,mmu        ] GC(191) MMU target violated: 21,0ms (20,0ms/21,0ms)
[2022-11-30T16:35:15.932+0100][gc,phases     ] GC(191)   Pre Evacuate Collection Set: 0,0ms
[2022-11-30T16:35:15.932+0100][gc,phases     ] GC(191)   Evacuate Collection Set: 19,4ms
[2022-11-30T16:35:15.932+0100][gc,phases     ] GC(191)   Post Evacuate Collection Set: 2,0ms
[2022-11-30T16:35:15.932+0100][gc,phases     ] GC(191)   Other: 0,3ms
[2022-11-30T16:35:15.932+0100][gc,heap       ] GC(191) Eden regions: 49->0(51)
[2022-11-30T16:35:15.932+0100][gc,heap       ] GC(191) Survivor regions: 4->5(7)
[2022-11-30T16:35:15.932+0100][gc,heap       ] GC(191) Old regions: 111->111
[2022-11-30T16:35:15.932+0100][gc,heap       ] GC(191) Humongous regions: 129->129
[2022-11-30T16:35:15.932+0100][gc,metaspace  ] GC(191) Metaspace: 45862K(49024K)->45862K(49024K) NonClass: 39994K(41728K)->39994K(41728K) Class: 5868K(7296K)->5868K(7296K)
[2022-11-30T16:35:15.932+0100][gc            ] GC(191) Pause Young (Normal) (G1 Evacuation Pause) 291M->242M(1024M) 21,810ms
[2022-11-30T16:35:15.932+0100][gc,cpu        ] GC(191) User=0,03s Sys=0,00s Real=0,02s
[2022-11-30T16:35:31.004+0100][gc,start      ] GC(192) Pause Young (Normal) (G1 Evacuation Pause)
[2022-11-30T16:35:31.004+0100][gc,task       ] GC(192) Using 4 workers of 4 for evacuation
[2022-11-30T16:35:31.041+0100][gc,mmu        ] GC(192) MMU target violated: 21,0ms (20,0ms/21,0ms)
[2022-11-30T16:35:31.041+0100][gc,phases     ] GC(192)   Pre Evacuate Collection Set: 0,1ms
[2022-11-30T16:35:31.041+0100][gc,phases     ] GC(192)   Evacuate Collection Set: 36,2ms
[2022-11-30T16:35:31.041+0100][gc,phases     ] GC(192)   Post Evacuate Collection Set: 0,5ms
[2022-11-30T16:35:31.041+0100][gc,phases     ] GC(192)   Other: 0,4ms
[2022-11-30T16:35:31.041+0100][gc,heap       ] GC(192) Eden regions: 51->0(48)
[2022-11-30T16:35:31.041+0100][gc,heap       ] GC(192) Survivor regions: 5->5(7)
[2022-11-30T16:35:31.041+0100][gc,heap       ] GC(192) Old regions: 111->112
[2022-11-30T16:35:31.041+0100][gc,heap       ] GC(192) Humongous regions: 129->129
[2022-11-30T16:35:31.041+0100][gc,metaspace  ] GC(192) Metaspace: 45862K(49024K)->45862K(49024K) NonClass: 39994K(41728K)->39994K(41728K) Class: 5868K(7296K)->5868K(7296K)
[2022-11-30T16:35:31.041+0100][gc            ] GC(192) Pause Young (Normal) (G1 Evacuation Pause) 293M->242M(1024M) 37,235ms
[2022-11-30T16:35:31.041+0100][gc,cpu        ] GC(192) User=0,03s Sys=0,00s Real=0,04s
[2022-11-30T16:35:46.301+0100][gc,start      ] GC(193) Pause Young (Normal) (G1 Evacuation Pause)
[2022-11-30T16:35:46.301+0100][gc,task       ] GC(193) Using 4 workers of 4 for evacuation
[2022-11-30T16:35:46.320+0100][gc,phases     ] GC(193)   Pre Evacuate Collection Set: 0,0ms
[2022-11-30T16:35:46.321+0100][gc,phases     ] GC(193)   Evacuate Collection Set: 19,0ms
[2022-11-30T16:35:46.321+0100][gc,phases     ] GC(193)   Post Evacuate Collection Set: 0,5ms
[2022-11-30T16:35:46.321+0100][gc,phases     ] GC(193)   Other: 0,3ms
[2022-11-30T16:35:46.321+0100][gc,heap       ] GC(193) Eden regions: 48->0(49)
[2022-11-30T16:35:46.321+0100][gc,heap       ] GC(193) Survivor regions: 5->4(7)
[2022-11-30T16:35:46.321+0100][gc,heap       ] GC(193) Old regions: 112->112
[2022-11-30T16:35:46.321+0100][gc,heap       ] GC(193) Humongous regions: 129->129
[2022-11-30T16:35:46.321+0100][gc,metaspace  ] GC(193) Metaspace: 45862K(49024K)->45862K(49024K) NonClass: 39994K(41728K)->39994K(41728K) Class: 5868K(7296K)->5868K(7296K)
[2022-11-30T16:35:46.321+0100][gc            ] GC(193) Pause Young (Normal) (G1 Evacuation Pause) 290M->243M(1024M) 20,183ms
[2022-11-30T16:35:46.321+0100][gc,cpu        ] GC(193) User=0,03s Sys=0,00s Real=0,02s
[2022-11-30T16:36:06.687+0100][gc,start      ] GC(194) Pause Young (Normal) (G1 Evacuation Pause)
[2022-11-30T16:36:06.687+0100][gc,task       ] GC(194) Using 4 workers of 4 for evacuation
[2022-11-30T16:36:06.701+0100][gc,phases     ] GC(194)   Pre Evacuate Collection Set: 0,0ms
[2022-11-30T16:36:06.701+0100][gc,phases     ] GC(194)   Evacuate Collection Set: 13,3ms
[2022-11-30T16:36:06.701+0100][gc,phases     ] GC(194)   Post Evacuate Collection Set: 0,5ms
[2022-11-30T16:36:06.701+0100][gc,phases     ] GC(194)   Other: 0,3ms
[2022-11-30T16:36:06.701+0100][gc,heap       ] GC(194) Eden regions: 47->0(49)
[2022-11-30T16:36:06.701+0100][gc,heap       ] GC(194) Survivor regions: 4->4(7)
[2022-11-30T16:36:06.701+0100][gc,heap       ] GC(194) Old regions: 112->112
[2022-11-30T16:36:06.701+0100][gc,heap       ] GC(194) Humongous regions: 129->129
[2022-11-30T16:36:06.701+0100][gc,metaspace  ] GC(194) Metaspace: 45862K(49024K)->45862K(49024K) NonClass: 39994K(41728K)->39994K(41728K) Class: 5868K(7296K)->5868K(7296K)
[2022-11-30T16:36:06.701+0100][gc            ] GC(194) Pause Young (Normal) (G1 Evacuation Pause) 290M->243M(1024M) 14,260ms
[2022-11-30T16:36:06.701+0100][gc,cpu        ] GC(194) User=0,02s Sys=0,00s Real=0,01s
[2022-11-30T16:36:21.755+0100][gc,start      ] GC(195) Pause Young (Normal) (G1 Evacuation Pause)
[2022-11-30T16:36:21.755+0100][gc,task       ] GC(195) Using 4 workers of 4 for evacuation
[2022-11-30T16:36:21.780+0100][gc,mmu        ] GC(195) MMU target violated: 21,0ms (20,0ms/21,0ms)
[2022-11-30T16:36:21.780+0100][gc,phases     ] GC(195)   Pre Evacuate Collection Set: 0,0ms
[2022-11-30T16:36:21.780+0100][gc,phases     ] GC(195)   Evacuate Collection Set: 24,3ms
[2022-11-30T16:36:21.780+0100][gc,phases     ] GC(195)   Post Evacuate Collection Set: 0,5ms
[2022-11-30T16:36:21.780+0100][gc,phases     ] GC(195)   Other: 0,4ms
[2022-11-30T16:36:21.780+0100][gc,heap       ] GC(195) Eden regions: 47->0(48)
[2022-11-30T16:36:21.780+0100][gc,heap       ] GC(195) Survivor regions: 4->4(7)
[2022-11-30T16:36:21.780+0100][gc,heap       ] GC(195) Old regions: 112->113
[2022-11-30T16:36:21.780+0100][gc,heap       ] GC(195) Humongous regions: 129->129
[2022-11-30T16:36:21.780+0100][gc,metaspace  ] GC(195) Metaspace: 45862K(49024K)->45862K(49024K) NonClass: 39994K(41728K)->39994K(41728K) Class: 5868K(7296K)->5868K(7296K)
[2022-11-30T16:36:21.780+0100][gc            ] GC(195) Pause Young (Normal) (G1 Evacuation Pause) 290M->243M(1024M) 25,517ms
[2022-11-30T16:36:21.780+0100][gc,cpu        ] GC(195) User=0,02s Sys=0,00s Real=0,03s
[2022-11-30T16:36:34.000+0100][gc,start      ] GC(196) Pause Young (Normal) (G1 Evacuation Pause)
[2022-11-30T16:36:34.000+0100][gc,task       ] GC(196) Using 4 workers of 4 for evacuation
[2022-11-30T16:36:34.025+0100][gc,mmu        ] GC(196) MMU target violated: 21,0ms (20,0ms/21,0ms)
[2022-11-30T16:36:34.025+0100][gc,phases     ] GC(196)   Pre Evacuate Collection Set: 0,1ms
[2022-11-30T16:36:34.025+0100][gc,phases     ] GC(196)   Evacuate Collection Set: 24,4ms
[2022-11-30T16:36:34.025+0100][gc,phases     ] GC(196)   Post Evacuate Collection Set: 0,6ms
[2022-11-30T16:36:34.025+0100][gc,phases     ] GC(196)   Other: 0,4ms
[2022-11-30T16:36:34.025+0100][gc,heap       ] GC(196) Eden regions: 47->0(48)
[2022-11-30T16:36:34.025+0100][gc,heap       ] GC(196) Survivor regions: 4->4(7)
[2022-11-30T16:36:34.025+0100][gc,heap       ] GC(196) Old regions: 113->113
[2022-11-30T16:36:34.025+0100][gc,heap       ] GC(196) Humongous regions: 129->129
[2022-11-30T16:36:34.025+0100][gc,metaspace  ] GC(196) Metaspace: 45862K(49024K)->45862K(49024K) NonClass: 39994K(41728K)->39994K(41728K) Class: 5868K(7296K)->5868K(7296K)
[2022-11-30T16:36:34.025+0100][gc            ] GC(196) Pause Young (Normal) (G1 Evacuation Pause) 290M->244M(1024M) 25,555ms
[2022-11-30T16:36:34.026+0100][gc,cpu        ] GC(196) User=0,03s Sys=0,00s Real=0,03s
[2022-11-30T16:36:45.219+0100][gc,start      ] GC(197) Pause Young (Normal) (G1 Evacuation Pause)
[2022-11-30T16:36:45.219+0100][gc,task       ] GC(197) Using 4 workers of 4 for evacuation
[2022-11-30T16:36:45.240+0100][gc,mmu        ] GC(197) MMU target violated: 21,0ms (20,0ms/21,0ms)
[2022-11-30T16:36:45.241+0100][gc,phases     ] GC(197)   Pre Evacuate Collection Set: 0,0ms
[2022-11-30T16:36:45.241+0100][gc,phases     ] GC(197)   Evacuate Collection Set: 20,6ms
[2022-11-30T16:36:45.241+0100][gc,phases     ] GC(197)   Post Evacuate Collection Set: 0,6ms
[2022-11-30T16:36:45.241+0100][gc,phases     ] GC(197)   Other: 0,3ms
[2022-11-30T16:36:45.241+0100][gc,heap       ] GC(197) Eden regions: 47->0(49)
[2022-11-30T16:36:45.241+0100][gc,heap       ] GC(197) Survivor regions: 4->4(7)
[2022-11-30T16:36:45.241+0100][gc,heap       ] GC(197) Old regions: 113->113
[2022-11-30T16:36:45.241+0100][gc,heap       ] GC(197) Humongous regions: 129->129
[2022-11-30T16:36:45.241+0100][gc,metaspace  ] GC(197) Metaspace: 45862K(49024K)->45862K(49024K) NonClass: 39994K(41728K)->39994K(41728K) Class: 5868K(7296K)->5868K(7296K)
[2022-11-30T16:36:45.241+0100][gc            ] GC(197) Pause Young (Normal) (G1 Evacuation Pause) 291M->244M(1024M) 21,549ms
[2022-11-30T16:36:45.241+0100][gc,cpu        ] GC(197) User=0,03s Sys=0,00s Real=0,02s
[2022-11-30T16:36:57.814+0100][gc,start      ] GC(198) Pause Young (Normal) (G1 Evacuation Pause)
[2022-11-30T16:36:57.814+0100][gc,task       ] GC(198) Using 4 workers of 4 for evacuation
[2022-11-30T16:36:57.853+0100][gc,mmu        ] GC(198) MMU target violated: 21,0ms (20,0ms/21,0ms)
[2022-11-30T16:36:57.853+0100][gc,phases     ] GC(198)   Pre Evacuate Collection Set: 0,0ms
[2022-11-30T16:36:57.853+0100][gc,phases     ] GC(198)   Evacuate Collection Set: 37,3ms
[2022-11-30T16:36:57.853+0100][gc,phases     ] GC(198)   Post Evacuate Collection Set: 0,5ms
[2022-11-30T16:36:57.853+0100][gc,phases     ] GC(198)   Other: 0,4ms
[2022-11-30T16:36:57.853+0100][gc,heap       ] GC(198) Eden regions: 48->0(48)
[2022-11-30T16:36:57.853+0100][gc,heap       ] GC(198) Survivor regions: 4->4(7)
[2022-11-30T16:36:57.853+0100][gc,heap       ] GC(198) Old regions: 113->114
[2022-11-30T16:36:57.853+0100][gc,heap       ] GC(198) Humongous regions: 129->129
[2022-11-30T16:36:57.853+0100][gc,metaspace  ] GC(198) Metaspace: 45862K(49024K)->45862K(49024K) NonClass: 39994K(41728K)->39994K(41728K) Class: 5868K(7296K)->5868K(7296K)
[2022-11-30T16:36:57.853+0100][gc            ] GC(198) Pause Young (Normal) (G1 Evacuation Pause) 292M->244M(1024M) 38,554ms
[2022-11-30T16:36:57.853+0100][gc,cpu        ] GC(198) User=0,02s Sys=0,00s Real=0,04s
[2022-11-30T16:37:09.511+0100][gc,start      ] GC(199) Pause Young (Normal) (G1 Evacuation Pause)
[2022-11-30T16:37:09.511+0100][gc,task       ] GC(199) Using 4 workers of 4 for evacuation
[2022-11-30T16:37:09.531+0100][gc,mmu        ] GC(199) MMU target violated: 20,8ms (20,0ms/21,0ms)
[2022-11-30T16:37:09.532+0100][gc,phases     ] GC(199)   Pre Evacuate Collection Set: 0,0ms
[2022-11-30T16:37:09.532+0100][gc,phases     ] GC(199)   Evacuate Collection Set: 20,1ms
[2022-11-30T16:37:09.532+0100][gc,phases     ] GC(199)   Post Evacuate Collection Set: 0,6ms
[2022-11-30T16:37:09.532+0100][gc,phases     ] GC(199)   Other: 0,4ms
[2022-11-30T16:37:09.532+0100][gc,heap       ] GC(199) Eden regions: 47->0(48)
[2022-11-30T16:37:09.532+0100][gc,heap       ] GC(199) Survivor regions: 4->4(7)
[2022-11-30T16:37:09.532+0100][gc,heap       ] GC(199) Old regions: 114->114
[2022-11-30T16:37:09.532+0100][gc,heap       ] GC(199) Humongous regions: 129->129
[2022-11-30T16:37:09.532+0100][gc,metaspace  ] GC(199) Metaspace: 45862K(49024K)->45862K(49024K) NonClass: 39994K(41728K)->39994K(41728K) Class: 5868K(7296K)->5868K(7296K)
[2022-11-30T16:37:09.532+0100][gc            ] GC(199) Pause Young (Normal) (G1 Evacuation Pause) 291M->245M(1024M) 21,479ms
[2022-11-30T16:37:09.532+0100][gc,cpu        ] GC(199) User=0,03s Sys=0,00s Real=0,02s
[2022-11-30T16:37:21.434+0100][gc,start      ] GC(200) Pause Young (Normal) (G1 Evacuation Pause)
[2022-11-30T16:37:21.434+0100][gc,task       ] GC(200) Using 4 workers of 4 for evacuation
[2022-11-30T16:37:21.458+0100][gc,mmu        ] GC(200) MMU target violated: 21,0ms (20,0ms/21,0ms)
[2022-11-30T16:37:21.459+0100][gc,phases     ] GC(200)   Pre Evacuate Collection Set: 0,0ms
[2022-11-30T16:37:21.459+0100][gc,phases     ] GC(200)   Evacuate Collection Set: 23,6ms
[2022-11-30T16:37:21.459+0100][gc,phases     ] GC(200)   Post Evacuate Collection Set: 0,4ms
[2022-11-30T16:37:21.459+0100][gc,phases     ] GC(200)   Other: 1,2ms
[2022-11-30T16:37:21.459+0100][gc,heap       ] GC(200) Eden regions: 47->0(48)
[2022-11-30T16:37:21.459+0100][gc,heap       ] GC(200) Survivor regions: 4->4(7)
[2022-11-30T16:37:21.459+0100][gc,heap       ] GC(200) Old regions: 114->114
[2022-11-30T16:37:21.459+0100][gc,heap       ] GC(200) Humongous regions: 129->129
[2022-11-30T16:37:21.459+0100][gc,metaspace  ] GC(200) Metaspace: 45862K(49024K)->45862K(49024K) NonClass: 39994K(41728K)->39994K(41728K) Class: 5868K(7296K)->5868K(7296K)
[2022-11-30T16:37:21.459+0100][gc            ] GC(200) Pause Young (Normal) (G1 Evacuation Pause) 292M->245M(1024M) 25,356ms
[2022-11-30T16:37:21.459+0100][gc,cpu        ] GC(200) User=0,02s Sys=0,00s Real=0,03s
[2022-11-30T16:37:32.658+0100][gc,start      ] GC(201) Pause Young (Normal) (G1 Evacuation Pause)
[2022-11-30T16:37:32.658+0100][gc,task       ] GC(201) Using 4 workers of 4 for evacuation
[2022-11-30T16:37:32.674+0100][gc,phases     ] GC(201)   Pre Evacuate Collection Set: 0,0ms
[2022-11-30T16:37:32.674+0100][gc,phases     ] GC(201)   Evacuate Collection Set: 14,5ms
[2022-11-30T16:37:32.674+0100][gc,phases     ] GC(201)   Post Evacuate Collection Set: 0,6ms
[2022-11-30T16:37:32.674+0100][gc,phases     ] GC(201)   Other: 0,3ms
[2022-11-30T16:37:32.674+0100][gc,heap       ] GC(201) Eden regions: 47->0(50)
[2022-11-30T16:37:32.674+0100][gc,heap       ] GC(201) Survivor regions: 4->4(7)
[2022-11-30T16:37:32.674+0100][gc,heap       ] GC(201) Old regions: 114->114
[2022-11-30T16:37:32.674+0100][gc,heap       ] GC(201) Humongous regions: 129->129
[2022-11-30T16:37:32.674+0100][gc,metaspace  ] GC(201) Metaspace: 45862K(49024K)->45862K(49024K) NonClass: 39994K(41728K)->39994K(41728K) Class: 5868K(7296K)->5868K(7296K)
[2022-11-30T16:37:32.674+0100][gc            ] GC(201) Pause Young (Normal) (G1 Evacuation Pause) 292M->245M(1024M) 15,833ms
[2022-11-30T16:37:32.674+0100][gc,cpu        ] GC(201) User=0,03s Sys=0,00s Real=0,01s
[2022-11-30T16:37:46.915+0100][gc,start      ] GC(202) Pause Young (Normal) (G1 Evacuation Pause)
[2022-11-30T16:37:46.915+0100][gc,task       ] GC(202) Using 4 workers of 4 for evacuation
[2022-11-30T16:37:46.942+0100][gc,mmu        ] GC(202) MMU target violated: 21,0ms (20,0ms/21,0ms)
[2022-11-30T16:37:46.942+0100][gc,phases     ] GC(202)   Pre Evacuate Collection Set: 0,0ms
[2022-11-30T16:37:46.942+0100][gc,phases     ] GC(202)   Evacuate Collection Set: 25,3ms
[2022-11-30T16:37:46.942+0100][gc,phases     ] GC(202)   Post Evacuate Collection Set: 1,7ms
[2022-11-30T16:37:46.942+0100][gc,phases     ] GC(202)   Other: 0,3ms
[2022-11-30T16:37:46.942+0100][gc,heap       ] GC(202) Eden regions: 50->0(49)
[2022-11-30T16:37:46.942+0100][gc,heap       ] GC(202) Survivor regions: 4->4(7)
[2022-11-30T16:37:46.942+0100][gc,heap       ] GC(202) Old regions: 114->115
[2022-11-30T16:37:46.942+0100][gc,heap       ] GC(202) Humongous regions: 129->129
[2022-11-30T16:37:46.942+0100][gc,metaspace  ] GC(202) Metaspace: 45862K(49024K)->45862K(49024K) NonClass: 39994K(41728K)->39994K(41728K) Class: 5868K(7296K)->5868K(7296K)
[2022-11-30T16:37:46.942+0100][gc            ] GC(202) Pause Young (Normal) (G1 Evacuation Pause) 295M->245M(1024M) 27,565ms
[2022-11-30T16:37:46.942+0100][gc,cpu        ] GC(202) User=0,03s Sys=0,00s Real=0,03s
[2022-11-30T16:38:03.672+0100][gc,start      ] GC(203) Pause Young (Normal) (G1 Evacuation Pause)
[2022-11-30T16:38:03.672+0100][gc,task       ] GC(203) Using 4 workers of 4 for evacuation
[2022-11-30T16:38:03.705+0100][gc,mmu        ] GC(203) MMU target violated: 21,0ms (20,0ms/21,0ms)
[2022-11-30T16:38:03.705+0100][gc,phases     ] GC(203)   Pre Evacuate Collection Set: 0,0ms
[2022-11-30T16:38:03.705+0100][gc,phases     ] GC(203)   Evacuate Collection Set: 32,3ms
[2022-11-30T16:38:03.705+0100][gc,phases     ] GC(203)   Post Evacuate Collection Set: 0,5ms
[2022-11-30T16:38:03.705+0100][gc,phases     ] GC(203)   Other: 0,3ms
[2022-11-30T16:38:03.705+0100][gc,heap       ] GC(203) Eden regions: 47->0(49)
[2022-11-30T16:38:03.705+0100][gc,heap       ] GC(203) Survivor regions: 4->4(7)
[2022-11-30T16:38:03.705+0100][gc,heap       ] GC(203) Old regions: 115->115
[2022-11-30T16:38:03.705+0100][gc,heap       ] GC(203) Humongous regions: 129->129
[2022-11-30T16:38:03.705+0100][gc,metaspace  ] GC(203) Metaspace: 45862K(49024K)->45862K(49024K) NonClass: 39994K(41728K)->39994K(41728K) Class: 5868K(7296K)->5868K(7296K)
[2022-11-30T16:38:03.705+0100][gc            ] GC(203) Pause Young (Normal) (G1 Evacuation Pause) 292M->246M(1024M) 33,197ms
[2022-11-30T16:38:03.705+0100][gc,cpu        ] GC(203) User=0,04s Sys=0,00s Real=0,04s
[2022-11-30T16:38:20.912+0100][gc,start      ] GC(204) Pause Young (Normal) (G1 Evacuation Pause)
[2022-11-30T16:38:20.912+0100][gc,task       ] GC(204) Using 4 workers of 4 for evacuation
[2022-11-30T16:38:20.941+0100][gc,mmu        ] GC(204) MMU target violated: 21,0ms (20,0ms/21,0ms)
[2022-11-30T16:38:20.942+0100][gc,phases     ] GC(204)   Pre Evacuate Collection Set: 0,0ms
[2022-11-30T16:38:20.942+0100][gc,phases     ] GC(204)   Evacuate Collection Set: 28,1ms
[2022-11-30T16:38:20.942+0100][gc,phases     ] GC(204)   Post Evacuate Collection Set: 0,9ms
[2022-11-30T16:38:20.942+0100][gc,phases     ] GC(204)   Other: 0,4ms
[2022-11-30T16:38:20.942+0100][gc,heap       ] GC(204) Eden regions: 49->0(48)
[2022-11-30T16:38:20.942+0100][gc,heap       ] GC(204) Survivor regions: 4->4(7)
[2022-11-30T16:38:20.943+0100][gc,heap       ] GC(204) Old regions: 115->115
[2022-11-30T16:38:20.943+0100][gc,heap       ] GC(204) Humongous regions: 129->129
[2022-11-30T16:38:20.943+0100][gc,metaspace  ] GC(204) Metaspace: 45862K(49024K)->45862K(49024K) NonClass: 39994K(41728K)->39994K(41728K) Class: 5868K(7296K)->5868K(7296K)
[2022-11-30T16:38:20.943+0100][gc            ] GC(204) Pause Young (Normal) (G1 Evacuation Pause) 295M->246M(1024M) 30,810ms
[2022-11-30T16:38:20.943+0100][gc,cpu        ] GC(204) User=0,03s Sys=0,00s Real=0,03s
[2022-11-30T16:38:35.468+0100][gc,start      ] GC(205) Pause Young (Normal) (G1 Evacuation Pause)
[2022-11-30T16:38:35.468+0100][gc,task       ] GC(205) Using 4 workers of 4 for evacuation
[2022-11-30T16:38:35.480+0100][gc,phases     ] GC(205)   Pre Evacuate Collection Set: 0,0ms
[2022-11-30T16:38:35.480+0100][gc,phases     ] GC(205)   Evacuate Collection Set: 10,3ms
[2022-11-30T16:38:35.480+0100][gc,phases     ] GC(205)   Post Evacuate Collection Set: 1,3ms
[2022-11-30T16:38:35.480+0100][gc,phases     ] GC(205)   Other: 0,2ms
[2022-11-30T16:38:35.480+0100][gc,heap       ] GC(205) Eden regions: 48->0(49)
[2022-11-30T16:38:35.480+0100][gc,heap       ] GC(205) Survivor regions: 4->4(7)
[2022-11-30T16:38:35.480+0100][gc,heap       ] GC(205) Old regions: 115->115
[2022-11-30T16:38:35.480+0100][gc,heap       ] GC(205) Humongous regions: 129->129
[2022-11-30T16:38:35.480+0100][gc,metaspace  ] GC(205) Metaspace: 45862K(49024K)->45862K(49024K) NonClass: 39994K(41728K)->39994K(41728K) Class: 5868K(7296K)->5868K(7296K)
[2022-11-30T16:38:35.480+0100][gc            ] GC(205) Pause Young (Normal) (G1 Evacuation Pause) 294M->246M(1024M) 12,023ms
[2022-11-30T16:38:35.480+0100][gc,cpu        ] GC(205) User=0,03s Sys=0,00s Real=0,01s
[2022-11-30T16:38:47.997+0100][gc,start      ] GC(206) Pause Young (Normal) (G1 Evacuation Pause)
[2022-11-30T16:38:47.997+0100][gc,task       ] GC(206) Using 4 workers of 4 for evacuation
[2022-11-30T16:38:48.018+0100][gc,mmu        ] GC(206) MMU target violated: 20,6ms (20,0ms/21,0ms)
[2022-11-30T16:38:48.018+0100][gc,phases     ] GC(206)   Pre Evacuate Collection Set: 0,0ms
[2022-11-30T16:38:48.018+0100][gc,phases     ] GC(206)   Evacuate Collection Set: 20,0ms
[2022-11-30T16:38:48.018+0100][gc,phases     ] GC(206)   Post Evacuate Collection Set: 0,4ms
[2022-11-30T16:38:48.018+0100][gc,phases     ] GC(206)   Other: 0,3ms
[2022-11-30T16:38:48.018+0100][gc,heap       ] GC(206) Eden regions: 49->0(51)
[2022-11-30T16:38:48.018+0100][gc,heap       ] GC(206) Survivor regions: 4->4(7)
[2022-11-30T16:38:48.018+0100][gc,heap       ] GC(206) Old regions: 115->116
[2022-11-30T16:38:48.018+0100][gc,heap       ] GC(206) Humongous regions: 129->129
[2022-11-30T16:38:48.018+0100][gc,metaspace  ] GC(206) Metaspace: 45862K(49024K)->45862K(49024K) NonClass: 39994K(41728K)->39994K(41728K) Class: 5868K(7296K)->5868K(7296K)
[2022-11-30T16:38:48.018+0100][gc            ] GC(206) Pause Young (Normal) (G1 Evacuation Pause) 295M->247M(1024M) 20,905ms
[2022-11-30T16:38:48.018+0100][gc,cpu        ] GC(206) User=0,03s Sys=0,00s Real=0,02s
[2022-11-30T16:39:02.483+0100][gc,start      ] GC(207) Pause Young (Normal) (G1 Evacuation Pause)
[2022-11-30T16:39:02.483+0100][gc,task       ] GC(207) Using 4 workers of 4 for evacuation
[2022-11-30T16:39:02.502+0100][gc,phases     ] GC(207)   Pre Evacuate Collection Set: 0,0ms
[2022-11-30T16:39:02.502+0100][gc,phases     ] GC(207)   Evacuate Collection Set: 18,7ms
[2022-11-30T16:39:02.502+0100][gc,phases     ] GC(207)   Post Evacuate Collection Set: 0,5ms
[2022-11-30T16:39:02.502+0100][gc,phases     ] GC(207)   Other: 0,3ms
[2022-11-30T16:39:02.502+0100][gc,heap       ] GC(207) Eden regions: 51->0(54)
[2022-11-30T16:39:02.502+0100][gc,heap       ] GC(207) Survivor regions: 4->5(7)
[2022-11-30T16:39:02.502+0100][gc,heap       ] GC(207) Old regions: 116->116
[2022-11-30T16:39:02.502+0100][gc,heap       ] GC(207) Humongous regions: 129->129
[2022-11-30T16:39:02.502+0100][gc,metaspace  ] GC(207) Metaspace: 45862K(49024K)->45862K(49024K) NonClass: 39994K(41728K)->39994K(41728K) Class: 5868K(7296K)->5868K(7296K)
[2022-11-30T16:39:02.502+0100][gc            ] GC(207) Pause Young (Normal) (G1 Evacuation Pause) 298M->247M(1024M) 19,653ms
[2022-11-30T16:39:02.502+0100][gc,cpu        ] GC(207) User=0,03s Sys=0,00s Real=0,02s
[2022-11-30T16:39:16.483+0100][gc,start      ] GC(208) Pause Young (Normal) (G1 Evacuation Pause)
[2022-11-30T16:39:16.483+0100][gc,task       ] GC(208) Using 4 workers of 4 for evacuation
[2022-11-30T16:39:16.515+0100][gc,mmu        ] GC(208) MMU target violated: 21,0ms (20,0ms/21,0ms)
[2022-11-30T16:39:16.516+0100][gc,phases     ] GC(208)   Pre Evacuate Collection Set: 0,1ms
[2022-11-30T16:39:16.516+0100][gc,phases     ] GC(208)   Evacuate Collection Set: 31,4ms
[2022-11-30T16:39:16.516+0100][gc,phases     ] GC(208)   Post Evacuate Collection Set: 0,7ms
[2022-11-30T16:39:16.516+0100][gc,phases     ] GC(208)   Other: 0,5ms
[2022-11-30T16:39:16.516+0100][gc,heap       ] GC(208) Eden regions: 54->0(49)
[2022-11-30T16:39:16.516+0100][gc,heap       ] GC(208) Survivor regions: 5->5(8)
[2022-11-30T16:39:16.516+0100][gc,heap       ] GC(208) Old regions: 116->116
[2022-11-30T16:39:16.516+0100][gc,heap       ] GC(208) Humongous regions: 129->129
[2022-11-30T16:39:16.516+0100][gc,metaspace  ] GC(208) Metaspace: 45862K(49024K)->45862K(49024K) NonClass: 39994K(41728K)->39994K(41728K) Class: 5868K(7296K)->5868K(7296K)
[2022-11-30T16:39:16.516+0100][gc            ] GC(208) Pause Young (Normal) (G1 Evacuation Pause) 301M->247M(1024M) 32,974ms
[2022-11-30T16:39:16.516+0100][gc,cpu        ] GC(208) User=0,03s Sys=0,00s Real=0,04s
[2022-11-30T16:39:30.113+0100][gc,start      ] GC(209) Pause Young (Normal) (G1 Evacuation Pause)
[2022-11-30T16:39:30.113+0100][gc,task       ] GC(209) Using 4 workers of 4 for evacuation
[2022-11-30T16:39:30.133+0100][gc,phases     ] GC(209)   Pre Evacuate Collection Set: 0,0ms
[2022-11-30T16:39:30.133+0100][gc,phases     ] GC(209)   Evacuate Collection Set: 19,3ms
[2022-11-30T16:39:30.133+0100][gc,phases     ] GC(209)   Post Evacuate Collection Set: 0,4ms
[2022-11-30T16:39:30.133+0100][gc,phases     ] GC(209)   Other: 0,3ms
[2022-11-30T16:39:30.133+0100][gc,heap       ] GC(209) Eden regions: 48->0(49)
[2022-11-30T16:39:30.133+0100][gc,heap       ] GC(209) Survivor regions: 5->4(7)
[2022-11-30T16:39:30.133+0100][gc,heap       ] GC(209) Old regions: 116->117
[2022-11-30T16:39:30.133+0100][gc,heap       ] GC(209) Humongous regions: 129->129
[2022-11-30T16:39:30.133+0100][gc,metaspace  ] GC(209) Metaspace: 45862K(49024K)->45862K(49024K) NonClass: 39994K(41728K)->39994K(41728K) Class: 5868K(7296K)->5868K(7296K)
[2022-11-30T16:39:30.133+0100][gc            ] GC(209) Pause Young (Normal) (G1 Evacuation Pause) 295M->247M(1024M) 20,113ms
[2022-11-30T16:39:30.134+0100][gc,cpu        ] GC(209) User=0,02s Sys=0,01s Real=0,02s
[2022-11-30T16:39:46.496+0100][gc,start      ] GC(210) Pause Young (Normal) (G1 Evacuation Pause)
[2022-11-30T16:39:46.497+0100][gc,task       ] GC(210) Using 4 workers of 4 for evacuation
[2022-11-30T16:39:46.512+0100][gc,phases     ] GC(210)   Pre Evacuate Collection Set: 0,0ms
[2022-11-30T16:39:46.512+0100][gc,phases     ] GC(210)   Evacuate Collection Set: 14,4ms
[2022-11-30T16:39:46.512+0100][gc,phases     ] GC(210)   Post Evacuate Collection Set: 0,6ms
[2022-11-30T16:39:46.512+0100][gc,phases     ] GC(210)   Other: 0,3ms
[2022-11-30T16:39:46.512+0100][gc,heap       ] GC(210) Eden regions: 49->0(51)
[2022-11-30T16:39:46.512+0100][gc,heap       ] GC(210) Survivor regions: 4->4(7)
[2022-11-30T16:39:46.512+0100][gc,heap       ] GC(210) Old regions: 117->117
[2022-11-30T16:39:46.512+0100][gc,heap       ] GC(210) Humongous regions: 129->129
[2022-11-30T16:39:46.512+0100][gc,metaspace  ] GC(210) Metaspace: 45862K(49024K)->45862K(49024K) NonClass: 39994K(41728K)->39994K(41728K) Class: 5868K(7296K)->5868K(7296K)
[2022-11-30T16:39:46.512+0100][gc            ] GC(210) Pause Young (Normal) (G1 Evacuation Pause) 296M->247M(1024M) 15,385ms
[2022-11-30T16:39:46.512+0100][gc,cpu        ] GC(210) User=0,03s Sys=0,00s Real=0,01s
[2022-11-30T16:40:00.917+0100][gc,start      ] GC(211) Pause Young (Normal) (G1 Evacuation Pause)
[2022-11-30T16:40:00.917+0100][gc,task       ] GC(211) Using 4 workers of 4 for evacuation
[2022-11-30T16:40:00.947+0100][gc,mmu        ] GC(211) MMU target violated: 21,0ms (20,0ms/21,0ms)
[2022-11-30T16:40:00.947+0100][gc,phases     ] GC(211)   Pre Evacuate Collection Set: 0,0ms
[2022-11-30T16:40:00.947+0100][gc,phases     ] GC(211)   Evacuate Collection Set: 29,6ms
[2022-11-30T16:40:00.947+0100][gc,phases     ] GC(211)   Post Evacuate Collection Set: 0,5ms
[2022-11-30T16:40:00.947+0100][gc,phases     ] GC(211)   Other: 0,3ms
[2022-11-30T16:40:00.947+0100][gc,heap       ] GC(211) Eden regions: 50->0(51)
[2022-11-30T16:40:00.947+0100][gc,heap       ] GC(211) Survivor regions: 4->4(7)
[2022-11-30T16:40:00.947+0100][gc,heap       ] GC(211) Old regions: 117->117
[2022-11-30T16:40:00.947+0100][gc,heap       ] GC(211) Humongous regions: 129->129
[2022-11-30T16:40:00.947+0100][gc,metaspace  ] GC(211) Metaspace: 45862K(49024K)->45862K(49024K) NonClass: 39994K(41728K)->39994K(41728K) Class: 5868K(7296K)->5868K(7296K)
[2022-11-30T16:40:00.947+0100][gc            ] GC(211) Pause Young (Normal) (G1 Evacuation Pause) 297M->248M(1024M) 30,576ms
[2022-11-30T16:40:00.947+0100][gc,cpu        ] GC(211) User=0,03s Sys=0,00s Real=0,03s
[2022-11-30T16:40:16.831+0100][gc,start      ] GC(212) Pause Young (Normal) (G1 Evacuation Pause)
[2022-11-30T16:40:16.831+0100][gc,task       ] GC(212) Using 4 workers of 4 for evacuation
[2022-11-30T16:40:16.847+0100][gc,phases     ] GC(212)   Pre Evacuate Collection Set: 0,0ms
[2022-11-30T16:40:16.847+0100][gc,phases     ] GC(212)   Evacuate Collection Set: 13,7ms
[2022-11-30T16:40:16.847+0100][gc,phases     ] GC(212)   Post Evacuate Collection Set: 2,0ms
[2022-11-30T16:40:16.847+0100][gc,phases     ] GC(212)   Other: 0,2ms
[2022-11-30T16:40:16.847+0100][gc,heap       ] GC(212) Eden regions: 51->0(53)
[2022-11-30T16:40:16.847+0100][gc,heap       ] GC(212) Survivor regions: 4->5(7)
[2022-11-30T16:40:16.848+0100][gc,heap       ] GC(212) Old regions: 117->117
[2022-11-30T16:40:16.848+0100][gc,heap       ] GC(212) Humongous regions: 129->129
[2022-11-30T16:40:16.848+0100][gc,metaspace  ] GC(212) Metaspace: 45862K(49024K)->45862K(49024K) NonClass: 39994K(41728K)->39994K(41728K) Class: 5868K(7296K)->5868K(7296K)
[2022-11-30T16:40:16.848+0100][gc            ] GC(212) Pause Young (Normal) (G1 Evacuation Pause) 299M->248M(1024M) 16,636ms
[2022-11-30T16:40:16.848+0100][gc,cpu        ] GC(212) User=0,03s Sys=0,00s Real=0,02s
[2022-11-30T16:40:34.101+0100][gc,start      ] GC(213) Pause Young (Normal) (G1 Evacuation Pause)
[2022-11-30T16:40:34.101+0100][gc,task       ] GC(213) Using 4 workers of 4 for evacuation
[2022-11-30T16:40:34.114+0100][gc,phases     ] GC(213)   Pre Evacuate Collection Set: 0,0ms
[2022-11-30T16:40:34.114+0100][gc,phases     ] GC(213)   Evacuate Collection Set: 11,3ms
[2022-11-30T16:40:34.114+0100][gc,phases     ] GC(213)   Post Evacuate Collection Set: 0,7ms
[2022-11-30T16:40:34.114+0100][gc,phases     ] GC(213)   Other: 0,3ms
[2022-11-30T16:40:34.114+0100][gc,heap       ] GC(213) Eden regions: 53->0(56)
[2022-11-30T16:40:34.114+0100][gc,heap       ] GC(213) Survivor regions: 5->5(8)
[2022-11-30T16:40:34.114+0100][gc,heap       ] GC(213) Old regions: 117->117
[2022-11-30T16:40:34.114+0100][gc,heap       ] GC(213) Humongous regions: 129->129
[2022-11-30T16:40:34.114+0100][gc,metaspace  ] GC(213) Metaspace: 45862K(49024K)->45862K(49024K) NonClass: 39994K(41728K)->39994K(41728K) Class: 5868K(7296K)->5868K(7296K)
[2022-11-30T16:40:34.114+0100][gc            ] GC(213) Pause Young (Normal) (G1 Evacuation Pause) 301M->249M(1024M) 12,405ms
[2022-11-30T16:40:34.114+0100][gc,cpu        ] GC(213) User=0,03s Sys=0,00s Real=0,01s
[2022-11-30T18:40:51.925+0100][gc,start      ] GC(214) Pause Young (Normal) (G1 Evacuation Pause)
[2022-11-30T18:40:51.925+0100][gc,task       ] GC(214) Using 4 workers of 4 for evacuation
[2022-11-30T18:40:51.940+0100][gc,phases     ] GC(214)   Pre Evacuate Collection Set: 0,1ms
[2022-11-30T18:40:51.940+0100][gc,phases     ] GC(214)   Evacuate Collection Set: 14,0ms
[2022-11-30T18:40:51.940+0100][gc,phases     ] GC(214)   Post Evacuate Collection Set: 0,4ms
[2022-11-30T18:40:51.940+0100][gc,phases     ] GC(214)   Other: 0,5ms
[2022-11-30T18:40:51.940+0100][gc,heap       ] GC(214) Eden regions: 52->0(55)
[2022-11-30T18:40:51.940+0100][gc,heap       ] GC(214) Survivor regions: 5->7(8)
[2022-11-30T18:40:51.940+0100][gc,heap       ] GC(214) Old regions: 117->118
[2022-11-30T18:40:51.940+0100][gc,heap       ] GC(214) Humongous regions: 129->129
[2022-11-30T18:40:51.940+0100][gc,metaspace  ] GC(214) Metaspace: 45900K(49024K)->45900K(49024K) NonClass: 40031K(41728K)->40031K(41728K) Class: 5868K(7296K)->5868K(7296K)
[2022-11-30T18:40:51.940+0100][gc            ] GC(214) Pause Young (Normal) (G1 Evacuation Pause) 301M->251M(1024M) 15,094ms
[2022-11-30T18:40:51.940+0100][gc,cpu        ] GC(214) User=0,04s Sys=0,00s Real=0,01s
[2022-11-30T18:51:35.557+0100][gc,start      ] GC(215) Pause Young (Normal) (G1 Evacuation Pause)
[2022-11-30T18:51:35.557+0100][gc,task       ] GC(215) Using 4 workers of 4 for evacuation
[2022-11-30T18:51:35.604+0100][gc,mmu        ] GC(215) MMU target violated: 21,0ms (20,0ms/21,0ms)
[2022-11-30T18:51:35.604+0100][gc,phases     ] GC(215)   Pre Evacuate Collection Set: 0,1ms
[2022-11-30T18:51:35.604+0100][gc,phases     ] GC(215)   Evacuate Collection Set: 46,1ms
[2022-11-30T18:51:35.604+0100][gc,phases     ] GC(215)   Post Evacuate Collection Set: 0,6ms
[2022-11-30T18:51:35.604+0100][gc,phases     ] GC(215)   Other: 0,6ms
[2022-11-30T18:51:35.604+0100][gc,heap       ] GC(215) Eden regions: 51->0(44)
[2022-11-30T18:51:35.604+0100][gc,heap       ] GC(215) Survivor regions: 7->7(8)
[2022-11-30T18:51:35.604+0100][gc,heap       ] GC(215) Old regions: 118->120
[2022-11-30T18:51:35.604+0100][gc,heap       ] GC(215) Humongous regions: 129->129
[2022-11-30T18:51:35.604+0100][gc,metaspace  ] GC(215) Metaspace: 45904K(49024K)->45904K(49024K) NonClass: 40036K(41728K)->40036K(41728K) Class: 5868K(7296K)->5868K(7296K)
[2022-11-30T18:51:35.604+0100][gc            ] GC(215) Pause Young (Normal) (G1 Evacuation Pause) 302M->254M(1024M) 47,467ms
[2022-11-30T18:51:35.604+0100][gc,cpu        ] GC(215) User=0,13s Sys=0,01s Real=0,05s
[2022-11-30T18:59:13.589+0100][gc,start      ] GC(216) Pause Young (Normal) (G1 Evacuation Pause)
[2022-11-30T18:59:13.589+0100][gc,task       ] GC(216) Using 4 workers of 4 for evacuation
[2022-11-30T18:59:13.663+0100][gc,mmu        ] GC(216) MMU target violated: 21,0ms (20,0ms/21,0ms)
[2022-11-30T18:59:13.663+0100][gc,phases     ] GC(216)   Pre Evacuate Collection Set: 0,1ms
[2022-11-30T18:59:13.663+0100][gc,phases     ] GC(216)   Evacuate Collection Set: 72,9ms
[2022-11-30T18:59:13.663+0100][gc,phases     ] GC(216)   Post Evacuate Collection Set: 1,0ms
[2022-11-30T18:59:13.664+0100][gc,phases     ] GC(216)   Other: 0,8ms
[2022-11-30T18:59:13.664+0100][gc,heap       ] GC(216) Eden regions: 44->0(44)
[2022-11-30T18:59:13.664+0100][gc,heap       ] GC(216) Survivor regions: 7->7(7)
[2022-11-30T18:59:13.664+0100][gc,heap       ] GC(216) Old regions: 120->125
[2022-11-30T18:59:13.664+0100][gc,heap       ] GC(216) Humongous regions: 129->129
[2022-11-30T18:59:13.664+0100][gc,metaspace  ] GC(216) Metaspace: 45916K(49024K)->45916K(49024K) NonClass: 40048K(41728K)->40048K(41728K) Class: 5868K(7296K)->5868K(7296K)
[2022-11-30T18:59:13.664+0100][gc            ] GC(216) Pause Young (Normal) (G1 Evacuation Pause) 298M->259M(1024M) 74,984ms
[2022-11-30T18:59:13.664+0100][gc,cpu        ] GC(216) User=0,22s Sys=0,00s Real=0,08s
[2022-11-30T19:06:10.557+0100][gc,start      ] GC(217) Pause Young (Normal) (G1 Evacuation Pause)
[2022-11-30T19:06:10.557+0100][gc,task       ] GC(217) Using 4 workers of 4 for evacuation
[2022-11-30T19:06:10.623+0100][gc,mmu        ] GC(217) MMU target violated: 21,0ms (20,0ms/21,0ms)
[2022-11-30T19:06:10.624+0100][gc,phases     ] GC(217)   Pre Evacuate Collection Set: 0,1ms
[2022-11-30T19:06:10.624+0100][gc,phases     ] GC(217)   Evacuate Collection Set: 63,7ms
[2022-11-30T19:06:10.624+0100][gc,phases     ] GC(217)   Post Evacuate Collection Set: 1,2ms
[2022-11-30T19:06:10.624+0100][gc,phases     ] GC(217)   Other: 1,7ms
[2022-11-30T19:06:10.624+0100][gc,heap       ] GC(217) Eden regions: 44->0(47)
[2022-11-30T19:06:10.624+0100][gc,heap       ] GC(217) Survivor regions: 7->4(7)
[2022-11-30T19:06:10.624+0100][gc,heap       ] GC(217) Old regions: 125->131
[2022-11-30T19:06:10.624+0100][gc,heap       ] GC(217) Humongous regions: 129->129
[2022-11-30T19:06:10.624+0100][gc,metaspace  ] GC(217) Metaspace: 45938K(49280K)->45938K(49280K) NonClass: 40070K(41984K)->40070K(41984K) Class: 5868K(7296K)->5868K(7296K)
[2022-11-30T19:06:10.624+0100][gc            ] GC(217) Pause Young (Normal) (G1 Evacuation Pause) 303M->261M(1024M) 67,151ms
[2022-11-30T19:06:10.625+0100][gc,cpu        ] GC(217) User=0,12s Sys=0,03s Real=0,07s
[2022-11-30T19:13:48.982+0100][gc,start      ] GC(218) Pause Young (Normal) (G1 Evacuation Pause)
[2022-11-30T19:13:48.982+0100][gc,task       ] GC(218) Using 4 workers of 4 for evacuation
[2022-11-30T19:13:48.995+0100][gc,phases     ] GC(218)   Pre Evacuate Collection Set: 0,0ms
[2022-11-30T19:13:48.995+0100][gc,phases     ] GC(218)   Evacuate Collection Set: 12,4ms
[2022-11-30T19:13:48.995+0100][gc,phases     ] GC(218)   Post Evacuate Collection Set: 0,4ms
[2022-11-30T19:13:48.995+0100][gc,phases     ] GC(218)   Other: 0,3ms
[2022-11-30T19:13:48.995+0100][gc,heap       ] GC(218) Eden regions: 47->0(45)
[2022-11-30T19:13:48.995+0100][gc,heap       ] GC(218) Survivor regions: 4->6(7)
[2022-11-30T19:13:48.995+0100][gc,heap       ] GC(218) Old regions: 131->131
[2022-11-30T19:13:48.995+0100][gc,heap       ] GC(218) Humongous regions: 129->129
[2022-11-30T19:13:48.995+0100][gc,metaspace  ] GC(218) Metaspace: 45940K(49280K)->45940K(49280K) NonClass: 40072K(41984K)->40072K(41984K) Class: 5868K(7296K)->5868K(7296K)
[2022-11-30T19:13:48.995+0100][gc            ] GC(218) Pause Young (Normal) (G1 Evacuation Pause) 308M->263M(1024M) 13,278ms
[2022-11-30T19:13:48.995+0100][gc,cpu        ] GC(218) User=0,03s Sys=0,00s Real=0,02s
[2022-11-30T19:21:09.112+0100][gc,start      ] GC(219) Pause Young (Normal) (G1 Evacuation Pause)
[2022-11-30T19:21:09.112+0100][gc,task       ] GC(219) Using 4 workers of 4 for evacuation
[2022-11-30T19:21:09.132+0100][gc,phases     ] GC(219)   Pre Evacuate Collection Set: 0,0ms
[2022-11-30T19:21:09.132+0100][gc,phases     ] GC(219)   Evacuate Collection Set: 18,9ms
[2022-11-30T19:21:09.132+0100][gc,phases     ] GC(219)   Post Evacuate Collection Set: 0,7ms
[2022-11-30T19:21:09.132+0100][gc,phases     ] GC(219)   Other: 0,3ms
[2022-11-30T19:21:09.132+0100][gc,heap       ] GC(219) Eden regions: 45->0(44)
[2022-11-30T19:21:09.132+0100][gc,heap       ] GC(219) Survivor regions: 6->7(7)
[2022-11-30T19:21:09.132+0100][gc,heap       ] GC(219) Old regions: 131->133
[2022-11-30T19:21:09.132+0100][gc,heap       ] GC(219) Humongous regions: 129->129
[2022-11-30T19:21:09.132+0100][gc,metaspace  ] GC(219) Metaspace: 45941K(49280K)->45941K(49280K) NonClass: 40073K(41984K)->40073K(41984K) Class: 5868K(7296K)->5868K(7296K)
[2022-11-30T19:21:09.132+0100][gc            ] GC(219) Pause Young (Normal) (G1 Evacuation Pause) 308M->267M(1024M) 20,133ms
[2022-11-30T19:21:09.132+0100][gc,cpu        ] GC(219) User=0,06s Sys=0,00s Real=0,02s
[2022-11-30T19:28:17.900+0100][gc,start      ] GC(220) Pause Young (Normal) (G1 Evacuation Pause)
[2022-11-30T19:28:17.900+0100][gc,task       ] GC(220) Using 4 workers of 4 for evacuation
[2022-11-30T19:28:17.953+0100][gc,mmu        ] GC(220) MMU target violated: 21,0ms (20,0ms/21,0ms)
[2022-11-30T19:28:17.953+0100][gc,phases     ] GC(220)   Pre Evacuate Collection Set: 0,1ms
[2022-11-30T19:28:17.953+0100][gc,phases     ] GC(220)   Evacuate Collection Set: 51,6ms
[2022-11-30T19:28:17.953+0100][gc,phases     ] GC(220)   Post Evacuate Collection Set: 1,0ms
[2022-11-30T19:28:17.953+0100][gc,phases     ] GC(220)   Other: 0,8ms
[2022-11-30T19:28:17.953+0100][gc,heap       ] GC(220) Eden regions: 44->0(47)
[2022-11-30T19:28:17.953+0100][gc,heap       ] GC(220) Survivor regions: 7->4(7)
[2022-11-30T19:28:17.953+0100][gc,heap       ] GC(220) Old regions: 133->139
[2022-11-30T19:28:17.953+0100][gc,heap       ] GC(220) Humongous regions: 129->129
[2022-11-30T19:28:17.953+0100][gc,metaspace  ] GC(220) Metaspace: 45942K(49280K)->45942K(49280K) NonClass: 40073K(41984K)->40073K(41984K) Class: 5868K(7296K)->5868K(7296K)
[2022-11-30T19:28:17.953+0100][gc            ] GC(220) Pause Young (Normal) (G1 Evacuation Pause) 311M->270M(1024M) 53,856ms
[2022-11-30T19:28:17.953+0100][gc,cpu        ] GC(220) User=0,17s Sys=0,01s Real=0,06s
[2022-11-30T19:35:58.890+0100][gc,start      ] GC(221) Pause Young (Normal) (G1 Evacuation Pause)
[2022-11-30T19:35:58.890+0100][gc,task       ] GC(221) Using 4 workers of 4 for evacuation
[2022-11-30T19:35:58.935+0100][gc,mmu        ] GC(221) MMU target violated: 21,0ms (20,0ms/21,0ms)
[2022-11-30T19:35:58.935+0100][gc,phases     ] GC(221)   Pre Evacuate Collection Set: 0,1ms
[2022-11-30T19:35:58.935+0100][gc,phases     ] GC(221)   Evacuate Collection Set: 43,5ms
[2022-11-30T19:35:58.936+0100][gc,phases     ] GC(221)   Post Evacuate Collection Set: 0,8ms
[2022-11-30T19:35:58.936+0100][gc,phases     ] GC(221)   Other: 0,7ms
[2022-11-30T19:35:58.936+0100][gc,heap       ] GC(221) Eden regions: 47->0(47)
[2022-11-30T19:35:58.936+0100][gc,heap       ] GC(221) Survivor regions: 4->4(7)
[2022-11-30T19:35:58.936+0100][gc,heap       ] GC(221) Old regions: 139->142
[2022-11-30T19:35:58.936+0100][gc,heap       ] GC(221) Humongous regions: 129->129
[2022-11-30T19:35:58.936+0100][gc,metaspace  ] GC(221) Metaspace: 45942K(49280K)->45942K(49280K) NonClass: 40073K(41984K)->40073K(41984K) Class: 5868K(7296K)->5868K(7296K)
[2022-11-30T19:35:58.936+0100][gc            ] GC(221) Pause Young (Normal) (G1 Evacuation Pause) 317M->273M(1024M) 45,394ms
[2022-11-30T19:35:58.936+0100][gc,cpu        ] GC(221) User=0,12s Sys=0,00s Real=0,05s
[2022-11-30T19:48:24.972+0100][gc,start      ] GC(222) Pause Young (Normal) (G1 Evacuation Pause)
[2022-11-30T19:48:24.973+0100][gc,task       ] GC(222) Using 4 workers of 4 for evacuation
[2022-11-30T19:48:24.998+0100][gc,mmu        ] GC(222) MMU target violated: 21,0ms (20,0ms/21,0ms)
[2022-11-30T19:48:24.998+0100][gc,phases     ] GC(222)   Pre Evacuate Collection Set: 0,0ms
[2022-11-30T19:48:24.998+0100][gc,phases     ] GC(222)   Evacuate Collection Set: 23,3ms
[2022-11-30T19:48:24.998+0100][gc,phases     ] GC(222)   Post Evacuate Collection Set: 1,0ms
[2022-11-30T19:48:24.998+0100][gc,phases     ] GC(222)   Other: 1,7ms
[2022-11-30T19:48:24.998+0100][gc,heap       ] GC(222) Eden regions: 47->0(47)
[2022-11-30T19:48:24.998+0100][gc,heap       ] GC(222) Survivor regions: 4->4(7)
[2022-11-30T19:48:24.998+0100][gc,heap       ] GC(222) Old regions: 142->146
[2022-11-30T19:48:24.998+0100][gc,heap       ] GC(222) Humongous regions: 129->129
[2022-11-30T19:48:24.998+0100][gc,metaspace  ] GC(222) Metaspace: 45943K(49280K)->45943K(49280K) NonClass: 40075K(41984K)->40075K(41984K) Class: 5868K(7296K)->5868K(7296K)
[2022-11-30T19:48:24.998+0100][gc            ] GC(222) Pause Young (Normal) (G1 Evacuation Pause) 320M->276M(1024M) 26,302ms
[2022-11-30T19:48:24.998+0100][gc,cpu        ] GC(222) User=0,06s Sys=0,00s Real=0,02s
[2022-11-30T20:00:06.839+0100][gc,start      ] GC(223) Pause Young (Normal) (G1 Evacuation Pause)
[2022-11-30T20:00:06.839+0100][gc,task       ] GC(223) Using 4 workers of 4 for evacuation
[2022-11-30T20:00:06.864+0100][gc,mmu        ] GC(223) MMU target violated: 21,0ms (20,0ms/21,0ms)
[2022-11-30T20:00:06.864+0100][gc,phases     ] GC(223)   Pre Evacuate Collection Set: 0,0ms
[2022-11-30T20:00:06.864+0100][gc,phases     ] GC(223)   Evacuate Collection Set: 23,7ms
[2022-11-30T20:00:06.864+0100][gc,phases     ] GC(223)   Post Evacuate Collection Set: 0,8ms
[2022-11-30T20:00:06.864+0100][gc,phases     ] GC(223)   Other: 0,3ms
[2022-11-30T20:00:06.864+0100][gc,heap       ] GC(223) Eden regions: 47->0(44)
[2022-11-30T20:00:06.864+0100][gc,heap       ] GC(223) Survivor regions: 4->7(7)
[2022-11-30T20:00:06.864+0100][gc,heap       ] GC(223) Old regions: 146->146
[2022-11-30T20:00:06.864+0100][gc,heap       ] GC(223) Humongous regions: 129->129
[2022-11-30T20:00:06.864+0100][gc,metaspace  ] GC(223) Metaspace: 45944K(49280K)->45944K(49280K) NonClass: 40075K(41984K)->40075K(41984K) Class: 5868K(7296K)->5868K(7296K)
[2022-11-30T20:00:06.864+0100][gc            ] GC(223) Pause Young (Normal) (G1 Evacuation Pause) 323M->280M(1024M) 25,048ms
[2022-11-30T20:00:06.864+0100][gc,cpu        ] GC(223) User=0,08s Sys=0,00s Real=0,03s
[2022-11-30T20:15:04.871+0100][gc,start      ] GC(224) Pause Young (Normal) (G1 Evacuation Pause)
[2022-11-30T20:15:04.871+0100][gc,task       ] GC(224) Using 4 workers of 4 for evacuation
[2022-11-30T20:15:04.906+0100][gc,mmu        ] GC(224) MMU target violated: 21,0ms (20,0ms/21,0ms)
[2022-11-30T20:15:04.906+0100][gc,phases     ] GC(224)   Pre Evacuate Collection Set: 0,1ms
[2022-11-30T20:15:04.906+0100][gc,phases     ] GC(224)   Evacuate Collection Set: 34,5ms
[2022-11-30T20:15:04.906+0100][gc,phases     ] GC(224)   Post Evacuate Collection Set: 0,4ms
[2022-11-30T20:15:04.906+0100][gc,phases     ] GC(224)   Other: 0,5ms
[2022-11-30T20:15:04.906+0100][gc,heap       ] GC(224) Eden regions: 44->0(47)
[2022-11-30T20:15:04.906+0100][gc,heap       ] GC(224) Survivor regions: 7->4(7)
[2022-11-30T20:15:04.906+0100][gc,heap       ] GC(224) Old regions: 146->153
[2022-11-30T20:15:04.906+0100][gc,heap       ] GC(224) Humongous regions: 129->129
[2022-11-30T20:15:04.906+0100][gc,metaspace  ] GC(224) Metaspace: 45949K(49280K)->45949K(49280K) NonClass: 40080K(41984K)->40080K(41984K) Class: 5868K(7296K)->5868K(7296K)
[2022-11-30T20:15:04.906+0100][gc            ] GC(224) Pause Young (Normal) (G1 Evacuation Pause) 324M->283M(1024M) 35,484ms
[2022-11-30T20:15:04.906+0100][gc,cpu        ] GC(224) User=0,10s Sys=0,01s Real=0,04s
[2022-11-30T20:30:24.103+0100][gc,start      ] GC(225) Pause Young (Normal) (G1 Evacuation Pause)
[2022-11-30T20:30:24.103+0100][gc,task       ] GC(225) Using 4 workers of 4 for evacuation
[2022-11-30T20:30:24.130+0100][gc,mmu        ] GC(225) MMU target violated: 21,0ms (20,0ms/21,0ms)
[2022-11-30T20:30:24.130+0100][gc,phases     ] GC(225)   Pre Evacuate Collection Set: 0,0ms
[2022-11-30T20:30:24.130+0100][gc,phases     ] GC(225)   Evacuate Collection Set: 25,7ms
[2022-11-30T20:30:24.130+0100][gc,phases     ] GC(225)   Post Evacuate Collection Set: 0,5ms
[2022-11-30T20:30:24.130+0100][gc,phases     ] GC(225)   Other: 0,5ms
[2022-11-30T20:30:24.130+0100][gc,heap       ] GC(225) Eden regions: 47->0(46)
[2022-11-30T20:30:24.130+0100][gc,heap       ] GC(225) Survivor regions: 4->5(7)
[2022-11-30T20:30:24.130+0100][gc,heap       ] GC(225) Old regions: 153->153
[2022-11-30T20:30:24.130+0100][gc,heap       ] GC(225) Humongous regions: 129->129
[2022-11-30T20:30:24.130+0100][gc,metaspace  ] GC(225) Metaspace: 45950K(49280K)->45950K(49280K) NonClass: 40082K(41984K)->40082K(41984K) Class: 5868K(7296K)->5868K(7296K)
[2022-11-30T20:30:24.130+0100][gc            ] GC(225) Pause Young (Normal) (G1 Evacuation Pause) 330M->284M(1024M) 26,778ms
[2022-11-30T20:30:24.130+0100][gc,cpu        ] GC(225) User=0,09s Sys=0,00s Real=0,03s
[2022-11-30T20:56:10.557+0100][gc,start      ] GC(226) Pause Young (Normal) (G1 Evacuation Pause)
[2022-11-30T20:56:10.557+0100][gc,task       ] GC(226) Using 4 workers of 4 for evacuation
[2022-11-30T20:56:10.579+0100][gc,mmu        ] GC(226) MMU target violated: 21,0ms (20,0ms/21,0ms)
[2022-11-30T20:56:10.579+0100][gc,phases     ] GC(226)   Pre Evacuate Collection Set: 0,0ms
[2022-11-30T20:56:10.579+0100][gc,phases     ] GC(226)   Evacuate Collection Set: 20,6ms
[2022-11-30T20:56:10.579+0100][gc,phases     ] GC(226)   Post Evacuate Collection Set: 0,9ms
[2022-11-30T20:56:10.579+0100][gc,phases     ] GC(226)   Other: 0,5ms
[2022-11-30T20:56:10.579+0100][gc,heap       ] GC(226) Eden regions: 46->0(46)
[2022-11-30T20:56:10.579+0100][gc,heap       ] GC(226) Survivor regions: 5->5(7)
[2022-11-30T20:56:10.579+0100][gc,heap       ] GC(226) Old regions: 153->155
[2022-11-30T20:56:10.579+0100][gc,heap       ] GC(226) Humongous regions: 129->129
[2022-11-30T20:56:10.579+0100][gc,metaspace  ] GC(226) Metaspace: 45956K(49280K)->45956K(49280K) NonClass: 40088K(41984K)->40088K(41984K) Class: 5868K(7296K)->5868K(7296K)
[2022-11-30T20:56:10.579+0100][gc            ] GC(226) Pause Young (Normal) (G1 Evacuation Pause) 330M->286M(1024M) 22,030ms
[2022-11-30T20:56:10.579+0100][gc,cpu        ] GC(226) User=0,05s Sys=0,00s Real=0,02s
[2022-11-30T21:30:10.557+0100][gc,start      ] GC(227) Pause Young (Normal) (G1 Evacuation Pause)
[2022-11-30T21:30:10.557+0100][gc,task       ] GC(227) Using 4 workers of 4 for evacuation
[2022-11-30T21:30:10.596+0100][gc,mmu        ] GC(227) MMU target violated: 21,0ms (20,0ms/21,0ms)
[2022-11-30T21:30:10.596+0100][gc,phases     ] GC(227)   Pre Evacuate Collection Set: 0,0ms
[2022-11-30T21:30:10.596+0100][gc,phases     ] GC(227)   Evacuate Collection Set: 35,7ms
[2022-11-30T21:30:10.596+0100][gc,phases     ] GC(227)   Post Evacuate Collection Set: 2,2ms
[2022-11-30T21:30:10.596+0100][gc,phases     ] GC(227)   Other: 0,7ms
[2022-11-30T21:30:10.596+0100][gc,heap       ] GC(227) Eden regions: 46->0(49)
[2022-11-30T21:30:10.596+0100][gc,heap       ] GC(227) Survivor regions: 5->2(7)
[2022-11-30T21:30:10.596+0100][gc,heap       ] GC(227) Old regions: 155->158
[2022-11-30T21:30:10.596+0100][gc,heap       ] GC(227) Humongous regions: 129->129
[2022-11-30T21:30:10.596+0100][gc,metaspace  ] GC(227) Metaspace: 45971K(49280K)->45971K(49280K) NonClass: 40102K(41984K)->40102K(41984K) Class: 5868K(7296K)->5868K(7296K)
[2022-11-30T21:30:10.596+0100][gc            ] GC(227) Pause Young (Normal) (G1 Evacuation Pause) 332M->286M(1024M) 39,022ms
[2022-11-30T21:30:10.596+0100][gc,cpu        ] GC(227) User=0,07s Sys=0,01s Real=0,04s
[2022-11-30T22:06:44.535+0100][gc,start      ] GC(228) Pause Young (Normal) (G1 Evacuation Pause)
[2022-11-30T22:06:44.535+0100][gc,task       ] GC(228) Using 4 workers of 4 for evacuation
[2022-11-30T22:06:44.542+0100][gc,phases     ] GC(228)   Pre Evacuate Collection Set: 0,0ms
[2022-11-30T22:06:44.542+0100][gc,phases     ] GC(228)   Evacuate Collection Set: 6,1ms
[2022-11-30T22:06:44.542+0100][gc,phases     ] GC(228)   Post Evacuate Collection Set: 0,5ms
[2022-11-30T22:06:44.542+0100][gc,phases     ] GC(228)   Other: 0,5ms
[2022-11-30T22:06:44.542+0100][gc,heap       ] GC(228) Eden regions: 49->0(49)
[2022-11-30T22:06:44.542+0100][gc,heap       ] GC(228) Survivor regions: 2->2(7)
[2022-11-30T22:06:44.542+0100][gc,heap       ] GC(228) Old regions: 158->158
[2022-11-30T22:06:44.542+0100][gc,heap       ] GC(228) Humongous regions: 129->129
[2022-11-30T22:06:44.542+0100][gc,metaspace  ] GC(228) Metaspace: 45971K(49280K)->45971K(49280K) NonClass: 40103K(41984K)->40103K(41984K) Class: 5868K(7296K)->5868K(7296K)
[2022-11-30T22:06:44.542+0100][gc            ] GC(228) Pause Young (Normal) (G1 Evacuation Pause) 335M->285M(1024M) 7,389ms
[2022-11-30T22:06:44.542+0100][gc,cpu        ] GC(228) User=0,01s Sys=0,00s Real=0,00s
[2022-12-01T18:44:47.398+0100][gc,start      ] GC(229) Pause Young (Normal) (G1 Evacuation Pause)
[2022-12-01T18:44:47.398+0100][gc,task       ] GC(229) Using 4 workers of 4 for evacuation
[2022-12-01T18:44:47.438+0100][gc,mmu        ] GC(229) MMU target violated: 21,0ms (20,0ms/21,0ms)
[2022-12-01T18:44:47.438+0100][gc,phases     ] GC(229)   Pre Evacuate Collection Set: 0,1ms
[2022-12-01T18:44:47.438+0100][gc,phases     ] GC(229)   Evacuate Collection Set: 38,0ms
[2022-12-01T18:44:47.438+0100][gc,phases     ] GC(229)   Post Evacuate Collection Set: 1,5ms
[2022-12-01T18:44:47.438+0100][gc,phases     ] GC(229)   Other: 0,8ms
[2022-12-01T18:44:47.438+0100][gc,heap       ] GC(229) Eden regions: 49->0(49)
[2022-12-01T18:44:47.438+0100][gc,heap       ] GC(229) Survivor regions: 2->2(7)
[2022-12-01T18:44:47.438+0100][gc,heap       ] GC(229) Old regions: 158->158
[2022-12-01T18:44:47.438+0100][gc,heap       ] GC(229) Humongous regions: 129->129
[2022-12-01T18:44:47.438+0100][gc,metaspace  ] GC(229) Metaspace: 46246K(49664K)->46246K(49664K) NonClass: 40323K(42240K)->40323K(42240K) Class: 5922K(7424K)->5922K(7424K)
[2022-12-01T18:44:47.438+0100][gc            ] GC(229) Pause Young (Normal) (G1 Evacuation Pause) 334M->286M(1024M) 40,558ms
[2022-12-01T18:44:47.438+0100][gc,cpu        ] GC(229) User=0,06s Sys=0,00s Real=0,04s
[2022-12-01T19:07:40.734+0100][gc,start      ] GC(230) Pause Young (Normal) (G1 Evacuation Pause)
[2022-12-01T19:07:40.735+0100][gc,task       ] GC(230) Using 4 workers of 4 for evacuation
[2022-12-01T19:07:40.766+0100][gc,mmu        ] GC(230) MMU target violated: 21,0ms (20,0ms/21,0ms)
[2022-12-01T19:07:40.766+0100][gc,phases     ] GC(230)   Pre Evacuate Collection Set: 0,7ms
[2022-12-01T19:07:40.766+0100][gc,phases     ] GC(230)   Evacuate Collection Set: 25,8ms
[2022-12-01T19:07:40.766+0100][gc,phases     ] GC(230)   Post Evacuate Collection Set: 3,2ms
[2022-12-01T19:07:40.766+0100][gc,phases     ] GC(230)   Other: 2,3ms
[2022-12-01T19:07:40.766+0100][gc,heap       ] GC(230) Eden regions: 49->0(48)
[2022-12-01T19:07:40.766+0100][gc,heap       ] GC(230) Survivor regions: 2->3(7)
[2022-12-01T19:07:40.766+0100][gc,heap       ] GC(230) Old regions: 158->158
[2022-12-01T19:07:40.766+0100][gc,heap       ] GC(230) Humongous regions: 129->129
[2022-12-01T19:07:40.766+0100][gc,metaspace  ] GC(230) Metaspace: 46253K(49664K)->46253K(49664K) NonClass: 40330K(42240K)->40330K(42240K) Class: 5922K(7424K)->5922K(7424K)
[2022-12-01T19:07:40.766+0100][gc            ] GC(230) Pause Young (Normal) (G1 Evacuation Pause) 335M->287M(1024M) 32,292ms
[2022-12-01T19:07:40.766+0100][gc,cpu        ] GC(230) User=0,06s Sys=0,00s Real=0,03s
[2022-12-01T19:08:26.399+0100][gc,start      ] GC(231) Pause Young (Normal) (G1 Evacuation Pause)
[2022-12-01T19:08:26.399+0100][gc,task       ] GC(231) Using 4 workers of 4 for evacuation
[2022-12-01T19:08:26.441+0100][gc,mmu        ] GC(231) MMU target violated: 21,0ms (20,0ms/21,0ms)
[2022-12-01T19:08:26.441+0100][gc,phases     ] GC(231)   Pre Evacuate Collection Set: 0,1ms
[2022-12-01T19:08:26.441+0100][gc,phases     ] GC(231)   Evacuate Collection Set: 36,8ms
[2022-12-01T19:08:26.441+0100][gc,phases     ] GC(231)   Post Evacuate Collection Set: 4,5ms
[2022-12-01T19:08:26.441+0100][gc,phases     ] GC(231)   Other: 0,9ms
[2022-12-01T19:08:26.441+0100][gc,heap       ] GC(231) Eden regions: 48->0(47)
[2022-12-01T19:08:26.441+0100][gc,heap       ] GC(231) Survivor regions: 3->4(7)
[2022-12-01T19:08:26.441+0100][gc,heap       ] GC(231) Old regions: 158->158
[2022-12-01T19:08:26.442+0100][gc,heap       ] GC(231) Humongous regions: 129->129
[2022-12-01T19:08:26.442+0100][gc,metaspace  ] GC(231) Metaspace: 46272K(49664K)->46272K(49664K) NonClass: 40347K(42240K)->40347K(42240K) Class: 5924K(7424K)->5924K(7424K)
[2022-12-01T19:08:26.442+0100][gc            ] GC(231) Pause Young (Normal) (G1 Evacuation Pause) 335M->288M(1024M) 42,753ms
[2022-12-01T19:08:26.442+0100][gc,cpu        ] GC(231) User=0,11s Sys=0,00s Real=0,04s
[2022-12-01T19:09:13.414+0100][gc,start      ] GC(232) Pause Young (Normal) (G1 Evacuation Pause)
[2022-12-01T19:09:13.414+0100][gc,task       ] GC(232) Using 4 workers of 4 for evacuation
[2022-12-01T19:09:13.452+0100][gc,mmu        ] GC(232) MMU target violated: 21,0ms (20,0ms/21,0ms)
[2022-12-01T19:09:13.452+0100][gc,phases     ] GC(232)   Pre Evacuate Collection Set: 0,1ms
[2022-12-01T19:09:13.452+0100][gc,phases     ] GC(232)   Evacuate Collection Set: 34,7ms
[2022-12-01T19:09:13.452+0100][gc,phases     ] GC(232)   Post Evacuate Collection Set: 2,7ms
[2022-12-01T19:09:13.452+0100][gc,phases     ] GC(232)   Other: 0,7ms
[2022-12-01T19:09:13.452+0100][gc,heap       ] GC(232) Eden regions: 47->0(47)
[2022-12-01T19:09:13.453+0100][gc,heap       ] GC(232) Survivor regions: 4->4(7)
[2022-12-01T19:09:13.453+0100][gc,heap       ] GC(232) Old regions: 158->158
[2022-12-01T19:09:13.453+0100][gc,heap       ] GC(232) Humongous regions: 129->129
[2022-12-01T19:09:13.453+0100][gc,metaspace  ] GC(232) Metaspace: 46275K(49664K)->46275K(49664K) NonClass: 40350K(42240K)->40350K(42240K) Class: 5924K(7424K)->5924K(7424K)
[2022-12-01T19:09:13.453+0100][gc            ] GC(232) Pause Young (Normal) (G1 Evacuation Pause) 335M->288M(1024M) 38,662ms
[2022-12-01T19:09:13.453+0100][gc,cpu        ] GC(232) User=0,09s Sys=0,00s Real=0,04s
[2022-12-01T19:10:00.383+0100][gc,start      ] GC(233) Pause Young (Normal) (G1 Evacuation Pause)
[2022-12-01T19:10:00.383+0100][gc,task       ] GC(233) Using 4 workers of 4 for evacuation
[2022-12-01T19:10:00.405+0100][gc,mmu        ] GC(233) MMU target violated: 21,0ms (20,0ms/21,0ms)
[2022-12-01T19:10:00.405+0100][gc,phases     ] GC(233)   Pre Evacuate Collection Set: 0,1ms
[2022-12-01T19:10:00.405+0100][gc,phases     ] GC(233)   Evacuate Collection Set: 18,0ms
[2022-12-01T19:10:00.405+0100][gc,phases     ] GC(233)   Post Evacuate Collection Set: 3,2ms
[2022-12-01T19:10:00.405+0100][gc,phases     ] GC(233)   Other: 0,5ms
[2022-12-01T19:10:00.405+0100][gc,heap       ] GC(233) Eden regions: 47->0(47)
[2022-12-01T19:10:00.405+0100][gc,heap       ] GC(233) Survivor regions: 4->4(7)
[2022-12-01T19:10:00.405+0100][gc,heap       ] GC(233) Old regions: 158->158
[2022-12-01T19:10:00.405+0100][gc,heap       ] GC(233) Humongous regions: 129->129
[2022-12-01T19:10:00.406+0100][gc,metaspace  ] GC(233) Metaspace: 46275K(49664K)->46275K(49664K) NonClass: 40350K(42240K)->40350K(42240K) Class: 5924K(7424K)->5924K(7424K)
[2022-12-01T19:10:00.406+0100][gc            ] GC(233) Pause Young (Normal) (G1 Evacuation Pause) 335M->288M(1024M) 22,184ms
[2022-12-01T19:10:00.406+0100][gc,cpu        ] GC(233) User=0,07s Sys=0,00s Real=0,03s
[2022-12-01T19:10:47.075+0100][gc,start      ] GC(234) Pause Young (Normal) (G1 Evacuation Pause)
[2022-12-01T19:10:47.075+0100][gc,task       ] GC(234) Using 4 workers of 4 for evacuation
[2022-12-01T19:10:47.118+0100][gc,mmu        ] GC(234) MMU target violated: 21,0ms (20,0ms/21,0ms)
[2022-12-01T19:10:47.118+0100][gc,phases     ] GC(234)   Pre Evacuate Collection Set: 0,0ms
[2022-12-01T19:10:47.118+0100][gc,phases     ] GC(234)   Evacuate Collection Set: 39,0ms
[2022-12-01T19:10:47.118+0100][gc,phases     ] GC(234)   Post Evacuate Collection Set: 3,2ms
[2022-12-01T19:10:47.118+0100][gc,phases     ] GC(234)   Other: 0,3ms
[2022-12-01T19:10:47.118+0100][gc,heap       ] GC(234) Eden regions: 47->0(48)
[2022-12-01T19:10:47.118+0100][gc,heap       ] GC(234) Survivor regions: 4->3(7)
[2022-12-01T19:10:47.118+0100][gc,heap       ] GC(234) Old regions: 158->158
[2022-12-01T19:10:47.118+0100][gc,heap       ] GC(234) Humongous regions: 129->129
[2022-12-01T19:10:47.118+0100][gc,metaspace  ] GC(234) Metaspace: 46275K(49664K)->46275K(49664K) NonClass: 40350K(42240K)->40350K(42240K) Class: 5924K(7424K)->5924K(7424K)
[2022-12-01T19:10:47.118+0100][gc            ] GC(234) Pause Young (Normal) (G1 Evacuation Pause) 335M->288M(1024M) 42,653ms
[2022-12-01T19:10:47.118+0100][gc,cpu        ] GC(234) User=0,04s Sys=0,00s Real=0,04s
[2022-12-01T19:11:34.858+0100][gc,start      ] GC(235) Pause Young (Normal) (G1 Evacuation Pause)
[2022-12-01T19:11:34.858+0100][gc,task       ] GC(235) Using 4 workers of 4 for evacuation
[2022-12-01T19:11:34.895+0100][gc,mmu        ] GC(235) MMU target violated: 21,0ms (20,0ms/21,0ms)
[2022-12-01T19:11:34.895+0100][gc,phases     ] GC(235)   Pre Evacuate Collection Set: 0,1ms
[2022-12-01T19:11:34.895+0100][gc,phases     ] GC(235)   Evacuate Collection Set: 33,1ms
[2022-12-01T19:11:34.895+0100][gc,phases     ] GC(235)   Post Evacuate Collection Set: 3,9ms
[2022-12-01T19:11:34.896+0100][gc,phases     ] GC(235)   Other: 0,6ms
[2022-12-01T19:11:34.896+0100][gc,heap       ] GC(235) Eden regions: 48->0(48)
[2022-12-01T19:11:34.896+0100][gc,heap       ] GC(235) Survivor regions: 3->3(7)
[2022-12-01T19:11:34.896+0100][gc,heap       ] GC(235) Old regions: 158->158
[2022-12-01T19:11:34.896+0100][gc,heap       ] GC(235) Humongous regions: 129->129
[2022-12-01T19:11:34.896+0100][gc,metaspace  ] GC(235) Metaspace: 46275K(49664K)->46275K(49664K) NonClass: 40350K(42240K)->40350K(42240K) Class: 5924K(7424K)->5924K(7424K)
[2022-12-01T19:11:34.896+0100][gc            ] GC(235) Pause Young (Normal) (G1 Evacuation Pause) 336M->288M(1024M) 38,085ms
[2022-12-01T19:11:34.896+0100][gc,cpu        ] GC(235) User=0,08s Sys=0,00s Real=0,04s
[2022-12-01T19:12:22.668+0100][gc,start      ] GC(236) Pause Young (Normal) (G1 Evacuation Pause)
[2022-12-01T19:12:22.668+0100][gc,task       ] GC(236) Using 4 workers of 4 for evacuation
[2022-12-01T19:12:22.696+0100][gc,mmu        ] GC(236) MMU target violated: 21,0ms (20,0ms/21,0ms)
[2022-12-01T19:12:22.696+0100][gc,phases     ] GC(236)   Pre Evacuate Collection Set: 0,0ms
[2022-12-01T19:12:22.696+0100][gc,phases     ] GC(236)   Evacuate Collection Set: 27,1ms
[2022-12-01T19:12:22.696+0100][gc,phases     ] GC(236)   Post Evacuate Collection Set: 1,2ms
[2022-12-01T19:12:22.696+0100][gc,phases     ] GC(236)   Other: 0,3ms
[2022-12-01T19:12:22.696+0100][gc,heap       ] GC(236) Eden regions: 48->0(47)
[2022-12-01T19:12:22.696+0100][gc,heap       ] GC(236) Survivor regions: 3->4(7)
[2022-12-01T19:12:22.696+0100][gc,heap       ] GC(236) Old regions: 158->158
[2022-12-01T19:12:22.696+0100][gc,heap       ] GC(236) Humongous regions: 129->129
[2022-12-01T19:12:22.696+0100][gc,metaspace  ] GC(236) Metaspace: 46281K(49664K)->46281K(49664K) NonClass: 40357K(42240K)->40357K(42240K) Class: 5924K(7424K)->5924K(7424K)
[2022-12-01T19:12:22.696+0100][gc            ] GC(236) Pause Young (Normal) (G1 Evacuation Pause) 336M->288M(1024M) 28,706ms
[2022-12-01T19:12:22.696+0100][gc,cpu        ] GC(236) User=0,02s Sys=0,00s Real=0,03s
[2022-12-01T19:13:09.460+0100][gc,start      ] GC(237) Pause Young (Normal) (G1 Evacuation Pause)
[2022-12-01T19:13:09.460+0100][gc,task       ] GC(237) Using 4 workers of 4 for evacuation
[2022-12-01T19:13:09.473+0100][gc,phases     ] GC(237)   Pre Evacuate Collection Set: 0,0ms
[2022-12-01T19:13:09.473+0100][gc,phases     ] GC(237)   Evacuate Collection Set: 10,8ms
[2022-12-01T19:13:09.473+0100][gc,phases     ] GC(237)   Post Evacuate Collection Set: 1,3ms
[2022-12-01T19:13:09.473+0100][gc,phases     ] GC(237)   Other: 0,3ms
[2022-12-01T19:13:09.473+0100][gc,heap       ] GC(237) Eden regions: 47->0(47)
[2022-12-01T19:13:09.473+0100][gc,heap       ] GC(237) Survivor regions: 4->4(7)
[2022-12-01T19:13:09.473+0100][gc,heap       ] GC(237) Old regions: 158->158
[2022-12-01T19:13:09.473+0100][gc,heap       ] GC(237) Humongous regions: 129->129
[2022-12-01T19:13:09.473+0100][gc,metaspace  ] GC(237) Metaspace: 46281K(49664K)->46281K(49664K) NonClass: 40357K(42240K)->40357K(42240K) Class: 5924K(7424K)->5924K(7424K)
[2022-12-01T19:13:09.473+0100][gc            ] GC(237) Pause Young (Normal) (G1 Evacuation Pause) 335M->288M(1024M) 12,421ms
[2022-12-01T19:13:09.473+0100][gc,cpu        ] GC(237) User=0,03s Sys=0,00s Real=0,02s
[2022-12-01T19:13:55.821+0100][gc,start      ] GC(238) Pause Young (Normal) (G1 Evacuation Pause)
[2022-12-01T19:13:55.821+0100][gc,task       ] GC(238) Using 4 workers of 4 for evacuation
[2022-12-01T19:13:55.836+0100][gc,phases     ] GC(238)   Pre Evacuate Collection Set: 0,0ms
[2022-12-01T19:13:55.836+0100][gc,phases     ] GC(238)   Evacuate Collection Set: 12,2ms
[2022-12-01T19:13:55.836+0100][gc,phases     ] GC(238)   Post Evacuate Collection Set: 2,2ms
[2022-12-01T19:13:55.836+0100][gc,phases     ] GC(238)   Other: 0,3ms
[2022-12-01T19:13:55.836+0100][gc,heap       ] GC(238) Eden regions: 47->0(47)
[2022-12-01T19:13:55.836+0100][gc,heap       ] GC(238) Survivor regions: 4->4(7)
[2022-12-01T19:13:55.836+0100][gc,heap       ] GC(238) Old regions: 158->158
[2022-12-01T19:13:55.836+0100][gc,heap       ] GC(238) Humongous regions: 129->129
[2022-12-01T19:13:55.836+0100][gc,metaspace  ] GC(238) Metaspace: 46281K(49664K)->46281K(49664K) NonClass: 40357K(42240K)->40357K(42240K) Class: 5924K(7424K)->5924K(7424K)
[2022-12-01T19:13:55.836+0100][gc            ] GC(238) Pause Young (Normal) (G1 Evacuation Pause) 335M->289M(1024M) 14,916ms
[2022-12-01T19:13:55.836+0100][gc,cpu        ] GC(238) User=0,05s Sys=0,00s Real=0,02s
[2022-12-01T19:14:40.528+0100][gc,start      ] GC(239) Pause Young (Normal) (G1 Evacuation Pause)
[2022-12-01T19:14:40.532+0100][gc,task       ] GC(239) Using 4 workers of 4 for evacuation
[2022-12-01T19:14:40.595+0100][gc,mmu        ] GC(239) MMU target violated: 21,0ms (20,0ms/21,0ms)
[2022-12-01T19:14:40.595+0100][gc,phases     ] GC(239)   Pre Evacuate Collection Set: 0,0ms
[2022-12-01T19:14:40.595+0100][gc,phases     ] GC(239)   Evacuate Collection Set: 60,4ms
[2022-12-01T19:14:40.595+0100][gc,phases     ] GC(239)   Post Evacuate Collection Set: 2,4ms
[2022-12-01T19:14:40.595+0100][gc,phases     ] GC(239)   Other: 4,2ms
[2022-12-01T19:14:40.595+0100][gc,heap       ] GC(239) Eden regions: 47->0(46)
[2022-12-01T19:14:40.595+0100][gc,heap       ] GC(239) Survivor regions: 4->5(7)
[2022-12-01T19:14:40.595+0100][gc,heap       ] GC(239) Old regions: 158->158
[2022-12-01T19:14:40.595+0100][gc,heap       ] GC(239) Humongous regions: 129->129
[2022-12-01T19:14:40.595+0100][gc,metaspace  ] GC(239) Metaspace: 46281K(49664K)->46281K(49664K) NonClass: 40357K(42240K)->40357K(42240K) Class: 5924K(7424K)->5924K(7424K)
[2022-12-01T19:14:40.595+0100][gc            ] GC(239) Pause Young (Normal) (G1 Evacuation Pause) 336M->289M(1024M) 67,218ms
[2022-12-01T19:14:40.595+0100][gc,cpu        ] GC(239) User=0,05s Sys=0,00s Real=0,07s
[2022-12-01T19:15:24.755+0100][gc,start      ] GC(240) Pause Young (Normal) (G1 Evacuation Pause)
[2022-12-01T19:15:24.755+0100][gc,task       ] GC(240) Using 4 workers of 4 for evacuation
[2022-12-01T19:15:24.790+0100][gc,mmu        ] GC(240) MMU target violated: 21,0ms (20,0ms/21,0ms)
[2022-12-01T19:15:24.790+0100][gc,phases     ] GC(240)   Pre Evacuate Collection Set: 0,0ms
[2022-12-01T19:15:24.790+0100][gc,phases     ] GC(240)   Evacuate Collection Set: 34,2ms
[2022-12-01T19:15:24.790+0100][gc,phases     ] GC(240)   Post Evacuate Collection Set: 0,6ms
[2022-12-01T19:15:24.790+0100][gc,phases     ] GC(240)   Other: 0,3ms
[2022-12-01T19:15:24.790+0100][gc,heap       ] GC(240) Eden regions: 46->0(47)
[2022-12-01T19:15:24.790+0100][gc,heap       ] GC(240) Survivor regions: 5->4(7)
[2022-12-01T19:15:24.790+0100][gc,heap       ] GC(240) Old regions: 158->159
[2022-12-01T19:15:24.790+0100][gc,heap       ] GC(240) Humongous regions: 129->129
[2022-12-01T19:15:24.790+0100][gc,metaspace  ] GC(240) Metaspace: 46281K(49664K)->46281K(49664K) NonClass: 40357K(42240K)->40357K(42240K) Class: 5924K(7424K)->5924K(7424K)
[2022-12-01T19:15:24.790+0100][gc            ] GC(240) Pause Young (Normal) (G1 Evacuation Pause) 335M->289M(1024M) 35,273ms
[2022-12-01T19:15:24.790+0100][gc,cpu        ] GC(240) User=0,02s Sys=0,01s Real=0,03s
[2022-12-01T19:16:10.425+0100][gc,start      ] GC(241) Pause Young (Normal) (G1 Evacuation Pause)
[2022-12-01T19:16:10.425+0100][gc,task       ] GC(241) Using 4 workers of 4 for evacuation
[2022-12-01T19:16:10.449+0100][gc,mmu        ] GC(241) MMU target violated: 21,0ms (20,0ms/21,0ms)
[2022-12-01T19:16:10.450+0100][gc,phases     ] GC(241)   Pre Evacuate Collection Set: 0,0ms
[2022-12-01T19:16:10.450+0100][gc,phases     ] GC(241)   Evacuate Collection Set: 24,0ms
[2022-12-01T19:16:10.450+0100][gc,phases     ] GC(241)   Post Evacuate Collection Set: 0,4ms
[2022-12-01T19:16:10.450+0100][gc,phases     ] GC(241)   Other: 0,3ms
[2022-12-01T19:16:10.450+0100][gc,heap       ] GC(241) Eden regions: 47->0(47)
[2022-12-01T19:16:10.450+0100][gc,heap       ] GC(241) Survivor regions: 4->4(7)
[2022-12-01T19:16:10.450+0100][gc,heap       ] GC(241) Old regions: 159->159
[2022-12-01T19:16:10.450+0100][gc,heap       ] GC(241) Humongous regions: 129->129
[2022-12-01T19:16:10.450+0100][gc,metaspace  ] GC(241) Metaspace: 46282K(49664K)->46282K(49664K) NonClass: 40357K(42240K)->40357K(42240K) Class: 5924K(7424K)->5924K(7424K)
[2022-12-01T19:16:10.450+0100][gc            ] GC(241) Pause Young (Normal) (G1 Evacuation Pause) 336M->289M(1024M) 24,836ms
[2022-12-01T19:16:10.450+0100][gc,cpu        ] GC(241) User=0,02s Sys=0,01s Real=0,03s
[2022-12-01T19:16:56.081+0100][gc,start      ] GC(242) Pause Young (Normal) (G1 Evacuation Pause)
[2022-12-01T19:16:56.082+0100][gc,task       ] GC(242) Using 4 workers of 4 for evacuation
[2022-12-01T19:16:56.090+0100][gc,phases     ] GC(242)   Pre Evacuate Collection Set: 0,2ms
[2022-12-01T19:16:56.090+0100][gc,phases     ] GC(242)   Evacuate Collection Set: 6,9ms
[2022-12-01T19:16:56.090+0100][gc,phases     ] GC(242)   Post Evacuate Collection Set: 0,4ms
[2022-12-01T19:16:56.090+0100][gc,phases     ] GC(242)   Other: 1,2ms
[2022-12-01T19:16:56.090+0100][gc,heap       ] GC(242) Eden regions: 47->0(47)
[2022-12-01T19:16:56.090+0100][gc,heap       ] GC(242) Survivor regions: 4->4(7)
[2022-12-01T19:16:56.090+0100][gc,heap       ] GC(242) Old regions: 159->159
[2022-12-01T19:16:56.090+0100][gc,heap       ] GC(242) Humongous regions: 129->129
[2022-12-01T19:16:56.090+0100][gc,metaspace  ] GC(242) Metaspace: 46298K(49664K)->46298K(49664K) NonClass: 40374K(42240K)->40374K(42240K) Class: 5924K(7424K)->5924K(7424K)
[2022-12-01T19:16:56.090+0100][gc            ] GC(242) Pause Young (Normal) (G1 Evacuation Pause) 336M->290M(1024M) 9,000ms
[2022-12-01T19:16:56.090+0100][gc,cpu        ] GC(242) User=0,02s Sys=0,00s Real=0,01s
[2022-12-01T19:17:41.463+0100][gc,start      ] GC(243) Pause Young (Normal) (G1 Evacuation Pause)
[2022-12-01T19:17:41.463+0100][gc,task       ] GC(243) Using 4 workers of 4 for evacuation
[2022-12-01T19:17:41.480+0100][gc,phases     ] GC(243)   Pre Evacuate Collection Set: 0,0ms
[2022-12-01T19:17:41.480+0100][gc,phases     ] GC(243)   Evacuate Collection Set: 16,0ms
[2022-12-01T19:17:41.480+0100][gc,phases     ] GC(243)   Post Evacuate Collection Set: 0,9ms
[2022-12-01T19:17:41.480+0100][gc,phases     ] GC(243)   Other: 0,4ms
[2022-12-01T19:17:41.480+0100][gc,heap       ] GC(243) Eden regions: 47->0(49)
[2022-12-01T19:17:41.481+0100][gc,heap       ] GC(243) Survivor regions: 4->4(7)
[2022-12-01T19:17:41.481+0100][gc,heap       ] GC(243) Old regions: 159->160
[2022-12-01T19:17:41.481+0100][gc,heap       ] GC(243) Humongous regions: 129->129
[2022-12-01T19:17:41.481+0100][gc,metaspace  ] GC(243) Metaspace: 46298K(49664K)->46298K(49664K) NonClass: 40374K(42240K)->40374K(42240K) Class: 5924K(7424K)->5924K(7424K)
[2022-12-01T19:17:41.481+0100][gc            ] GC(243) Pause Young (Normal) (G1 Evacuation Pause) 337M->290M(1024M) 17,792ms
[2022-12-01T19:17:41.481+0100][gc,cpu        ] GC(243) User=0,02s Sys=0,00s Real=0,02s
[2022-12-01T19:18:28.292+0100][gc,start      ] GC(244) Pause Young (Normal) (G1 Evacuation Pause)
[2022-12-01T19:18:28.292+0100][gc,task       ] GC(244) Using 4 workers of 4 for evacuation
[2022-12-01T19:18:28.328+0100][gc,mmu        ] GC(244) MMU target violated: 21,0ms (20,0ms/21,0ms)
[2022-12-01T19:18:28.328+0100][gc,phases     ] GC(244)   Pre Evacuate Collection Set: 0,0ms
[2022-12-01T19:18:28.328+0100][gc,phases     ] GC(244)   Evacuate Collection Set: 35,3ms
[2022-12-01T19:18:28.328+0100][gc,phases     ] GC(244)   Post Evacuate Collection Set: 0,4ms
[2022-12-01T19:18:28.328+0100][gc,phases     ] GC(244)   Other: 0,3ms
[2022-12-01T19:18:28.328+0100][gc,heap       ] GC(244) Eden regions: 49->0(50)
[2022-12-01T19:18:28.328+0100][gc,heap       ] GC(244) Survivor regions: 4->5(7)
[2022-12-01T19:18:28.328+0100][gc,heap       ] GC(244) Old regions: 160->160
[2022-12-01T19:18:28.328+0100][gc,heap       ] GC(244) Humongous regions: 129->129
[2022-12-01T19:18:28.328+0100][gc,metaspace  ] GC(244) Metaspace: 46305K(49664K)->46305K(49664K) NonClass: 40381K(42240K)->40381K(42240K) Class: 5924K(7424K)->5924K(7424K)
[2022-12-01T19:18:28.328+0100][gc            ] GC(244) Pause Young (Normal) (G1 Evacuation Pause) 339M->291M(1024M) 36,237ms
[2022-12-01T19:18:28.328+0100][gc,cpu        ] GC(244) User=0,03s Sys=0,00s Real=0,04s
[2022-12-01T19:19:16.286+0100][gc,start      ] GC(245) Pause Young (Normal) (G1 Evacuation Pause)
[2022-12-01T19:19:16.286+0100][gc,task       ] GC(245) Using 4 workers of 4 for evacuation
[2022-12-01T19:19:16.294+0100][gc,phases     ] GC(245)   Pre Evacuate Collection Set: 0,0ms
[2022-12-01T19:19:16.294+0100][gc,phases     ] GC(245)   Evacuate Collection Set: 7,2ms
[2022-12-01T19:19:16.294+0100][gc,phases     ] GC(245)   Post Evacuate Collection Set: 1,0ms
[2022-12-01T19:19:16.294+0100][gc,phases     ] GC(245)   Other: 0,3ms
[2022-12-01T19:19:16.294+0100][gc,heap       ] GC(245) Eden regions: 50->0(53)
[2022-12-01T19:19:16.294+0100][gc,heap       ] GC(245) Survivor regions: 5->3(7)
[2022-12-01T19:19:16.294+0100][gc,heap       ] GC(245) Old regions: 160->160
[2022-12-01T19:19:16.294+0100][gc,heap       ] GC(245) Humongous regions: 129->129
[2022-12-01T19:19:16.294+0100][gc,metaspace  ] GC(245) Metaspace: 46307K(49664K)->46307K(49664K) NonClass: 40382K(42240K)->40382K(42240K) Class: 5924K(7424K)->5924K(7424K)
[2022-12-01T19:19:16.294+0100][gc            ] GC(245) Pause Young (Normal) (G1 Evacuation Pause) 341M->289M(1024M) 8,663ms
[2022-12-01T19:19:16.294+0100][gc,cpu        ] GC(245) User=0,01s Sys=0,00s Real=0,01s
[2022-12-01T19:20:07.355+0100][gc,start      ] GC(246) Pause Young (Normal) (G1 Evacuation Pause)
[2022-12-01T19:20:07.355+0100][gc,task       ] GC(246) Using 4 workers of 4 for evacuation
[2022-12-01T19:20:07.383+0100][gc,mmu        ] GC(246) MMU target violated: 21,0ms (20,0ms/21,0ms)
[2022-12-01T19:20:07.383+0100][gc,phases     ] GC(246)   Pre Evacuate Collection Set: 0,0ms
[2022-12-01T19:20:07.383+0100][gc,phases     ] GC(246)   Evacuate Collection Set: 27,0ms
[2022-12-01T19:20:07.383+0100][gc,phases     ] GC(246)   Post Evacuate Collection Set: 0,4ms
[2022-12-01T19:20:07.383+0100][gc,phases     ] GC(246)   Other: 0,4ms
[2022-12-01T19:20:07.383+0100][gc,heap       ] GC(246) Eden regions: 53->0(53)
[2022-12-01T19:20:07.383+0100][gc,heap       ] GC(246) Survivor regions: 3->4(7)
[2022-12-01T19:20:07.383+0100][gc,heap       ] GC(246) Old regions: 160->160
[2022-12-01T19:20:07.383+0100][gc,heap       ] GC(246) Humongous regions: 129->129
[2022-12-01T19:20:07.383+0100][gc,metaspace  ] GC(246) Metaspace: 46307K(49664K)->46307K(49664K) NonClass: 40382K(42240K)->40382K(42240K) Class: 5924K(7424K)->5924K(7424K)
[2022-12-01T19:20:07.383+0100][gc            ] GC(246) Pause Young (Normal) (G1 Evacuation Pause) 342M->290M(1024M) 27,961ms
[2022-12-01T19:20:07.383+0100][gc,cpu        ] GC(246) User=0,02s Sys=0,00s Real=0,02s
[2022-12-01T19:20:58.663+0100][gc,start      ] GC(247) Pause Young (Normal) (G1 Evacuation Pause)
[2022-12-01T19:20:58.663+0100][gc,task       ] GC(247) Using 4 workers of 4 for evacuation
[2022-12-01T19:20:58.669+0100][gc,phases     ] GC(247)   Pre Evacuate Collection Set: 0,0ms
[2022-12-01T19:20:58.669+0100][gc,phases     ] GC(247)   Evacuate Collection Set: 4,5ms
[2022-12-01T19:20:58.669+0100][gc,phases     ] GC(247)   Post Evacuate Collection Set: 1,5ms
[2022-12-01T19:20:58.669+0100][gc,phases     ] GC(247)   Other: 0,2ms
[2022-12-01T19:20:58.669+0100][gc,heap       ] GC(247) Eden regions: 53->0(57)
[2022-12-01T19:20:58.669+0100][gc,heap       ] GC(247) Survivor regions: 4->4(8)
[2022-12-01T19:20:58.669+0100][gc,heap       ] GC(247) Old regions: 160->160
[2022-12-01T19:20:58.669+0100][gc,heap       ] GC(247) Humongous regions: 129->129
[2022-12-01T19:20:58.669+0100][gc,metaspace  ] GC(247) Metaspace: 46310K(49664K)->46310K(49664K) NonClass: 40385K(42240K)->40385K(42240K) Class: 5924K(7424K)->5924K(7424K)
[2022-12-01T19:20:58.669+0100][gc            ] GC(247) Pause Young (Normal) (G1 Evacuation Pause) 343M->290M(1024M) 6,431ms
[2022-12-01T19:20:58.669+0100][gc,cpu        ] GC(247) User=0,01s Sys=0,00s Real=0,01s
[2022-12-01T19:21:53.810+0100][gc,start      ] GC(248) Pause Young (Normal) (G1 Evacuation Pause)
[2022-12-01T19:21:53.810+0100][gc,task       ] GC(248) Using 4 workers of 4 for evacuation
[2022-12-01T19:21:53.828+0100][gc,phases     ] GC(248)   Pre Evacuate Collection Set: 0,0ms
[2022-12-01T19:21:53.828+0100][gc,phases     ] GC(248)   Evacuate Collection Set: 15,6ms
[2022-12-01T19:21:53.828+0100][gc,phases     ] GC(248)   Post Evacuate Collection Set: 1,4ms
[2022-12-01T19:21:53.828+0100][gc,phases     ] GC(248)   Other: 0,6ms
[2022-12-01T19:21:53.828+0100][gc,heap       ] GC(248) Eden regions: 57->0(55)
[2022-12-01T19:21:53.828+0100][gc,heap       ] GC(248) Survivor regions: 4->4(8)
[2022-12-01T19:21:53.828+0100][gc,heap       ] GC(248) Old regions: 160->160
[2022-12-01T19:21:53.828+0100][gc,heap       ] GC(248) Humongous regions: 129->129
[2022-12-01T19:21:53.828+0100][gc,metaspace  ] GC(248) Metaspace: 46310K(49664K)->46310K(49664K) NonClass: 40385K(42240K)->40385K(42240K) Class: 5924K(7424K)->5924K(7424K)
[2022-12-01T19:21:53.828+0100][gc            ] GC(248) Pause Young (Normal) (G1 Evacuation Pause) 347M->291M(1024M) 18,054ms
[2022-12-01T19:21:53.828+0100][gc,cpu        ] GC(248) User=0,06s Sys=0,00s Real=0,02s
[2022-12-01T19:22:48.767+0100][gc,start      ] GC(249) Pause Young (Normal) (G1 Evacuation Pause)
[2022-12-01T19:22:48.767+0100][gc,task       ] GC(249) Using 4 workers of 4 for evacuation
[2022-12-01T19:22:48.793+0100][gc,mmu        ] GC(249) MMU target violated: 21,0ms (20,0ms/21,0ms)
[2022-12-01T19:22:48.793+0100][gc,phases     ] GC(249)   Pre Evacuate Collection Set: 0,1ms
[2022-12-01T19:22:48.793+0100][gc,phases     ] GC(249)   Evacuate Collection Set: 22,9ms
[2022-12-01T19:22:48.793+0100][gc,phases     ] GC(249)   Post Evacuate Collection Set: 2,2ms
[2022-12-01T19:22:48.793+0100][gc,phases     ] GC(249)   Other: 0,8ms
[2022-12-01T19:22:48.793+0100][gc,heap       ] GC(249) Eden regions: 55->0(54)
[2022-12-01T19:22:48.793+0100][gc,heap       ] GC(249) Survivor regions: 4->5(8)
[2022-12-01T19:22:48.793+0100][gc,heap       ] GC(249) Old regions: 160->160
[2022-12-01T19:22:48.793+0100][gc,heap       ] GC(249) Humongous regions: 129->129
[2022-12-01T19:22:48.793+0100][gc,metaspace  ] GC(249) Metaspace: 46310K(49664K)->46310K(49664K) NonClass: 40385K(42240K)->40385K(42240K) Class: 5924K(7424K)->5924K(7424K)
[2022-12-01T19:22:48.793+0100][gc            ] GC(249) Pause Young (Normal) (G1 Evacuation Pause) 346M->291M(1024M) 26,469ms
[2022-12-01T19:22:48.793+0100][gc,cpu        ] GC(249) User=0,06s Sys=0,01s Real=0,03s
[2022-12-01T19:23:41.532+0100][gc,start      ] GC(250) Pause Young (Normal) (G1 Evacuation Pause)
[2022-12-01T19:23:41.532+0100][gc,task       ] GC(250) Using 4 workers of 4 for evacuation
[2022-12-01T19:23:41.558+0100][gc,mmu        ] GC(250) MMU target violated: 21,0ms (20,0ms/21,0ms)
[2022-12-01T19:23:41.559+0100][gc,phases     ] GC(250)   Pre Evacuate Collection Set: 0,1ms
[2022-12-01T19:23:41.559+0100][gc,phases     ] GC(250)   Evacuate Collection Set: 24,1ms
[2022-12-01T19:23:41.559+0100][gc,phases     ] GC(250)   Post Evacuate Collection Set: 1,3ms
[2022-12-01T19:23:41.559+0100][gc,phases     ] GC(250)   Other: 0,9ms
[2022-12-01T19:23:41.559+0100][gc,heap       ] GC(250) Eden regions: 54->0(53)
[2022-12-01T19:23:41.559+0100][gc,heap       ] GC(250) Survivor regions: 5->5(8)
[2022-12-01T19:23:41.559+0100][gc,heap       ] GC(250) Old regions: 160->160
[2022-12-01T19:23:41.559+0100][gc,heap       ] GC(250) Humongous regions: 129->129
[2022-12-01T19:23:41.559+0100][gc,metaspace  ] GC(250) Metaspace: 46320K(49664K)->46320K(49664K) NonClass: 40395K(42240K)->40395K(42240K) Class: 5924K(7424K)->5924K(7424K)
[2022-12-01T19:23:41.559+0100][gc            ] GC(250) Pause Young (Normal) (G1 Evacuation Pause) 345M->292M(1024M) 26,985ms
[2022-12-01T19:23:41.559+0100][gc,cpu        ] GC(250) User=0,06s Sys=0,00s Real=0,03s
[2022-12-01T19:24:34.172+0100][gc,start      ] GC(251) Pause Young (Normal) (G1 Evacuation Pause)
[2022-12-01T19:24:34.172+0100][gc,task       ] GC(251) Using 4 workers of 4 for evacuation
[2022-12-01T19:24:34.233+0100][gc,mmu        ] GC(251) MMU target violated: 21,0ms (20,0ms/21,0ms)
[2022-12-01T19:24:34.233+0100][gc,phases     ] GC(251)   Pre Evacuate Collection Set: 0,1ms
[2022-12-01T19:24:34.233+0100][gc,phases     ] GC(251)   Evacuate Collection Set: 60,0ms
[2022-12-01T19:24:34.233+0100][gc,phases     ] GC(251)   Post Evacuate Collection Set: 0,6ms
[2022-12-01T19:24:34.233+0100][gc,phases     ] GC(251)   Other: 0,7ms
[2022-12-01T19:24:34.233+0100][gc,heap       ] GC(251) Eden regions: 53->0(46)
[2022-12-01T19:24:34.233+0100][gc,heap       ] GC(251) Survivor regions: 5->5(8)
[2022-12-01T19:24:34.233+0100][gc,heap       ] GC(251) Old regions: 160->161
[2022-12-01T19:24:34.234+0100][gc,heap       ] GC(251) Humongous regions: 129->129
[2022-12-01T19:24:34.234+0100][gc,metaspace  ] GC(251) Metaspace: 46326K(49664K)->46326K(49664K) NonClass: 40402K(42240K)->40402K(42240K) Class: 5924K(7424K)->5924K(7424K)
[2022-12-01T19:24:34.234+0100][gc            ] GC(251) Pause Young (Normal) (G1 Evacuation Pause) 345M->292M(1024M) 61,564ms
[2022-12-01T19:24:34.234+0100][gc,cpu        ] GC(251) User=0,09s Sys=0,00s Real=0,06s
[2022-12-01T19:25:54.263+0100][gc,start      ] GC(252) Pause Young (Normal) (G1 Evacuation Pause)
[2022-12-01T19:25:54.264+0100][gc,task       ] GC(252) Using 4 workers of 4 for evacuation
[2022-12-01T19:25:54.290+0100][gc,mmu        ] GC(252) MMU target violated: 21,0ms (20,0ms/21,0ms)
[2022-12-01T19:25:54.290+0100][gc,phases     ] GC(252)   Pre Evacuate Collection Set: 0,0ms
[2022-12-01T19:25:54.290+0100][gc,phases     ] GC(252)   Evacuate Collection Set: 25,0ms
[2022-12-01T19:25:54.290+0100][gc,phases     ] GC(252)   Post Evacuate Collection Set: 0,8ms
[2022-12-01T19:25:54.290+0100][gc,phases     ] GC(252)   Other: 0,5ms
[2022-12-01T19:25:54.290+0100][gc,heap       ] GC(252) Eden regions: 46->0(47)
[2022-12-01T19:25:54.290+0100][gc,heap       ] GC(252) Survivor regions: 5->4(7)
[2022-12-01T19:25:54.290+0100][gc,heap       ] GC(252) Old regions: 161->162
[2022-12-01T19:25:54.290+0100][gc,heap       ] GC(252) Humongous regions: 129->129
[2022-12-01T19:25:54.290+0100][gc,metaspace  ] GC(252) Metaspace: 46387K(49664K)->46387K(49664K) NonClass: 40462K(42240K)->40462K(42240K) Class: 5924K(7424K)->5924K(7424K)
[2022-12-01T19:25:54.290+0100][gc            ] GC(252) Pause Young (Normal) (G1 Evacuation Pause) 338M->293M(1024M) 26,741ms
[2022-12-01T19:25:54.290+0100][gc,cpu        ] GC(252) User=0,06s Sys=0,00s Real=0,03s
[2022-12-01T19:26:39.202+0100][gc,start      ] GC(253) Pause Young (Normal) (G1 Evacuation Pause)
[2022-12-01T19:26:39.202+0100][gc,task       ] GC(253) Using 4 workers of 4 for evacuation
[2022-12-01T19:26:39.209+0100][gc,phases     ] GC(253)   Pre Evacuate Collection Set: 0,0ms
[2022-12-01T19:26:39.209+0100][gc,phases     ] GC(253)   Evacuate Collection Set: 6,0ms
[2022-12-01T19:26:39.209+0100][gc,phases     ] GC(253)   Post Evacuate Collection Set: 0,5ms
[2022-12-01T19:26:39.209+0100][gc,phases     ] GC(253)   Other: 0,2ms
[2022-12-01T19:26:39.209+0100][gc,heap       ] GC(253) Eden regions: 47->0(46)
[2022-12-01T19:26:39.209+0100][gc,heap       ] GC(253) Survivor regions: 4->5(7)
[2022-12-01T19:26:39.209+0100][gc,heap       ] GC(253) Old regions: 162->163
[2022-12-01T19:26:39.209+0100][gc,heap       ] GC(253) Humongous regions: 129->129
[2022-12-01T19:26:39.209+0100][gc,metaspace  ] GC(253) Metaspace: 46389K(49664K)->46389K(49664K) NonClass: 40464K(42240K)->40464K(42240K) Class: 5924K(7424K)->5924K(7424K)
[2022-12-01T19:26:39.209+0100][gc            ] GC(253) Pause Young (Normal) (G1 Evacuation Pause) 340M->294M(1024M) 6,820ms
[2022-12-01T19:26:39.209+0100][gc,cpu        ] GC(253) User=0,03s Sys=0,00s Real=0,01s
[2022-12-01T19:27:24.105+0100][gc,start      ] GC(254) Pause Young (Normal) (G1 Evacuation Pause)
[2022-12-01T19:27:24.105+0100][gc,task       ] GC(254) Using 4 workers of 4 for evacuation
[2022-12-01T19:27:24.132+0100][gc,mmu        ] GC(254) MMU target violated: 21,0ms (20,0ms/21,0ms)
[2022-12-01T19:27:24.132+0100][gc,phases     ] GC(254)   Pre Evacuate Collection Set: 0,1ms
[2022-12-01T19:27:24.132+0100][gc,phases     ] GC(254)   Evacuate Collection Set: 26,4ms
[2022-12-01T19:27:24.132+0100][gc,phases     ] GC(254)   Post Evacuate Collection Set: 0,6ms
[2022-12-01T19:27:24.132+0100][gc,phases     ] GC(254)   Other: 0,7ms
[2022-12-01T19:27:24.132+0100][gc,heap       ] GC(254) Eden regions: 46->0(46)
[2022-12-01T19:27:24.132+0100][gc,heap       ] GC(254) Survivor regions: 5->5(7)
[2022-12-01T19:27:24.132+0100][gc,heap       ] GC(254) Old regions: 163->164
[2022-12-01T19:27:24.132+0100][gc,heap       ] GC(254) Humongous regions: 129->129
[2022-12-01T19:27:24.132+0100][gc,metaspace  ] GC(254) Metaspace: 46389K(49664K)->46389K(49664K) NonClass: 40464K(42240K)->40464K(42240K) Class: 5924K(7424K)->5924K(7424K)
[2022-12-01T19:27:24.132+0100][gc            ] GC(254) Pause Young (Normal) (G1 Evacuation Pause) 340M->295M(1024M) 27,904ms
[2022-12-01T19:27:24.133+0100][gc,cpu        ] GC(254) User=0,05s Sys=0,00s Real=0,03s
[2022-12-01T19:28:08.051+0100][gc,start      ] GC(255) Pause Young (Normal) (G1 Evacuation Pause)
[2022-12-01T19:28:08.051+0100][gc,task       ] GC(255) Using 4 workers of 4 for evacuation
[2022-12-01T19:28:08.071+0100][gc,phases     ] GC(255)   Pre Evacuate Collection Set: 0,0ms
[2022-12-01T19:28:08.071+0100][gc,phases     ] GC(255)   Evacuate Collection Set: 18,6ms
[2022-12-01T19:28:08.071+0100][gc,phases     ] GC(255)   Post Evacuate Collection Set: 0,7ms
[2022-12-01T19:28:08.071+0100][gc,phases     ] GC(255)   Other: 0,3ms
[2022-12-01T19:28:08.071+0100][gc,heap       ] GC(255) Eden regions: 46->0(47)
[2022-12-01T19:28:08.071+0100][gc,heap       ] GC(255) Survivor regions: 5->4(7)
[2022-12-01T19:28:08.071+0100][gc,heap       ] GC(255) Old regions: 164->164
[2022-12-01T19:28:08.071+0100][gc,heap       ] GC(255) Humongous regions: 129->129
[2022-12-01T19:28:08.071+0100][gc,metaspace  ] GC(255) Metaspace: 46399K(49664K)->46399K(49664K) NonClass: 40474K(42240K)->40474K(42240K) Class: 5924K(7424K)->5924K(7424K)
[2022-12-01T19:28:08.071+0100][gc            ] GC(255) Pause Young (Normal) (G1 Evacuation Pause) 341M->295M(1024M) 19,853ms
[2022-12-01T19:28:08.071+0100][gc,cpu        ] GC(255) User=0,03s Sys=0,00s Real=0,02s
[2022-12-01T19:28:53.852+0100][gc,start      ] GC(256) Pause Young (Normal) (G1 Evacuation Pause)
[2022-12-01T19:28:53.852+0100][gc,task       ] GC(256) Using 4 workers of 4 for evacuation
[2022-12-01T19:28:53.880+0100][gc,mmu        ] GC(256) MMU target violated: 21,0ms (20,0ms/21,0ms)
[2022-12-01T19:28:53.880+0100][gc,phases     ] GC(256)   Pre Evacuate Collection Set: 0,1ms
[2022-12-01T19:28:53.880+0100][gc,phases     ] GC(256)   Evacuate Collection Set: 26,9ms
[2022-12-01T19:28:53.880+0100][gc,phases     ] GC(256)   Post Evacuate Collection Set: 0,7ms
[2022-12-01T19:28:53.880+0100][gc,phases     ] GC(256)   Other: 0,6ms
[2022-12-01T19:28:53.880+0100][gc,heap       ] GC(256) Eden regions: 47->0(46)
[2022-12-01T19:28:53.880+0100][gc,heap       ] GC(256) Survivor regions: 4->5(7)
[2022-12-01T19:28:53.880+0100][gc,heap       ] GC(256) Old regions: 164->164
[2022-12-01T19:28:53.880+0100][gc,heap       ] GC(256) Humongous regions: 129->129
[2022-12-01T19:28:53.880+0100][gc,metaspace  ] GC(256) Metaspace: 46399K(49664K)->46399K(49664K) NonClass: 40474K(42240K)->40474K(42240K) Class: 5924K(7424K)->5924K(7424K)
[2022-12-01T19:28:53.880+0100][gc            ] GC(256) Pause Young (Normal) (G1 Evacuation Pause) 342M->295M(1024M) 28,501ms
[2022-12-01T19:28:53.880+0100][gc,cpu        ] GC(256) User=0,07s Sys=0,01s Real=0,03s
[2022-12-01T19:29:38.016+0100][gc,start      ] GC(257) Pause Young (Normal) (G1 Evacuation Pause)
[2022-12-01T19:29:38.016+0100][gc,task       ] GC(257) Using 4 workers of 4 for evacuation
[2022-12-01T19:29:38.029+0100][gc,phases     ] GC(257)   Pre Evacuate Collection Set: 0,1ms
[2022-12-01T19:29:38.029+0100][gc,phases     ] GC(257)   Evacuate Collection Set: 12,9ms
[2022-12-01T19:29:38.029+0100][gc,phases     ] GC(257)   Post Evacuate Collection Set: 0,4ms
[2022-12-01T19:29:38.029+0100][gc,phases     ] GC(257)   Other: 0,3ms
[2022-12-01T19:29:38.029+0100][gc,heap       ] GC(257) Eden regions: 46->0(46)
[2022-12-01T19:29:38.029+0100][gc,heap       ] GC(257) Survivor regions: 5->5(7)
[2022-12-01T19:29:38.029+0100][gc,heap       ] GC(257) Old regions: 164->165
[2022-12-01T19:29:38.029+0100][gc,heap       ] GC(257) Humongous regions: 129->129
[2022-12-01T19:29:38.029+0100][gc,metaspace  ] GC(257) Metaspace: 46401K(49664K)->46401K(49664K) NonClass: 40476K(42240K)->40476K(42240K) Class: 5924K(7424K)->5924K(7424K)
[2022-12-01T19:29:38.029+0100][gc            ] GC(257) Pause Young (Normal) (G1 Evacuation Pause) 341M->296M(1024M) 13,694ms
[2022-12-01T19:29:38.029+0100][gc,cpu        ] GC(257) User=0,02s Sys=0,00s Real=0,01s
[2022-12-01T19:30:23.155+0100][gc,start      ] GC(258) Pause Young (Normal) (G1 Evacuation Pause)
[2022-12-01T19:30:23.155+0100][gc,task       ] GC(258) Using 4 workers of 4 for evacuation
[2022-12-01T19:30:23.178+0100][gc,mmu        ] GC(258) MMU target violated: 21,0ms (20,0ms/21,0ms)
[2022-12-01T19:30:23.178+0100][gc,phases     ] GC(258)   Pre Evacuate Collection Set: 0,1ms
[2022-12-01T19:30:23.178+0100][gc,phases     ] GC(258)   Evacuate Collection Set: 22,0ms
[2022-12-01T19:30:23.178+0100][gc,phases     ] GC(258)   Post Evacuate Collection Set: 0,7ms
[2022-12-01T19:30:23.178+0100][gc,phases     ] GC(258)   Other: 0,5ms
[2022-12-01T19:30:23.178+0100][gc,heap       ] GC(258) Eden regions: 46->0(47)
[2022-12-01T19:30:23.178+0100][gc,heap       ] GC(258) Survivor regions: 5->4(7)
[2022-12-01T19:30:23.178+0100][gc,heap       ] GC(258) Old regions: 165->166
[2022-12-01T19:30:23.178+0100][gc,heap       ] GC(258) Humongous regions: 129->129
[2022-12-01T19:30:23.178+0100][gc,metaspace  ] GC(258) Metaspace: 46401K(49664K)->46401K(49664K) NonClass: 40476K(42240K)->40476K(42240K) Class: 5924K(7424K)->5924K(7424K)
[2022-12-01T19:30:23.178+0100][gc            ] GC(258) Pause Young (Normal) (G1 Evacuation Pause) 342M->297M(1024M) 23,341ms
[2022-12-01T19:30:23.178+0100][gc,cpu        ] GC(258) User=0,07s Sys=0,00s Real=0,02s
[2022-12-01T19:31:09.178+0100][gc,start      ] GC(259) Pause Young (Normal) (G1 Evacuation Pause)
[2022-12-01T19:31:09.178+0100][gc,task       ] GC(259) Using 4 workers of 4 for evacuation
[2022-12-01T19:31:09.221+0100][gc,mmu        ] GC(259) MMU target violated: 21,0ms (20,0ms/21,0ms)
[2022-12-01T19:31:09.221+0100][gc,phases     ] GC(259)   Pre Evacuate Collection Set: 0,1ms
[2022-12-01T19:31:09.221+0100][gc,phases     ] GC(259)   Evacuate Collection Set: 41,7ms
[2022-12-01T19:31:09.221+0100][gc,phases     ] GC(259)   Post Evacuate Collection Set: 0,6ms
[2022-12-01T19:31:09.221+0100][gc,phases     ] GC(259)   Other: 0,7ms
[2022-12-01T19:31:09.221+0100][gc,heap       ] GC(259) Eden regions: 47->0(47)
[2022-12-01T19:31:09.221+0100][gc,heap       ] GC(259) Survivor regions: 4->4(7)
[2022-12-01T19:31:09.221+0100][gc,heap       ] GC(259) Old regions: 166->167
[2022-12-01T19:31:09.221+0100][gc,heap       ] GC(259) Humongous regions: 129->129
[2022-12-01T19:31:09.221+0100][gc,metaspace  ] GC(259) Metaspace: 46401K(49664K)->46401K(49664K) NonClass: 40476K(42240K)->40476K(42240K) Class: 5924K(7424K)->5924K(7424K)
[2022-12-01T19:31:09.221+0100][gc            ] GC(259) Pause Young (Normal) (G1 Evacuation Pause) 344M->297M(1024M) 43,246ms
[2022-12-01T19:31:09.221+0100][gc,cpu        ] GC(259) User=0,09s Sys=0,00s Real=0,04s
[2022-12-01T19:31:55.345+0100][gc,start      ] GC(260) Pause Young (Normal) (G1 Evacuation Pause)
[2022-12-01T19:31:55.345+0100][gc,task       ] GC(260) Using 4 workers of 4 for evacuation
[2022-12-01T19:31:55.358+0100][gc,phases     ] GC(260)   Pre Evacuate Collection Set: 0,1ms
[2022-12-01T19:31:55.358+0100][gc,phases     ] GC(260)   Evacuate Collection Set: 11,4ms
[2022-12-01T19:31:55.358+0100][gc,phases     ] GC(260)   Post Evacuate Collection Set: 0,9ms
[2022-12-01T19:31:55.358+0100][gc,phases     ] GC(260)   Other: 0,4ms
[2022-12-01T19:31:55.358+0100][gc,heap       ] GC(260) Eden regions: 47->0(47)
[2022-12-01T19:31:55.358+0100][gc,heap       ] GC(260) Survivor regions: 4->4(7)
[2022-12-01T19:31:55.358+0100][gc,heap       ] GC(260) Old regions: 167->168
[2022-12-01T19:31:55.358+0100][gc,heap       ] GC(260) Humongous regions: 129->129
[2022-12-01T19:31:55.358+0100][gc,metaspace  ] GC(260) Metaspace: 46401K(49664K)->46401K(49664K) NonClass: 40476K(42240K)->40476K(42240K) Class: 5924K(7424K)->5924K(7424K)
[2022-12-01T19:31:55.358+0100][gc            ] GC(260) Pause Young (Normal) (G1 Evacuation Pause) 344M->298M(1024M) 12,936ms
[2022-12-01T19:31:55.358+0100][gc,cpu        ] GC(260) User=0,04s Sys=0,00s Real=0,02s
[2022-12-01T19:32:41.256+0100][gc,start      ] GC(261) Pause Young (Normal) (G1 Evacuation Pause)
[2022-12-01T19:32:41.256+0100][gc,task       ] GC(261) Using 4 workers of 4 for evacuation
[2022-12-01T19:32:41.266+0100][gc,phases     ] GC(261)   Pre Evacuate Collection Set: 0,0ms
[2022-12-01T19:32:41.266+0100][gc,phases     ] GC(261)   Evacuate Collection Set: 8,9ms
[2022-12-01T19:32:41.266+0100][gc,phases     ] GC(261)   Post Evacuate Collection Set: 0,3ms
[2022-12-01T19:32:41.266+0100][gc,phases     ] GC(261)   Other: 0,2ms
[2022-12-01T19:32:41.266+0100][gc,heap       ] GC(261) Eden regions: 47->0(47)
[2022-12-01T19:32:41.266+0100][gc,heap       ] GC(261) Survivor regions: 4->4(7)
[2022-12-01T19:32:41.266+0100][gc,heap       ] GC(261) Old regions: 168->169
[2022-12-01T19:32:41.266+0100][gc,heap       ] GC(261) Humongous regions: 129->129
[2022-12-01T19:32:41.266+0100][gc,metaspace  ] GC(261) Metaspace: 46401K(49664K)->46401K(49664K) NonClass: 40476K(42240K)->40476K(42240K) Class: 5924K(7424K)->5924K(7424K)
[2022-12-01T19:32:41.266+0100][gc            ] GC(261) Pause Young (Normal) (G1 Evacuation Pause) 345M->299M(1024M) 9,558ms
[2022-12-01T19:32:41.266+0100][gc,cpu        ] GC(261) User=0,02s Sys=0,00s Real=0,00s
[2022-12-01T19:33:27.164+0100][gc,start      ] GC(262) Pause Young (Normal) (G1 Evacuation Pause)
[2022-12-01T19:33:27.164+0100][gc,task       ] GC(262) Using 4 workers of 4 for evacuation
[2022-12-01T19:33:27.224+0100][gc,mmu        ] GC(262) MMU target violated: 21,0ms (20,0ms/21,0ms)
[2022-12-01T19:33:27.224+0100][gc,phases     ] GC(262)   Pre Evacuate Collection Set: 0,1ms
[2022-12-01T19:33:27.224+0100][gc,phases     ] GC(262)   Evacuate Collection Set: 57,8ms
[2022-12-01T19:33:27.224+0100][gc,phases     ] GC(262)   Post Evacuate Collection Set: 1,1ms
[2022-12-01T19:33:27.224+0100][gc,phases     ] GC(262)   Other: 1,0ms
[2022-12-01T19:33:27.224+0100][gc,heap       ] GC(262) Eden regions: 47->0(47)
[2022-12-01T19:33:27.225+0100][gc,heap       ] GC(262) Survivor regions: 4->4(7)
[2022-12-01T19:33:27.225+0100][gc,heap       ] GC(262) Old regions: 169->169
[2022-12-01T19:33:27.225+0100][gc,heap       ] GC(262) Humongous regions: 129->129
[2022-12-01T19:33:27.225+0100][gc,metaspace  ] GC(262) Metaspace: 46401K(49664K)->46401K(49664K) NonClass: 40476K(42240K)->40476K(42240K) Class: 5924K(7424K)->5924K(7424K)
[2022-12-01T19:33:27.225+0100][gc            ] GC(262) Pause Young (Normal) (G1 Evacuation Pause) 346M->300M(1024M) 60,797ms
[2022-12-01T19:33:27.225+0100][gc,cpu        ] GC(262) User=0,11s Sys=0,00s Real=0,06s
[2022-12-01T19:34:13.679+0100][gc,start      ] GC(263) Pause Young (Normal) (G1 Evacuation Pause)
[2022-12-01T19:34:13.679+0100][gc,task       ] GC(263) Using 4 workers of 4 for evacuation
[2022-12-01T19:34:13.694+0100][gc,phases     ] GC(263)   Pre Evacuate Collection Set: 0,1ms
[2022-12-01T19:34:13.694+0100][gc,phases     ] GC(263)   Evacuate Collection Set: 12,5ms
[2022-12-01T19:34:13.694+0100][gc,phases     ] GC(263)   Post Evacuate Collection Set: 1,8ms
[2022-12-01T19:34:13.694+0100][gc,phases     ] GC(263)   Other: 1,1ms
[2022-12-01T19:34:13.694+0100][gc,heap       ] GC(263) Eden regions: 47->0(47)
[2022-12-01T19:34:13.694+0100][gc,heap       ] GC(263) Survivor regions: 4->4(7)
[2022-12-01T19:34:13.694+0100][gc,heap       ] GC(263) Old regions: 169->170
[2022-12-01T19:34:13.694+0100][gc,heap       ] GC(263) Humongous regions: 129->129
[2022-12-01T19:34:13.694+0100][gc,metaspace  ] GC(263) Metaspace: 46401K(49664K)->46401K(49664K) NonClass: 40476K(42240K)->40476K(42240K) Class: 5924K(7424K)->5924K(7424K)
[2022-12-01T19:34:13.694+0100][gc            ] GC(263) Pause Young (Normal) (G1 Evacuation Pause) 347M->301M(1024M) 15,718ms
[2022-12-01T19:34:13.695+0100][gc,cpu        ] GC(263) User=0,02s Sys=0,00s Real=0,01s
[2022-12-01T19:35:00.236+0100][gc,start      ] GC(264) Pause Young (Normal) (G1 Evacuation Pause)
[2022-12-01T19:35:00.236+0100][gc,task       ] GC(264) Using 4 workers of 4 for evacuation
[2022-12-01T19:35:00.248+0100][gc,phases     ] GC(264)   Pre Evacuate Collection Set: 0,0ms
[2022-12-01T19:35:00.248+0100][gc,phases     ] GC(264)   Evacuate Collection Set: 11,5ms
[2022-12-01T19:35:00.248+0100][gc,phases     ] GC(264)   Post Evacuate Collection Set: 0,6ms
[2022-12-01T19:35:00.248+0100][gc,phases     ] GC(264)   Other: 0,3ms
[2022-12-01T19:35:00.248+0100][gc,heap       ] GC(264) Eden regions: 47->0(47)
[2022-12-01T19:35:00.248+0100][gc,heap       ] GC(264) Survivor regions: 4->4(7)
[2022-12-01T19:35:00.248+0100][gc,heap       ] GC(264) Old regions: 170->171
[2022-12-01T19:35:00.248+0100][gc,heap       ] GC(264) Humongous regions: 129->129
[2022-12-01T19:35:00.248+0100][gc,metaspace  ] GC(264) Metaspace: 46401K(49664K)->46401K(49664K) NonClass: 40476K(42240K)->40476K(42240K) Class: 5924K(7424K)->5924K(7424K)
[2022-12-01T19:35:00.248+0100][gc            ] GC(264) Pause Young (Normal) (G1 Evacuation Pause) 348M->302M(1024M) 12,592ms
[2022-12-01T19:35:00.248+0100][gc,cpu        ] GC(264) User=0,04s Sys=0,00s Real=0,01s
[2022-12-01T19:35:46.974+0100][gc,start      ] GC(265) Pause Young (Normal) (G1 Evacuation Pause)
[2022-12-01T19:35:46.975+0100][gc,task       ] GC(265) Using 4 workers of 4 for evacuation
[2022-12-01T19:35:47.016+0100][gc,mmu        ] GC(265) MMU target violated: 21,0ms (20,0ms/21,0ms)
[2022-12-01T19:35:47.016+0100][gc,phases     ] GC(265)   Pre Evacuate Collection Set: 0,1ms
[2022-12-01T19:35:47.016+0100][gc,phases     ] GC(265)   Evacuate Collection Set: 40,1ms
[2022-12-01T19:35:47.016+0100][gc,phases     ] GC(265)   Post Evacuate Collection Set: 0,6ms
[2022-12-01T19:35:47.016+0100][gc,phases     ] GC(265)   Other: 1,0ms
[2022-12-01T19:35:47.016+0100][gc,heap       ] GC(265) Eden regions: 47->0(47)
[2022-12-01T19:35:47.016+0100][gc,heap       ] GC(265) Survivor regions: 4->4(7)
[2022-12-01T19:35:47.016+0100][gc,heap       ] GC(265) Old regions: 171->172
[2022-12-01T19:35:47.016+0100][gc,heap       ] GC(265) Humongous regions: 129->129
[2022-12-01T19:35:47.016+0100][gc,metaspace  ] GC(265) Metaspace: 46401K(49664K)->46401K(49664K) NonClass: 40477K(42240K)->40477K(42240K) Class: 5924K(7424K)->5924K(7424K)
[2022-12-01T19:35:47.016+0100][gc            ] GC(265) Pause Young (Normal) (G1 Evacuation Pause) 349M->303M(1024M) 41,779ms
[2022-12-01T19:35:47.016+0100][gc,cpu        ] GC(265) User=0,07s Sys=0,00s Real=0,05s
[2022-12-01T19:36:33.458+0100][gc,start      ] GC(266) Pause Young (Normal) (G1 Evacuation Pause)
[2022-12-01T19:36:33.458+0100][gc,task       ] GC(266) Using 4 workers of 4 for evacuation
[2022-12-01T19:36:33.474+0100][gc,phases     ] GC(266)   Pre Evacuate Collection Set: 0,0ms
[2022-12-01T19:36:33.474+0100][gc,phases     ] GC(266)   Evacuate Collection Set: 15,3ms
[2022-12-01T19:36:33.475+0100][gc,phases     ] GC(266)   Post Evacuate Collection Set: 1,0ms
[2022-12-01T19:36:33.475+0100][gc,phases     ] GC(266)   Other: 0,4ms
[2022-12-01T19:36:33.475+0100][gc,heap       ] GC(266) Eden regions: 47->0(47)
[2022-12-01T19:36:33.475+0100][gc,heap       ] GC(266) Survivor regions: 4->4(7)
[2022-12-01T19:36:33.475+0100][gc,heap       ] GC(266) Old regions: 172->172
[2022-12-01T19:36:33.475+0100][gc,heap       ] GC(266) Humongous regions: 129->129
[2022-12-01T19:36:33.475+0100][gc,metaspace  ] GC(266) Metaspace: 46401K(49664K)->46401K(49664K) NonClass: 40477K(42240K)->40477K(42240K) Class: 5924K(7424K)->5924K(7424K)
[2022-12-01T19:36:33.475+0100][gc            ] GC(266) Pause Young (Normal) (G1 Evacuation Pause) 350M->303M(1024M) 16,986ms
[2022-12-01T19:36:33.475+0100][gc,cpu        ] GC(266) User=0,04s Sys=0,00s Real=0,01s
[2022-12-01T19:37:23.799+0100][gc,start      ] GC(267) Pause Young (Normal) (G1 Evacuation Pause)
[2022-12-01T19:37:23.799+0100][gc,task       ] GC(267) Using 4 workers of 4 for evacuation
[2022-12-01T19:37:23.823+0100][gc,mmu        ] GC(267) MMU target violated: 21,0ms (20,0ms/21,0ms)
[2022-12-01T19:37:23.823+0100][gc,phases     ] GC(267)   Pre Evacuate Collection Set: 0,0ms
[2022-12-01T19:37:23.823+0100][gc,phases     ] GC(267)   Evacuate Collection Set: 22,1ms
[2022-12-01T19:37:23.823+0100][gc,phases     ] GC(267)   Post Evacuate Collection Set: 1,1ms
[2022-12-01T19:37:23.823+0100][gc,phases     ] GC(267)   Other: 0,5ms
[2022-12-01T19:37:23.823+0100][gc,heap       ] GC(267) Eden regions: 47->0(46)
[2022-12-01T19:37:23.823+0100][gc,heap       ] GC(267) Survivor regions: 4->5(7)
[2022-12-01T19:37:23.823+0100][gc,heap       ] GC(267) Old regions: 172->172
[2022-12-01T19:37:23.823+0100][gc,heap       ] GC(267) Humongous regions: 129->129
[2022-12-01T19:37:23.823+0100][gc,metaspace  ] GC(267) Metaspace: 46401K(49664K)->46401K(49664K) NonClass: 40477K(42240K)->40477K(42240K) Class: 5924K(7424K)->5924K(7424K)
[2022-12-01T19:37:23.823+0100][gc            ] GC(267) Pause Young (Normal) (G1 Evacuation Pause) 350M->304M(1024M) 24,117ms
[2022-12-01T19:37:23.823+0100][gc,cpu        ] GC(267) User=0,07s Sys=0,00s Real=0,02s
[2022-12-01T19:38:09.161+0100][gc,start      ] GC(268) Pause Young (Normal) (G1 Evacuation Pause)
[2022-12-01T19:38:09.161+0100][gc,task       ] GC(268) Using 4 workers of 4 for evacuation
[2022-12-01T19:38:09.193+0100][gc,mmu        ] GC(268) MMU target violated: 21,0ms (20,0ms/21,0ms)
[2022-12-01T19:38:09.193+0100][gc,phases     ] GC(268)   Pre Evacuate Collection Set: 0,1ms
[2022-12-01T19:38:09.193+0100][gc,phases     ] GC(268)   Evacuate Collection Set: 28,5ms
[2022-12-01T19:38:09.193+0100][gc,phases     ] GC(268)   Post Evacuate Collection Set: 2,5ms
[2022-12-01T19:38:09.193+0100][gc,phases     ] GC(268)   Other: 1,1ms
[2022-12-01T19:38:09.193+0100][gc,heap       ] GC(268) Eden regions: 46->0(46)
[2022-12-01T19:38:09.193+0100][gc,heap       ] GC(268) Survivor regions: 5->5(7)
[2022-12-01T19:38:09.193+0100][gc,heap       ] GC(268) Old regions: 172->173
[2022-12-01T19:38:09.193+0100][gc,heap       ] GC(268) Humongous regions: 129->129
[2022-12-01T19:38:09.193+0100][gc,metaspace  ] GC(268) Metaspace: 46401K(49664K)->46401K(49664K) NonClass: 40477K(42240K)->40477K(42240K) Class: 5924K(7424K)->5924K(7424K)
[2022-12-01T19:38:09.194+0100][gc            ] GC(268) Pause Young (Normal) (G1 Evacuation Pause) 350M->304M(1024M) 32,634ms
[2022-12-01T19:38:09.194+0100][gc,cpu        ] GC(268) User=0,04s Sys=0,00s Real=0,03s
[2022-12-01T19:38:55.252+0100][gc,start      ] GC(269) Pause Young (Normal) (G1 Evacuation Pause)
[2022-12-01T19:38:55.252+0100][gc,task       ] GC(269) Using 4 workers of 4 for evacuation
[2022-12-01T19:38:55.291+0100][gc,mmu        ] GC(269) MMU target violated: 21,0ms (20,0ms/21,0ms)
[2022-12-01T19:38:55.291+0100][gc,phases     ] GC(269)   Pre Evacuate Collection Set: 0,1ms
[2022-12-01T19:38:55.291+0100][gc,phases     ] GC(269)   Evacuate Collection Set: 36,6ms
[2022-12-01T19:38:55.291+0100][gc,phases     ] GC(269)   Post Evacuate Collection Set: 1,2ms
[2022-12-01T19:38:55.291+0100][gc,phases     ] GC(269)   Other: 0,9ms
[2022-12-01T19:38:55.291+0100][gc,heap       ] GC(269) Eden regions: 46->0(47)
[2022-12-01T19:38:55.291+0100][gc,heap       ] GC(269) Survivor regions: 5->4(7)
[2022-12-01T19:38:55.291+0100][gc,heap       ] GC(269) Old regions: 173->174
[2022-12-01T19:38:55.291+0100][gc,heap       ] GC(269) Humongous regions: 129->129
[2022-12-01T19:38:55.291+0100][gc,metaspace  ] GC(269) Metaspace: 46401K(49664K)->46401K(49664K) NonClass: 40477K(42240K)->40477K(42240K) Class: 5924K(7424K)->5924K(7424K)
[2022-12-01T19:38:55.292+0100][gc            ] GC(269) Pause Young (Normal) (G1 Evacuation Pause) 350M->305M(1024M) 39,485ms
[2022-12-01T19:38:55.292+0100][gc,cpu        ] GC(269) User=0,09s Sys=0,01s Real=0,04s
[2022-12-01T19:39:42.208+0100][gc,start      ] GC(270) Pause Young (Normal) (G1 Evacuation Pause)
[2022-12-01T19:39:42.208+0100][gc,task       ] GC(270) Using 4 workers of 4 for evacuation
[2022-12-01T19:39:42.232+0100][gc,mmu        ] GC(270) MMU target violated: 21,0ms (20,0ms/21,0ms)
[2022-12-01T19:39:42.232+0100][gc,phases     ] GC(270)   Pre Evacuate Collection Set: 0,0ms
[2022-12-01T19:39:42.232+0100][gc,phases     ] GC(270)   Evacuate Collection Set: 22,8ms
[2022-12-01T19:39:42.232+0100][gc,phases     ] GC(270)   Post Evacuate Collection Set: 0,6ms
[2022-12-01T19:39:42.232+0100][gc,phases     ] GC(270)   Other: 0,6ms
[2022-12-01T19:39:42.232+0100][gc,heap       ] GC(270) Eden regions: 47->0(47)
[2022-12-01T19:39:42.232+0100][gc,heap       ] GC(270) Survivor regions: 4->4(7)
[2022-12-01T19:39:42.232+0100][gc,heap       ] GC(270) Old regions: 174->175
[2022-12-01T19:39:42.232+0100][gc,heap       ] GC(270) Humongous regions: 129->129
[2022-12-01T19:39:42.232+0100][gc,metaspace  ] GC(270) Metaspace: 46401K(49664K)->46401K(49664K) NonClass: 40477K(42240K)->40477K(42240K) Class: 5924K(7424K)->5924K(7424K)
[2022-12-01T19:39:42.232+0100][gc            ] GC(270) Pause Young (Normal) (G1 Evacuation Pause) 352M->306M(1024M) 24,233ms
[2022-12-01T19:39:42.232+0100][gc,cpu        ] GC(270) User=0,04s Sys=0,00s Real=0,02s
[2022-12-01T19:40:29.100+0100][gc,start      ] GC(271) Pause Young (Normal) (G1 Evacuation Pause)
[2022-12-01T19:40:29.100+0100][gc,task       ] GC(271) Using 4 workers of 4 for evacuation
[2022-12-01T19:40:29.140+0100][gc,mmu        ] GC(271) MMU target violated: 21,0ms (20,0ms/21,0ms)
[2022-12-01T19:40:29.140+0100][gc,phases     ] GC(271)   Pre Evacuate Collection Set: 0,1ms
[2022-12-01T19:40:29.140+0100][gc,phases     ] GC(271)   Evacuate Collection Set: 38,2ms
[2022-12-01T19:40:29.140+0100][gc,phases     ] GC(271)   Post Evacuate Collection Set: 1,2ms
[2022-12-01T19:40:29.141+0100][gc,phases     ] GC(271)   Other: 1,0ms
[2022-12-01T19:40:29.141+0100][gc,heap       ] GC(271) Eden regions: 47->0(46)
[2022-12-01T19:40:29.141+0100][gc,heap       ] GC(271) Survivor regions: 4->5(7)
[2022-12-01T19:40:29.141+0100][gc,heap       ] GC(271) Old regions: 175->176
[2022-12-01T19:40:29.143+0100][gc,heap       ] GC(271) Humongous regions: 129->129
[2022-12-01T19:40:29.143+0100][gc,metaspace  ] GC(271) Metaspace: 46401K(49664K)->46401K(49664K) NonClass: 40477K(42240K)->40477K(42240K) Class: 5924K(7424K)->5924K(7424K)
[2022-12-01T19:40:29.143+0100][gc            ] GC(271) Pause Young (Normal) (G1 Evacuation Pause) 353M->307M(1024M) 42,815ms
[2022-12-01T19:40:29.143+0100][gc,cpu        ] GC(271) User=0,09s Sys=0,01s Real=0,04s
[2022-12-01T19:41:14.963+0100][gc,start      ] GC(272) Pause Young (Normal) (G1 Evacuation Pause)
[2022-12-01T19:41:14.963+0100][gc,task       ] GC(272) Using 4 workers of 4 for evacuation
[2022-12-01T19:41:15.013+0100][gc,mmu        ] GC(272) MMU target violated: 21,0ms (20,0ms/21,0ms)
[2022-12-01T19:41:15.013+0100][gc,phases     ] GC(272)   Pre Evacuate Collection Set: 0,0ms
[2022-12-01T19:41:15.013+0100][gc,phases     ] GC(272)   Evacuate Collection Set: 48,6ms
[2022-12-01T19:41:15.013+0100][gc,phases     ] GC(272)   Post Evacuate Collection Set: 0,5ms
[2022-12-01T19:41:15.013+0100][gc,phases     ] GC(272)   Other: 0,5ms
[2022-12-01T19:41:15.014+0100][gc,heap       ] GC(272) Eden regions: 46->0(47)
[2022-12-01T19:41:15.014+0100][gc,heap       ] GC(272) Survivor regions: 5->4(7)
[2022-12-01T19:41:15.014+0100][gc,heap       ] GC(272) Old regions: 176->177
[2022-12-01T19:41:15.014+0100][gc,heap       ] GC(272) Humongous regions: 129->129
[2022-12-01T19:41:15.014+0100][gc,metaspace  ] GC(272) Metaspace: 46401K(49664K)->46401K(49664K) NonClass: 40477K(42240K)->40477K(42240K) Class: 5924K(7424K)->5924K(7424K)
[2022-12-01T19:41:15.014+0100][gc            ] GC(272) Pause Young (Normal) (G1 Evacuation Pause) 353M->307M(1024M) 50,733ms
[2022-12-01T19:41:15.014+0100][gc,cpu        ] GC(272) User=0,04s Sys=0,00s Real=0,05s
[2022-12-01T19:42:01.727+0100][gc,start      ] GC(273) Pause Young (Normal) (G1 Evacuation Pause)
[2022-12-01T19:42:01.727+0100][gc,task       ] GC(273) Using 4 workers of 4 for evacuation
[2022-12-01T19:42:01.767+0100][gc,mmu        ] GC(273) MMU target violated: 21,0ms (20,0ms/21,0ms)
[2022-12-01T19:42:01.767+0100][gc,phases     ] GC(273)   Pre Evacuate Collection Set: 0,1ms
[2022-12-01T19:42:01.767+0100][gc,phases     ] GC(273)   Evacuate Collection Set: 37,7ms
[2022-12-01T19:42:01.767+0100][gc,phases     ] GC(273)   Post Evacuate Collection Set: 1,1ms
[2022-12-01T19:42:01.767+0100][gc,phases     ] GC(273)   Other: 1,0ms
[2022-12-01T19:42:01.767+0100][gc,heap       ] GC(273) Eden regions: 47->0(46)
[2022-12-01T19:42:01.767+0100][gc,heap       ] GC(273) Survivor regions: 4->5(7)
[2022-12-01T19:42:01.768+0100][gc,heap       ] GC(273) Old regions: 177->178
[2022-12-01T19:42:01.768+0100][gc,heap       ] GC(273) Humongous regions: 129->129
[2022-12-01T19:42:01.768+0100][gc,metaspace  ] GC(273) Metaspace: 46401K(49664K)->46401K(49664K) NonClass: 40477K(42240K)->40477K(42240K) Class: 5924K(7424K)->5924K(7424K)
[2022-12-01T19:42:01.768+0100][gc            ] GC(273) Pause Young (Normal) (G1 Evacuation Pause) 354M->309M(1024M) 40,384ms
[2022-12-01T19:42:01.768+0100][gc,cpu        ] GC(273) User=0,10s Sys=0,01s Real=0,04s
[2022-12-01T19:42:47.268+0100][gc,start      ] GC(274) Pause Young (Normal) (G1 Evacuation Pause)
[2022-12-01T19:42:47.268+0100][gc,task       ] GC(274) Using 4 workers of 4 for evacuation
[2022-12-01T19:42:47.283+0100][gc,phases     ] GC(274)   Pre Evacuate Collection Set: 0,1ms
[2022-12-01T19:42:47.283+0100][gc,phases     ] GC(274)   Evacuate Collection Set: 13,7ms
[2022-12-01T19:42:47.283+0100][gc,phases     ] GC(274)   Post Evacuate Collection Set: 0,6ms
[2022-12-01T19:42:47.283+0100][gc,phases     ] GC(274)   Other: 0,5ms
[2022-12-01T19:42:47.283+0100][gc,heap       ] GC(274) Eden regions: 46->0(46)
[2022-12-01T19:42:47.283+0100][gc,heap       ] GC(274) Survivor regions: 5->5(7)
[2022-12-01T19:42:47.283+0100][gc,heap       ] GC(274) Old regions: 178->178
[2022-12-01T19:42:47.283+0100][gc,heap       ] GC(274) Humongous regions: 129->129
[2022-12-01T19:42:47.283+0100][gc,metaspace  ] GC(274) Metaspace: 46401K(49664K)->46401K(49664K) NonClass: 40477K(42240K)->40477K(42240K) Class: 5924K(7424K)->5924K(7424K)
[2022-12-01T19:42:47.283+0100][gc            ] GC(274) Pause Young (Normal) (G1 Evacuation Pause) 355M->309M(1024M) 15,098ms
[2022-12-01T19:42:47.283+0100][gc,cpu        ] GC(274) User=0,03s Sys=0,01s Real=0,01s
[2022-12-01T19:43:33.213+0100][gc,start      ] GC(275) Pause Young (Normal) (G1 Evacuation Pause)
[2022-12-01T19:43:33.213+0100][gc,task       ] GC(275) Using 4 workers of 4 for evacuation
[2022-12-01T19:43:33.235+0100][gc,mmu        ] GC(275) MMU target violated: 21,0ms (20,0ms/21,0ms)
[2022-12-01T19:43:33.235+0100][gc,phases     ] GC(275)   Pre Evacuate Collection Set: 0,1ms
[2022-12-01T19:43:33.235+0100][gc,phases     ] GC(275)   Evacuate Collection Set: 15,9ms
[2022-12-01T19:43:33.236+0100][gc,phases     ] GC(275)   Post Evacuate Collection Set: 6,3ms
[2022-12-01T19:43:33.236+0100][gc,phases     ] GC(275)   Other: 0,5ms
[2022-12-01T19:43:33.236+0100][gc,heap       ] GC(275) Eden regions: 46->0(47)
[2022-12-01T19:43:33.236+0100][gc,heap       ] GC(275) Survivor regions: 5->4(7)
[2022-12-01T19:43:33.236+0100][gc,heap       ] GC(275) Old regions: 178->179
[2022-12-01T19:43:33.236+0100][gc,heap       ] GC(275) Humongous regions: 129->129
[2022-12-01T19:43:33.236+0100][gc,metaspace  ] GC(275) Metaspace: 46401K(49664K)->46401K(49664K) NonClass: 40477K(42240K)->40477K(42240K) Class: 5924K(7424K)->5924K(7424K)
[2022-12-01T19:43:33.236+0100][gc            ] GC(275) Pause Young (Normal) (G1 Evacuation Pause) 355M->310M(1024M) 22,815ms
[2022-12-01T19:43:33.236+0100][gc,cpu        ] GC(275) User=0,03s Sys=0,01s Real=0,03s
[2022-12-01T19:44:20.120+0100][gc,start      ] GC(276) Pause Young (Normal) (G1 Evacuation Pause)
[2022-12-01T19:44:20.120+0100][gc,task       ] GC(276) Using 4 workers of 4 for evacuation
[2022-12-01T19:44:20.177+0100][gc,mmu        ] GC(276) MMU target violated: 21,0ms (20,0ms/21,0ms)
[2022-12-01T19:44:20.178+0100][gc,phases     ] GC(276)   Pre Evacuate Collection Set: 0,1ms
[2022-12-01T19:44:20.178+0100][gc,phases     ] GC(276)   Evacuate Collection Set: 55,4ms
[2022-12-01T19:44:20.179+0100][gc,phases     ] GC(276)   Post Evacuate Collection Set: 1,4ms
[2022-12-01T19:44:20.179+0100][gc,phases     ] GC(276)   Other: 1,2ms
[2022-12-01T19:44:20.179+0100][gc,heap       ] GC(276) Eden regions: 47->0(47)
[2022-12-01T19:44:20.180+0100][gc,heap       ] GC(276) Survivor regions: 4->4(7)
[2022-12-01T19:44:20.180+0100][gc,heap       ] GC(276) Old regions: 179->180
[2022-12-01T19:44:20.180+0100][gc,heap       ] GC(276) Humongous regions: 129->129
[2022-12-01T19:44:20.180+0100][gc,metaspace  ] GC(276) Metaspace: 46401K(49664K)->46401K(49664K) NonClass: 40477K(42240K)->40477K(42240K) Class: 5924K(7424K)->5924K(7424K)
[2022-12-01T19:44:20.180+0100][gc            ] GC(276) Pause Young (Normal) (G1 Evacuation Pause) 357M->311M(1024M) 60,172ms
[2022-12-01T19:44:20.180+0100][gc,cpu        ] GC(276) User=0,11s Sys=0,00s Real=0,06s
[2022-12-01T19:45:06.670+0100][gc,start      ] GC(277) Pause Young (Normal) (G1 Evacuation Pause)
[2022-12-01T19:45:06.670+0100][gc,task       ] GC(277) Using 4 workers of 4 for evacuation
[2022-12-01T19:45:06.720+0100][gc,mmu        ] GC(277) MMU target violated: 21,0ms (20,0ms/21,0ms)
[2022-12-01T19:45:06.720+0100][gc,phases     ] GC(277)   Pre Evacuate Collection Set: 0,1ms
[2022-12-01T19:45:06.720+0100][gc,phases     ] GC(277)   Evacuate Collection Set: 46,9ms
[2022-12-01T19:45:06.720+0100][gc,phases     ] GC(277)   Post Evacuate Collection Set: 2,4ms
[2022-12-01T19:45:06.720+0100][gc,phases     ] GC(277)   Other: 1,1ms
[2022-12-01T19:45:06.720+0100][gc,heap       ] GC(277) Eden regions: 47->0(47)
[2022-12-01T19:45:06.720+0100][gc,heap       ] GC(277) Survivor regions: 4->4(7)
[2022-12-01T19:45:06.720+0100][gc,heap       ] GC(277) Old regions: 180->181
[2022-12-01T19:45:06.720+0100][gc,heap       ] GC(277) Humongous regions: 129->129
[2022-12-01T19:45:06.720+0100][gc,metaspace  ] GC(277) Metaspace: 46401K(49664K)->46401K(49664K) NonClass: 40477K(42240K)->40477K(42240K) Class: 5924K(7424K)->5924K(7424K)
[2022-12-01T19:45:06.721+0100][gc            ] GC(277) Pause Young (Normal) (G1 Evacuation Pause) 358M->311M(1024M) 51,230ms
[2022-12-01T19:45:06.721+0100][gc,cpu        ] GC(277) User=0,10s Sys=0,00s Real=0,05s
[2022-12-01T19:45:53.538+0100][gc,start      ] GC(278) Pause Young (Normal) (G1 Evacuation Pause)
[2022-12-01T19:45:53.538+0100][gc,task       ] GC(278) Using 4 workers of 4 for evacuation
[2022-12-01T19:45:53.575+0100][gc,mmu        ] GC(278) MMU target violated: 21,0ms (20,0ms/21,0ms)
[2022-12-01T19:45:53.575+0100][gc,phases     ] GC(278)   Pre Evacuate Collection Set: 0,1ms
[2022-12-01T19:45:53.575+0100][gc,phases     ] GC(278)   Evacuate Collection Set: 35,6ms
[2022-12-01T19:45:53.575+0100][gc,phases     ] GC(278)   Post Evacuate Collection Set: 0,5ms
[2022-12-01T19:45:53.575+0100][gc,phases     ] GC(278)   Other: 0,8ms
[2022-12-01T19:45:53.575+0100][gc,heap       ] GC(278) Eden regions: 47->0(46)
[2022-12-01T19:45:53.575+0100][gc,heap       ] GC(278) Survivor regions: 4->5(7)
[2022-12-01T19:45:53.575+0100][gc,heap       ] GC(278) Old regions: 181->181
[2022-12-01T19:45:53.575+0100][gc,heap       ] GC(278) Humongous regions: 129->129
[2022-12-01T19:45:53.575+0100][gc,metaspace  ] GC(278) Metaspace: 46401K(49664K)->46401K(49664K) NonClass: 40477K(42240K)->40477K(42240K) Class: 5924K(7424K)->5924K(7424K)
[2022-12-01T19:45:53.575+0100][gc            ] GC(278) Pause Young (Normal) (G1 Evacuation Pause) 358M->312M(1024M) 37,044ms
[2022-12-01T19:45:53.575+0100][gc,cpu        ] GC(278) User=0,05s Sys=0,00s Real=0,04s
[2022-12-01T19:46:38.808+0100][gc,start      ] GC(279) Pause Young (Normal) (G1 Evacuation Pause)
[2022-12-01T19:46:38.808+0100][gc,task       ] GC(279) Using 4 workers of 4 for evacuation
[2022-12-01T19:46:38.828+0100][gc,phases     ] GC(279)   Pre Evacuate Collection Set: 0,0ms
[2022-12-01T19:46:38.828+0100][gc,phases     ] GC(279)   Evacuate Collection Set: 18,3ms
[2022-12-01T19:46:38.828+0100][gc,phases     ] GC(279)   Post Evacuate Collection Set: 0,9ms
[2022-12-01T19:46:38.828+0100][gc,phases     ] GC(279)   Other: 0,3ms
[2022-12-01T19:46:38.828+0100][gc,heap       ] GC(279) Eden regions: 46->0(46)
[2022-12-01T19:46:38.828+0100][gc,heap       ] GC(279) Survivor regions: 5->5(7)
[2022-12-01T19:46:38.828+0100][gc,heap       ] GC(279) Old regions: 181->182
[2022-12-01T19:46:38.828+0100][gc,heap       ] GC(279) Humongous regions: 129->129
[2022-12-01T19:46:38.828+0100][gc,metaspace  ] GC(279) Metaspace: 46401K(49664K)->46401K(49664K) NonClass: 40477K(42240K)->40477K(42240K) Class: 5924K(7424K)->5924K(7424K)
[2022-12-01T19:46:38.829+0100][gc            ] GC(279) Pause Young (Normal) (G1 Evacuation Pause) 358M->313M(1024M) 20,188ms
[2022-12-01T19:46:38.829+0100][gc,cpu        ] GC(279) User=0,03s Sys=0,00s Real=0,02s
[2022-12-01T19:47:24.103+0100][gc,start      ] GC(280) Pause Young (Normal) (G1 Evacuation Pause)
[2022-12-01T19:47:24.103+0100][gc,task       ] GC(280) Using 4 workers of 4 for evacuation
[2022-12-01T19:47:24.116+0100][gc,phases     ] GC(280)   Pre Evacuate Collection Set: 0,0ms
[2022-12-01T19:47:24.116+0100][gc,phases     ] GC(280)   Evacuate Collection Set: 11,8ms
[2022-12-01T19:47:24.116+0100][gc,phases     ] GC(280)   Post Evacuate Collection Set: 0,9ms
[2022-12-01T19:47:24.116+0100][gc,phases     ] GC(280)   Other: 0,4ms
[2022-12-01T19:47:24.116+0100][gc,heap       ] GC(280) Eden regions: 46->0(46)
[2022-12-01T19:47:24.116+0100][gc,heap       ] GC(280) Survivor regions: 5->5(7)
[2022-12-01T19:47:24.116+0100][gc,heap       ] GC(280) Old regions: 182->182
[2022-12-01T19:47:24.116+0100][gc,heap       ] GC(280) Humongous regions: 129->129
[2022-12-01T19:47:24.116+0100][gc,metaspace  ] GC(280) Metaspace: 46404K(49664K)->46404K(49664K) NonClass: 40479K(42240K)->40479K(42240K) Class: 5924K(7424K)->5924K(7424K)
[2022-12-01T19:47:24.116+0100][gc            ] GC(280) Pause Young (Normal) (G1 Evacuation Pause) 359M->314M(1024M) 13,433ms
[2022-12-01T19:47:24.116+0100][gc,cpu        ] GC(280) User=0,04s Sys=0,00s Real=0,02s
[2022-12-01T19:48:09.641+0100][gc,start      ] GC(281) Pause Young (Normal) (G1 Evacuation Pause)
[2022-12-01T19:48:09.641+0100][gc,task       ] GC(281) Using 4 workers of 4 for evacuation
[2022-12-01T19:48:09.667+0100][gc,mmu        ] GC(281) MMU target violated: 21,0ms (20,0ms/21,0ms)
[2022-12-01T19:48:09.667+0100][gc,phases     ] GC(281)   Pre Evacuate Collection Set: 0,0ms
[2022-12-01T19:48:09.667+0100][gc,phases     ] GC(281)   Evacuate Collection Set: 25,5ms
[2022-12-01T19:48:09.667+0100][gc,phases     ] GC(281)   Post Evacuate Collection Set: 0,4ms
[2022-12-01T19:48:09.667+0100][gc,phases     ] GC(281)   Other: 0,4ms
[2022-12-01T19:48:09.667+0100][gc,heap       ] GC(281) Eden regions: 46->0(47)
[2022-12-01T19:48:09.667+0100][gc,heap       ] GC(281) Survivor regions: 5->4(7)
[2022-12-01T19:48:09.667+0100][gc,heap       ] GC(281) Old regions: 182->184
[2022-12-01T19:48:09.667+0100][gc,heap       ] GC(281) Humongous regions: 129->129
[2022-12-01T19:48:09.667+0100][gc,metaspace  ] GC(281) Metaspace: 46404K(49664K)->46404K(49664K) NonClass: 40479K(42240K)->40479K(42240K) Class: 5924K(7424K)->5924K(7424K)
[2022-12-01T19:48:09.667+0100][gc            ] GC(281) Pause Young (Normal) (G1 Evacuation Pause) 360M->314M(1024M) 26,402ms
[2022-12-01T19:48:09.667+0100][gc,cpu        ] GC(281) User=0,03s Sys=0,00s Real=0,03s
[2022-12-01T19:48:56.067+0100][gc,start      ] GC(282) Pause Young (Normal) (G1 Evacuation Pause)
[2022-12-01T19:48:56.067+0100][gc,task       ] GC(282) Using 4 workers of 4 for evacuation
[2022-12-01T19:48:56.102+0100][gc,mmu        ] GC(282) MMU target violated: 21,0ms (20,0ms/21,0ms)
[2022-12-01T19:48:56.102+0100][gc,phases     ] GC(282)   Pre Evacuate Collection Set: 0,2ms
[2022-12-01T19:48:56.102+0100][gc,phases     ] GC(282)   Evacuate Collection Set: 33,7ms
[2022-12-01T19:48:56.102+0100][gc,phases     ] GC(282)   Post Evacuate Collection Set: 0,5ms
[2022-12-01T19:48:56.102+0100][gc,phases     ] GC(282)   Other: 1,2ms
[2022-12-01T19:48:56.102+0100][gc,heap       ] GC(282) Eden regions: 47->0(46)
[2022-12-01T19:48:56.102+0100][gc,heap       ] GC(282) Survivor regions: 4->5(7)
[2022-12-01T19:48:56.102+0100][gc,heap       ] GC(282) Old regions: 184->184
[2022-12-01T19:48:56.103+0100][gc,heap       ] GC(282) Humongous regions: 129->129
[2022-12-01T19:48:56.103+0100][gc,metaspace  ] GC(282) Metaspace: 46404K(49664K)->46404K(49664K) NonClass: 40479K(42240K)->40479K(42240K) Class: 5924K(7424K)->5924K(7424K)
[2022-12-01T19:48:56.103+0100][gc            ] GC(282) Pause Young (Normal) (G1 Evacuation Pause) 361M->315M(1024M) 35,822ms
[2022-12-01T19:48:56.103+0100][gc,cpu        ] GC(282) User=0,08s Sys=0,00s Real=0,04s
[2022-12-01T19:49:41.906+0100][gc,start      ] GC(283) Pause Young (Normal) (G1 Evacuation Pause)
[2022-12-01T19:49:41.906+0100][gc,task       ] GC(283) Using 4 workers of 4 for evacuation
[2022-12-01T19:49:41.976+0100][gc,mmu        ] GC(283) MMU target violated: 21,0ms (20,0ms/21,0ms)
[2022-12-01T19:49:41.976+0100][gc,phases     ] GC(283)   Pre Evacuate Collection Set: 0,0ms
[2022-12-01T19:49:41.976+0100][gc,phases     ] GC(283)   Evacuate Collection Set: 69,4ms
[2022-12-01T19:49:41.976+0100][gc,phases     ] GC(283)   Post Evacuate Collection Set: 0,7ms
[2022-12-01T19:49:41.976+0100][gc,phases     ] GC(283)   Other: 0,6ms
[2022-12-01T19:49:41.976+0100][gc,heap       ] GC(283) Eden regions: 46->0(47)
[2022-12-01T19:49:41.976+0100][gc,heap       ] GC(283) Survivor regions: 5->4(7)
[2022-12-01T19:49:41.976+0100][gc,heap       ] GC(283) Old regions: 184->185
[2022-12-01T19:49:41.976+0100][gc,heap       ] GC(283) Humongous regions: 129->129
[2022-12-01T19:49:41.976+0100][gc,metaspace  ] GC(283) Metaspace: 46404K(49664K)->46404K(49664K) NonClass: 40479K(42240K)->40479K(42240K) Class: 5924K(7424K)->5924K(7424K)
[2022-12-01T19:49:41.976+0100][gc            ] GC(283) Pause Young (Normal) (G1 Evacuation Pause) 361M->316M(1024M) 70,867ms
[2022-12-01T19:49:41.976+0100][gc,cpu        ] GC(283) User=0,11s Sys=0,01s Real=0,08s
[2022-12-01T19:50:27.780+0100][gc,start      ] GC(284) Pause Young (Normal) (G1 Evacuation Pause)
[2022-12-01T19:50:27.780+0100][gc,task       ] GC(284) Using 4 workers of 4 for evacuation
[2022-12-01T19:50:27.821+0100][gc,mmu        ] GC(284) MMU target violated: 21,0ms (20,0ms/21,0ms)
[2022-12-01T19:50:27.821+0100][gc,phases     ] GC(284)   Pre Evacuate Collection Set: 0,1ms
[2022-12-01T19:50:27.821+0100][gc,phases     ] GC(284)   Evacuate Collection Set: 39,1ms
[2022-12-01T19:50:27.821+0100][gc,phases     ] GC(284)   Post Evacuate Collection Set: 1,0ms
[2022-12-01T19:50:27.821+0100][gc,phases     ] GC(284)   Other: 0,7ms
[2022-12-01T19:50:27.821+0100][gc,heap       ] GC(284) Eden regions: 47->0(47)
[2022-12-01T19:50:27.821+0100][gc,heap       ] GC(284) Survivor regions: 4->4(7)
[2022-12-01T19:50:27.821+0100][gc,heap       ] GC(284) Old regions: 185->186
[2022-12-01T19:50:27.821+0100][gc,heap       ] GC(284) Humongous regions: 129->129
[2022-12-01T19:50:27.821+0100][gc,metaspace  ] GC(284) Metaspace: 46404K(49664K)->46404K(49664K) NonClass: 40479K(42240K)->40479K(42240K) Class: 5924K(7424K)->5924K(7424K)
[2022-12-01T19:50:27.822+0100][gc            ] GC(284) Pause Young (Normal) (G1 Evacuation Pause) 363M->317M(1024M) 41,199ms
[2022-12-01T19:50:27.822+0100][gc,cpu        ] GC(284) User=0,11s Sys=0,00s Real=0,04s
[2022-12-01T19:51:14.490+0100][gc,start      ] GC(285) Pause Young (Normal) (G1 Evacuation Pause)
[2022-12-01T19:51:14.491+0100][gc,task       ] GC(285) Using 4 workers of 4 for evacuation
[2022-12-01T19:51:14.505+0100][gc,phases     ] GC(285)   Pre Evacuate Collection Set: 0,0ms
[2022-12-01T19:51:14.505+0100][gc,phases     ] GC(285)   Evacuate Collection Set: 13,3ms
[2022-12-01T19:51:14.505+0100][gc,phases     ] GC(285)   Post Evacuate Collection Set: 1,0ms
[2022-12-01T19:51:14.505+0100][gc,phases     ] GC(285)   Other: 0,5ms
[2022-12-01T19:51:14.506+0100][gc,heap       ] GC(285) Eden regions: 47->0(47)
[2022-12-01T19:51:14.506+0100][gc,heap       ] GC(285) Survivor regions: 4->4(7)
[2022-12-01T19:51:14.506+0100][gc,heap       ] GC(285) Old regions: 186->187
[2022-12-01T19:51:14.506+0100][gc,heap       ] GC(285) Humongous regions: 129->129
[2022-12-01T19:51:14.506+0100][gc,metaspace  ] GC(285) Metaspace: 46404K(49664K)->46404K(49664K) NonClass: 40479K(42240K)->40479K(42240K) Class: 5924K(7424K)->5924K(7424K)
[2022-12-01T19:51:14.506+0100][gc            ] GC(285) Pause Young (Normal) (G1 Evacuation Pause) 364M->318M(1024M) 15,204ms
[2022-12-01T19:51:14.506+0100][gc,cpu        ] GC(285) User=0,05s Sys=0,00s Real=0,01s
[2022-12-01T19:52:01.136+0100][gc,start      ] GC(286) Pause Young (Normal) (G1 Evacuation Pause)
[2022-12-01T19:52:01.136+0100][gc,task       ] GC(286) Using 4 workers of 4 for evacuation
[2022-12-01T19:52:01.176+0100][gc,mmu        ] GC(286) MMU target violated: 21,0ms (20,0ms/21,0ms)
[2022-12-01T19:52:01.176+0100][gc,phases     ] GC(286)   Pre Evacuate Collection Set: 0,1ms
[2022-12-01T19:52:01.176+0100][gc,phases     ] GC(286)   Evacuate Collection Set: 39,1ms
[2022-12-01T19:52:01.176+0100][gc,phases     ] GC(286)   Post Evacuate Collection Set: 0,7ms
[2022-12-01T19:52:01.177+0100][gc,phases     ] GC(286)   Other: 0,6ms
[2022-12-01T19:52:01.177+0100][gc,heap       ] GC(286) Eden regions: 47->0(46)
[2022-12-01T19:52:01.177+0100][gc,heap       ] GC(286) Survivor regions: 4->5(7)
[2022-12-01T19:52:01.177+0100][gc,heap       ] GC(286) Old regions: 187->188
[2022-12-01T19:52:01.177+0100][gc,heap       ] GC(286) Humongous regions: 129->129
[2022-12-01T19:52:01.177+0100][gc,metaspace  ] GC(286) Metaspace: 46404K(49664K)->46404K(49664K) NonClass: 40479K(42240K)->40479K(42240K) Class: 5924K(7424K)->5924K(7424K)
[2022-12-01T19:52:01.177+0100][gc            ] GC(286) Pause Young (Normal) (G1 Evacuation Pause) 365M->319M(1024M) 40,730ms
[2022-12-01T19:52:01.177+0100][gc,cpu        ] GC(286) User=0,12s Sys=0,00s Real=0,04s
[2022-12-01T19:52:46.484+0100][gc,start      ] GC(287) Pause Young (Normal) (G1 Evacuation Pause)
[2022-12-01T19:52:46.484+0100][gc,task       ] GC(287) Using 4 workers of 4 for evacuation
[2022-12-01T19:52:46.496+0100][gc,phases     ] GC(287)   Pre Evacuate Collection Set: 0,0ms
[2022-12-01T19:52:46.496+0100][gc,phases     ] GC(287)   Evacuate Collection Set: 11,3ms
[2022-12-01T19:52:46.496+0100][gc,phases     ] GC(287)   Post Evacuate Collection Set: 0,5ms
[2022-12-01T19:52:46.497+0100][gc,phases     ] GC(287)   Other: 0,2ms
[2022-12-01T19:52:46.497+0100][gc,heap       ] GC(287) Eden regions: 46->0(47)
[2022-12-01T19:52:46.497+0100][gc,heap       ] GC(287) Survivor regions: 5->4(7)
[2022-12-01T19:52:46.497+0100][gc,heap       ] GC(287) Old regions: 188->188
[2022-12-01T19:52:46.497+0100][gc,heap       ] GC(287) Humongous regions: 129->129
[2022-12-01T19:52:46.497+0100][gc,metaspace  ] GC(287) Metaspace: 46404K(49664K)->46404K(49664K) NonClass: 40479K(42240K)->40479K(42240K) Class: 5924K(7424K)->5924K(7424K)
[2022-12-01T19:52:46.497+0100][gc            ] GC(287) Pause Young (Normal) (G1 Evacuation Pause) 365M->319M(1024M) 12,307ms
[2022-12-01T19:52:46.497+0100][gc,cpu        ] GC(287) User=0,03s Sys=0,00s Real=0,02s
[2022-12-01T19:53:33.489+0100][gc,start      ] GC(288) Pause Young (Normal) (G1 Evacuation Pause)
[2022-12-01T19:53:33.489+0100][gc,task       ] GC(288) Using 4 workers of 4 for evacuation
[2022-12-01T19:53:33.530+0100][gc,mmu        ] GC(288) MMU target violated: 21,0ms (20,0ms/21,0ms)
[2022-12-01T19:53:33.530+0100][gc,phases     ] GC(288)   Pre Evacuate Collection Set: 0,1ms
[2022-12-01T19:53:33.530+0100][gc,phases     ] GC(288)   Evacuate Collection Set: 40,2ms
[2022-12-01T19:53:33.530+0100][gc,phases     ] GC(288)   Post Evacuate Collection Set: 0,7ms
[2022-12-01T19:53:33.530+0100][gc,phases     ] GC(288)   Other: 0,7ms
[2022-12-01T19:53:33.530+0100][gc,heap       ] GC(288) Eden regions: 47->0(47)
[2022-12-01T19:53:33.530+0100][gc,heap       ] GC(288) Survivor regions: 4->4(7)
[2022-12-01T19:53:33.531+0100][gc,heap       ] GC(288) Old regions: 188->189
[2022-12-01T19:53:33.531+0100][gc,heap       ] GC(288) Humongous regions: 129->129
[2022-12-01T19:53:33.531+0100][gc,metaspace  ] GC(288) Metaspace: 46404K(49664K)->46404K(49664K) NonClass: 40479K(42240K)->40479K(42240K) Class: 5924K(7424K)->5924K(7424K)
[2022-12-01T19:53:33.531+0100][gc            ] GC(288) Pause Young (Normal) (G1 Evacuation Pause) 366M->319M(1024M) 41,870ms
[2022-12-01T19:53:33.531+0100][gc,cpu        ] GC(288) User=0,10s Sys=0,00s Real=0,04s
[2022-12-01T19:54:20.341+0100][gc,start      ] GC(289) Pause Young (Normal) (G1 Evacuation Pause)
[2022-12-01T19:54:20.341+0100][gc,task       ] GC(289) Using 4 workers of 4 for evacuation
[2022-12-01T19:54:20.376+0100][gc,mmu        ] GC(289) MMU target violated: 21,0ms (20,0ms/21,0ms)
[2022-12-01T19:54:20.376+0100][gc,phases     ] GC(289)   Pre Evacuate Collection Set: 0,1ms
[2022-12-01T19:54:20.377+0100][gc,phases     ] GC(289)   Evacuate Collection Set: 33,4ms
[2022-12-01T19:54:20.377+0100][gc,phases     ] GC(289)   Post Evacuate Collection Set: 1,2ms
[2022-12-01T19:54:20.378+0100][gc,phases     ] GC(289)   Other: 0,7ms
[2022-12-01T19:54:20.378+0100][gc,heap       ] GC(289) Eden regions: 47->0(46)
[2022-12-01T19:54:20.378+0100][gc,heap       ] GC(289) Survivor regions: 4->5(7)
[2022-12-01T19:54:20.378+0100][gc,heap       ] GC(289) Old regions: 189->189
[2022-12-01T19:54:20.378+0100][gc,heap       ] GC(289) Humongous regions: 129->129
[2022-12-01T19:54:20.378+0100][gc,metaspace  ] GC(289) Metaspace: 46404K(49664K)->46404K(49664K) NonClass: 40479K(42240K)->40479K(42240K) Class: 5924K(7424K)->5924K(7424K)
[2022-12-01T19:54:20.378+0100][gc            ] GC(289) Pause Young (Normal) (G1 Evacuation Pause) 366M->320M(1024M) 37,270ms
[2022-12-01T19:54:20.378+0100][gc,cpu        ] GC(289) User=0,09s Sys=0,00s Real=0,04s
[2022-12-01T19:55:06.121+0100][gc,start      ] GC(290) Pause Young (Normal) (G1 Evacuation Pause)
[2022-12-01T19:55:06.121+0100][gc,task       ] GC(290) Using 4 workers of 4 for evacuation
[2022-12-01T19:55:06.162+0100][gc,mmu        ] GC(290) MMU target violated: 21,0ms (20,0ms/21,0ms)
[2022-12-01T19:55:06.162+0100][gc,phases     ] GC(290)   Pre Evacuate Collection Set: 0,1ms
[2022-12-01T19:55:06.162+0100][gc,phases     ] GC(290)   Evacuate Collection Set: 39,6ms
[2022-12-01T19:55:06.162+0100][gc,phases     ] GC(290)   Post Evacuate Collection Set: 1,2ms
[2022-12-01T19:55:06.163+0100][gc,phases     ] GC(290)   Other: 0,8ms
[2022-12-01T19:55:06.163+0100][gc,heap       ] GC(290) Eden regions: 46->0(46)
[2022-12-01T19:55:06.163+0100][gc,heap       ] GC(290) Survivor regions: 5->5(7)
[2022-12-01T19:55:06.163+0100][gc,heap       ] GC(290) Old regions: 189->190
[2022-12-01T19:55:06.163+0100][gc,heap       ] GC(290) Humongous regions: 129->129
[2022-12-01T19:55:06.163+0100][gc,metaspace  ] GC(290) Metaspace: 46404K(49664K)->46404K(49664K) NonClass: 40479K(42240K)->40479K(42240K) Class: 5924K(7424K)->5924K(7424K)
[2022-12-01T19:55:06.163+0100][gc            ] GC(290) Pause Young (Normal) (G1 Evacuation Pause) 366M->321M(1024M) 42,407ms
[2022-12-01T19:55:06.163+0100][gc,cpu        ] GC(290) User=0,11s Sys=0,01s Real=0,04s
[2022-12-01T19:55:51.505+0100][gc,start      ] GC(291) Pause Young (Normal) (G1 Evacuation Pause)
[2022-12-01T19:55:51.506+0100][gc,task       ] GC(291) Using 4 workers of 4 for evacuation
[2022-12-01T19:55:51.557+0100][gc,mmu        ] GC(291) MMU target violated: 21,0ms (20,0ms/21,0ms)
[2022-12-01T19:55:51.557+0100][gc,phases     ] GC(291)   Pre Evacuate Collection Set: 0,1ms
[2022-12-01T19:55:51.557+0100][gc,phases     ] GC(291)   Evacuate Collection Set: 50,0ms
[2022-12-01T19:55:51.557+0100][gc,phases     ] GC(291)   Post Evacuate Collection Set: 1,3ms
[2022-12-01T19:55:51.558+0100][gc,phases     ] GC(291)   Other: 0,7ms
[2022-12-01T19:55:51.558+0100][gc,heap       ] GC(291) Eden regions: 46->0(47)
[2022-12-01T19:55:51.558+0100][gc,heap       ] GC(291) Survivor regions: 5->4(7)
[2022-12-01T19:55:51.558+0100][gc,heap       ] GC(291) Old regions: 190->191
[2022-12-01T19:55:51.558+0100][gc,heap       ] GC(291) Humongous regions: 129->129
[2022-12-01T19:55:51.558+0100][gc,metaspace  ] GC(291) Metaspace: 46404K(49664K)->46404K(49664K) NonClass: 40479K(42240K)->40479K(42240K) Class: 5924K(7424K)->5924K(7424K)
[2022-12-01T19:55:51.558+0100][gc            ] GC(291) Pause Young (Normal) (G1 Evacuation Pause) 367M->322M(1024M) 52,301ms
[2022-12-01T19:55:51.558+0100][gc,cpu        ] GC(291) User=0,12s Sys=0,01s Real=0,06s
[2022-12-01T19:56:38.000+0100][gc,start      ] GC(292) Pause Young (Normal) (G1 Evacuation Pause)
[2022-12-01T19:56:38.000+0100][gc,task       ] GC(292) Using 4 workers of 4 for evacuation
[2022-12-01T19:56:38.019+0100][gc,phases     ] GC(292)   Pre Evacuate Collection Set: 0,0ms
[2022-12-01T19:56:38.019+0100][gc,phases     ] GC(292)   Evacuate Collection Set: 18,0ms
[2022-12-01T19:56:38.019+0100][gc,phases     ] GC(292)   Post Evacuate Collection Set: 0,7ms
[2022-12-01T19:56:38.019+0100][gc,phases     ] GC(292)   Other: 0,2ms
[2022-12-01T19:56:38.019+0100][gc,heap       ] GC(292) Eden regions: 47->0(47)
[2022-12-01T19:56:38.019+0100][gc,heap       ] GC(292) Survivor regions: 4->4(7)
[2022-12-01T19:56:38.019+0100][gc,heap       ] GC(292) Old regions: 191->192
[2022-12-01T19:56:38.019+0100][gc,heap       ] GC(292) Humongous regions: 129->129
[2022-12-01T19:56:38.019+0100][gc,metaspace  ] GC(292) Metaspace: 46404K(49664K)->46404K(49664K) NonClass: 40479K(42240K)->40479K(42240K) Class: 5924K(7424K)->5924K(7424K)
[2022-12-01T19:56:38.019+0100][gc            ] GC(292) Pause Young (Normal) (G1 Evacuation Pause) 369M->323M(1024M) 19,069ms
[2022-12-01T19:56:38.019+0100][gc,cpu        ] GC(292) User=0,05s Sys=0,00s Real=0,02s
[2022-12-01T19:57:24.933+0100][gc,start      ] GC(293) Pause Young (Normal) (G1 Evacuation Pause)
[2022-12-01T19:57:24.933+0100][gc,task       ] GC(293) Using 4 workers of 4 for evacuation
[2022-12-01T19:57:24.976+0100][gc,mmu        ] GC(293) MMU target violated: 21,0ms (20,0ms/21,0ms)
[2022-12-01T19:57:24.976+0100][gc,phases     ] GC(293)   Pre Evacuate Collection Set: 0,1ms
[2022-12-01T19:57:24.976+0100][gc,phases     ] GC(293)   Evacuate Collection Set: 41,5ms
[2022-12-01T19:57:24.976+0100][gc,phases     ] GC(293)   Post Evacuate Collection Set: 0,9ms
[2022-12-01T19:57:24.976+0100][gc,phases     ] GC(293)   Other: 0,7ms
[2022-12-01T19:57:24.976+0100][gc,heap       ] GC(293) Eden regions: 47->0(47)
[2022-12-01T19:57:24.976+0100][gc,heap       ] GC(293) Survivor regions: 4->4(7)
[2022-12-01T19:57:24.976+0100][gc,heap       ] GC(293) Old regions: 192->193
[2022-12-01T19:57:24.976+0100][gc,heap       ] GC(293) Humongous regions: 129->129
[2022-12-01T19:57:24.977+0100][gc,metaspace  ] GC(293) Metaspace: 46404K(49664K)->46404K(49664K) NonClass: 40479K(42240K)->40479K(42240K) Class: 5924K(7424K)->5924K(7424K)
[2022-12-01T19:57:24.977+0100][gc            ] GC(293) Pause Young (Normal) (G1 Evacuation Pause) 370M->323M(1024M) 43,557ms
[2022-12-01T19:57:24.977+0100][gc,cpu        ] GC(293) User=0,10s Sys=0,01s Real=0,05s
[2022-12-01T19:58:11.596+0100][gc,start      ] GC(294) Pause Young (Normal) (G1 Evacuation Pause)
[2022-12-01T19:58:11.596+0100][gc,task       ] GC(294) Using 4 workers of 4 for evacuation
[2022-12-01T19:58:11.612+0100][gc,phases     ] GC(294)   Pre Evacuate Collection Set: 0,0ms
[2022-12-01T19:58:11.612+0100][gc,phases     ] GC(294)   Evacuate Collection Set: 14,9ms
[2022-12-01T19:58:11.612+0100][gc,phases     ] GC(294)   Post Evacuate Collection Set: 0,8ms
[2022-12-01T19:58:11.612+0100][gc,phases     ] GC(294)   Other: 0,4ms
[2022-12-01T19:58:11.612+0100][gc,heap       ] GC(294) Eden regions: 47->0(46)
[2022-12-01T19:58:11.612+0100][gc,heap       ] GC(294) Survivor regions: 4->5(7)
[2022-12-01T19:58:11.612+0100][gc,heap       ] GC(294) Old regions: 193->194
[2022-12-01T19:58:11.612+0100][gc,heap       ] GC(294) Humongous regions: 129->129
[2022-12-01T19:58:11.612+0100][gc,metaspace  ] GC(294) Metaspace: 46404K(49664K)->46404K(49664K) NonClass: 40479K(42240K)->40479K(42240K) Class: 5924K(7424K)->5924K(7424K)
[2022-12-01T19:58:11.612+0100][gc            ] GC(294) Pause Young (Normal) (G1 Evacuation Pause) 370M->324M(1024M) 16,292ms
[2022-12-01T19:58:11.612+0100][gc,cpu        ] GC(294) User=0,05s Sys=0,00s Real=0,01s
[2022-12-01T19:58:56.903+0100][gc,start      ] GC(295) Pause Young (Normal) (G1 Evacuation Pause)
[2022-12-01T19:58:56.903+0100][gc,task       ] GC(295) Using 4 workers of 4 for evacuation
[2022-12-01T19:58:56.913+0100][gc,phases     ] GC(295)   Pre Evacuate Collection Set: 0,1ms
[2022-12-01T19:58:56.913+0100][gc,phases     ] GC(295)   Evacuate Collection Set: 9,0ms
[2022-12-01T19:58:56.913+0100][gc,phases     ] GC(295)   Post Evacuate Collection Set: 0,6ms
[2022-12-01T19:58:56.913+0100][gc,phases     ] GC(295)   Other: 0,5ms
[2022-12-01T19:58:56.914+0100][gc,heap       ] GC(295) Eden regions: 46->0(47)
[2022-12-01T19:58:56.914+0100][gc,heap       ] GC(295) Survivor regions: 5->4(7)
[2022-12-01T19:58:56.914+0100][gc,heap       ] GC(295) Old regions: 194->194
[2022-12-01T19:58:56.914+0100][gc,heap       ] GC(295) Humongous regions: 129->129
[2022-12-01T19:58:56.914+0100][gc,metaspace  ] GC(295) Metaspace: 46404K(49664K)->46404K(49664K) NonClass: 40479K(42240K)->40479K(42240K) Class: 5924K(7424K)->5924K(7424K)
[2022-12-01T19:58:56.914+0100][gc            ] GC(295) Pause Young (Normal) (G1 Evacuation Pause) 370M->325M(1024M) 10,555ms
[2022-12-01T19:58:56.914+0100][gc,cpu        ] GC(295) User=0,03s Sys=0,00s Real=0,01s
