[2022-11-29T15:32:14.978+0100][gc,heap] Heap region size: 1M
[2022-11-29T15:32:14.989+0100][gc     ] Using G1
[2022-11-29T15:32:14.989+0100][gc,heap,coops] Heap address: 0x00000000c0000000, size: 1024 MB, Compressed Oops mode: 32-bit
[2022-11-29T15:32:14.989+0100][gc,cds       ] Mark closed archive regions in map: [0x00000000fff00000, 0x00000000fff6aff8]
[2022-11-29T15:32:14.989+0100][gc,cds       ] Mark open archive regions in map: [0x00000000ffe00000, 0x00000000ffe47ff8]
[2022-11-29T15:32:16.857+0100][gc,start     ] GC(0) Pause Young (Normal) (G1 Evacuation Pause)
[2022-11-29T15:32:16.858+0100][gc,task      ] GC(0) Using 4 workers of 4 for evacuation
[2022-11-29T15:32:16.869+0100][gc,phases    ] GC(0)   Pre Evacuate Collection Set: 0,1ms
[2022-11-29T15:32:16.869+0100][gc,phases    ] GC(0)   Evacuate Collection Set: 9,8ms
[2022-11-29T15:32:16.869+0100][gc,phases    ] GC(0)   Post Evacuate Collection Set: 0,5ms
[2022-11-29T15:32:16.869+0100][gc,phases    ] GC(0)   Other: 0,9ms
[2022-11-29T15:32:16.869+0100][gc,heap      ] GC(0) Eden regions: 51->0(44)
[2022-11-29T15:32:16.869+0100][gc,heap      ] GC(0) Survivor regions: 0->7(7)
[2022-11-29T15:32:16.869+0100][gc,heap      ] GC(0) Old regions: 2->2
[2022-11-29T15:32:16.869+0100][gc,heap      ] GC(0) Humongous regions: 0->0
[2022-11-29T15:32:16.869+0100][gc,metaspace ] GC(0) Metaspace: 14286K(15104K)->14286K(15104K) NonClass: 12499K(13056K)->12499K(13056K) Class: 1787K(2048K)->1787K(2048K)
[2022-11-29T15:32:16.869+0100][gc           ] GC(0) Pause Young (Normal) (G1 Evacuation Pause) 51M->7M(1024M) 11,420ms
[2022-11-29T15:32:16.869+0100][gc,cpu       ] GC(0) User=0,04s Sys=0,00s Real=0,01s
[2022-11-29T15:32:17.433+0100][gc,start     ] GC(1) Pause Young (Concurrent Start) (Metadata GC Threshold)
[2022-11-29T15:32:17.433+0100][gc,task      ] GC(1) Using 4 workers of 4 for evacuation
[2022-11-29T15:32:17.447+0100][gc,phases    ] GC(1)   Pre Evacuate Collection Set: 0,0ms
[2022-11-29T15:32:17.447+0100][gc,phases    ] GC(1)   Evacuate Collection Set: 13,4ms
[2022-11-29T15:32:17.447+0100][gc,phases    ] GC(1)   Post Evacuate Collection Set: 0,5ms
[2022-11-29T15:32:17.447+0100][gc,phases    ] GC(1)   Other: 0,3ms
[2022-11-29T15:32:17.447+0100][gc,heap      ] GC(1) Eden regions: 29->0(49)
[2022-11-29T15:32:17.447+0100][gc,heap      ] GC(1) Survivor regions: 7->2(7)
[2022-11-29T15:32:17.447+0100][gc,heap      ] GC(1) Old regions: 2->9
[2022-11-29T15:32:17.447+0100][gc,heap      ] GC(1) Humongous regions: 0->0
[2022-11-29T15:32:17.447+0100][gc,metaspace ] GC(1) Metaspace: 20610K(21248K)->20610K(21248K) NonClass: 18073K(18432K)->18073K(18432K) Class: 2536K(2816K)->2536K(2816K)
[2022-11-29T15:32:17.447+0100][gc           ] GC(1) Pause Young (Concurrent Start) (Metadata GC Threshold) 36M->8M(1024M) 14,304ms
[2022-11-29T15:32:17.447+0100][gc,cpu       ] GC(1) User=0,03s Sys=0,01s Real=0,01s
[2022-11-29T15:32:17.447+0100][gc           ] GC(2) Concurrent Cycle
[2022-11-29T15:32:17.447+0100][gc,marking   ] GC(2) Concurrent Clear Claimed Marks
[2022-11-29T15:32:17.448+0100][gc,marking   ] GC(2) Concurrent Clear Claimed Marks 0,051ms
[2022-11-29T15:32:17.448+0100][gc,marking   ] GC(2) Concurrent Scan Root Regions
[2022-11-29T15:32:17.449+0100][gc,marking   ] GC(2) Concurrent Scan Root Regions 1,200ms
[2022-11-29T15:32:17.449+0100][gc,marking   ] GC(2) Concurrent Mark (2,473s)
[2022-11-29T15:32:17.449+0100][gc,marking   ] GC(2) Concurrent Mark From Roots
[2022-11-29T15:32:17.449+0100][gc,task      ] GC(2) Using 1 workers of 1 for marking
[2022-11-29T15:32:17.458+0100][gc,marking   ] GC(2) Concurrent Mark From Roots 8,850ms
[2022-11-29T15:32:17.458+0100][gc,marking   ] GC(2) Concurrent Preclean
[2022-11-29T15:32:17.458+0100][gc,marking   ] GC(2) Concurrent Preclean 0,228ms
[2022-11-29T15:32:17.458+0100][gc,marking   ] GC(2) Concurrent Mark (2,473s, 2,483s) 9,197ms
[2022-11-29T15:32:17.458+0100][gc,start     ] GC(2) Pause Remark
[2022-11-29T15:32:17.460+0100][gc,stringtable] GC(2) Cleaned string and symbol table, strings: 5252 processed, 0 removed, symbols: 52648 processed, 45 removed
[2022-11-29T15:32:17.461+0100][gc            ] GC(2) Pause Remark 8M->8M(1024M) 2,559ms
[2022-11-29T15:32:17.461+0100][gc,cpu        ] GC(2) User=0,00s Sys=0,00s Real=0,00s
[2022-11-29T15:32:17.461+0100][gc,marking    ] GC(2) Concurrent Rebuild Remembered Sets
[2022-11-29T15:32:17.465+0100][gc,marking    ] GC(2) Concurrent Rebuild Remembered Sets 4,535ms
[2022-11-29T15:32:17.466+0100][gc,start      ] GC(2) Pause Cleanup
[2022-11-29T15:32:17.466+0100][gc            ] GC(2) Pause Cleanup 9M->9M(1024M) 0,369ms
[2022-11-29T15:32:17.466+0100][gc,cpu        ] GC(2) User=0,00s Sys=0,00s Real=0,00s
[2022-11-29T15:32:17.466+0100][gc,marking    ] GC(2) Concurrent Cleanup for Next Mark
[2022-11-29T15:32:17.483+0100][gc,marking    ] GC(2) Concurrent Cleanup for Next Mark 17,394ms
[2022-11-29T15:32:17.483+0100][gc            ] GC(2) Concurrent Cycle 36,006ms
[2022-11-29T15:32:18.289+0100][gc,start      ] GC(3) Pause Young (Normal) (G1 Evacuation Pause)
[2022-11-29T15:32:18.289+0100][gc,task       ] GC(3) Using 4 workers of 4 for evacuation
[2022-11-29T15:32:18.299+0100][gc,phases     ] GC(3)   Pre Evacuate Collection Set: 0,0ms
[2022-11-29T15:32:18.300+0100][gc,phases     ] GC(3)   Evacuate Collection Set: 9,5ms
[2022-11-29T15:32:18.300+0100][gc,phases     ] GC(3)   Post Evacuate Collection Set: 0,4ms
[2022-11-29T15:32:18.300+0100][gc,phases     ] GC(3)   Other: 0,2ms
[2022-11-29T15:32:18.300+0100][gc,heap       ] GC(3) Eden regions: 49->0(46)
[2022-11-29T15:32:18.300+0100][gc,heap       ] GC(3) Survivor regions: 2->5(7)
[2022-11-29T15:32:18.300+0100][gc,heap       ] GC(3) Old regions: 9->9
[2022-11-29T15:32:18.300+0100][gc,heap       ] GC(3) Humongous regions: 129->129
[2022-11-29T15:32:18.300+0100][gc,metaspace  ] GC(3) Metaspace: 28781K(29952K)->28781K(29952K) NonClass: 25415K(26112K)->25415K(26112K) Class: 3365K(3840K)->3365K(3840K)
[2022-11-29T15:32:18.300+0100][gc            ] GC(3) Pause Young (Normal) (G1 Evacuation Pause) 186M->140M(1024M) 10,285ms
[2022-11-29T15:32:18.300+0100][gc,cpu        ] GC(3) User=0,03s Sys=0,00s Real=0,01s
[2022-11-29T15:32:18.663+0100][gc,start      ] GC(4) Pause Young (Concurrent Start) (Metadata GC Threshold)
[2022-11-29T15:32:18.663+0100][gc,task       ] GC(4) Using 4 workers of 4 for evacuation
[2022-11-29T15:32:18.672+0100][gc,phases     ] GC(4)   Pre Evacuate Collection Set: 0,1ms
[2022-11-29T15:32:18.672+0100][gc,phases     ] GC(4)   Evacuate Collection Set: 8,8ms
[2022-11-29T15:32:18.672+0100][gc,phases     ] GC(4)   Post Evacuate Collection Set: 0,3ms
[2022-11-29T15:32:18.672+0100][gc,phases     ] GC(4)   Other: 0,4ms
[2022-11-29T15:32:18.672+0100][gc,heap       ] GC(4) Eden regions: 29->0(49)
[2022-11-29T15:32:18.672+0100][gc,heap       ] GC(4) Survivor regions: 5->2(7)
[2022-11-29T15:32:18.672+0100][gc,heap       ] GC(4) Old regions: 9->13
[2022-11-29T15:32:18.672+0100][gc,heap       ] GC(4) Humongous regions: 129->129
[2022-11-29T15:32:18.672+0100][gc,metaspace  ] GC(4) Metaspace: 34249K(35840K)->34249K(35840K) NonClass: 30217K(31232K)->30217K(31232K) Class: 4031K(4608K)->4031K(4608K)
[2022-11-29T15:32:18.672+0100][gc            ] GC(4) Pause Young (Concurrent Start) (Metadata GC Threshold) 169M->142M(1024M) 9,943ms
[2022-11-29T15:32:18.672+0100][gc,cpu        ] GC(4) User=0,02s Sys=0,00s Real=0,01s
[2022-11-29T15:32:18.673+0100][gc            ] GC(5) Concurrent Cycle
[2022-11-29T15:32:18.673+0100][gc,marking    ] GC(5) Concurrent Clear Claimed Marks
[2022-11-29T15:32:18.673+0100][gc,marking    ] GC(5) Concurrent Clear Claimed Marks 0,130ms
[2022-11-29T15:32:18.673+0100][gc,marking    ] GC(5) Concurrent Scan Root Regions
[2022-11-29T15:32:18.675+0100][gc,marking    ] GC(5) Concurrent Scan Root Regions 1,952ms
[2022-11-29T15:32:18.675+0100][gc,marking    ] GC(5) Concurrent Mark (3,699s)
[2022-11-29T15:32:18.675+0100][gc,marking    ] GC(5) Concurrent Mark From Roots
[2022-11-29T15:32:18.675+0100][gc,task       ] GC(5) Using 1 workers of 1 for marking
[2022-11-29T15:32:18.704+0100][gc,marking    ] GC(5) Concurrent Mark From Roots 29,160ms
[2022-11-29T15:32:18.704+0100][gc,marking    ] GC(5) Concurrent Preclean
[2022-11-29T15:32:18.704+0100][gc,marking    ] GC(5) Concurrent Preclean 0,193ms
[2022-11-29T15:32:18.704+0100][gc,marking    ] GC(5) Concurrent Mark (3,699s, 3,729s) 29,613ms
[2022-11-29T15:32:18.705+0100][gc,start      ] GC(5) Pause Remark
[2022-11-29T15:32:18.708+0100][gc,stringtable] GC(5) Cleaned string and symbol table, strings: 10384 processed, 12 removed, symbols: 83997 processed, 13 removed
[2022-11-29T15:32:18.709+0100][gc            ] GC(5) Pause Remark 146M->146M(1024M) 4,061ms
[2022-11-29T15:32:18.709+0100][gc,cpu        ] GC(5) User=0,02s Sys=0,00s Real=0,01s
[2022-11-29T15:32:18.709+0100][gc,marking    ] GC(5) Concurrent Rebuild Remembered Sets
[2022-11-29T15:32:18.718+0100][gc,marking    ] GC(5) Concurrent Rebuild Remembered Sets 9,300ms
[2022-11-29T15:32:18.719+0100][gc,start      ] GC(5) Pause Cleanup
[2022-11-29T15:32:18.719+0100][gc            ] GC(5) Pause Cleanup 146M->146M(1024M) 0,239ms
[2022-11-29T15:32:18.719+0100][gc,cpu        ] GC(5) User=0,00s Sys=0,00s Real=0,00s
[2022-11-29T15:32:18.719+0100][gc,marking    ] GC(5) Concurrent Cleanup for Next Mark
[2022-11-29T15:32:18.730+0100][gc,marking    ] GC(5) Concurrent Cleanup for Next Mark 11,057ms
[2022-11-29T15:32:18.730+0100][gc            ] GC(5) Concurrent Cycle 57,465ms
[2022-11-29T15:33:04.718+0100][gc,start      ] GC(6) Pause Young (Normal) (G1 Evacuation Pause)
[2022-11-29T15:33:04.719+0100][gc,task       ] GC(6) Using 4 workers of 4 for evacuation
[2022-11-29T15:33:04.728+0100][gc,phases     ] GC(6)   Pre Evacuate Collection Set: 0,1ms
[2022-11-29T15:33:04.729+0100][gc,phases     ] GC(6)   Evacuate Collection Set: 9,0ms
[2022-11-29T15:33:04.729+0100][gc,phases     ] GC(6)   Post Evacuate Collection Set: 0,6ms
[2022-11-29T15:33:04.729+0100][gc,phases     ] GC(6)   Other: 0,5ms
[2022-11-29T15:33:04.729+0100][gc,heap       ] GC(6) Eden regions: 49->0(46)
[2022-11-29T15:33:04.729+0100][gc,heap       ] GC(6) Survivor regions: 2->5(7)
[2022-11-29T15:33:04.729+0100][gc,heap       ] GC(6) Old regions: 13->13
[2022-11-29T15:33:04.729+0100][gc,heap       ] GC(6) Humongous regions: 129->129
[2022-11-29T15:33:04.729+0100][gc,metaspace  ] GC(6) Metaspace: 41242K(43852K)->41242K(43852K) NonClass: 35879K(37324K)->35879K(37324K) Class: 5363K(6528K)->5363K(6528K)
[2022-11-29T15:33:04.729+0100][gc            ] GC(6) Pause Young (Normal) (G1 Evacuation Pause) 191M->145M(1024M) 10,207ms
[2022-11-29T15:33:04.729+0100][gc,cpu        ] GC(6) User=0,03s Sys=0,00s Real=0,01s
[2022-11-29T15:46:25.132+0100][gc,start      ] GC(7) Pause Young (Normal) (G1 Evacuation Pause)
[2022-11-29T15:46:25.132+0100][gc,task       ] GC(7) Using 4 workers of 4 for evacuation
[2022-11-29T15:46:25.149+0100][gc,phases     ] GC(7)   Pre Evacuate Collection Set: 0,3ms
[2022-11-29T15:46:25.150+0100][gc,phases     ] GC(7)   Evacuate Collection Set: 15,9ms
[2022-11-29T15:46:25.150+0100][gc,phases     ] GC(7)   Post Evacuate Collection Set: 0,9ms
[2022-11-29T15:46:25.150+0100][gc,phases     ] GC(7)   Other: 0,4ms
[2022-11-29T15:46:25.150+0100][gc,heap       ] GC(7) Eden regions: 46->0(47)
[2022-11-29T15:46:25.150+0100][gc,heap       ] GC(7) Survivor regions: 5->4(7)
[2022-11-29T15:46:25.150+0100][gc,heap       ] GC(7) Old regions: 13->15
[2022-11-29T15:46:25.150+0100][gc,heap       ] GC(7) Humongous regions: 129->129
[2022-11-29T15:46:25.150+0100][gc,metaspace  ] GC(7) Metaspace: 44028K(46924K)->44028K(46924K) NonClass: 38355K(39884K)->38355K(39884K) Class: 5672K(7040K)->5672K(7040K)
[2022-11-29T15:46:25.150+0100][gc            ] GC(7) Pause Young (Normal) (G1 Evacuation Pause) 191M->146M(1024M) 17,873ms
[2022-11-29T15:46:25.150+0100][gc,cpu        ] GC(7) User=0,04s Sys=0,00s Real=0,02s
[2022-11-29T16:01:12.771+0100][gc,start      ] GC(8) Pause Young (Normal) (G1 Evacuation Pause)
[2022-11-29T16:01:12.771+0100][gc,task       ] GC(8) Using 4 workers of 4 for evacuation
[2022-11-29T16:01:12.797+0100][gc,mmu        ] GC(8) MMU target violated: 21,0ms (20,0ms/21,0ms)
[2022-11-29T16:01:12.797+0100][gc,phases     ] GC(8)   Pre Evacuate Collection Set: 0,0ms
[2022-11-29T16:01:12.797+0100][gc,phases     ] GC(8)   Evacuate Collection Set: 24,7ms
[2022-11-29T16:01:12.797+0100][gc,phases     ] GC(8)   Post Evacuate Collection Set: 0,9ms
[2022-11-29T16:01:12.797+0100][gc,phases     ] GC(8)   Other: 0,4ms
[2022-11-29T16:01:12.798+0100][gc,heap       ] GC(8) Eden regions: 47->0(49)
[2022-11-29T16:01:12.798+0100][gc,heap       ] GC(8) Survivor regions: 4->2(7)
[2022-11-29T16:01:12.798+0100][gc,heap       ] GC(8) Old regions: 15->18
[2022-11-29T16:01:12.798+0100][gc,heap       ] GC(8) Humongous regions: 129->129
[2022-11-29T16:01:12.798+0100][gc,metaspace  ] GC(8) Metaspace: 44184K(47180K)->44184K(47180K) NonClass: 38511K(40140K)->38511K(40140K) Class: 5672K(7040K)->5672K(7040K)
[2022-11-29T16:01:12.798+0100][gc            ] GC(8) Pause Young (Normal) (G1 Evacuation Pause) 193M->146M(1024M) 26,314ms
[2022-11-29T16:01:12.798+0100][gc,cpu        ] GC(8) User=0,03s Sys=0,00s Real=0,03s
[2022-11-29T16:02:39.314+0100][gc,start      ] GC(9) Pause Young (Normal) (G1 Evacuation Pause)
[2022-11-29T16:02:39.314+0100][gc,task       ] GC(9) Using 4 workers of 4 for evacuation
[2022-11-29T16:02:39.325+0100][gc,phases     ] GC(9)   Pre Evacuate Collection Set: 0,1ms
[2022-11-29T16:02:39.325+0100][gc,phases     ] GC(9)   Evacuate Collection Set: 9,4ms
[2022-11-29T16:02:39.325+0100][gc,phases     ] GC(9)   Post Evacuate Collection Set: 1,1ms
[2022-11-29T16:02:39.325+0100][gc,phases     ] GC(9)   Other: 0,3ms
[2022-11-29T16:02:39.325+0100][gc,heap       ] GC(9) Eden regions: 49->0(49)
[2022-11-29T16:02:39.325+0100][gc,heap       ] GC(9) Survivor regions: 2->2(7)
[2022-11-29T16:02:39.325+0100][gc,heap       ] GC(9) Old regions: 18->18
[2022-11-29T16:02:39.325+0100][gc,heap       ] GC(9) Humongous regions: 129->129
[2022-11-29T16:02:39.325+0100][gc,metaspace  ] GC(9) Metaspace: 44247K(47180K)->44247K(47180K) NonClass: 38569K(40140K)->38569K(40140K) Class: 5678K(7040K)->5678K(7040K)
[2022-11-29T16:02:39.325+0100][gc            ] GC(9) Pause Young (Normal) (G1 Evacuation Pause) 195M->146M(1024M) 11,123ms
[2022-11-29T16:02:39.325+0100][gc,cpu        ] GC(9) User=0,01s Sys=0,00s Real=0,01s
[2022-11-29T16:03:42.024+0100][gc,start      ] GC(10) Pause Young (Normal) (G1 Evacuation Pause)
[2022-11-29T16:03:42.024+0100][gc,task       ] GC(10) Using 4 workers of 4 for evacuation
[2022-11-29T16:03:42.034+0100][gc,phases     ] GC(10)   Pre Evacuate Collection Set: 0,0ms
[2022-11-29T16:03:42.034+0100][gc,phases     ] GC(10)   Evacuate Collection Set: 8,7ms
[2022-11-29T16:03:42.034+0100][gc,phases     ] GC(10)   Post Evacuate Collection Set: 1,2ms
[2022-11-29T16:03:42.034+0100][gc,phases     ] GC(10)   Other: 0,3ms
[2022-11-29T16:03:42.035+0100][gc,heap       ] GC(10) Eden regions: 49->0(49)
[2022-11-29T16:03:42.035+0100][gc,heap       ] GC(10) Survivor regions: 2->2(7)
[2022-11-29T16:03:42.035+0100][gc,heap       ] GC(10) Old regions: 18->18
[2022-11-29T16:03:42.035+0100][gc,heap       ] GC(10) Humongous regions: 129->129
[2022-11-29T16:03:42.035+0100][gc,metaspace  ] GC(10) Metaspace: 44286K(47180K)->44286K(47180K) NonClass: 38607K(40140K)->38607K(40140K) Class: 5678K(7040K)->5678K(7040K)
[2022-11-29T16:03:42.035+0100][gc            ] GC(10) Pause Young (Normal) (G1 Evacuation Pause) 195M->146M(1024M) 10,396ms
[2022-11-29T16:03:42.035+0100][gc,cpu        ] GC(10) User=0,02s Sys=0,00s Real=0,01s
[2022-11-29T16:04:32.407+0100][gc,start      ] GC(11) Pause Young (Normal) (G1 Evacuation Pause)
[2022-11-29T16:04:32.407+0100][gc,task       ] GC(11) Using 4 workers of 4 for evacuation
[2022-11-29T16:04:32.424+0100][gc,phases     ] GC(11)   Pre Evacuate Collection Set: 0,0ms
[2022-11-29T16:04:32.424+0100][gc,phases     ] GC(11)   Evacuate Collection Set: 7,5ms
[2022-11-29T16:04:32.424+0100][gc,phases     ] GC(11)   Post Evacuate Collection Set: 9,2ms
[2022-11-29T16:04:32.424+0100][gc,phases     ] GC(11)   Other: 0,2ms
[2022-11-29T16:04:32.424+0100][gc,heap       ] GC(11) Eden regions: 49->0(49)
[2022-11-29T16:04:32.424+0100][gc,heap       ] GC(11) Survivor regions: 2->2(7)
[2022-11-29T16:04:32.424+0100][gc,heap       ] GC(11) Old regions: 18->18
[2022-11-29T16:04:32.424+0100][gc,heap       ] GC(11) Humongous regions: 129->129
[2022-11-29T16:04:32.424+0100][gc,metaspace  ] GC(11) Metaspace: 44304K(47180K)->44304K(47180K) NonClass: 38626K(40140K)->38626K(40140K) Class: 5678K(7040K)->5678K(7040K)
[2022-11-29T16:04:32.424+0100][gc            ] GC(11) Pause Young (Normal) (G1 Evacuation Pause) 195M->146M(1024M) 17,176ms
[2022-11-29T16:04:32.424+0100][gc,cpu        ] GC(11) User=0,03s Sys=0,01s Real=0,02s
[2022-11-29T16:05:24.600+0100][gc,start      ] GC(12) Pause Young (Normal) (G1 Evacuation Pause)
[2022-11-29T16:05:24.600+0100][gc,task       ] GC(12) Using 4 workers of 4 for evacuation
[2022-11-29T16:05:24.607+0100][gc,phases     ] GC(12)   Pre Evacuate Collection Set: 0,0ms
[2022-11-29T16:05:24.608+0100][gc,phases     ] GC(12)   Evacuate Collection Set: 6,4ms
[2022-11-29T16:05:24.608+0100][gc,phases     ] GC(12)   Post Evacuate Collection Set: 1,2ms
[2022-11-29T16:05:24.608+0100][gc,phases     ] GC(12)   Other: 0,2ms
[2022-11-29T16:05:24.608+0100][gc,heap       ] GC(12) Eden regions: 49->0(52)
[2022-11-29T16:05:24.608+0100][gc,heap       ] GC(12) Survivor regions: 2->2(7)
[2022-11-29T16:05:24.608+0100][gc,heap       ] GC(12) Old regions: 18->18
[2022-11-29T16:05:24.608+0100][gc,heap       ] GC(12) Humongous regions: 129->129
[2022-11-29T16:05:24.608+0100][gc,metaspace  ] GC(12) Metaspace: 44351K(47180K)->44351K(47180K) NonClass: 38672K(40140K)->38672K(40140K) Class: 5678K(7040K)->5678K(7040K)
[2022-11-29T16:05:24.608+0100][gc            ] GC(12) Pause Young (Normal) (G1 Evacuation Pause) 195M->146M(1024M) 8,264ms
[2022-11-29T16:05:24.608+0100][gc,cpu        ] GC(12) User=0,01s Sys=0,00s Real=0,00s
[2022-11-29T16:06:10.227+0100][gc,start      ] GC(13) Pause Young (Normal) (G1 Evacuation Pause)
[2022-11-29T16:06:10.227+0100][gc,task       ] GC(13) Using 4 workers of 4 for evacuation
[2022-11-29T16:06:10.235+0100][gc,phases     ] GC(13)   Pre Evacuate Collection Set: 0,0ms
[2022-11-29T16:06:10.235+0100][gc,phases     ] GC(13)   Evacuate Collection Set: 6,4ms
[2022-11-29T16:06:10.235+0100][gc,phases     ] GC(13)   Post Evacuate Collection Set: 1,4ms
[2022-11-29T16:06:10.235+0100][gc,phases     ] GC(13)   Other: 0,3ms
[2022-11-29T16:06:10.235+0100][gc,heap       ] GC(13) Eden regions: 52->0(54)
[2022-11-29T16:06:10.235+0100][gc,heap       ] GC(13) Survivor regions: 2->2(7)
[2022-11-29T16:06:10.235+0100][gc,heap       ] GC(13) Old regions: 18->18
[2022-11-29T16:06:10.235+0100][gc,heap       ] GC(13) Humongous regions: 129->129
[2022-11-29T16:06:10.235+0100][gc,metaspace  ] GC(13) Metaspace: 44364K(47180K)->44364K(47180K) NonClass: 38686K(40140K)->38686K(40140K) Class: 5678K(7040K)->5678K(7040K)
[2022-11-29T16:06:10.235+0100][gc            ] GC(13) Pause Young (Normal) (G1 Evacuation Pause) 198M->146M(1024M) 8,287ms
[2022-11-29T16:06:10.235+0100][gc,cpu        ] GC(13) User=0,01s Sys=0,00s Real=0,01s
[2022-11-29T16:06:57.997+0100][gc,start      ] GC(14) Pause Young (Normal) (G1 Evacuation Pause)
[2022-11-29T16:06:57.997+0100][gc,task       ] GC(14) Using 4 workers of 4 for evacuation
[2022-11-29T16:06:58.010+0100][gc,phases     ] GC(14)   Pre Evacuate Collection Set: 0,0ms
[2022-11-29T16:06:58.010+0100][gc,phases     ] GC(14)   Evacuate Collection Set: 5,5ms
[2022-11-29T16:06:58.010+0100][gc,phases     ] GC(14)   Post Evacuate Collection Set: 6,5ms
[2022-11-29T16:06:58.010+0100][gc,phases     ] GC(14)   Other: 0,3ms
[2022-11-29T16:06:58.010+0100][gc,heap       ] GC(14) Eden regions: 54->0(56)
[2022-11-29T16:06:58.010+0100][gc,heap       ] GC(14) Survivor regions: 2->2(7)
[2022-11-29T16:06:58.010+0100][gc,heap       ] GC(14) Old regions: 18->18
[2022-11-29T16:06:58.010+0100][gc,heap       ] GC(14) Humongous regions: 129->129
[2022-11-29T16:06:58.010+0100][gc,metaspace  ] GC(14) Metaspace: 44373K(47180K)->44373K(47180K) NonClass: 38694K(40140K)->38694K(40140K) Class: 5678K(7040K)->5678K(7040K)
[2022-11-29T16:06:58.010+0100][gc            ] GC(14) Pause Young (Normal) (G1 Evacuation Pause) 200M->146M(1024M) 12,526ms
[2022-11-29T16:06:58.010+0100][gc,cpu        ] GC(14) User=0,02s Sys=0,00s Real=0,01s
[2022-11-29T16:20:38.146+0100][gc,start      ] GC(15) Pause Young (Normal) (G1 Evacuation Pause)
[2022-11-29T16:20:38.146+0100][gc,task       ] GC(15) Using 4 workers of 4 for evacuation
[2022-11-29T16:20:38.162+0100][gc,phases     ] GC(15)   Pre Evacuate Collection Set: 0,0ms
[2022-11-29T16:20:38.162+0100][gc,phases     ] GC(15)   Evacuate Collection Set: 14,7ms
[2022-11-29T16:20:38.162+0100][gc,phases     ] GC(15)   Post Evacuate Collection Set: 1,2ms
[2022-11-29T16:20:38.162+0100][gc,phases     ] GC(15)   Other: 0,5ms
[2022-11-29T16:20:38.162+0100][gc,heap       ] GC(15) Eden regions: 56->0(56)
[2022-11-29T16:20:38.163+0100][gc,heap       ] GC(15) Survivor regions: 2->2(8)
[2022-11-29T16:20:38.163+0100][gc,heap       ] GC(15) Old regions: 18->18
[2022-11-29T16:20:38.163+0100][gc,heap       ] GC(15) Humongous regions: 129->129
[2022-11-29T16:20:38.163+0100][gc,metaspace  ] GC(15) Metaspace: 44452K(47436K)->44452K(47436K) NonClass: 38773K(40396K)->38773K(40396K) Class: 5678K(7040K)->5678K(7040K)
[2022-11-29T16:20:38.163+0100][gc            ] GC(15) Pause Young (Normal) (G1 Evacuation Pause) 202M->146M(1024M) 17,177ms
[2022-11-29T16:20:38.163+0100][gc,cpu        ] GC(15) User=0,05s Sys=0,00s Real=0,02s
[2022-11-29T16:45:15.122+0100][gc,start      ] GC(16) Pause Young (Normal) (G1 Evacuation Pause)
[2022-11-29T16:45:15.122+0100][gc,task       ] GC(16) Using 4 workers of 4 for evacuation
[2022-11-29T16:45:15.138+0100][gc,phases     ] GC(16)   Pre Evacuate Collection Set: 0,1ms
[2022-11-29T16:45:15.138+0100][gc,phases     ] GC(16)   Evacuate Collection Set: 12,2ms
[2022-11-29T16:45:15.138+0100][gc,phases     ] GC(16)   Post Evacuate Collection Set: 3,8ms
[2022-11-29T16:45:15.139+0100][gc,phases     ] GC(16)   Other: 0,5ms
[2022-11-29T16:45:15.139+0100][gc,heap       ] GC(16) Eden regions: 56->0(56)
[2022-11-29T16:45:15.139+0100][gc,heap       ] GC(16) Survivor regions: 2->2(8)
[2022-11-29T16:45:15.139+0100][gc,heap       ] GC(16) Old regions: 18->18
[2022-11-29T16:45:15.139+0100][gc,heap       ] GC(16) Humongous regions: 129->129
[2022-11-29T16:45:15.139+0100][gc,metaspace  ] GC(16) Metaspace: 44558K(47436K)->44558K(47436K) NonClass: 38874K(40396K)->38874K(40396K) Class: 5683K(7040K)->5683K(7040K)
[2022-11-29T16:45:15.139+0100][gc            ] GC(16) Pause Young (Normal) (G1 Evacuation Pause) 202M->146M(1024M) 17,069ms
[2022-11-29T16:45:15.139+0100][gc,cpu        ] GC(16) User=0,05s Sys=0,00s Real=0,02s
[2022-11-29T17:10:47.518+0100][gc,start      ] GC(17) Pause Young (Normal) (G1 Evacuation Pause)
[2022-11-29T17:10:47.519+0100][gc,task       ] GC(17) Using 4 workers of 4 for evacuation
[2022-11-29T17:10:47.524+0100][gc,phases     ] GC(17)   Pre Evacuate Collection Set: 0,0ms
[2022-11-29T17:10:47.524+0100][gc,phases     ] GC(17)   Evacuate Collection Set: 3,8ms
[2022-11-29T17:10:47.524+0100][gc,phases     ] GC(17)   Post Evacuate Collection Set: 1,0ms
[2022-11-29T17:10:47.524+0100][gc,phases     ] GC(17)   Other: 1,0ms
[2022-11-29T17:10:47.524+0100][gc,heap       ] GC(17) Eden regions: 56->0(59)
[2022-11-29T17:10:47.524+0100][gc,heap       ] GC(17) Survivor regions: 2->2(8)
[2022-11-29T17:10:47.524+0100][gc,heap       ] GC(17) Old regions: 18->18
[2022-11-29T17:10:47.524+0100][gc,heap       ] GC(17) Humongous regions: 129->129
[2022-11-29T17:10:47.524+0100][gc,metaspace  ] GC(17) Metaspace: 44602K(47436K)->44602K(47436K) NonClass: 38918K(40396K)->38918K(40396K) Class: 5683K(7040K)->5683K(7040K)
[2022-11-29T17:10:47.524+0100][gc            ] GC(17) Pause Young (Normal) (G1 Evacuation Pause) 202M->146M(1024M) 5,977ms
[2022-11-29T17:10:47.524+0100][gc,cpu        ] GC(17) User=0,01s Sys=0,00s Real=0,00s
[2022-11-29T17:37:18.607+0100][gc,start      ] GC(18) Pause Young (Normal) (G1 Evacuation Pause)
[2022-11-29T17:37:18.608+0100][gc,task       ] GC(18) Using 4 workers of 4 for evacuation
[2022-11-29T17:37:18.628+0100][gc,phases     ] GC(18)   Pre Evacuate Collection Set: 0,1ms
[2022-11-29T17:37:18.628+0100][gc,phases     ] GC(18)   Evacuate Collection Set: 14,4ms
[2022-11-29T17:37:18.628+0100][gc,phases     ] GC(18)   Post Evacuate Collection Set: 4,6ms
[2022-11-29T17:37:18.628+0100][gc,phases     ] GC(18)   Other: 1,9ms
[2022-11-29T17:37:18.628+0100][gc,heap       ] GC(18) Eden regions: 59->0(60)
[2022-11-29T17:37:18.628+0100][gc,heap       ] GC(18) Survivor regions: 2->2(8)
[2022-11-29T17:37:18.628+0100][gc,heap       ] GC(18) Old regions: 18->18
[2022-11-29T17:37:18.629+0100][gc,heap       ] GC(18) Humongous regions: 129->129
[2022-11-29T17:37:18.629+0100][gc,metaspace  ] GC(18) Metaspace: 44606K(47436K)->44606K(47436K) NonClass: 38922K(40396K)->38922K(40396K) Class: 5683K(7040K)->5683K(7040K)
[2022-11-29T17:37:18.629+0100][gc            ] GC(18) Pause Young (Normal) (G1 Evacuation Pause) 205M->146M(1024M) 21,663ms
[2022-11-29T17:37:18.629+0100][gc,cpu        ] GC(18) User=0,06s Sys=0,00s Real=0,03s
[2022-11-29T18:04:33.307+0100][gc,start      ] GC(19) Pause Young (Normal) (G1 Evacuation Pause)
[2022-11-29T18:04:33.307+0100][gc,task       ] GC(19) Using 4 workers of 4 for evacuation
[2022-11-29T18:04:33.330+0100][gc,mmu        ] GC(19) MMU target violated: 21,0ms (20,0ms/21,0ms)
[2022-11-29T18:04:33.330+0100][gc,phases     ] GC(19)   Pre Evacuate Collection Set: 0,1ms
[2022-11-29T18:04:33.330+0100][gc,phases     ] GC(19)   Evacuate Collection Set: 17,5ms
[2022-11-29T18:04:33.330+0100][gc,phases     ] GC(19)   Post Evacuate Collection Set: 4,9ms
[2022-11-29T18:04:33.331+0100][gc,phases     ] GC(19)   Other: 1,0ms
[2022-11-29T18:04:33.331+0100][gc,heap       ] GC(19) Eden regions: 60->0(59)
[2022-11-29T18:04:33.331+0100][gc,heap       ] GC(19) Survivor regions: 2->2(8)
[2022-11-29T18:04:33.331+0100][gc,heap       ] GC(19) Old regions: 18->18
[2022-11-29T18:04:33.331+0100][gc,heap       ] GC(19) Humongous regions: 129->129
[2022-11-29T18:04:33.331+0100][gc,metaspace  ] GC(19) Metaspace: 44633K(47436K)->44633K(47436K) NonClass: 38949K(40396K)->38949K(40396K) Class: 5683K(7040K)->5683K(7040K)
[2022-11-29T18:04:33.331+0100][gc            ] GC(19) Pause Young (Normal) (G1 Evacuation Pause) 206M->146M(1024M) 23,870ms
[2022-11-29T18:04:33.331+0100][gc,cpu        ] GC(19) User=0,06s Sys=0,00s Real=0,03s
[2022-11-29T18:16:36.962+0100][gc,start      ] GC(20) Pause Young (Normal) (G1 Evacuation Pause)
[2022-11-29T18:16:36.962+0100][gc,task       ] GC(20) Using 4 workers of 4 for evacuation
[2022-11-29T18:16:36.981+0100][gc,phases     ] GC(20)   Pre Evacuate Collection Set: 0,0ms
[2022-11-29T18:16:36.981+0100][gc,phases     ] GC(20)   Evacuate Collection Set: 14,6ms
[2022-11-29T18:16:36.981+0100][gc,phases     ] GC(20)   Post Evacuate Collection Set: 3,6ms
[2022-11-29T18:16:36.981+0100][gc,phases     ] GC(20)   Other: 0,5ms
[2022-11-29T18:16:36.981+0100][gc,heap       ] GC(20) Eden regions: 59->0(59)
[2022-11-29T18:16:36.981+0100][gc,heap       ] GC(20) Survivor regions: 2->3(8)
[2022-11-29T18:16:36.981+0100][gc,heap       ] GC(20) Old regions: 18->18
[2022-11-29T18:16:36.981+0100][gc,heap       ] GC(20) Humongous regions: 129->129
[2022-11-29T18:16:36.981+0100][gc,metaspace  ] GC(20) Metaspace: 44826K(47692K)->44826K(47692K) NonClass: 39142K(40652K)->39142K(40652K) Class: 5683K(7040K)->5683K(7040K)
[2022-11-29T18:16:36.981+0100][gc            ] GC(20) Pause Young (Normal) (G1 Evacuation Pause) 205M->147M(1024M) 18,995ms
[2022-11-29T18:16:36.981+0100][gc,cpu        ] GC(20) User=0,06s Sys=0,00s Real=0,02s
[2022-11-29T18:18:54.723+0100][gc,start      ] GC(21) Pause Young (Normal) (G1 Evacuation Pause)
[2022-11-29T18:18:54.723+0100][gc,task       ] GC(21) Using 4 workers of 4 for evacuation
[2022-11-29T18:18:54.739+0100][gc,phases     ] GC(21)   Pre Evacuate Collection Set: 0,0ms
[2022-11-29T18:18:54.739+0100][gc,phases     ] GC(21)   Evacuate Collection Set: 12,6ms
[2022-11-29T18:18:54.739+0100][gc,phases     ] GC(21)   Post Evacuate Collection Set: 2,6ms
[2022-11-29T18:18:54.739+0100][gc,phases     ] GC(21)   Other: 0,3ms
[2022-11-29T18:18:54.739+0100][gc,heap       ] GC(21) Eden regions: 59->0(61)
[2022-11-29T18:18:54.739+0100][gc,heap       ] GC(21) Survivor regions: 3->4(8)
[2022-11-29T18:18:54.739+0100][gc,heap       ] GC(21) Old regions: 18->18
[2022-11-29T18:18:54.739+0100][gc,heap       ] GC(21) Humongous regions: 129->129
[2022-11-29T18:18:54.739+0100][gc,metaspace  ] GC(21) Metaspace: 44947K(47948K)->44947K(47948K) NonClass: 39259K(40908K)->39259K(40908K) Class: 5687K(7040K)->5687K(7040K)
[2022-11-29T18:18:54.739+0100][gc            ] GC(21) Pause Young (Normal) (G1 Evacuation Pause) 206M->148M(1024M) 15,691ms
[2022-11-29T18:18:54.739+0100][gc,cpu        ] GC(21) User=0,04s Sys=0,00s Real=0,02s
[2022-11-29T18:20:43.162+0100][gc,start      ] GC(22) Pause Young (Normal) (G1 Evacuation Pause)
[2022-11-29T18:20:43.162+0100][gc,task       ] GC(22) Using 4 workers of 4 for evacuation
[2022-11-29T18:20:43.183+0100][gc,mmu        ] GC(22) MMU target violated: 20,9ms (20,0ms/21,0ms)
[2022-11-29T18:20:43.183+0100][gc,phases     ] GC(22)   Pre Evacuate Collection Set: 0,0ms
[2022-11-29T18:20:43.183+0100][gc,phases     ] GC(22)   Evacuate Collection Set: 19,2ms
[2022-11-29T18:20:43.183+0100][gc,phases     ] GC(22)   Post Evacuate Collection Set: 1,4ms
[2022-11-29T18:20:43.183+0100][gc,phases     ] GC(22)   Other: 0,8ms
[2022-11-29T18:20:43.183+0100][gc,heap       ] GC(22) Eden regions: 61->0(61)
[2022-11-29T18:20:43.183+0100][gc,heap       ] GC(22) Survivor regions: 4->4(9)
[2022-11-29T18:20:43.183+0100][gc,heap       ] GC(22) Old regions: 18->18
[2022-11-29T18:20:43.183+0100][gc,heap       ] GC(22) Humongous regions: 129->129
[2022-11-29T18:20:43.183+0100][gc,metaspace  ] GC(22) Metaspace: 44952K(47948K)->44952K(47948K) NonClass: 39265K(40908K)->39265K(40908K) Class: 5687K(7040K)->5687K(7040K)
[2022-11-29T18:20:43.183+0100][gc            ] GC(22) Pause Young (Normal) (G1 Evacuation Pause) 209M->148M(1024M) 21,754ms
[2022-11-29T18:20:43.183+0100][gc,cpu        ] GC(22) User=0,05s Sys=0,00s Real=0,02s
[2022-11-29T18:22:32.360+0100][gc,start      ] GC(23) Pause Young (Normal) (G1 Evacuation Pause)
[2022-11-29T18:22:32.360+0100][gc,task       ] GC(23) Using 4 workers of 4 for evacuation
[2022-11-29T18:22:32.367+0100][gc,phases     ] GC(23)   Pre Evacuate Collection Set: 0,0ms
[2022-11-29T18:22:32.367+0100][gc,phases     ] GC(23)   Evacuate Collection Set: 4,9ms
[2022-11-29T18:22:32.367+0100][gc,phases     ] GC(23)   Post Evacuate Collection Set: 1,6ms
[2022-11-29T18:22:32.368+0100][gc,phases     ] GC(23)   Other: 0,3ms
[2022-11-29T18:22:32.368+0100][gc,heap       ] GC(23) Eden regions: 61->0(64)
[2022-11-29T18:22:32.368+0100][gc,heap       ] GC(23) Survivor regions: 4->5(9)
[2022-11-29T18:22:32.368+0100][gc,heap       ] GC(23) Old regions: 18->18
[2022-11-29T18:22:32.368+0100][gc,heap       ] GC(23) Humongous regions: 129->129
[2022-11-29T18:22:32.368+0100][gc,metaspace  ] GC(23) Metaspace: 44970K(47948K)->44970K(47948K) NonClass: 39282K(40908K)->39282K(40908K) Class: 5687K(7040K)->5687K(7040K)
[2022-11-29T18:22:32.368+0100][gc            ] GC(23) Pause Young (Normal) (G1 Evacuation Pause) 209M->149M(1024M) 7,362ms
[2022-11-29T18:22:32.368+0100][gc,cpu        ] GC(23) User=0,02s Sys=0,01s Real=0,00s
[2022-11-29T18:24:26.496+0100][gc,start      ] GC(24) Pause Young (Normal) (G1 Evacuation Pause)
[2022-11-29T18:24:26.496+0100][gc,task       ] GC(24) Using 4 workers of 4 for evacuation
[2022-11-29T18:24:26.504+0100][gc,phases     ] GC(24)   Pre Evacuate Collection Set: 0,0ms
[2022-11-29T18:24:26.504+0100][gc,phases     ] GC(24)   Evacuate Collection Set: 7,4ms
[2022-11-29T18:24:26.505+0100][gc,phases     ] GC(24)   Post Evacuate Collection Set: 0,6ms
[2022-11-29T18:24:26.505+0100][gc,phases     ] GC(24)   Other: 0,3ms
[2022-11-29T18:24:26.505+0100][gc,heap       ] GC(24) Eden regions: 64->0(610)
[2022-11-29T18:24:26.505+0100][gc,heap       ] GC(24) Survivor regions: 5->4(9)
[2022-11-29T18:24:26.505+0100][gc,heap       ] GC(24) Old regions: 18->18
[2022-11-29T18:24:26.505+0100][gc,heap       ] GC(24) Humongous regions: 129->129
[2022-11-29T18:24:26.505+0100][gc,metaspace  ] GC(24) Metaspace: 44983K(47948K)->44983K(47948K) NonClass: 39291K(40908K)->39291K(40908K) Class: 5691K(7040K)->5691K(7040K)
[2022-11-29T18:24:26.505+0100][gc            ] GC(24) Pause Young (Normal) (G1 Evacuation Pause) 213M->148M(1024M) 8,633ms
[2022-11-29T18:24:26.505+0100][gc,cpu        ] GC(24) User=0,02s Sys=0,00s Real=0,01s
