[2022-11-30T14:43:54.192+0100][gc,heap] Heap region size: 1M
[2022-11-30T14:43:54.198+0100][gc     ] Using G1
[2022-11-30T14:43:54.198+0100][gc,heap,coops] Heap address: 0x00000000e0000000, size: 512 MB, Compressed Oops mode: 32-bit
[2022-11-30T14:43:54.198+0100][gc,cds       ] Mark closed archive regions in map: [0x00000000fff00000, 0x00000000fff6aff8]
[2022-11-30T14:43:54.198+0100][gc,cds       ] Mark open archive regions in map: [0x00000000ffe00000, 0x00000000ffe47ff8]
[2022-11-30T14:43:55.306+0100][gc,start     ] GC(0) Pause Young (Normal) (G1 Evacuation Pause)
[2022-11-30T14:43:55.307+0100][gc,task      ] GC(0) Using 4 workers of 4 for evacuation
[2022-11-30T14:43:55.329+0100][gc,mmu       ] GC(0) MMU target violated: 21,0ms (20,0ms/21,0ms)
[2022-11-30T14:43:55.329+0100][gc,phases    ] GC(0)   Pre Evacuate Collection Set: 0,0ms
[2022-11-30T14:43:55.329+0100][gc,phases    ] GC(0)   Evacuate Collection Set: 20,6ms
[2022-11-30T14:43:55.329+0100][gc,phases    ] GC(0)   Post Evacuate Collection Set: 1,3ms
[2022-11-30T14:43:55.329+0100][gc,phases    ] GC(0)   Other: 1,2ms
[2022-11-30T14:43:55.329+0100][gc,heap      ] GC(0) Eden regions: 25->0(21)
[2022-11-30T14:43:55.329+0100][gc,heap      ] GC(0) Survivor regions: 0->4(4)
[2022-11-30T14:43:55.329+0100][gc,heap      ] GC(0) Old regions: 2->5
[2022-11-30T14:43:55.329+0100][gc,heap      ] GC(0) Humongous regions: 0->0
[2022-11-30T14:43:55.330+0100][gc,metaspace ] GC(0) Metaspace: 7417K(7936K)->7417K(7936K) NonClass: 6590K(6912K)->6590K(6912K) Class: 826K(1024K)->826K(1024K)
[2022-11-30T14:43:55.330+0100][gc           ] GC(0) Pause Young (Normal) (G1 Evacuation Pause) 25M->7M(512M) 23,157ms
[2022-11-30T14:43:55.330+0100][gc,cpu       ] GC(0) User=0,04s Sys=0,00s Real=0,03s
[2022-11-30T19:22:57.377+0100][gc,start     ] GC(1) Pause Young (Normal) (G1 Evacuation Pause)
[2022-11-30T19:22:57.379+0100][gc,task      ] GC(1) Using 4 workers of 4 for evacuation
[2022-11-30T19:22:58.029+0100][gc,mmu       ] GC(1) MMU target violated: 21,0ms (20,0ms/21,0ms)
[2022-11-30T19:22:58.029+0100][gc,phases    ] GC(1)   Pre Evacuate Collection Set: 162,2ms
[2022-11-30T19:22:58.029+0100][gc,phases    ] GC(1)   Evacuate Collection Set: 477,5ms
[2022-11-30T19:22:58.029+0100][gc,phases    ] GC(1)   Post Evacuate Collection Set: 5,8ms
[2022-11-30T19:22:58.029+0100][gc,phases    ] GC(1)   Other: 10,3ms
[2022-11-30T19:22:58.029+0100][gc,heap      ] GC(1) Eden regions: 21->0(24)
[2022-11-30T19:22:58.029+0100][gc,heap      ] GC(1) Survivor regions: 4->1(4)
[2022-11-30T19:22:58.029+0100][gc,heap      ] GC(1) Old regions: 5->9
[2022-11-30T19:22:58.029+0100][gc,heap      ] GC(1) Humongous regions: 0->0
[2022-11-30T19:22:58.029+0100][gc,metaspace ] GC(1) Metaspace: 9322K(10112K)->9322K(10112K) NonClass: 8342K(8960K)->8342K(8960K) Class: 979K(1152K)->979K(1152K)
[2022-11-30T19:22:58.029+0100][gc           ] GC(1) Pause Young (Normal) (G1 Evacuation Pause) 28M->8M(512M) 652,766ms
[2022-11-30T19:22:58.030+0100][gc,cpu       ] GC(1) User=0,15s Sys=0,20s Real=0,65s
