[2022-11-29T22:26:13.284+0100][gc,heap] Heap region size: 1M
[2022-11-29T22:26:13.296+0100][gc     ] Using G1
[2022-11-29T22:26:13.296+0100][gc,heap,coops] Heap address: 0x00000000e0000000, size: 512 MB, Compressed Oops mode: 32-bit
[2022-11-29T22:26:13.297+0100][gc,cds       ] Mark closed archive regions in map: [0x00000000fff00000, 0x00000000fff6aff8]
[2022-11-29T22:26:13.297+0100][gc,cds       ] Mark open archive regions in map: [0x00000000ffe00000, 0x00000000ffe47ff8]
[2022-11-29T22:26:14.793+0100][gc,heap,exit ] Heap
[2022-11-29T22:26:14.793+0100][gc,heap,exit ]  garbage-first heap   total 524288K, used 25292K [0x00000000e0000000, 0x0000000100000000)
[2022-11-29T22:26:14.793+0100][gc,heap,exit ]   region size 1024K, 25 young (25600K), 0 survivors (0K)
[2022-11-29T22:26:14.793+0100][gc,heap,exit ]  Metaspace       used 7168K, capacity 7538K, committed 7680K, reserved 1056768K
[2022-11-29T22:26:14.793+0100][gc,heap,exit ]   class space    used 812K, capacity 922K, committed 1024K, reserved 1048576K
