[2022-11-29T22:24:47.011+0100][gc,heap] Heap region size: 1M
[2022-11-29T22:24:47.017+0100][gc     ] Using G1
[2022-11-29T22:24:47.017+0100][gc,heap,coops] Heap address: 0x00000000e0000000, size: 512 MB, Compressed Oops mode: 32-bit
[2022-11-29T22:24:47.017+0100][gc,cds       ] Mark closed archive regions in map: [0x00000000fff00000, 0x00000000fff6aff8]
[2022-11-29T22:24:47.017+0100][gc,cds       ] Mark open archive regions in map: [0x00000000ffe00000, 0x00000000ffe47ff8]
[2022-11-29T22:24:48.803+0100][gc,start     ] GC(0) Pause Young (Normal) (G1 Evacuation Pause)
[2022-11-29T22:24:48.803+0100][gc,task      ] GC(0) Using 4 workers of 4 for evacuation
[2022-11-29T22:24:48.818+0100][gc,phases    ] GC(0)   Pre Evacuate Collection Set: 0,0ms
[2022-11-29T22:24:48.818+0100][gc,phases    ] GC(0)   Evacuate Collection Set: 14,3ms
[2022-11-29T22:24:48.818+0100][gc,phases    ] GC(0)   Post Evacuate Collection Set: 0,6ms
[2022-11-29T22:24:48.818+0100][gc,phases    ] GC(0)   Other: 0,5ms
[2022-11-29T22:24:48.818+0100][gc,heap      ] GC(0) Eden regions: 25->0(21)
[2022-11-29T22:24:48.818+0100][gc,heap      ] GC(0) Survivor regions: 0->4(4)
[2022-11-29T22:24:48.818+0100][gc,heap      ] GC(0) Old regions: 2->5
[2022-11-29T22:24:48.818+0100][gc,heap      ] GC(0) Humongous regions: 0->0
[2022-11-29T22:24:48.818+0100][gc,metaspace ] GC(0) Metaspace: 7308K(7936K)->7308K(7936K) NonClass: 6489K(6912K)->6489K(6912K) Class: 818K(1024K)->818K(1024K)
[2022-11-29T22:24:48.818+0100][gc           ] GC(0) Pause Young (Normal) (G1 Evacuation Pause) 25M->7M(512M) 15,509ms
[2022-11-29T22:24:48.818+0100][gc,cpu       ] GC(0) User=0,02s Sys=0,00s Real=0,01s
[2022-11-29T22:35:56.179+0100][gc,start     ] GC(1) Pause Young (Normal) (G1 Evacuation Pause)
[2022-11-29T22:35:56.181+0100][gc,task      ] GC(1) Using 4 workers of 4 for evacuation
[2022-11-29T22:35:56.698+0100][gc,mmu       ] GC(1) MMU target violated: 21,0ms (20,0ms/21,0ms)
[2022-11-29T22:35:56.698+0100][gc,phases    ] GC(1)   Pre Evacuate Collection Set: 127,4ms
[2022-11-29T22:35:56.698+0100][gc,phases    ] GC(1)   Evacuate Collection Set: 382,3ms
[2022-11-29T22:35:56.698+0100][gc,phases    ] GC(1)   Post Evacuate Collection Set: 2,2ms
[2022-11-29T22:35:56.698+0100][gc,phases    ] GC(1)   Other: 8,8ms
[2022-11-29T22:35:56.698+0100][gc,heap      ] GC(1) Eden regions: 21->0(24)
[2022-11-29T22:35:56.698+0100][gc,heap      ] GC(1) Survivor regions: 4->1(4)
[2022-11-29T22:35:56.698+0100][gc,heap      ] GC(1) Old regions: 5->9
[2022-11-29T22:35:56.698+0100][gc,heap      ] GC(1) Humongous regions: 0->0
[2022-11-29T22:35:56.698+0100][gc,metaspace ] GC(1) Metaspace: 9362K(10112K)->9362K(10112K) NonClass: 8385K(8960K)->8385K(8960K) Class: 977K(1152K)->977K(1152K)
[2022-11-29T22:35:56.698+0100][gc           ] GC(1) Pause Young (Normal) (G1 Evacuation Pause) 28M->8M(512M) 519,422ms
[2022-11-29T22:35:56.698+0100][gc,cpu       ] GC(1) User=0,03s Sys=0,06s Real=0,52s
