[2022-11-29T23:50:24.934+0100][gc,heap] Heap region size: 1M
[2022-11-29T23:50:24.941+0100][gc     ] Using G1
[2022-11-29T23:50:24.941+0100][gc,heap,coops] Heap address: 0x00000000e0000000, size: 512 MB, Compressed Oops mode: 32-bit
[2022-11-29T23:50:24.941+0100][gc,cds       ] Mark closed archive regions in map: [0x00000000fff00000, 0x00000000fff6aff8]
[2022-11-29T23:50:24.941+0100][gc,cds       ] Mark open archive regions in map: [0x00000000ffe00000, 0x00000000ffe47ff8]
[2022-11-29T23:50:26.382+0100][gc,start     ] GC(0) Pause Young (Normal) (G1 Evacuation Pause)
[2022-11-29T23:50:26.392+0100][gc,task      ] GC(0) Using 4 workers of 4 for evacuation
[2022-11-29T23:50:26.414+0100][gc,mmu       ] GC(0) MMU target violated: 21,0ms (20,0ms/21,0ms)
[2022-11-29T23:50:26.414+0100][gc,phases    ] GC(0)   Pre Evacuate Collection Set: 0,0ms
[2022-11-29T23:50:26.414+0100][gc,phases    ] GC(0)   Evacuate Collection Set: 21,3ms
[2022-11-29T23:50:26.414+0100][gc,phases    ] GC(0)   Post Evacuate Collection Set: 0,3ms
[2022-11-29T23:50:26.414+0100][gc,phases    ] GC(0)   Other: 10,5ms
[2022-11-29T23:50:26.414+0100][gc,heap      ] GC(0) Eden regions: 25->0(21)
[2022-11-29T23:50:26.414+0100][gc,heap      ] GC(0) Survivor regions: 0->4(4)
[2022-11-29T23:50:26.414+0100][gc,heap      ] GC(0) Old regions: 2->5
[2022-11-29T23:50:26.414+0100][gc,heap      ] GC(0) Humongous regions: 0->0
[2022-11-29T23:50:26.414+0100][gc,metaspace ] GC(0) Metaspace: 7363K(7936K)->7363K(7936K) NonClass: 6537K(6912K)->6537K(6912K) Class: 826K(1024K)->826K(1024K)
[2022-11-29T23:50:26.414+0100][gc           ] GC(0) Pause Young (Normal) (G1 Evacuation Pause) 25M->7M(512M) 32,223ms
[2022-11-29T23:50:26.414+0100][gc,cpu       ] GC(0) User=0,03s Sys=0,01s Real=0,03s
[2022-11-30T00:03:38.601+0100][gc,heap,exit ] Heap
[2022-11-30T00:03:38.601+0100][gc,heap,exit ]  garbage-first heap   total 524288K, used 12774K [0x00000000e0000000, 0x0000000100000000)
[2022-11-30T00:03:38.601+0100][gc,heap,exit ]   region size 1024K, 10 young (10240K), 4 survivors (4096K)
[2022-11-30T00:03:38.601+0100][gc,heap,exit ]  Metaspace       used 7986K, capacity 8428K, committed 8576K, reserved 1056768K
[2022-11-30T00:03:38.601+0100][gc,heap,exit ]   class space    used 897K, capacity 1053K, committed 1152K, reserved 1048576K
