[2022-11-29T19:08:56.565+0100][gc,heap] Heap region size: 1M
[2022-11-29T19:08:56.571+0100][gc     ] Using G1
[2022-11-29T19:08:56.571+0100][gc,heap,coops] Heap address: 0x00000000e0000000, size: 512 MB, Compressed Oops mode: 32-bit
[2022-11-29T19:08:56.571+0100][gc,cds       ] Mark closed archive regions in map: [0x00000000fff00000, 0x00000000fff6aff8]
[2022-11-29T19:08:56.571+0100][gc,cds       ] Mark open archive regions in map: [0x00000000ffe00000, 0x00000000ffe47ff8]
[2022-11-29T19:08:58.751+0100][gc,start     ] GC(0) Pause Young (Normal) (G1 Evacuation Pause)
[2022-11-29T19:08:58.751+0100][gc,task      ] GC(0) Using 4 workers of 4 for evacuation
[2022-11-29T19:08:58.767+0100][gc,phases    ] GC(0)   Pre Evacuate Collection Set: 0,0ms
[2022-11-29T19:08:58.767+0100][gc,phases    ] GC(0)   Evacuate Collection Set: 15,3ms
[2022-11-29T19:08:58.767+0100][gc,phases    ] GC(0)   Post Evacuate Collection Set: 0,3ms
[2022-11-29T19:08:58.767+0100][gc,phases    ] GC(0)   Other: 0,5ms
[2022-11-29T19:08:58.767+0100][gc,heap      ] GC(0) Eden regions: 25->0(21)
[2022-11-29T19:08:58.767+0100][gc,heap      ] GC(0) Survivor regions: 0->4(4)
[2022-11-29T19:08:58.767+0100][gc,heap      ] GC(0) Old regions: 2->5
[2022-11-29T19:08:58.767+0100][gc,heap      ] GC(0) Humongous regions: 0->0
[2022-11-29T19:08:58.767+0100][gc,metaspace ] GC(0) Metaspace: 7483K(7936K)->7483K(7936K) NonClass: 6649K(6912K)->6649K(6912K) Class: 833K(1024K)->833K(1024K)
[2022-11-29T19:08:58.767+0100][gc           ] GC(0) Pause Young (Normal) (G1 Evacuation Pause) 25M->7M(512M) 16,292ms
[2022-11-29T19:08:58.767+0100][gc,cpu       ] GC(0) User=0,03s Sys=0,00s Real=0,02s
[2022-11-29T20:04:54.649+0100][gc,start     ] GC(1) Pause Young (Normal) (G1 Evacuation Pause)
[2022-11-29T20:04:54.652+0100][gc,task      ] GC(1) Using 4 workers of 4 for evacuation
[2022-11-29T20:04:55.344+0100][gc,mmu       ] GC(1) MMU target violated: 21,0ms (20,0ms/21,0ms)
[2022-11-29T20:04:55.344+0100][gc,phases    ] GC(1)   Pre Evacuate Collection Set: 124,4ms
[2022-11-29T20:04:55.344+0100][gc,phases    ] GC(1)   Evacuate Collection Set: 560,6ms
[2022-11-29T20:04:55.344+0100][gc,phases    ] GC(1)   Post Evacuate Collection Set: 5,0ms
[2022-11-29T20:04:55.344+0100][gc,phases    ] GC(1)   Other: 8,1ms
[2022-11-29T20:04:55.344+0100][gc,heap      ] GC(1) Eden regions: 21->0(24)
[2022-11-29T20:04:55.344+0100][gc,heap      ] GC(1) Survivor regions: 4->1(4)
[2022-11-29T20:04:55.344+0100][gc,heap      ] GC(1) Old regions: 5->10
[2022-11-29T20:04:55.344+0100][gc,heap      ] GC(1) Humongous regions: 0->0
[2022-11-29T20:04:55.344+0100][gc,metaspace ] GC(1) Metaspace: 9350K(10112K)->9350K(10112K) NonClass: 8369K(8960K)->8369K(8960K) Class: 980K(1152K)->980K(1152K)
[2022-11-29T20:04:55.344+0100][gc           ] GC(1) Pause Young (Normal) (G1 Evacuation Pause) 28M->8M(512M) 695,612ms
[2022-11-29T20:04:55.344+0100][gc,cpu       ] GC(1) User=0,09s Sys=0,12s Real=0,70s
